Starting Obsidian Node...
Network: mainnet
Block Size Limit: 6000000 bytes
Target Block Time: 5m0s
Max Supply: 100000000
Initial Supply: 1000000
Tor disabled - using direct connections
Discovered 0 peer(s)
PoW Engine: DarkMatter (AES-SHA256 Hybrid)
Blockchain initialized. Height: 0
━━━━━━━━━━━━━━━━━━━━━━━━━━━━━━━━━━━━━━━━━━━━━━━━━━━━
⛏️  Mining Configuration
━━━━━━━━━━━━━━━━━━━━━━━━━━━━━━━━━━━━━━━━━━━━━━━━━━━━
  Miner Address:  ObsidianDefaultMinerAddress123456789
  Block Reward:   100 OBS (halves every 420,000 blocks)
  Solo Mining:    true
  Pool Server:    false
━━━━━━━━━━━━━━━━━━━━━━━━━━━━━━━━━━━━━━━━━━━━━━━━━━━━
✓ Solo mining started
Miner started. Mining on CPU...
Mining block at height 1...
RPC server listening on 0.0.0.0:8545
✓ Found nonce: 26981
Failed to process block: invalid proof of work
Mining block at height 1...
✓ Found nonce: 32779
Failed to process block: invalid proof of work
Mining block at height 1...
✓ Found nonce: 45503
Failed to process block: invalid proof of work
Mining block at height 1...
✓ Found nonce: 8087
Failed to process block: invalid proof of work
Mining block at height 1...
✓ Found nonce: 655
Failed to process block: invalid proof of work
Mining block at height 1...
✓ Found nonce: 78181
Failed to process block: invalid proof of work
Mining block at height 1...
✓ Found nonce: 18152
Failed to process block: invalid proof of work
Mining block at height 1...
✓ Found nonce: 273895
Failed to process block: invalid proof of work
Mining block at height 1...
✓ Found nonce: 75030
Failed to process block: invalid proof of work
Mining block at height 1...
✓ Found nonce: 236701
Failed to process block: invalid proof of work
Mining block at height 1...
✓ Found nonce: 148761
Failed to process block: invalid proof of work
Mining block at height 1...
✓ Found nonce: 153082
Failed to process block: invalid proof of work
Mining block at height 1...
✓ Found nonce: 36751
Failed to process block: invalid proof of work
Mining block at height 1...
✓ Found nonce: 106794
Failed to process block: invalid proof of work
Mining block at height 1...
✓ Found nonce: 18193
Failed to process block: invalid proof of work
Mining block at height 1...
✓ Found nonce: 26194
Failed to process block: invalid proof of work
Mining block at height 1...
✓ Found nonce: 125040
Failed to process block: invalid proof of work
Mining block at height 1...
✓ Found nonce: 32431
Failed to process block: invalid proof of work
Mining block at height 1...
✓ Found nonce: 139896
Failed to process block: invalid proof of work
Mining block at height 1...
✓ Found nonce: 60
Failed to process block: invalid proof of work
Mining block at height 1...
✓ Found nonce: 24173
Failed to process block: invalid proof of work
Mining block at height 1...
✓ Found nonce: 148496
Failed to process block: invalid proof of work
Mining block at height 1...
✓ Found nonce: 16224
Failed to process block: invalid proof of work
Mining block at height 1...
✓ Found nonce: 66306
Failed to process block: invalid proof of work
Mining block at height 1...
✓ Found nonce: 58477
Failed to process block: invalid proof of work
Mining block at height 1...
✓ Found nonce: 93315
Failed to process block: invalid proof of work
Mining block at height 1...
✓ Found nonce: 20303
Failed to process block: invalid proof of work
Mining block at height 1...
✓ Found nonce: 44321
Failed to process block: invalid proof of work
Mining block at height 1...
✓ Found nonce: 36897
Failed to process block: invalid proof of work
Mining block at height 1...
✓ Found nonce: 160593
Failed to process block: invalid proof of work
Mining block at height 1...
✓ Found nonce: 51815
Failed to process block: invalid proof of work
Mining block at height 1...
✓ Found nonce: 31243
Failed to process block: invalid proof of work
Mining block at height 1...
✓ Found nonce: 39057
Failed to process block: invalid proof of work
Mining block at height 1...
✓ Found nonce: 18756
Failed to process block: invalid proof of work
Mining block at height 1...
✓ Found nonce: 11171
Failed to process block: invalid proof of work
Mining block at height 1...
✓ Found nonce: 63808
Failed to process block: invalid proof of work
Mining block at height 1...
✓ Found nonce: 59145
Failed to process block: invalid proof of work
Mining block at height 1...
✓ Found nonce: 6550
Failed to process block: invalid proof of work
Mining block at height 1...
✓ Found nonce: 7688
Failed to process block: invalid proof of work
Mining block at height 1...
✓ Found nonce: 59260
Failed to process block: invalid proof of work
Mining block at height 1...
✓ Found nonce: 179855
Failed to process block: invalid proof of work
Mining block at height 1...
✓ Found nonce: 26615
Failed to process block: invalid proof of work
Mining block at height 1...
✓ Found nonce: 124079
Failed to process block: invalid proof of work
Mining block at height 1...
✓ Found nonce: 9380
Failed to process block: invalid proof of work
Mining block at height 1...
✓ Found nonce: 44540
Failed to process block: invalid proof of work
Mining block at height 1...
✓ Found nonce: 65087
Failed to process block: invalid proof of work
Mining block at height 1...
✓ Found nonce: 63646
Failed to process block: invalid proof of work
Mining block at height 1...
✓ Found nonce: 4665
Failed to process block: invalid proof of work
Mining block at height 1...
✓ Found nonce: 49919
Failed to process block: invalid proof of work
Mining block at height 1...
✓ Found nonce: 20315
Failed to process block: invalid proof of work
Mining block at height 1...
✓ Found nonce: 25120
Failed to process block: invalid proof of work
Mining block at height 1...
✓ Found nonce: 70009
Failed to process block: invalid proof of work
Mining block at height 1...
✓ Found nonce: 198621
Failed to process block: invalid proof of work
Mining block at height 1...
✓ Found nonce: 6965
Failed to process block: invalid proof of work
Mining block at height 1...
✓ Found nonce: 45151
Failed to process block: invalid proof of work
Mining block at height 1...
✓ Found nonce: 1976
Failed to process block: invalid proof of work
Mining block at height 1...
✓ Found nonce: 98999
Failed to process block: invalid proof of work
Mining block at height 1...
✓ Found nonce: 57868
Failed to process block: invalid proof of work
Mining block at height 1...
✓ Found nonce: 9237
Failed to process block: invalid proof of work
Mining block at height 1...
✓ Found nonce: 1676
Failed to process block: invalid proof of work
Mining block at height 1...
✓ Found nonce: 68873
Failed to process block: invalid proof of work
Mining block at height 1...
✓ Found nonce: 246281
Failed to process block: invalid proof of work
Mining block at height 1...
✓ Found nonce: 106537
Failed to process block: invalid proof of work
Mining block at height 1...
✓ Found nonce: 85180
Failed to process block: invalid proof of work
Mining block at height 1...
✓ Found nonce: 15406
Failed to process block: invalid proof of work
Mining block at height 1...
✓ Found nonce: 4463
Failed to process block: invalid proof of work
Mining block at height 1...
✓ Found nonce: 103950
Failed to process block: invalid proof of work
Mining block at height 1...
✓ Found nonce: 4139
Failed to process block: invalid proof of work
Mining block at height 1...
✓ Found nonce: 17211
Failed to process block: invalid proof of work
Mining block at height 1...
✓ Found nonce: 70009
Failed to process block: invalid proof of work
Mining block at height 1...
✓ Found nonce: 83598
Failed to process block: invalid proof of work
Mining block at height 1...
✓ Found nonce: 139345
Failed to process block: invalid proof of work
Mining block at height 1...
✓ Found nonce: 134534
Failed to process block: invalid proof of work
Mining block at height 1...
✓ Found nonce: 25216
Failed to process block: invalid proof of work
Mining block at height 1...
✓ Found nonce: 48843
Failed to process block: invalid proof of work
Mining block at height 1...
✓ Found nonce: 34090
Failed to process block: invalid proof of work
Mining block at height 1...
✓ Found nonce: 27371
Failed to process block: invalid proof of work
Mining block at height 1...
✓ Found nonce: 255100
Failed to process block: invalid proof of work
Mining block at height 1...
✓ Found nonce: 27709
Failed to process block: invalid proof of work
Mining block at height 1...
✓ Found nonce: 262339
Failed to process block: invalid proof of work
Mining block at height 1...
✓ Found nonce: 111846
Failed to process block: invalid proof of work
Mining block at height 1...
✓ Found nonce: 93392
Failed to process block: invalid proof of work
Mining block at height 1...
✓ Found nonce: 179434
Failed to process block: invalid proof of work
Mining block at height 1...
✓ Found nonce: 44411
Failed to process block: invalid proof of work
Mining block at height 1...
✓ Found nonce: 88707
Failed to process block: invalid proof of work
Mining block at height 1...
✓ Found nonce: 139679
Failed to process block: invalid proof of work
Mining block at height 1...
✓ Found nonce: 45985
Failed to process block: invalid proof of work
Mining block at height 1...
✓ Found nonce: 58132
Failed to process block: invalid proof of work
Mining block at height 1...
✓ Found nonce: 77786
Failed to process block: invalid proof of work
Mining block at height 1...
✓ Found nonce: 876
Failed to process block: invalid proof of work
Mining block at height 1...
✓ Found nonce: 46816
Failed to process block: invalid proof of work
Mining block at height 1...
✓ Found nonce: 10901
Failed to process block: invalid proof of work
Mining block at height 1...
✓ Found nonce: 76544
Failed to process block: invalid proof of work
Mining block at height 1...
✓ Found nonce: 32650
Failed to process block: invalid proof of work
Mining block at height 1...
✓ Found nonce: 114614
Failed to process block: invalid proof of work
Mining block at height 1...
✓ Found nonce: 192160
Failed to process block: invalid proof of work
Mining block at height 1...
✓ Found nonce: 60522
Failed to process block: invalid proof of work
Mining block at height 1...
✓ Found nonce: 45092
Failed to process block: invalid proof of work
Mining block at height 1...
✓ Found nonce: 66098
Failed to process block: invalid proof of work
Mining block at height 1...
✓ Found nonce: 107356
Failed to process block: invalid proof of work
Mining block at height 1...
✓ Found nonce: 31311
Failed to process block: invalid proof of work
Mining block at height 1...
✓ Found nonce: 166855
Failed to process block: invalid proof of work
Mining block at height 1...
✓ Found nonce: 90978
Failed to process block: invalid proof of work
Mining block at height 1...
✓ Found nonce: 81442
Failed to process block: invalid proof of work
Mining block at height 1...
✓ Found nonce: 43919
Failed to process block: invalid proof of work
Mining block at height 1...
✓ Found nonce: 89619
Failed to process block: invalid proof of work
Mining block at height 1...
✓ Found nonce: 6170
Failed to process block: invalid proof of work
Mining block at height 1...
✓ Found nonce: 98726
Failed to process block: invalid proof of work
Mining block at height 1...
✓ Found nonce: 3037
Failed to process block: invalid proof of work
Mining block at height 1...
✓ Found nonce: 27198
Failed to process block: invalid proof of work
Mining block at height 1...
✓ Found nonce: 161457
Failed to process block: invalid proof of work
Mining block at height 1...
✓ Found nonce: 169433
Failed to process block: invalid proof of work
Mining block at height 1...
✓ Found nonce: 113886
Failed to process block: invalid proof of work
Mining block at height 1...
✓ Found nonce: 44841
Failed to process block: invalid proof of work
Mining block at height 1...
✓ Found nonce: 51712
Failed to process block: invalid proof of work
Mining block at height 1...
✓ Found nonce: 57846
Failed to process block: invalid proof of work
Mining block at height 1...
✓ Found nonce: 117652
Failed to process block: invalid proof of work
Mining block at height 1...
✓ Found nonce: 178697
Failed to process block: invalid proof of work
Mining block at height 1...
✓ Found nonce: 125764
Failed to process block: invalid proof of work
Mining block at height 1...
✓ Found nonce: 48430
Failed to process block: invalid proof of work
Mining block at height 1...
✓ Found nonce: 29415
Failed to process block: invalid proof of work
Mining block at height 1...
✓ Found nonce: 172497
Failed to process block: invalid proof of work
Mining block at height 1...
✓ Found nonce: 39396
Failed to process block: invalid proof of work
Mining block at height 1...
✓ Found nonce: 54909
Failed to process block: invalid proof of work
Mining block at height 1...
✓ Found nonce: 117373
Failed to process block: invalid proof of work
Mining block at height 1...
✓ Found nonce: 586
Failed to process block: invalid proof of work
Mining block at height 1...
✓ Found nonce: 107157
Failed to process block: invalid proof of work
Mining block at height 1...
✓ Found nonce: 101984
Failed to process block: invalid proof of work
Mining block at height 1...
✓ Found nonce: 174041
Failed to process block: invalid proof of work
Mining block at height 1...
✓ Found nonce: 242601
Failed to process block: invalid proof of work
Mining block at height 1...
✓ Found nonce: 42560
Failed to process block: invalid proof of work
Mining block at height 1...
✓ Found nonce: 58476
Failed to process block: invalid proof of work
Mining block at height 1...
✓ Found nonce: 44084
Failed to process block: invalid proof of work
Mining block at height 1...
✓ Found nonce: 119461
Failed to process block: invalid proof of work
Mining block at height 1...
✓ Found nonce: 151839
Failed to process block: invalid proof of work
Mining block at height 1...
✓ Found nonce: 46800
Failed to process block: invalid proof of work
Mining block at height 1...
✓ Found nonce: 25599
Failed to process block: invalid proof of work
Mining block at height 1...
✓ Found nonce: 5306
Failed to process block: invalid proof of work
Mining block at height 1...
✓ Found nonce: 5273
Failed to process block: invalid proof of work
Mining block at height 1...
✓ Found nonce: 15835
Failed to process block: invalid proof of work
Mining block at height 1...
✓ Found nonce: 140883
Failed to process block: invalid proof of work
Mining block at height 1...
✓ Found nonce: 106479
Failed to process block: invalid proof of work
Mining block at height 1...
✓ Found nonce: 43437
Failed to process block: invalid proof of work
Mining block at height 1...
✓ Found nonce: 211558
Failed to process block: invalid proof of work
Mining block at height 1...
✓ Found nonce: 62387
Failed to process block: invalid proof of work
Mining block at height 1...
✓ Found nonce: 20378
Failed to process block: invalid proof of work
Mining block at height 1...
✓ Found nonce: 6344
Failed to process block: invalid proof of work
Mining block at height 1...
✓ Found nonce: 59041
Failed to process block: invalid proof of work
Mining block at height 1...
✓ Found nonce: 72429
Failed to process block: invalid proof of work
Mining block at height 1...
✓ Found nonce: 209536
Failed to process block: invalid proof of work
Mining block at height 1...
✓ Found nonce: 15593
Failed to process block: invalid proof of work
Mining block at height 1...
✓ Found nonce: 3253
Failed to process block: invalid proof of work
Mining block at height 1...
✓ Found nonce: 113414
Failed to process block: invalid proof of work
Mining block at height 1...
✓ Found nonce: 35219
Failed to process block: invalid proof of work
Mining block at height 1...
✓ Found nonce: 10245
Failed to process block: invalid proof of work
Mining block at height 1...
✓ Found nonce: 19102
Failed to process block: invalid proof of work
Mining block at height 1...
✓ Found nonce: 48690
Failed to process block: invalid proof of work
Mining block at height 1...
✓ Found nonce: 44809
Failed to process block: invalid proof of work
Mining block at height 1...
✓ Found nonce: 72969
Failed to process block: invalid proof of work
Mining block at height 1...
✓ Found nonce: 96353
Failed to process block: invalid proof of work
Mining block at height 1...
✓ Found nonce: 48751
Failed to process block: invalid proof of work
Mining block at height 1...
✓ Found nonce: 83319
Failed to process block: invalid proof of work
Mining block at height 1...
✓ Found nonce: 32677
Failed to process block: invalid proof of work
Mining block at height 1...
✓ Found nonce: 76467
Failed to process block: invalid proof of work
Mining block at height 1...
✓ Found nonce: 78094
Failed to process block: invalid proof of work
Mining block at height 1...
✓ Found nonce: 59024
Failed to process block: invalid proof of work
Mining block at height 1...
✓ Found nonce: 169934
Failed to process block: invalid proof of work
Mining block at height 1...
✓ Found nonce: 78990
Failed to process block: invalid proof of work
Mining block at height 1...
✓ Found nonce: 134116
Failed to process block: invalid proof of work
Mining block at height 1...
✓ Found nonce: 48204
Failed to process block: invalid proof of work
Mining block at height 1...
✓ Found nonce: 36372
Failed to process block: invalid proof of work
Mining block at height 1...
✓ Found nonce: 434
Failed to process block: invalid proof of work
Mining block at height 1...
✓ Found nonce: 39734
Failed to process block: invalid proof of work
Mining block at height 1...
✓ Found nonce: 45828
Failed to process block: invalid proof of work
Mining block at height 1...
✓ Found nonce: 97558
Failed to process block: invalid proof of work
Mining block at height 1...
✓ Found nonce: 10925
Failed to process block: invalid proof of work
Mining block at height 1...
✓ Found nonce: 30947
Failed to process block: invalid proof of work
Mining block at height 1...
✓ Found nonce: 32559
Failed to process block: invalid proof of work
Mining block at height 1...
✓ Found nonce: 188318
Failed to process block: invalid proof of work
Mining block at height 1...
✓ Found nonce: 4558
Failed to process block: invalid proof of work
Mining block at height 1...
✓ Found nonce: 78913
Failed to process block: invalid proof of work
Mining block at height 1...
✓ Found nonce: 84694
Failed to process block: invalid proof of work
Mining block at height 1...
✓ Found nonce: 5175
Failed to process block: invalid proof of work
Mining block at height 1...
✓ Found nonce: 159711
Failed to process block: invalid proof of work
Mining block at height 1...
✓ Found nonce: 7605
Failed to process block: invalid proof of work
Mining block at height 1...
✓ Found nonce: 62280
Failed to process block: invalid proof of work
Mining block at height 1...
✓ Found nonce: 75977
Failed to process block: invalid proof of work
Mining block at height 1...
✓ Found nonce: 3219
Failed to process block: invalid proof of work
Mining block at height 1...
✓ Found nonce: 73073
Failed to process block: invalid proof of work
Mining block at height 1...
✓ Found nonce: 71124
Failed to process block: invalid proof of work
Mining block at height 1...
✓ Found nonce: 141750
Failed to process block: invalid proof of work
Mining block at height 1...
✓ Found nonce: 39137
Failed to process block: invalid proof of work
Mining block at height 1...
✓ Found nonce: 188021
Failed to process block: invalid proof of work
Mining block at height 1...
✓ Found nonce: 119467
Failed to process block: invalid proof of work
Mining block at height 1...
✓ Found nonce: 95700
Failed to process block: invalid proof of work
Mining block at height 1...
✓ Found nonce: 119572
Failed to process block: invalid proof of work
Mining block at height 1...
✓ Found nonce: 39416
Failed to process block: invalid proof of work
Mining block at height 1...
✓ Found nonce: 23814
Failed to process block: invalid proof of work
Mining block at height 1...
✓ Found nonce: 71055
Failed to process block: invalid proof of work
Mining block at height 1...
✓ Found nonce: 63675
Failed to process block: invalid proof of work
Mining block at height 1...
✓ Found nonce: 14038
Failed to process block: invalid proof of work
Mining block at height 1...
✓ Found nonce: 8242
Failed to process block: invalid proof of work
Mining block at height 1...
✓ Found nonce: 10684
Failed to process block: invalid proof of work
Mining block at height 1...
✓ Found nonce: 73478
Failed to process block: invalid proof of work
Mining block at height 1...
✓ Found nonce: 24554
Failed to process block: invalid proof of work
Mining block at height 1...
✓ Found nonce: 33280
Failed to process block: invalid proof of work
Mining block at height 1...
✓ Found nonce: 221162
Failed to process block: invalid proof of work
Mining block at height 1...
✓ Found nonce: 57157
Failed to process block: invalid proof of work
Mining block at height 1...
✓ Found nonce: 170211
Failed to process block: invalid proof of work
Mining block at height 1...
✓ Found nonce: 145062
Failed to process block: invalid proof of work
Mining block at height 1...
✓ Found nonce: 43449
Failed to process block: invalid proof of work
Mining block at height 1...
✓ Found nonce: 35059
Failed to process block: invalid proof of work
Mining block at height 1...
✓ Found nonce: 249681
Failed to process block: invalid proof of work
Mining block at height 1...
✓ Found nonce: 12902
Failed to process block: invalid proof of work
Mining block at height 1...
✓ Found nonce: 46212
Failed to process block: invalid proof of work
Mining block at height 1...
✓ Found nonce: 18504
Failed to process block: invalid proof of work
Mining block at height 1...
✓ Found nonce: 127392
Failed to process block: invalid proof of work
Mining block at height 1...
✓ Found nonce: 11840
Failed to process block: invalid proof of work
Mining block at height 1...
✓ Found nonce: 15449
Failed to process block: invalid proof of work
Mining block at height 1...
✓ Found nonce: 8285
Failed to process block: invalid proof of work
Mining block at height 1...
✓ Found nonce: 221
Failed to process block: invalid proof of work
Mining block at height 1...
✓ Found nonce: 80444
Failed to process block: invalid proof of work
Mining block at height 1...
✓ Found nonce: 18148
Failed to process block: invalid proof of work
Mining block at height 1...
✓ Found nonce: 15070
Failed to process block: invalid proof of work
Mining block at height 1...
✓ Found nonce: 6829
Failed to process block: invalid proof of work
Mining block at height 1...
✓ Found nonce: 87159
Failed to process block: invalid proof of work
Mining block at height 1...
✓ Found nonce: 29533
Failed to process block: invalid proof of work
Mining block at height 1...
✓ Found nonce: 50547
Failed to process block: invalid proof of work
Mining block at height 1...
✓ Found nonce: 29427
Failed to process block: invalid proof of work
Mining block at height 1...
✓ Found nonce: 14194
Failed to process block: invalid proof of work
Mining block at height 1...
✓ Found nonce: 21425
Failed to process block: invalid proof of work
Mining block at height 1...
✓ Found nonce: 23985
Failed to process block: invalid proof of work
Mining block at height 1...
✓ Found nonce: 2304
Failed to process block: invalid proof of work
Mining block at height 1...
✓ Found nonce: 78599
Failed to process block: invalid proof of work
Mining block at height 1...
✓ Found nonce: 33435
Failed to process block: invalid proof of work
Mining block at height 1...
✓ Found nonce: 37310
Failed to process block: invalid proof of work
Mining block at height 1...
✓ Found nonce: 55835
Failed to process block: invalid proof of work
Mining block at height 1...
✓ Found nonce: 14500
Failed to process block: invalid proof of work
Mining block at height 1...
✓ Found nonce: 1577
Failed to process block: invalid proof of work
Mining block at height 1...
✓ Found nonce: 70576
Failed to process block: invalid proof of work
Mining block at height 1...
✓ Found nonce: 135615
Failed to process block: invalid proof of work
Mining block at height 1...
✓ Found nonce: 140985
Failed to process block: invalid proof of work
Mining block at height 1...
✓ Found nonce: 99425
Failed to process block: invalid proof of work
Mining block at height 1...
✓ Found nonce: 38371
Failed to process block: invalid proof of work
Mining block at height 1...
✓ Found nonce: 16187
Failed to process block: invalid proof of work
Mining block at height 1...
✓ Found nonce: 19090
Failed to process block: invalid proof of work
Mining block at height 1...
✓ Found nonce: 1724
Failed to process block: invalid proof of work
Mining block at height 1...
✓ Found nonce: 57366
Failed to process block: invalid proof of work
Mining block at height 1...
✓ Found nonce: 81782
Failed to process block: invalid proof of work
Mining block at height 1...
✓ Found nonce: 30999
Failed to process block: invalid proof of work
Mining block at height 1...
✓ Found nonce: 23046
Failed to process block: invalid proof of work
Mining block at height 1...
✓ Found nonce: 58291
Failed to process block: invalid proof of work
Mining block at height 1...
✓ Found nonce: 33330
Failed to process block: invalid proof of work
Mining block at height 1...
✓ Found nonce: 20856
Failed to process block: invalid proof of work
Mining block at height 1...
✓ Found nonce: 99967
Failed to process block: invalid proof of work
Mining block at height 1...
✓ Found nonce: 8897
Failed to process block: invalid proof of work
Mining block at height 1...
✓ Found nonce: 65087
Failed to process block: invalid proof of work
Mining block at height 1...
✓ Found nonce: 40118
Failed to process block: invalid proof of work
Mining block at height 1...
✓ Found nonce: 46081
Failed to process block: invalid proof of work
Mining block at height 1...
✓ Found nonce: 4615
Failed to process block: invalid proof of work
Mining block at height 1...
✓ Found nonce: 61482
Failed to process block: invalid proof of work
Mining block at height 1...
✓ Found nonce: 1254
Failed to process block: invalid proof of work
Mining block at height 1...
✓ Found nonce: 39431
Failed to process block: invalid proof of work
Mining block at height 1...
✓ Found nonce: 85819
Failed to process block: invalid proof of work
Mining block at height 1...
✓ Found nonce: 15565
Failed to process block: invalid proof of work
Mining block at height 1...
✓ Found nonce: 243124
Failed to process block: invalid proof of work
Mining block at height 1...
✓ Found nonce: 50123
Failed to process block: invalid proof of work
Mining block at height 1...
✓ Found nonce: 230445
Failed to process block: invalid proof of work
Mining block at height 1...
✓ Found nonce: 37877
Failed to process block: invalid proof of work
Mining block at height 1...
✓ Found nonce: 8485
Failed to process block: invalid proof of work
Mining block at height 1...
✓ Found nonce: 54931
Failed to process block: invalid proof of work
Mining block at height 1...
✓ Found nonce: 62876
Failed to process block: invalid proof of work
Mining block at height 1...
✓ Found nonce: 2255
Failed to process block: invalid proof of work
Mining block at height 1...
✓ Found nonce: 32456
Failed to process block: invalid proof of work
Mining block at height 1...
✓ Found nonce: 270217
Failed to process block: invalid proof of work
Mining block at height 1...
✓ Found nonce: 201493
Failed to process block: invalid proof of work
Mining block at height 1...
✓ Found nonce: 41977
Failed to process block: invalid proof of work
Mining block at height 1...
✓ Found nonce: 155086
Failed to process block: invalid proof of work
Mining block at height 1...
✓ Found nonce: 155246
Failed to process block: invalid proof of work
Mining block at height 1...
✓ Found nonce: 13989
Failed to process block: invalid proof of work
Mining block at height 1...
✓ Found nonce: 29728
Failed to process block: invalid proof of work
Mining block at height 1...
✓ Found nonce: 99430
Failed to process block: invalid proof of work
Mining block at height 1...
✓ Found nonce: 70174
Failed to process block: invalid proof of work
Mining block at height 1...
✓ Found nonce: 26273
Failed to process block: invalid proof of work
Mining block at height 1...
✓ Found nonce: 54826
Failed to process block: invalid proof of work
Mining block at height 1...
✓ Found nonce: 128872
Failed to process block: invalid proof of work
Mining block at height 1...
✓ Found nonce: 68832
Failed to process block: invalid proof of work
Mining block at height 1...
✓ Found nonce: 126
Failed to process block: invalid proof of work
Mining block at height 1...
✓ Found nonce: 132372
Failed to process block: invalid proof of work
Mining block at height 1...
✓ Found nonce: 17946
Failed to process block: invalid proof of work
Mining block at height 1...
✓ Found nonce: 23870
Failed to process block: invalid proof of work
Mining block at height 1...
✓ Found nonce: 2238
Failed to process block: invalid proof of work
Mining block at height 1...
✓ Found nonce: 64025
Failed to process block: invalid proof of work
Mining block at height 1...
✓ Found nonce: 48196
Failed to process block: invalid proof of work
Mining block at height 1...
✓ Found nonce: 486
Failed to process block: invalid proof of work
Mining block at height 1...
✓ Found nonce: 13037
Failed to process block: invalid proof of work
Mining block at height 1...
✓ Found nonce: 63775
Failed to process block: invalid proof of work
Mining block at height 1...
✓ Found nonce: 21423
Failed to process block: invalid proof of work
Mining block at height 1...
✓ Found nonce: 44172
Failed to process block: invalid proof of work
Mining block at height 1...
✓ Found nonce: 317808
Failed to process block: invalid proof of work
Mining block at height 1...
✓ Found nonce: 119035
Failed to process block: invalid proof of work
Mining block at height 1...
✓ Found nonce: 33073
Failed to process block: invalid proof of work
Mining block at height 1...
✓ Found nonce: 70161
Failed to process block: invalid proof of work
Mining block at height 1...
✓ Found nonce: 16504
Failed to process block: invalid proof of work
Mining block at height 1...
✓ Found nonce: 54154
Failed to process block: invalid proof of work
Mining block at height 1...
✓ Found nonce: 191828
Failed to process block: invalid proof of work
Mining block at height 1...
✓ Found nonce: 44090
Failed to process block: invalid proof of work
Mining block at height 1...
✓ Found nonce: 61295
Failed to process block: invalid proof of work
Mining block at height 1...
✓ Found nonce: 119089
Failed to process block: invalid proof of work
Mining block at height 1...
✓ Found nonce: 10015
Failed to process block: invalid proof of work
Mining block at height 1...
✓ Found nonce: 21069
Failed to process block: invalid proof of work
Mining block at height 1...
✓ Found nonce: 157304
Failed to process block: invalid proof of work
Mining block at height 1...
✓ Found nonce: 84519
Failed to process block: invalid proof of work
Mining block at height 1...
✓ Found nonce: 6978
Failed to process block: invalid proof of work
Mining block at height 1...
✓ Found nonce: 79146
Failed to process block: invalid proof of work
Mining block at height 1...
✓ Found nonce: 157218
Failed to process block: invalid proof of work
Mining block at height 1...
✓ Found nonce: 106952
Failed to process block: invalid proof of work
Mining block at height 1...
✓ Found nonce: 22761
Failed to process block: invalid proof of work
Mining block at height 1...
✓ Found nonce: 36462
Failed to process block: invalid proof of work
Mining block at height 1...
✓ Found nonce: 35572
Failed to process block: invalid proof of work
Mining block at height 1...
✓ Found nonce: 146996
Failed to process block: invalid proof of work
Mining block at height 1...
✓ Found nonce: 15280
Failed to process block: invalid proof of work
Mining block at height 1...
✓ Found nonce: 124608
Failed to process block: invalid proof of work
Mining block at height 1...
✓ Found nonce: 32343
Failed to process block: invalid proof of work
Mining block at height 1...
✓ Found nonce: 159523
Failed to process block: invalid proof of work
Mining block at height 1...
✓ Found nonce: 53969
Failed to process block: invalid proof of work
Mining block at height 1...
✓ Found nonce: 13984
Failed to process block: invalid proof of work
Mining block at height 1...
✓ Found nonce: 44155
Failed to process block: invalid proof of work
Mining block at height 1...
✓ Found nonce: 100027
Failed to process block: invalid proof of work
Mining block at height 1...
✓ Found nonce: 3415
Failed to process block: invalid proof of work
Mining block at height 1...
✓ Found nonce: 4967
Failed to process block: invalid proof of work
Mining block at height 1...
✓ Found nonce: 32877
Failed to process block: invalid proof of work
Mining block at height 1...
✓ Found nonce: 18913
Failed to process block: invalid proof of work
Mining block at height 1...
✓ Found nonce: 46088
Failed to process block: invalid proof of work
Mining block at height 1...
✓ Found nonce: 111841
Failed to process block: invalid proof of work
Mining block at height 1...
✓ Found nonce: 168552
Failed to process block: invalid proof of work
Mining block at height 1...
✓ Found nonce: 9183
Failed to process block: invalid proof of work
Mining block at height 1...
✓ Found nonce: 129746
Failed to process block: invalid proof of work
Mining block at height 1...
✓ Found nonce: 7537
Failed to process block: invalid proof of work
Mining block at height 1...
✓ Found nonce: 39523
Failed to process block: invalid proof of work
Mining block at height 1...
✓ Found nonce: 1004
Failed to process block: invalid proof of work
Mining block at height 1...
✓ Found nonce: 63477
Failed to process block: invalid proof of work
Mining block at height 1...
✓ Found nonce: 27864
Failed to process block: invalid proof of work
Mining block at height 1...
✓ Found nonce: 87021
Failed to process block: invalid proof of work
Mining block at height 1...
✓ Found nonce: 31663
Failed to process block: invalid proof of work
Mining block at height 1...
✓ Found nonce: 81372
Failed to process block: invalid proof of work
Mining block at height 1...
✓ Found nonce: 53145
Failed to process block: invalid proof of work
Mining block at height 1...
✓ Found nonce: 23683
Failed to process block: invalid proof of work
Mining block at height 1...
✓ Found nonce: 6624
Failed to process block: invalid proof of work
Mining block at height 1...
✓ Found nonce: 124936
Failed to process block: invalid proof of work
Mining block at height 1...
✓ Found nonce: 1748
Failed to process block: invalid proof of work
Mining block at height 1...
✓ Found nonce: 2674
Failed to process block: invalid proof of work
Mining block at height 1...
✓ Found nonce: 7688
Failed to process block: invalid proof of work
Mining block at height 1...
✓ Found nonce: 30591
Failed to process block: invalid proof of work
Mining block at height 1...
✓ Found nonce: 5123
Failed to process block: invalid proof of work
Mining block at height 1...
✓ Found nonce: 45595
Failed to process block: invalid proof of work
Mining block at height 1...
✓ Found nonce: 16432
Failed to process block: invalid proof of work
Mining block at height 1...
✓ Found nonce: 57120
Failed to process block: invalid proof of work
Mining block at height 1...
✓ Found nonce: 20864
Failed to process block: invalid proof of work
Mining block at height 1...
✓ Found nonce: 53305
Failed to process block: invalid proof of work
Mining block at height 1...
✓ Found nonce: 105411
Failed to process block: invalid proof of work
Mining block at height 1...
✓ Found nonce: 186877
Failed to process block: invalid proof of work
Mining block at height 1...
✓ Found nonce: 2650
Failed to process block: invalid proof of work
Mining block at height 1...
✓ Found nonce: 55695
Failed to process block: invalid proof of work
Mining block at height 1...
✓ Found nonce: 70820
Failed to process block: invalid proof of work
Mining block at height 1...
✓ Found nonce: 158286
Failed to process block: invalid proof of work
Mining block at height 1...
✓ Found nonce: 92157
Failed to process block: invalid proof of work
Mining block at height 1...
✓ Found nonce: 62738
Failed to process block: invalid proof of work
Mining block at height 1...
✓ Found nonce: 27489
Failed to process block: invalid proof of work
Mining block at height 1...
✓ Found nonce: 72762
Failed to process block: invalid proof of work
Mining block at height 1...
✓ Found nonce: 51575
Failed to process block: invalid proof of work
Mining block at height 1...
✓ Found nonce: 28057
Failed to process block: invalid proof of work
Mining block at height 1...
✓ Found nonce: 145935
Failed to process block: invalid proof of work
Mining block at height 1...
✓ Found nonce: 27536
Failed to process block: invalid proof of work
Mining block at height 1...
✓ Found nonce: 152914
Failed to process block: invalid proof of work
Mining block at height 1...
✓ Found nonce: 183261
Failed to process block: invalid proof of work
Mining block at height 1...
✓ Found nonce: 6398
Failed to process block: invalid proof of work
Mining block at height 1...
✓ Found nonce: 1987
Failed to process block: invalid proof of work
Mining block at height 1...
✓ Found nonce: 45887
Failed to process block: invalid proof of work
Mining block at height 1...
✓ Found nonce: 79293
Failed to process block: invalid proof of work
Mining block at height 1...
✓ Found nonce: 9818
Failed to process block: invalid proof of work
Mining block at height 1...
✓ Found nonce: 47448
Failed to process block: invalid proof of work
Mining block at height 1...
✓ Found nonce: 99619
Failed to process block: invalid proof of work
Mining block at height 1...
✓ Found nonce: 64965
Failed to process block: invalid proof of work
Mining block at height 1...
✓ Found nonce: 92955
Failed to process block: invalid proof of work
Mining block at height 1...
✓ Found nonce: 25962
Failed to process block: invalid proof of work
Mining block at height 1...
✓ Found nonce: 30157
Failed to process block: invalid proof of work
Mining block at height 1...
✓ Found nonce: 18817
Failed to process block: invalid proof of work
Mining block at height 1...
✓ Found nonce: 23249
Failed to process block: invalid proof of work
Mining block at height 1...
✓ Found nonce: 28439
Failed to process block: invalid proof of work
Mining block at height 1...
✓ Found nonce: 202178
Failed to process block: invalid proof of work
Mining block at height 1...
✓ Found nonce: 17642
Failed to process block: invalid proof of work
Mining block at height 1...
✓ Found nonce: 36352
Failed to process block: invalid proof of work
Mining block at height 1...
✓ Found nonce: 3624
Failed to process block: invalid proof of work
Mining block at height 1...
✓ Found nonce: 95607
Failed to process block: invalid proof of work
Mining block at height 1...
✓ Found nonce: 30695
Failed to process block: invalid proof of work
Mining block at height 1...
✓ Found nonce: 14870
Failed to process block: invalid proof of work
Mining block at height 1...
✓ Found nonce: 13638
Failed to process block: invalid proof of work
Mining block at height 1...
✓ Found nonce: 52757
Failed to process block: invalid proof of work
Mining block at height 1...
✓ Found nonce: 24856
Failed to process block: invalid proof of work
Mining block at height 1...
✓ Found nonce: 60780
Failed to process block: invalid proof of work
Mining block at height 1...
✓ Found nonce: 60085
Failed to process block: invalid proof of work
Mining block at height 1...
✓ Found nonce: 185893
Failed to process block: invalid proof of work
Mining block at height 1...
✓ Found nonce: 253507
Failed to process block: invalid proof of work
Mining block at height 1...
✓ Found nonce: 80814
Failed to process block: invalid proof of work
Mining block at height 1...
✓ Found nonce: 19598
Failed to process block: invalid proof of work
Mining block at height 1...
✓ Found nonce: 26129
Failed to process block: invalid proof of work
Mining block at height 1...
✓ Found nonce: 139305
Failed to process block: invalid proof of work
Mining block at height 1...
✓ Found nonce: 35101
Failed to process block: invalid proof of work
Mining block at height 1...
✓ Found nonce: 69977
Failed to process block: invalid proof of work
Mining block at height 1...
✓ Found nonce: 183021
Failed to process block: invalid proof of work
Mining block at height 1...
✓ Found nonce: 273231
Failed to process block: invalid proof of work
Mining block at height 1...
✓ Found nonce: 9104
Failed to process block: invalid proof of work
Mining block at height 1...
✓ Found nonce: 1567
Failed to process block: invalid proof of work
Mining block at height 1...
✓ Found nonce: 10788
Failed to process block: invalid proof of work
Mining block at height 1...
✓ Found nonce: 8977
Failed to process block: invalid proof of work
Mining block at height 1...
✓ Found nonce: 199326
Failed to process block: invalid proof of work
Mining block at height 1...
✓ Found nonce: 29003
Failed to process block: invalid proof of work
Mining block at height 1...
✓ Found nonce: 175513
Failed to process block: invalid proof of work
Mining block at height 1...
✓ Found nonce: 106071
Failed to process block: invalid proof of work
Mining block at height 1...
✓ Found nonce: 307193
Failed to process block: invalid proof of work
Mining block at height 1...
✓ Found nonce: 56839
Failed to process block: invalid proof of work
Mining block at height 1...
✓ Found nonce: 140289
Failed to process block: invalid proof of work
Mining block at height 1...
✓ Found nonce: 128140
Failed to process block: invalid proof of work
Mining block at height 1...
✓ Found nonce: 78892
Failed to process block: invalid proof of work
Mining block at height 1...
✓ Found nonce: 58244
Failed to process block: invalid proof of work
Mining block at height 1...
✓ Found nonce: 31278
Failed to process block: invalid proof of work
Mining block at height 1...
✓ Found nonce: 19622
Failed to process block: invalid proof of work
Mining block at height 1...
✓ Found nonce: 80419
Failed to process block: invalid proof of work
Mining block at height 1...
✓ Found nonce: 10045
Failed to process block: invalid proof of work
Mining block at height 1...
✓ Found nonce: 1690
Failed to process block: invalid proof of work
Mining block at height 1...
✓ Found nonce: 89485
Failed to process block: invalid proof of work
Mining block at height 1...
✓ Found nonce: 23265
Failed to process block: invalid proof of work
Mining block at height 1...
✓ Found nonce: 20747
Failed to process block: invalid proof of work
Mining block at height 1...
✓ Found nonce: 211190
Failed to process block: invalid proof of work
Mining block at height 1...
✓ Found nonce: 56557
Failed to process block: invalid proof of work
Mining block at height 1...
✓ Found nonce: 32987
Failed to process block: invalid proof of work
Mining block at height 1...
✓ Found nonce: 13705
Failed to process block: invalid proof of work
Mining block at height 1...
✓ Found nonce: 563
Failed to process block: invalid proof of work
Mining block at height 1...
✓ Found nonce: 5863
Failed to process block: invalid proof of work
Mining block at height 1...
✓ Found nonce: 119394
Failed to process block: invalid proof of work
Mining block at height 1...
✓ Found nonce: 146525
Failed to process block: invalid proof of work
Mining block at height 1...
✓ Found nonce: 221769
Failed to process block: invalid proof of work
Mining block at height 1...
✓ Found nonce: 29956
Failed to process block: invalid proof of work
Mining block at height 1...
✓ Found nonce: 33237
Failed to process block: invalid proof of work
Mining block at height 1...
✓ Found nonce: 30267
Failed to process block: invalid proof of work
Mining block at height 1...
✓ Found nonce: 197942
Failed to process block: invalid proof of work
Mining block at height 1...
✓ Found nonce: 81822
Failed to process block: invalid proof of work
Mining block at height 1...
✓ Found nonce: 71397
Failed to process block: invalid proof of work
Mining block at height 1...
✓ Found nonce: 150011
Failed to process block: invalid proof of work
Mining block at height 1...
✓ Found nonce: 47417
Failed to process block: invalid proof of work
Mining block at height 1...
✓ Found nonce: 6169
Failed to process block: invalid proof of work
Mining block at height 1...
✓ Found nonce: 522
Failed to process block: invalid proof of work
Mining block at height 1...
✓ Found nonce: 87713
Failed to process block: invalid proof of work
Mining block at height 1...
✓ Found nonce: 127280
Failed to process block: invalid proof of work
Mining block at height 1...
✓ Found nonce: 2308
Failed to process block: invalid proof of work
Mining block at height 1...
✓ Found nonce: 153440
Failed to process block: invalid proof of work
Mining block at height 1...
✓ Found nonce: 101575
Failed to process block: invalid proof of work
Mining block at height 1...
✓ Found nonce: 124635
Failed to process block: invalid proof of work
Mining block at height 1...
✓ Found nonce: 1459
Failed to process block: invalid proof of work
Mining block at height 1...
✓ Found nonce: 106167
Failed to process block: invalid proof of work
Mining block at height 1...
✓ Found nonce: 29612
Failed to process block: invalid proof of work
Mining block at height 1...
✓ Found nonce: 80084
Failed to process block: invalid proof of work
Mining block at height 1...
✓ Found nonce: 89296
Failed to process block: invalid proof of work
Mining block at height 1...
✓ Found nonce: 149986
Failed to process block: invalid proof of work
Mining block at height 1...
✓ Found nonce: 43589
Failed to process block: invalid proof of work
Mining block at height 1...
✓ Found nonce: 58740
Failed to process block: invalid proof of work
Mining block at height 1...
✓ Found nonce: 19181
Failed to process block: invalid proof of work
Mining block at height 1...
✓ Found nonce: 108922
Failed to process block: invalid proof of work
Mining block at height 1...
✓ Found nonce: 20702
Failed to process block: invalid proof of work
Mining block at height 1...
✓ Found nonce: 150546
Failed to process block: invalid proof of work
Mining block at height 1...
✓ Found nonce: 25790
Failed to process block: invalid proof of work
Mining block at height 1...
✓ Found nonce: 57340
Failed to process block: invalid proof of work
Mining block at height 1...
✓ Found nonce: 157475
Failed to process block: invalid proof of work
Mining block at height 1...
✓ Found nonce: 138042
Failed to process block: invalid proof of work
Mining block at height 1...
✓ Found nonce: 3402
Failed to process block: invalid proof of work
Mining block at height 1...
✓ Found nonce: 112720
Failed to process block: invalid proof of work
Mining block at height 1...
✓ Found nonce: 44909
Failed to process block: invalid proof of work
Mining block at height 1...
✓ Found nonce: 13353
Failed to process block: invalid proof of work
Mining block at height 1...
✓ Found nonce: 31060
Failed to process block: invalid proof of work
Mining block at height 1...
✓ Found nonce: 197495
Failed to process block: invalid proof of work
Mining block at height 1...
✓ Found nonce: 16058
Failed to process block: invalid proof of work
Mining block at height 1...
✓ Found nonce: 101857
Failed to process block: invalid proof of work
Mining block at height 1...
✓ Found nonce: 10961
Failed to process block: invalid proof of work
Mining block at height 1...
✓ Found nonce: 10600
Failed to process block: invalid proof of work
Mining block at height 1...
✓ Found nonce: 15135
Failed to process block: invalid proof of work
Mining block at height 1...
✓ Found nonce: 11169
Failed to process block: invalid proof of work
Mining block at height 1...
✓ Found nonce: 9356
Failed to process block: invalid proof of work
Mining block at height 1...
✓ Found nonce: 1257
Failed to process block: invalid proof of work
Mining block at height 1...
✓ Found nonce: 44289
Failed to process block: invalid proof of work
Mining block at height 1...
✓ Found nonce: 120496
Failed to process block: invalid proof of work
Mining block at height 1...
✓ Found nonce: 25446
Failed to process block: invalid proof of work
Mining block at height 1...
✓ Found nonce: 4845
Failed to process block: invalid proof of work
Mining block at height 1...
✓ Found nonce: 402118
Failed to process block: invalid proof of work
Mining block at height 1...
✓ Found nonce: 179089
Failed to process block: invalid proof of work
Mining block at height 1...
✓ Found nonce: 15917
Failed to process block: invalid proof of work
Mining block at height 1...
✓ Found nonce: 161227
Failed to process block: invalid proof of work
Mining block at height 1...
✓ Found nonce: 89189
Failed to process block: invalid proof of work
Mining block at height 1...
✓ Found nonce: 49303
Failed to process block: invalid proof of work
Mining block at height 1...
✓ Found nonce: 121904
Failed to process block: invalid proof of work
Mining block at height 1...
✓ Found nonce: 78217
Failed to process block: invalid proof of work
Mining block at height 1...
✓ Found nonce: 107683
Failed to process block: invalid proof of work
Mining block at height 1...
✓ Found nonce: 43302
Failed to process block: invalid proof of work
Mining block at height 1...
✓ Found nonce: 18588
Failed to process block: invalid proof of work
Mining block at height 1...
✓ Found nonce: 278515
Failed to process block: invalid proof of work
Mining block at height 1...
✓ Found nonce: 16153
Failed to process block: invalid proof of work
Mining block at height 1...
✓ Found nonce: 107483
Failed to process block: invalid proof of work
Mining block at height 1...
✓ Found nonce: 48
Failed to process block: invalid proof of work
Mining block at height 1...
✓ Found nonce: 111679
Failed to process block: invalid proof of work
Mining block at height 1...
✓ Found nonce: 507
Failed to process block: invalid proof of work
Mining block at height 1...
✓ Found nonce: 96031
Failed to process block: invalid proof of work
Mining block at height 1...
✓ Found nonce: 115269
Failed to process block: invalid proof of work
Mining block at height 1...
✓ Found nonce: 27145
Failed to process block: invalid proof of work
Mining block at height 1...
✓ Found nonce: 154369
Failed to process block: invalid proof of work
Mining block at height 1...
✓ Found nonce: 208036
Failed to process block: invalid proof of work
Mining block at height 1...
✓ Found nonce: 70345
Failed to process block: invalid proof of work
Mining block at height 1...
✓ Found nonce: 144493
Failed to process block: invalid proof of work
Mining block at height 1...
✓ Found nonce: 54347
Failed to process block: invalid proof of work
Mining block at height 1...
✓ Found nonce: 61490
Failed to process block: invalid proof of work
Mining block at height 1...
✓ Found nonce: 376
Failed to process block: invalid proof of work
Mining block at height 1...
✓ Found nonce: 12737
Failed to process block: invalid proof of work
Mining block at height 1...
✓ Found nonce: 33677
Failed to process block: invalid proof of work
Mining block at height 1...
✓ Found nonce: 96508
Failed to process block: invalid proof of work
Mining block at height 1...
✓ Found nonce: 35088
Failed to process block: invalid proof of work
Mining block at height 1...
✓ Found nonce: 25087
Failed to process block: invalid proof of work
Mining block at height 1...
✓ Found nonce: 105923
Failed to process block: invalid proof of work
Mining block at height 1...
✓ Found nonce: 164238
Failed to process block: invalid proof of work
Mining block at height 1...
✓ Found nonce: 33683
Failed to process block: invalid proof of work
Mining block at height 1...
✓ Found nonce: 11870
Failed to process block: invalid proof of work
Mining block at height 1...
✓ Found nonce: 9276
Failed to process block: invalid proof of work
Mining block at height 1...
✓ Found nonce: 101984
Failed to process block: invalid proof of work
Mining block at height 1...
✓ Found nonce: 30224
Failed to process block: invalid proof of work
Mining block at height 1...
✓ Found nonce: 43611
Failed to process block: invalid proof of work
Mining block at height 1...
✓ Found nonce: 5390
Failed to process block: invalid proof of work
Mining block at height 1...
✓ Found nonce: 39510
Failed to process block: invalid proof of work
Mining block at height 1...
✓ Found nonce: 54622
Failed to process block: invalid proof of work
Mining block at height 1...
✓ Found nonce: 89070
Failed to process block: invalid proof of work
Mining block at height 1...
✓ Found nonce: 1483
Failed to process block: invalid proof of work
Mining block at height 1...
✓ Found nonce: 80778
Failed to process block: invalid proof of work
Mining block at height 1...
✓ Found nonce: 100235
Failed to process block: invalid proof of work
Mining block at height 1...
✓ Found nonce: 59831
Failed to process block: invalid proof of work
Mining block at height 1...
✓ Found nonce: 237063
Failed to process block: invalid proof of work
Mining block at height 1...
✓ Found nonce: 15477
Failed to process block: invalid proof of work
Mining block at height 1...
✓ Found nonce: 36739
Failed to process block: invalid proof of work
Mining block at height 1...
✓ Found nonce: 195019
Failed to process block: invalid proof of work
Mining block at height 1...
✓ Found nonce: 6623
Failed to process block: invalid proof of work
Mining block at height 1...
✓ Found nonce: 12696
Failed to process block: invalid proof of work
Mining block at height 1...
✓ Found nonce: 9950
Failed to process block: invalid proof of work
Mining block at height 1...
✓ Found nonce: 30581
Failed to process block: invalid proof of work
Mining block at height 1...
✓ Found nonce: 22283
Failed to process block: invalid proof of work
Mining block at height 1...
✓ Found nonce: 113296
Failed to process block: invalid proof of work
Mining block at height 1...
✓ Found nonce: 23046
Failed to process block: invalid proof of work
Mining block at height 1...
✓ Found nonce: 160145
Failed to process block: invalid proof of work
Mining block at height 1...
✓ Found nonce: 84176
Failed to process block: invalid proof of work
Mining block at height 1...
✓ Found nonce: 26946
Failed to process block: invalid proof of work
Mining block at height 1...
✓ Found nonce: 172885
Failed to process block: invalid proof of work
Mining block at height 1...
✓ Found nonce: 10083
Failed to process block: invalid proof of work
Mining block at height 1...
✓ Found nonce: 66754
Failed to process block: invalid proof of work
Mining block at height 1...
✓ Found nonce: 50902
Failed to process block: invalid proof of work
Mining block at height 1...
✓ Found nonce: 19441
Failed to process block: invalid proof of work
Mining block at height 1...
✓ Found nonce: 38593
Failed to process block: invalid proof of work
Mining block at height 1...
✓ Found nonce: 50345
Failed to process block: invalid proof of work
Mining block at height 1...
✓ Found nonce: 51611
Failed to process block: invalid proof of work
Mining block at height 1...
✓ Found nonce: 39873
Failed to process block: invalid proof of work
Mining block at height 1...
✓ Found nonce: 6923
Failed to process block: invalid proof of work
Mining block at height 1...
✓ Found nonce: 119383
Failed to process block: invalid proof of work
Mining block at height 1...
✓ Found nonce: 211344
Failed to process block: invalid proof of work
Mining block at height 1...
✓ Found nonce: 30221
Failed to process block: invalid proof of work
Mining block at height 1...
✓ Found nonce: 49398
Failed to process block: invalid proof of work
Mining block at height 1...
✓ Found nonce: 37930
Failed to process block: invalid proof of work
Mining block at height 1...
✓ Found nonce: 135118
Failed to process block: invalid proof of work
Mining block at height 1...
✓ Found nonce: 20303
Failed to process block: invalid proof of work
Mining block at height 1...
✓ Found nonce: 25962
Failed to process block: invalid proof of work
Mining block at height 1...
✓ Found nonce: 140667
Failed to process block: invalid proof of work
Mining block at height 1...
✓ Found nonce: 37492
Failed to process block: invalid proof of work
Mining block at height 1...
✓ Found nonce: 31483
Failed to process block: invalid proof of work
Mining block at height 1...
✓ Found nonce: 6550
Failed to process block: invalid proof of work
Mining block at height 1...
✓ Found nonce: 37939
Failed to process block: invalid proof of work
Mining block at height 1...
✓ Found nonce: 11934
Failed to process block: invalid proof of work
Mining block at height 1...
✓ Found nonce: 57066
Failed to process block: invalid proof of work
Mining block at height 1...
✓ Found nonce: 50015
Failed to process block: invalid proof of work
Mining block at height 1...
✓ Found nonce: 6389
Failed to process block: invalid proof of work
Mining block at height 1...
✓ Found nonce: 96221
Failed to process block: invalid proof of work
Mining block at height 1...
✓ Found nonce: 34240
Failed to process block: invalid proof of work
Mining block at height 1...
✓ Found nonce: 112744
Failed to process block: invalid proof of work
Mining block at height 1...
✓ Found nonce: 767
Failed to process block: invalid proof of work
Mining block at height 1...
✓ Found nonce: 48234
Failed to process block: invalid proof of work
Mining block at height 1...
✓ Found nonce: 366
Failed to process block: invalid proof of work
Mining block at height 1...
✓ Found nonce: 6485
Failed to process block: invalid proof of work
Mining block at height 1...
✓ Found nonce: 61858
Failed to process block: invalid proof of work
Mining block at height 1...
✓ Found nonce: 30103
Failed to process block: invalid proof of work
Mining block at height 1...
✓ Found nonce: 110587
Failed to process block: invalid proof of work
Mining block at height 1...
✓ Found nonce: 126100
Failed to process block: invalid proof of work
Mining block at height 1...
✓ Found nonce: 50487
Failed to process block: invalid proof of work
Mining block at height 1...
✓ Found nonce: 56545
Failed to process block: invalid proof of work
Mining block at height 1...
✓ Found nonce: 3983
Failed to process block: invalid proof of work
Mining block at height 1...
✓ Found nonce: 5806
Failed to process block: invalid proof of work
Mining block at height 1...
✓ Found nonce: 273506
Failed to process block: invalid proof of work
Mining block at height 1...
✓ Found nonce: 88079
Failed to process block: invalid proof of work
Mining block at height 1...
✓ Found nonce: 47804
Failed to process block: invalid proof of work
Mining block at height 1...
✓ Found nonce: 12362
Failed to process block: invalid proof of work
Mining block at height 1...
✓ Found nonce: 19590
Failed to process block: invalid proof of work
Mining block at height 1...
✓ Found nonce: 33108
Failed to process block: invalid proof of work
Mining block at height 1...
✓ Found nonce: 162984
Failed to process block: invalid proof of work
Mining block at height 1...
✓ Found nonce: 101070
Failed to process block: invalid proof of work
Mining block at height 1...
✓ Found nonce: 59250
Failed to process block: invalid proof of work
Mining block at height 1...
✓ Found nonce: 34866
Failed to process block: invalid proof of work
Mining block at height 1...
✓ Found nonce: 37220
Failed to process block: invalid proof of work
Mining block at height 1...
✓ Found nonce: 20455
Failed to process block: invalid proof of work
Mining block at height 1...
✓ Found nonce: 19787
Failed to process block: invalid proof of work
Mining block at height 1...
✓ Found nonce: 87155
Failed to process block: invalid proof of work
Mining block at height 1...
✓ Found nonce: 166632
Failed to process block: invalid proof of work
Mining block at height 1...
✓ Found nonce: 234781
Failed to process block: invalid proof of work
Mining block at height 1...
✓ Found nonce: 50228
Failed to process block: invalid proof of work
Mining block at height 1...
✓ Found nonce: 1371
Failed to process block: invalid proof of work
Mining block at height 1...
✓ Found nonce: 61
Failed to process block: invalid proof of work
Mining block at height 1...
✓ Found nonce: 74950
Failed to process block: invalid proof of work
Mining block at height 1...
✓ Found nonce: 57593
Failed to process block: invalid proof of work
Mining block at height 1...
✓ Found nonce: 103181
Failed to process block: invalid proof of work
Mining block at height 1...
✓ Found nonce: 13783
Failed to process block: invalid proof of work
Mining block at height 1...
✓ Found nonce: 6878
Failed to process block: invalid proof of work
Mining block at height 1...
✓ Found nonce: 290548
Failed to process block: invalid proof of work
Mining block at height 1...
✓ Found nonce: 12653
Failed to process block: invalid proof of work
Mining block at height 1...
✓ Found nonce: 84310
Failed to process block: invalid proof of work
Mining block at height 1...
✓ Found nonce: 85442
Failed to process block: invalid proof of work
Mining block at height 1...
✓ Found nonce: 83620
Failed to process block: invalid proof of work
Mining block at height 1...
✓ Found nonce: 10835
Failed to process block: invalid proof of work
Mining block at height 1...
✓ Found nonce: 38192
Failed to process block: invalid proof of work
Mining block at height 1...
✓ Found nonce: 17338
Failed to process block: invalid proof of work
Mining block at height 1...
✓ Found nonce: 41203
Failed to process block: invalid proof of work
Mining block at height 1...
✓ Found nonce: 1898
Failed to process block: invalid proof of work
Mining block at height 1...
✓ Found nonce: 91957
Failed to process block: invalid proof of work
Mining block at height 1...
✓ Found nonce: 63311
Failed to process block: invalid proof of work
Mining block at height 1...
✓ Found nonce: 337278
Failed to process block: invalid proof of work
Mining block at height 1...
✓ Found nonce: 34946
Failed to process block: invalid proof of work
Mining block at height 1...
✓ Found nonce: 13780
Failed to process block: invalid proof of work
Mining block at height 1...
✓ Found nonce: 9430
Failed to process block: invalid proof of work
Mining block at height 1...
✓ Found nonce: 126235
Failed to process block: invalid proof of work
Mining block at height 1...
✓ Found nonce: 4911
Failed to process block: invalid proof of work
Mining block at height 1...
✓ Found nonce: 1587
Failed to process block: invalid proof of work
Mining block at height 1...
✓ Found nonce: 318827
Failed to process block: invalid proof of work
Mining block at height 1...
✓ Found nonce: 59837
Failed to process block: invalid proof of work
Mining block at height 1...
✓ Found nonce: 110570
Failed to process block: invalid proof of work
Mining block at height 1...
✓ Found nonce: 24963
Failed to process block: invalid proof of work
Mining block at height 1...
✓ Found nonce: 24162
Failed to process block: invalid proof of work
Mining block at height 1...
✓ Found nonce: 140094
Failed to process block: invalid proof of work
Mining block at height 1...
✓ Found nonce: 19753
Failed to process block: invalid proof of work
Mining block at height 1...
✓ Found nonce: 105889
Failed to process block: invalid proof of work
Mining block at height 1...
✓ Found nonce: 214407
Failed to process block: invalid proof of work
Mining block at height 1...
✓ Found nonce: 147894
Failed to process block: invalid proof of work
Mining block at height 1...
✓ Found nonce: 43053
Failed to process block: invalid proof of work
Mining block at height 1...
✓ Found nonce: 24298
Failed to process block: invalid proof of work
Mining block at height 1...
✓ Found nonce: 73454
Failed to process block: invalid proof of work
Mining block at height 1...
✓ Found nonce: 106978
Failed to process block: invalid proof of work
Mining block at height 1...
✓ Found nonce: 16984
Failed to process block: invalid proof of work
Mining block at height 1...
✓ Found nonce: 58841
Failed to process block: invalid proof of work
Mining block at height 1...
✓ Found nonce: 101655
Failed to process block: invalid proof of work
Mining block at height 1...
✓ Found nonce: 292842
Failed to process block: invalid proof of work
Mining block at height 1...
✓ Found nonce: 54669
Failed to process block: invalid proof of work
Mining block at height 1...
✓ Found nonce: 100747
Failed to process block: invalid proof of work
Mining block at height 1...
✓ Found nonce: 25153
Failed to process block: invalid proof of work
Mining block at height 1...
✓ Found nonce: 195656
Failed to process block: invalid proof of work
Mining block at height 1...
✓ Found nonce: 122652
Failed to process block: invalid proof of work
Mining block at height 1...
✓ Found nonce: 102087
Failed to process block: invalid proof of work
Mining block at height 1...
✓ Found nonce: 174698
Failed to process block: invalid proof of work
Mining block at height 1...
✓ Found nonce: 9277
Failed to process block: invalid proof of work
Mining block at height 1...
✓ Found nonce: 43744
Failed to process block: invalid proof of work
Mining block at height 1...
✓ Found nonce: 22915
Failed to process block: invalid proof of work
Mining block at height 1...
✓ Found nonce: 175916
Failed to process block: invalid proof of work
Mining block at height 1...
✓ Found nonce: 60373
Failed to process block: invalid proof of work
Mining block at height 1...
✓ Found nonce: 28930
Failed to process block: invalid proof of work
Mining block at height 1...
✓ Found nonce: 67497
Failed to process block: invalid proof of work
Mining block at height 1...
✓ Found nonce: 45180
Failed to process block: invalid proof of work
Mining block at height 1...
✓ Found nonce: 17708
Failed to process block: invalid proof of work
Mining block at height 1...
✓ Found nonce: 129141
Failed to process block: invalid proof of work
Mining block at height 1...
✓ Found nonce: 24570
Failed to process block: invalid proof of work
Mining block at height 1...
✓ Found nonce: 203761
Failed to process block: invalid proof of work
Mining block at height 1...
✓ Found nonce: 371
Failed to process block: invalid proof of work
Mining block at height 1...
✓ Found nonce: 60908
Failed to process block: invalid proof of work
Mining block at height 1...
✓ Found nonce: 94146
Failed to process block: invalid proof of work
Mining block at height 1...
✓ Found nonce: 50017
Failed to process block: invalid proof of work
Mining block at height 1...
✓ Found nonce: 100618
Failed to process block: invalid proof of work
Mining block at height 1...
✓ Found nonce: 26802
Failed to process block: invalid proof of work
Mining block at height 1...
✓ Found nonce: 48305
Failed to process block: invalid proof of work
Mining block at height 1...
✓ Found nonce: 7973
Failed to process block: invalid proof of work
Mining block at height 1...
✓ Found nonce: 62534
Failed to process block: invalid proof of work
Mining block at height 1...
✓ Found nonce: 159573
Failed to process block: invalid proof of work
Mining block at height 1...
✓ Found nonce: 74931
Failed to process block: invalid proof of work
Mining block at height 1...
✓ Found nonce: 144111
Failed to process block: invalid proof of work
Mining block at height 1...
✓ Found nonce: 38893
Failed to process block: invalid proof of work
Mining block at height 1...
✓ Found nonce: 18056
Failed to process block: invalid proof of work
Mining block at height 1...
✓ Found nonce: 285495
Failed to process block: invalid proof of work
Mining block at height 1...
✓ Found nonce: 29135
Failed to process block: invalid proof of work
Mining block at height 1...
✓ Found nonce: 65151
Failed to process block: invalid proof of work
Mining block at height 1...
✓ Found nonce: 10008
Failed to process block: invalid proof of work
Mining block at height 1...
✓ Found nonce: 40116
Failed to process block: invalid proof of work
Mining block at height 1...
✓ Found nonce: 88182
Failed to process block: invalid proof of work
Mining block at height 1...
✓ Found nonce: 119946
Failed to process block: invalid proof of work
Mining block at height 1...
✓ Found nonce: 9078
Failed to process block: invalid proof of work
Mining block at height 1...
✓ Found nonce: 24051
Failed to process block: invalid proof of work
Mining block at height 1...
✓ Found nonce: 16169
Failed to process block: invalid proof of work
Mining block at height 1...
✓ Found nonce: 30111
Failed to process block: invalid proof of work
Mining block at height 1...
✓ Found nonce: 63362
Failed to process block: invalid proof of work
Mining block at height 1...
✓ Found nonce: 6485
Failed to process block: invalid proof of work
Mining block at height 1...
✓ Found nonce: 68687
Failed to process block: invalid proof of work
Mining block at height 1...
✓ Found nonce: 4341
Failed to process block: invalid proof of work
Mining block at height 1...
✓ Found nonce: 46328
Failed to process block: invalid proof of work
Mining block at height 1...
✓ Found nonce: 57254
Failed to process block: invalid proof of work
Mining block at height 1...
✓ Found nonce: 65835
Failed to process block: invalid proof of work
Mining block at height 1...
✓ Found nonce: 43595
Failed to process block: invalid proof of work
Mining block at height 1...
✓ Found nonce: 216337
Failed to process block: invalid proof of work
Mining block at height 1...
✓ Found nonce: 102887
Failed to process block: invalid proof of work
Mining block at height 1...
✓ Found nonce: 169976
Failed to process block: invalid proof of work
Mining block at height 1...
✓ Found nonce: 29568
Failed to process block: invalid proof of work
Mining block at height 1...
✓ Found nonce: 76220
Failed to process block: invalid proof of work
Mining block at height 1...
✓ Found nonce: 7122
Failed to process block: invalid proof of work
Mining block at height 1...
✓ Found nonce: 98026
Failed to process block: invalid proof of work
Mining block at height 1...
✓ Found nonce: 50348
Failed to process block: invalid proof of work
Mining block at height 1...
✓ Found nonce: 79806
Failed to process block: invalid proof of work
Mining block at height 1...
✓ Found nonce: 138193
Failed to process block: invalid proof of work
Mining block at height 1...
✓ Found nonce: 41171
Failed to process block: invalid proof of work
Mining block at height 1...
✓ Found nonce: 87889
Failed to process block: invalid proof of work
Mining block at height 1...
✓ Found nonce: 289430
Failed to process block: invalid proof of work
Mining block at height 1...
✓ Found nonce: 34573
Failed to process block: invalid proof of work
Mining block at height 1...
✓ Found nonce: 115062
Failed to process block: invalid proof of work
Mining block at height 1...
✓ Found nonce: 103087
Failed to process block: invalid proof of work
Mining block at height 1...
✓ Found nonce: 17508
Failed to process block: invalid proof of work
Mining block at height 1...
✓ Found nonce: 7276
Failed to process block: invalid proof of work
Mining block at height 1...
✓ Found nonce: 111639
Failed to process block: invalid proof of work
Mining block at height 1...
✓ Found nonce: 115799
Failed to process block: invalid proof of work
Mining block at height 1...
✓ Found nonce: 52676
Failed to process block: invalid proof of work
Mining block at height 1...
✓ Found nonce: 9978
Failed to process block: invalid proof of work
Mining block at height 1...
✓ Found nonce: 56743
Failed to process block: invalid proof of work
Mining block at height 1...
✓ Found nonce: 47169
Failed to process block: invalid proof of work
Mining block at height 1...
✓ Found nonce: 142911
Failed to process block: invalid proof of work
Mining block at height 1...
✓ Found nonce: 138910
Failed to process block: invalid proof of work
Mining block at height 1...
✓ Found nonce: 268358
Failed to process block: invalid proof of work
Mining block at height 1...
✓ Found nonce: 24065
Failed to process block: invalid proof of work
Mining block at height 1...
✓ Found nonce: 8287
Failed to process block: invalid proof of work
Mining block at height 1...
✓ Found nonce: 11437
Failed to process block: invalid proof of work
Mining block at height 1...
✓ Found nonce: 65469
Failed to process block: invalid proof of work
Mining block at height 1...
✓ Found nonce: 8542
Failed to process block: invalid proof of work
Mining block at height 1...
✓ Found nonce: 26494
Failed to process block: invalid proof of work
Mining block at height 1...
✓ Found nonce: 183614
Failed to process block: invalid proof of work
Mining block at height 1...
✓ Found nonce: 12265
Failed to process block: invalid proof of work
Mining block at height 1...
✓ Found nonce: 52931
Failed to process block: invalid proof of work
Mining block at height 1...
✓ Found nonce: 47395
Failed to process block: invalid proof of work
Mining block at height 1...
✓ Found nonce: 16532
Failed to process block: invalid proof of work
Mining block at height 1...
✓ Found nonce: 292295
Failed to process block: invalid proof of work
Mining block at height 1...
✓ Found nonce: 11201
Failed to process block: invalid proof of work
Mining block at height 1...
✓ Found nonce: 159541
Failed to process block: invalid proof of work
Mining block at height 1...
✓ Found nonce: 2976
Failed to process block: invalid proof of work
Mining block at height 1...
✓ Found nonce: 13787
Failed to process block: invalid proof of work
Mining block at height 1...
✓ Found nonce: 46987
Failed to process block: invalid proof of work
Mining block at height 1...
✓ Found nonce: 49064
Failed to process block: invalid proof of work
Mining block at height 1...
✓ Found nonce: 225853
Failed to process block: invalid proof of work
Mining block at height 1...
✓ Found nonce: 80942
Failed to process block: invalid proof of work
Mining block at height 1...
✓ Found nonce: 38475
Failed to process block: invalid proof of work
Mining block at height 1...
✓ Found nonce: 28902
Failed to process block: invalid proof of work
Mining block at height 1...
✓ Found nonce: 382772
Failed to process block: invalid proof of work
Mining block at height 1...
✓ Found nonce: 71376
Failed to process block: invalid proof of work
Mining block at height 1...
✓ Found nonce: 170778
Failed to process block: invalid proof of work
Mining block at height 1...
✓ Found nonce: 100335
Failed to process block: invalid proof of work
Mining block at height 1...
✓ Found nonce: 104166
Failed to process block: invalid proof of work
Mining block at height 1...
✓ Found nonce: 124494
Failed to process block: invalid proof of work
Mining block at height 1...
✓ Found nonce: 157882
Failed to process block: invalid proof of work
Mining block at height 1...
✓ Found nonce: 21850
Failed to process block: invalid proof of work
Mining block at height 1...
✓ Found nonce: 279212
Failed to process block: invalid proof of work
Mining block at height 1...
✓ Found nonce: 29080
Failed to process block: invalid proof of work
Mining block at height 1...
✓ Found nonce: 119897
Failed to process block: invalid proof of work
Mining block at height 1...
✓ Found nonce: 262434
Failed to process block: invalid proof of work
Mining block at height 1...
✓ Found nonce: 28297
Failed to process block: invalid proof of work
Mining block at height 1...
✓ Found nonce: 11063
Failed to process block: invalid proof of work
Mining block at height 1...
✓ Found nonce: 32312
Failed to process block: invalid proof of work
Mining block at height 1...
✓ Found nonce: 62487
Failed to process block: invalid proof of work
Mining block at height 1...
✓ Found nonce: 106213
Failed to process block: invalid proof of work
Mining block at height 1...
✓ Found nonce: 103521
Failed to process block: invalid proof of work
Mining block at height 1...
✓ Found nonce: 49362
Failed to process block: invalid proof of work
Mining block at height 1...
✓ Found nonce: 26271
Failed to process block: invalid proof of work
Mining block at height 1...
✓ Found nonce: 32055
Failed to process block: invalid proof of work
Mining block at height 1...
✓ Found nonce: 36680
Failed to process block: invalid proof of work
Mining block at height 1...
✓ Found nonce: 53390
Failed to process block: invalid proof of work
Mining block at height 1...
✓ Found nonce: 79292
Failed to process block: invalid proof of work
Mining block at height 1...
✓ Found nonce: 157004
Failed to process block: invalid proof of work
Mining block at height 1...
✓ Found nonce: 33711
Failed to process block: invalid proof of work
Mining block at height 1...
✓ Found nonce: 128552
Failed to process block: invalid proof of work
Mining block at height 1...
✓ Found nonce: 76926
Failed to process block: invalid proof of work
Mining block at height 1...
✓ Found nonce: 41621
Failed to process block: invalid proof of work
Mining block at height 1...
✓ Found nonce: 41336
Failed to process block: invalid proof of work
Mining block at height 1...
✓ Found nonce: 20954
Failed to process block: invalid proof of work
Mining block at height 1...
✓ Found nonce: 92909
Failed to process block: invalid proof of work
Mining block at height 1...
✓ Found nonce: 116475
Failed to process block: invalid proof of work
Mining block at height 1...
✓ Found nonce: 5005
Failed to process block: invalid proof of work
Mining block at height 1...
✓ Found nonce: 86117
Failed to process block: invalid proof of work
Mining block at height 1...
✓ Found nonce: 110508
Failed to process block: invalid proof of work
Mining block at height 1...
✓ Found nonce: 57796
Failed to process block: invalid proof of work
Mining block at height 1...
✓ Found nonce: 5679
Failed to process block: invalid proof of work
Mining block at height 1...
✓ Found nonce: 150614
Failed to process block: invalid proof of work
Mining block at height 1...
✓ Found nonce: 50427
Failed to process block: invalid proof of work
Mining block at height 1...
✓ Found nonce: 9588
Failed to process block: invalid proof of work
Mining block at height 1...
✓ Found nonce: 87698
Failed to process block: invalid proof of work
Mining block at height 1...
✓ Found nonce: 134555
Failed to process block: invalid proof of work
Mining block at height 1...
✓ Found nonce: 8362
Failed to process block: invalid proof of work
Mining block at height 1...
✓ Found nonce: 37599
Failed to process block: invalid proof of work
Mining block at height 1...
✓ Found nonce: 6772
Failed to process block: invalid proof of work
Mining block at height 1...
✓ Found nonce: 184011
Failed to process block: invalid proof of work
Mining block at height 1...
✓ Found nonce: 109065
Failed to process block: invalid proof of work
Mining block at height 1...
✓ Found nonce: 27694
Failed to process block: invalid proof of work
Mining block at height 1...
✓ Found nonce: 34093
Failed to process block: invalid proof of work
Mining block at height 1...
✓ Found nonce: 91303
Failed to process block: invalid proof of work
Mining block at height 1...
✓ Found nonce: 7371
Failed to process block: invalid proof of work
Mining block at height 1...
✓ Found nonce: 1037
Failed to process block: invalid proof of work
Mining block at height 1...
✓ Found nonce: 18211
Failed to process block: invalid proof of work
Mining block at height 1...
✓ Found nonce: 27942
Failed to process block: invalid proof of work
Mining block at height 1...
✓ Found nonce: 2654
Failed to process block: invalid proof of work
Mining block at height 1...
✓ Found nonce: 7578
Failed to process block: invalid proof of work
Mining block at height 1...
✓ Found nonce: 296471
Failed to process block: invalid proof of work
Mining block at height 1...
✓ Found nonce: 142188
Failed to process block: invalid proof of work
Mining block at height 1...
✓ Found nonce: 46505
Failed to process block: invalid proof of work
Mining block at height 1...
✓ Found nonce: 223517
Failed to process block: invalid proof of work
Mining block at height 1...
✓ Found nonce: 36265
Failed to process block: invalid proof of work
Mining block at height 1...
✓ Found nonce: 156157
Failed to process block: invalid proof of work
Mining block at height 1...
✓ Found nonce: 76663
Failed to process block: invalid proof of work
Mining block at height 1...
✓ Found nonce: 21493
Failed to process block: invalid proof of work
Mining block at height 1...
✓ Found nonce: 552
Failed to process block: invalid proof of work
Mining block at height 1...
✓ Found nonce: 74070
Failed to process block: invalid proof of work
Mining block at height 1...
✓ Found nonce: 201763
Failed to process block: invalid proof of work
Mining block at height 1...
✓ Found nonce: 27983
Failed to process block: invalid proof of work
Mining block at height 1...
✓ Found nonce: 820
Failed to process block: invalid proof of work
Mining block at height 1...
✓ Found nonce: 22140
Failed to process block: invalid proof of work
Mining block at height 1...
✓ Found nonce: 48763
Failed to process block: invalid proof of work
Mining block at height 1...
✓ Found nonce: 15697
Failed to process block: invalid proof of work
Mining block at height 1...
✓ Found nonce: 45934
Failed to process block: invalid proof of work
Mining block at height 1...
✓ Found nonce: 104684
Failed to process block: invalid proof of work
Mining block at height 1...
✓ Found nonce: 240118
Failed to process block: invalid proof of work
Mining block at height 1...
✓ Found nonce: 36830
Failed to process block: invalid proof of work
Mining block at height 1...
✓ Found nonce: 4346
Failed to process block: invalid proof of work
Mining block at height 1...
✓ Found nonce: 67943
Failed to process block: invalid proof of work
Mining block at height 1...
✓ Found nonce: 57195
Failed to process block: invalid proof of work
Mining block at height 1...
✓ Found nonce: 18118
Failed to process block: invalid proof of work
Mining block at height 1...
✓ Found nonce: 17592
Failed to process block: invalid proof of work
Mining block at height 1...
✓ Found nonce: 2930
Failed to process block: invalid proof of work
Mining block at height 1...
✓ Found nonce: 319629
Failed to process block: invalid proof of work
Mining block at height 1...
✓ Found nonce: 15087
Failed to process block: invalid proof of work
Mining block at height 1...
✓ Found nonce: 64143
Failed to process block: invalid proof of work
Mining block at height 1...
✓ Found nonce: 95890
Failed to process block: invalid proof of work
Mining block at height 1...
✓ Found nonce: 24
Failed to process block: invalid proof of work
Mining block at height 1...
✓ Found nonce: 281684
Failed to process block: invalid proof of work
Mining block at height 1...
✓ Found nonce: 42336
Failed to process block: invalid proof of work
Mining block at height 1...
✓ Found nonce: 77242
Failed to process block: invalid proof of work
Mining block at height 1...
✓ Found nonce: 203383
Failed to process block: invalid proof of work
Mining block at height 1...
✓ Found nonce: 121549
Failed to process block: invalid proof of work
Mining block at height 1...
✓ Found nonce: 67656
Failed to process block: invalid proof of work
Mining block at height 1...
✓ Found nonce: 110269
Failed to process block: invalid proof of work
Mining block at height 1...
✓ Found nonce: 58738
Failed to process block: invalid proof of work
Mining block at height 1...
✓ Found nonce: 7429
Failed to process block: invalid proof of work
Mining block at height 1...
✓ Found nonce: 36764
Failed to process block: invalid proof of work
Mining block at height 1...
✓ Found nonce: 46645
Failed to process block: invalid proof of work
Mining block at height 1...
✓ Found nonce: 9918
Failed to process block: invalid proof of work
Mining block at height 1...
✓ Found nonce: 26700
Failed to process block: invalid proof of work
Mining block at height 1...
✓ Found nonce: 114107
Failed to process block: invalid proof of work
Mining block at height 1...
✓ Found nonce: 14363
Failed to process block: invalid proof of work
Mining block at height 1...
✓ Found nonce: 60608
Failed to process block: invalid proof of work
Mining block at height 1...
✓ Found nonce: 60136
Failed to process block: invalid proof of work
Mining block at height 1...
✓ Found nonce: 141819
Failed to process block: invalid proof of work
Mining block at height 1...
✓ Found nonce: 18891
Failed to process block: invalid proof of work
Mining block at height 1...
✓ Found nonce: 24542
Failed to process block: invalid proof of work
Mining block at height 1...
✓ Found nonce: 43984
Failed to process block: invalid proof of work
Mining block at height 1...
✓ Found nonce: 61271
Failed to process block: invalid proof of work
Mining block at height 1...
✓ Found nonce: 91660
Failed to process block: invalid proof of work
Mining block at height 1...
✓ Found nonce: 17887
Failed to process block: invalid proof of work
Mining block at height 1...
✓ Found nonce: 19064
Failed to process block: invalid proof of work
Mining block at height 1...
✓ Found nonce: 83098
Failed to process block: invalid proof of work
Mining block at height 1...
✓ Found nonce: 16190
Failed to process block: invalid proof of work
Mining block at height 1...
✓ Found nonce: 64242
Failed to process block: invalid proof of work
Mining block at height 1...
✓ Found nonce: 35155
Failed to process block: invalid proof of work
Mining block at height 1...
✓ Found nonce: 108933
Failed to process block: invalid proof of work
Mining block at height 1...
✓ Found nonce: 2375
Failed to process block: invalid proof of work
Mining block at height 1...
✓ Found nonce: 8868
Failed to process block: invalid proof of work
Mining block at height 1...
✓ Found nonce: 276
Failed to process block: invalid proof of work
Mining block at height 1...
✓ Found nonce: 62840
Failed to process block: invalid proof of work
Mining block at height 1...
✓ Found nonce: 14037
Failed to process block: invalid proof of work
Mining block at height 1...
✓ Found nonce: 5626
Failed to process block: invalid proof of work
Mining block at height 1...
✓ Found nonce: 6974
Failed to process block: invalid proof of work
Mining block at height 1...
✓ Found nonce: 64400
Failed to process block: invalid proof of work
Mining block at height 1...
✓ Found nonce: 39333
Failed to process block: invalid proof of work
Mining block at height 1...
✓ Found nonce: 55876
Failed to process block: invalid proof of work
Mining block at height 1...
✓ Found nonce: 2786
Failed to process block: invalid proof of work
Mining block at height 1...
✓ Found nonce: 11535
Failed to process block: invalid proof of work
Mining block at height 1...
✓ Found nonce: 56562
Failed to process block: invalid proof of work
Mining block at height 1...
✓ Found nonce: 33648
Failed to process block: invalid proof of work
Mining block at height 1...
✓ Found nonce: 76237
Failed to process block: invalid proof of work
Mining block at height 1...
✓ Found nonce: 86585
Failed to process block: invalid proof of work
Mining block at height 1...
✓ Found nonce: 24502
Failed to process block: invalid proof of work
Mining block at height 1...
✓ Found nonce: 19851
Failed to process block: invalid proof of work
Mining block at height 1...
✓ Found nonce: 74099
Failed to process block: invalid proof of work
Mining block at height 1...
✓ Found nonce: 21127
Failed to process block: invalid proof of work
Mining block at height 1...
✓ Found nonce: 298762
Failed to process block: invalid proof of work
Mining block at height 1...
✓ Found nonce: 10583
Failed to process block: invalid proof of work
Mining block at height 1...
✓ Found nonce: 119774
Failed to process block: invalid proof of work
Mining block at height 1...
✓ Found nonce: 62105
Failed to process block: invalid proof of work
Mining block at height 1...
✓ Found nonce: 185756
Failed to process block: invalid proof of work
Mining block at height 1...
✓ Found nonce: 77060
Failed to process block: invalid proof of work
Mining block at height 1...
✓ Found nonce: 76654
Failed to process block: invalid proof of work
Mining block at height 1...
✓ Found nonce: 85298
Failed to process block: invalid proof of work
Mining block at height 1...
✓ Found nonce: 119235
Failed to process block: invalid proof of work
Mining block at height 1...
✓ Found nonce: 42864
Failed to process block: invalid proof of work
Mining block at height 1...
✓ Found nonce: 2938
Failed to process block: invalid proof of work
Mining block at height 1...
✓ Found nonce: 43415
Failed to process block: invalid proof of work
Mining block at height 1...
✓ Found nonce: 40719
Failed to process block: invalid proof of work
Mining block at height 1...
✓ Found nonce: 93904
Failed to process block: invalid proof of work
Mining block at height 1...
✓ Found nonce: 52744
Failed to process block: invalid proof of work
Mining block at height 1...
✓ Found nonce: 29906
Failed to process block: invalid proof of work
Mining block at height 1...
✓ Found nonce: 150783
Failed to process block: invalid proof of work
Mining block at height 1...
✓ Found nonce: 18416
Failed to process block: invalid proof of work
Mining block at height 1...
✓ Found nonce: 76566
Failed to process block: invalid proof of work
Mining block at height 1...
✓ Found nonce: 36678
Failed to process block: invalid proof of work
Mining block at height 1...
✓ Found nonce: 94468
Failed to process block: invalid proof of work
Mining block at height 1...
✓ Found nonce: 13849
Failed to process block: invalid proof of work
Mining block at height 1...
✓ Found nonce: 112825
Failed to process block: invalid proof of work
Mining block at height 1...
✓ Found nonce: 16852
Failed to process block: invalid proof of work
Mining block at height 1...
✓ Found nonce: 31505
Failed to process block: invalid proof of work
Mining block at height 1...
✓ Found nonce: 13238
Failed to process block: invalid proof of work
Mining block at height 1...
✓ Found nonce: 2255
Failed to process block: invalid proof of work
Mining block at height 1...
✓ Found nonce: 36960
Failed to process block: invalid proof of work
Mining block at height 1...
✓ Found nonce: 81280
Failed to process block: invalid proof of work
Mining block at height 1...
✓ Found nonce: 153003
Failed to process block: invalid proof of work
Mining block at height 1...
✓ Found nonce: 119546
Failed to process block: invalid proof of work
Mining block at height 1...
✓ Found nonce: 215795
Failed to process block: invalid proof of work
Mining block at height 1...
✓ Found nonce: 119595
Failed to process block: invalid proof of work
Mining block at height 1...
✓ Found nonce: 1698
Failed to process block: invalid proof of work
Mining block at height 1...
✓ Found nonce: 12731
Failed to process block: invalid proof of work
Mining block at height 1...
✓ Found nonce: 107834
Failed to process block: invalid proof of work
Mining block at height 1...
✓ Found nonce: 15617
Failed to process block: invalid proof of work
Mining block at height 1...
✓ Found nonce: 21653
Failed to process block: invalid proof of work
Mining block at height 1...
✓ Found nonce: 61161
Failed to process block: invalid proof of work
Mining block at height 1...
✓ Found nonce: 123657
Failed to process block: invalid proof of work
Mining block at height 1...
✓ Found nonce: 32774
Failed to process block: invalid proof of work
Mining block at height 1...
✓ Found nonce: 8955
Failed to process block: invalid proof of work
Mining block at height 1...
✓ Found nonce: 72507
Failed to process block: invalid proof of work
Mining block at height 1...
✓ Found nonce: 30825
Failed to process block: invalid proof of work
Mining block at height 1...
✓ Found nonce: 68208
Failed to process block: invalid proof of work
Mining block at height 1...
✓ Found nonce: 163980
Failed to process block: invalid proof of work
Mining block at height 1...
✓ Found nonce: 15188
Failed to process block: invalid proof of work
Mining block at height 1...
✓ Found nonce: 3157
Failed to process block: invalid proof of work
Mining block at height 1...
✓ Found nonce: 77767
Failed to process block: invalid proof of work
Mining block at height 1...
✓ Found nonce: 7006
Failed to process block: invalid proof of work
Mining block at height 1...
✓ Found nonce: 31996
Failed to process block: invalid proof of work
Mining block at height 1...
✓ Found nonce: 140168
Failed to process block: invalid proof of work
Mining block at height 1...
✓ Found nonce: 50089
Failed to process block: invalid proof of work
Mining block at height 1...
✓ Found nonce: 55940
Failed to process block: invalid proof of work
Mining block at height 1...
✓ Found nonce: 23020
Failed to process block: invalid proof of work
Mining block at height 1...
✓ Found nonce: 273516
Failed to process block: invalid proof of work
Mining block at height 1...
✓ Found nonce: 14933
Failed to process block: invalid proof of work
Mining block at height 1...
✓ Found nonce: 37982
Failed to process block: invalid proof of work
Mining block at height 1...
✓ Found nonce: 27807
Failed to process block: invalid proof of work
Mining block at height 1...
✓ Found nonce: 106374
Failed to process block: invalid proof of work
Mining block at height 1...
✓ Found nonce: 88141
Failed to process block: invalid proof of work
Mining block at height 1...
✓ Found nonce: 27366
Failed to process block: invalid proof of work
Mining block at height 1...
✓ Found nonce: 99688
Failed to process block: invalid proof of work
Mining block at height 1...
✓ Found nonce: 117867
Failed to process block: invalid proof of work
Mining block at height 1...
✓ Found nonce: 1496
Failed to process block: invalid proof of work
Mining block at height 1...
✓ Found nonce: 127173
Failed to process block: invalid proof of work
Mining block at height 1...
✓ Found nonce: 2942
Failed to process block: invalid proof of work
Mining block at height 1...
✓ Found nonce: 171806
Failed to process block: invalid proof of work
Mining block at height 1...
✓ Found nonce: 35834
Failed to process block: invalid proof of work
Mining block at height 1...
✓ Found nonce: 17454
Failed to process block: invalid proof of work
Mining block at height 1...
✓ Found nonce: 11163
Failed to process block: invalid proof of work
Mining block at height 1...
✓ Found nonce: 10138
Failed to process block: invalid proof of work
Mining block at height 1...
✓ Found nonce: 61056
Failed to process block: invalid proof of work
Mining block at height 1...
✓ Found nonce: 40165
Failed to process block: invalid proof of work
Mining block at height 1...
✓ Found nonce: 25345
Failed to process block: invalid proof of work
Mining block at height 1...
✓ Found nonce: 4931
Failed to process block: invalid proof of work
Mining block at height 1...
✓ Found nonce: 3924
Failed to process block: invalid proof of work
Mining block at height 1...
✓ Found nonce: 15724
Failed to process block: invalid proof of work
Mining block at height 1...
✓ Found nonce: 90805
Failed to process block: invalid proof of work
Mining block at height 1...
✓ Found nonce: 148323
Failed to process block: invalid proof of work
Mining block at height 1...
✓ Found nonce: 117314
Failed to process block: invalid proof of work
Mining block at height 1...
✓ Found nonce: 25318
Failed to process block: invalid proof of work
Mining block at height 1...
✓ Found nonce: 65051
Failed to process block: invalid proof of work
Mining block at height 1...
✓ Found nonce: 41669
Failed to process block: invalid proof of work
Mining block at height 1...
✓ Found nonce: 2532
Failed to process block: invalid proof of work
Mining block at height 1...
✓ Found nonce: 106704
Failed to process block: invalid proof of work
Mining block at height 1...
✓ Found nonce: 40686
Failed to process block: invalid proof of work
Mining block at height 1...
✓ Found nonce: 256981
Failed to process block: invalid proof of work
Mining block at height 1...
✓ Found nonce: 49989
Failed to process block: invalid proof of work
Mining block at height 1...
✓ Found nonce: 79724
Failed to process block: invalid proof of work
Mining block at height 1...
✓ Found nonce: 1637
Failed to process block: invalid proof of work
Mining block at height 1...
✓ Found nonce: 16427
Failed to process block: invalid proof of work
Mining block at height 1...
✓ Found nonce: 123357
Failed to process block: invalid proof of work
Mining block at height 1...
✓ Found nonce: 52434
Failed to process block: invalid proof of work
Mining block at height 1...
✓ Found nonce: 14244
Failed to process block: invalid proof of work
Mining block at height 1...
✓ Found nonce: 4686
Failed to process block: invalid proof of work
Mining block at height 1...
✓ Found nonce: 3428
Failed to process block: invalid proof of work
Mining block at height 1...
✓ Found nonce: 77564
Failed to process block: invalid proof of work
Mining block at height 1...
✓ Found nonce: 124736
Failed to process block: invalid proof of work
Mining block at height 1...
✓ Found nonce: 138157
Failed to process block: invalid proof of work
Mining block at height 1...
✓ Found nonce: 27632
Failed to process block: invalid proof of work
Mining block at height 1...
✓ Found nonce: 45085
Failed to process block: invalid proof of work
Mining block at height 1...
✓ Found nonce: 46887
Failed to process block: invalid proof of work
Mining block at height 1...
✓ Found nonce: 79852
Failed to process block: invalid proof of work
Mining block at height 1...
✓ Found nonce: 125872
Failed to process block: invalid proof of work
Mining block at height 1...
✓ Found nonce: 58272
Failed to process block: invalid proof of work
Mining block at height 1...
✓ Found nonce: 47176
Failed to process block: invalid proof of work
Mining block at height 1...
✓ Found nonce: 35645
Failed to process block: invalid proof of work
Mining block at height 1...
✓ Found nonce: 174802
Failed to process block: invalid proof of work
Mining block at height 1...
✓ Found nonce: 197322
Failed to process block: invalid proof of work
Mining block at height 1...
✓ Found nonce: 2902
Failed to process block: invalid proof of work
Mining block at height 1...
✓ Found nonce: 160891
Failed to process block: invalid proof of work
Mining block at height 1...
✓ Found nonce: 154351
Failed to process block: invalid proof of work
Mining block at height 1...
✓ Found nonce: 13614
Failed to process block: invalid proof of work
Mining block at height 1...
✓ Found nonce: 124198
Failed to process block: invalid proof of work
Mining block at height 1...
✓ Found nonce: 39702
Failed to process block: invalid proof of work
Mining block at height 1...
✓ Found nonce: 83999
Failed to process block: invalid proof of work
Mining block at height 1...
✓ Found nonce: 80836
Failed to process block: invalid proof of work
Mining block at height 1...
✓ Found nonce: 20741
Failed to process block: invalid proof of work
Mining block at height 1...
✓ Found nonce: 57233
Failed to process block: invalid proof of work
Mining block at height 1...
✓ Found nonce: 127151
Failed to process block: invalid proof of work
Mining block at height 1...
✓ Found nonce: 2961
Failed to process block: invalid proof of work
Mining block at height 1...
✓ Found nonce: 7077
Failed to process block: invalid proof of work
Mining block at height 1...
✓ Found nonce: 59848
Failed to process block: invalid proof of work
Mining block at height 1...
✓ Found nonce: 64746
Failed to process block: invalid proof of work
Mining block at height 1...
✓ Found nonce: 25680
Failed to process block: invalid proof of work
Mining block at height 1...
✓ Found nonce: 5088
Failed to process block: invalid proof of work
Mining block at height 1...
✓ Found nonce: 28549
Failed to process block: invalid proof of work
Mining block at height 1...
✓ Found nonce: 146606
Failed to process block: invalid proof of work
Mining block at height 1...
✓ Found nonce: 78393
Failed to process block: invalid proof of work
Mining block at height 1...
✓ Found nonce: 41242
Failed to process block: invalid proof of work
Mining block at height 1...
✓ Found nonce: 29891
Failed to process block: invalid proof of work
Mining block at height 1...
✓ Found nonce: 3015
Failed to process block: invalid proof of work
Mining block at height 1...
✓ Found nonce: 93684
Failed to process block: invalid proof of work
Mining block at height 1...
✓ Found nonce: 16971
Failed to process block: invalid proof of work
Mining block at height 1...
✓ Found nonce: 4860
Failed to process block: invalid proof of work
Mining block at height 1...
✓ Found nonce: 118685
Failed to process block: invalid proof of work
Mining block at height 1...
✓ Found nonce: 9252
Failed to process block: invalid proof of work
Mining block at height 1...
✓ Found nonce: 69697
Failed to process block: invalid proof of work
Mining block at height 1...
✓ Found nonce: 148892
Failed to process block: invalid proof of work
Mining block at height 1...
✓ Found nonce: 26526
Failed to process block: invalid proof of work
Mining block at height 1...
✓ Found nonce: 112373
Failed to process block: invalid proof of work
Mining block at height 1...
✓ Found nonce: 91103
Failed to process block: invalid proof of work
Mining block at height 1...
✓ Found nonce: 43387
Failed to process block: invalid proof of work
Mining block at height 1...
✓ Found nonce: 107983
Failed to process block: invalid proof of work
Mining block at height 1...
✓ Found nonce: 152044
Failed to process block: invalid proof of work
Mining block at height 1...
✓ Found nonce: 50121
Failed to process block: invalid proof of work
Mining block at height 1...
✓ Found nonce: 11105
Failed to process block: invalid proof of work
Mining block at height 1...
✓ Found nonce: 9624
Failed to process block: invalid proof of work
Mining block at height 1...
✓ Found nonce: 117608
Failed to process block: invalid proof of work
Mining block at height 1...
✓ Found nonce: 75762
Failed to process block: invalid proof of work
Mining block at height 1...
✓ Found nonce: 34287
Failed to process block: invalid proof of work
Mining block at height 1...
✓ Found nonce: 31569
Failed to process block: invalid proof of work
Mining block at height 1...
✓ Found nonce: 89937
Failed to process block: invalid proof of work
Mining block at height 1...
✓ Found nonce: 107791
Failed to process block: invalid proof of work
Mining block at height 1...
✓ Found nonce: 6584
Failed to process block: invalid proof of work
Mining block at height 1...
✓ Found nonce: 65315
Failed to process block: invalid proof of work
Mining block at height 1...
✓ Found nonce: 113894
Failed to process block: invalid proof of work
Mining block at height 1...
✓ Found nonce: 123459
Failed to process block: invalid proof of work
Mining block at height 1...
✓ Found nonce: 5176
Failed to process block: invalid proof of work
Mining block at height 1...
✓ Found nonce: 154381
Failed to process block: invalid proof of work
Mining block at height 1...
✓ Found nonce: 116867
Failed to process block: invalid proof of work
Mining block at height 1...
✓ Found nonce: 37026
Failed to process block: invalid proof of work
Mining block at height 1...
✓ Found nonce: 20731
Failed to process block: invalid proof of work
Mining block at height 1...
✓ Found nonce: 43223
Failed to process block: invalid proof of work
Mining block at height 1...
✓ Found nonce: 20426
Failed to process block: invalid proof of work
Mining block at height 1...
✓ Found nonce: 20312
Failed to process block: invalid proof of work
Mining block at height 1...
✓ Found nonce: 55217
Failed to process block: invalid proof of work
Mining block at height 1...
✓ Found nonce: 12232
Failed to process block: invalid proof of work
Mining block at height 1...
✓ Found nonce: 18557
Failed to process block: invalid proof of work
Mining block at height 1...
✓ Found nonce: 486169
Failed to process block: invalid proof of work
Mining block at height 1...
✓ Found nonce: 36830
Failed to process block: invalid proof of work
Mining block at height 1...
✓ Found nonce: 37799
Failed to process block: invalid proof of work
Mining block at height 1...
✓ Found nonce: 86220
Failed to process block: invalid proof of work
Mining block at height 1...
✓ Found nonce: 207790
Failed to process block: invalid proof of work
Mining block at height 1...
✓ Found nonce: 12784
Failed to process block: invalid proof of work
Mining block at height 1...
✓ Found nonce: 62632
Failed to process block: invalid proof of work
Mining block at height 1...
✓ Found nonce: 14532
Failed to process block: invalid proof of work
Mining block at height 1...
✓ Found nonce: 119127
Failed to process block: invalid proof of work
Mining block at height 1...
✓ Found nonce: 66605
Failed to process block: invalid proof of work
Mining block at height 1...
✓ Found nonce: 69229
Failed to process block: invalid proof of work
Mining block at height 1...
✓ Found nonce: 161378
Failed to process block: invalid proof of work
Mining block at height 1...
✓ Found nonce: 113469
Failed to process block: invalid proof of work
Mining block at height 1...
✓ Found nonce: 46408
Failed to process block: invalid proof of work
Mining block at height 1...
✓ Found nonce: 197256
Failed to process block: invalid proof of work
Mining block at height 1...
✓ Found nonce: 92054
Failed to process block: invalid proof of work
Mining block at height 1...
✓ Found nonce: 243329
Failed to process block: invalid proof of work
Mining block at height 1...
✓ Found nonce: 136055
Failed to process block: invalid proof of work
Mining block at height 1...
✓ Found nonce: 247409
Failed to process block: invalid proof of work
Mining block at height 1...
✓ Found nonce: 295758
Failed to process block: invalid proof of work
Mining block at height 1...
✓ Found nonce: 21026
Failed to process block: invalid proof of work
Mining block at height 1...
✓ Found nonce: 16334
Failed to process block: invalid proof of work
Mining block at height 1...
✓ Found nonce: 26537
Failed to process block: invalid proof of work
Mining block at height 1...
✓ Found nonce: 173999
Failed to process block: invalid proof of work
Mining block at height 1...
✓ Found nonce: 120562
Failed to process block: invalid proof of work
Mining block at height 1...
✓ Found nonce: 8400
Failed to process block: invalid proof of work
Mining block at height 1...
✓ Found nonce: 271265
Failed to process block: invalid proof of work
Mining block at height 1...
✓ Found nonce: 74887
Failed to process block: invalid proof of work
Mining block at height 1...
✓ Found nonce: 17429
Failed to process block: invalid proof of work
Mining block at height 1...
✓ Found nonce: 46079
Failed to process block: invalid proof of work
Mining block at height 1...
✓ Found nonce: 4352
Failed to process block: invalid proof of work
Mining block at height 1...
✓ Found nonce: 22324
Failed to process block: invalid proof of work
Mining block at height 1...
✓ Found nonce: 4884
Failed to process block: invalid proof of work
Mining block at height 1...
✓ Found nonce: 10608
Failed to process block: invalid proof of work
Mining block at height 1...
✓ Found nonce: 107683
Failed to process block: invalid proof of work
Mining block at height 1...
✓ Found nonce: 59469
Failed to process block: invalid proof of work
Mining block at height 1...
✓ Found nonce: 49583
Failed to process block: invalid proof of work
Mining block at height 1...
✓ Found nonce: 76879
Failed to process block: invalid proof of work
Mining block at height 1...
✓ Found nonce: 337585
Failed to process block: invalid proof of work
Mining block at height 1...
✓ Found nonce: 19820
Failed to process block: invalid proof of work
Mining block at height 1...
✓ Found nonce: 23675
Failed to process block: invalid proof of work
Mining block at height 1...
✓ Found nonce: 65674
Failed to process block: invalid proof of work
Mining block at height 1...
✓ Found nonce: 44795
Failed to process block: invalid proof of work
Mining block at height 1...
✓ Found nonce: 24745
Failed to process block: invalid proof of work
Mining block at height 1...
✓ Found nonce: 14345
Failed to process block: invalid proof of work
Mining block at height 1...
✓ Found nonce: 12481
Failed to process block: invalid proof of work
Mining block at height 1...
✓ Found nonce: 8863
Failed to process block: invalid proof of work
Mining block at height 1...
✓ Found nonce: 212430
Failed to process block: invalid proof of work
Mining block at height 1...
✓ Found nonce: 43213
Failed to process block: invalid proof of work
Mining block at height 1...
✓ Found nonce: 352145
Failed to process block: invalid proof of work
Mining block at height 1...
✓ Found nonce: 86260
Failed to process block: invalid proof of work
Mining block at height 1...
✓ Found nonce: 55336
Failed to process block: invalid proof of work
Mining block at height 1...
✓ Found nonce: 3161
Failed to process block: invalid proof of work
Mining block at height 1...
✓ Found nonce: 84879
Failed to process block: invalid proof of work
Mining block at height 1...
✓ Found nonce: 45352
Failed to process block: invalid proof of work
Mining block at height 1...
✓ Found nonce: 37352
Failed to process block: invalid proof of work
Mining block at height 1...
✓ Found nonce: 163309
Failed to process block: invalid proof of work
Mining block at height 1...
✓ Found nonce: 130419
Failed to process block: invalid proof of work
Mining block at height 1...
✓ Found nonce: 2619
Failed to process block: invalid proof of work
Mining block at height 1...
✓ Found nonce: 139903
Failed to process block: invalid proof of work
Mining block at height 1...
✓ Found nonce: 9612
Failed to process block: invalid proof of work
Mining block at height 1...
✓ Found nonce: 19559
Failed to process block: invalid proof of work
Mining block at height 1...
✓ Found nonce: 1770
Failed to process block: invalid proof of work
Mining block at height 1...
✓ Found nonce: 97232
Failed to process block: invalid proof of work
Mining block at height 1...
✓ Found nonce: 21728
Failed to process block: invalid proof of work
Mining block at height 1...
✓ Found nonce: 128314
Failed to process block: invalid proof of work
Mining block at height 1...
✓ Found nonce: 25544
Failed to process block: invalid proof of work
Mining block at height 1...
✓ Found nonce: 112380
Failed to process block: invalid proof of work
Mining block at height 1...
✓ Found nonce: 131978
Failed to process block: invalid proof of work
Mining block at height 1...
✓ Found nonce: 10106
Failed to process block: invalid proof of work
Mining block at height 1...
✓ Found nonce: 67354
Failed to process block: invalid proof of work
Mining block at height 1...
✓ Found nonce: 44560
Failed to process block: invalid proof of work
Mining block at height 1...
✓ Found nonce: 104015
Failed to process block: invalid proof of work
Mining block at height 1...
✓ Found nonce: 20396
Failed to process block: invalid proof of work
Mining block at height 1...
✓ Found nonce: 54548
Failed to process block: invalid proof of work
Mining block at height 1...
✓ Found nonce: 58666
Failed to process block: invalid proof of work
Mining block at height 1...
✓ Found nonce: 94010
Failed to process block: invalid proof of work
Mining block at height 1...
✓ Found nonce: 12727
Failed to process block: invalid proof of work
Mining block at height 1...
✓ Found nonce: 71192
Failed to process block: invalid proof of work
Mining block at height 1...
✓ Found nonce: 51432
Failed to process block: invalid proof of work
Mining block at height 1...
✓ Found nonce: 59148
Failed to process block: invalid proof of work
Mining block at height 1...
✓ Found nonce: 89144
Failed to process block: invalid proof of work
Mining block at height 1...
✓ Found nonce: 128200
Failed to process block: invalid proof of work
Mining block at height 1...
✓ Found nonce: 42425
Failed to process block: invalid proof of work
Mining block at height 1...
✓ Found nonce: 201259
Failed to process block: invalid proof of work
Mining block at height 1...
✓ Found nonce: 35629
Failed to process block: invalid proof of work
Mining block at height 1...
✓ Found nonce: 184877
Failed to process block: invalid proof of work
Mining block at height 1...
✓ Found nonce: 68046
Failed to process block: invalid proof of work
Mining block at height 1...
✓ Found nonce: 107401
Failed to process block: invalid proof of work
Mining block at height 1...
✓ Found nonce: 10653
Failed to process block: invalid proof of work
Mining block at height 1...
✓ Found nonce: 43768
Failed to process block: invalid proof of work
Mining block at height 1...
✓ Found nonce: 143486
Failed to process block: invalid proof of work
Mining block at height 1...
✓ Found nonce: 19418
Failed to process block: invalid proof of work
Mining block at height 1...
✓ Found nonce: 97047
Failed to process block: invalid proof of work
Mining block at height 1...
✓ Found nonce: 841
Failed to process block: invalid proof of work
Mining block at height 1...
✓ Found nonce: 76709
Failed to process block: invalid proof of work
Mining block at height 1...
✓ Found nonce: 50451
Failed to process block: invalid proof of work
Mining block at height 1...
✓ Found nonce: 37958
Failed to process block: invalid proof of work
Mining block at height 1...
✓ Found nonce: 61236
Failed to process block: invalid proof of work
Mining block at height 1...
✓ Found nonce: 49912
Failed to process block: invalid proof of work
Mining block at height 1...
✓ Found nonce: 6136
Failed to process block: invalid proof of work
Mining block at height 1...
✓ Found nonce: 57532
Failed to process block: invalid proof of work
Mining block at height 1...
✓ Found nonce: 48961
Failed to process block: invalid proof of work
Mining block at height 1...
✓ Found nonce: 32566
Failed to process block: invalid proof of work
Mining block at height 1...
✓ Found nonce: 48693
Failed to process block: invalid proof of work
Mining block at height 1...
✓ Found nonce: 137155
Failed to process block: invalid proof of work
Mining block at height 1...
✓ Found nonce: 32497
Failed to process block: invalid proof of work
Mining block at height 1...
✓ Found nonce: 3851
Failed to process block: invalid proof of work
Mining block at height 1...
✓ Found nonce: 26418
Failed to process block: invalid proof of work
Mining block at height 1...
✓ Found nonce: 430511
Failed to process block: invalid proof of work
Mining block at height 1...
✓ Found nonce: 79321
Failed to process block: invalid proof of work
Mining block at height 1...
✓ Found nonce: 33928
Failed to process block: invalid proof of work
Mining block at height 1...
✓ Found nonce: 101552
Failed to process block: invalid proof of work
Mining block at height 1...
✓ Found nonce: 164702
Failed to process block: invalid proof of work
Mining block at height 1...
✓ Found nonce: 60047
Failed to process block: invalid proof of work
Mining block at height 1...
✓ Found nonce: 50856
Failed to process block: invalid proof of work
Mining block at height 1...
✓ Found nonce: 7386
Failed to process block: invalid proof of work
Mining block at height 1...
✓ Found nonce: 48153
Failed to process block: invalid proof of work
Mining block at height 1...
✓ Found nonce: 33729
Failed to process block: invalid proof of work
Mining block at height 1...
✓ Found nonce: 52521
Failed to process block: invalid proof of work
Mining block at height 1...
✓ Found nonce: 274303
Failed to process block: invalid proof of work
Mining block at height 1...
✓ Found nonce: 18257
Failed to process block: invalid proof of work
Mining block at height 1...
✓ Found nonce: 97561
Failed to process block: invalid proof of work
Mining block at height 1...
✓ Found nonce: 54252
Failed to process block: invalid proof of work
Mining block at height 1...
✓ Found nonce: 92055
Failed to process block: invalid proof of work
Mining block at height 1...
✓ Found nonce: 123127
Failed to process block: invalid proof of work
Mining block at height 1...
✓ Found nonce: 26905
Failed to process block: invalid proof of work
Mining block at height 1...
✓ Found nonce: 116210
Failed to process block: invalid proof of work
Mining block at height 1...
✓ Found nonce: 58068
Failed to process block: invalid proof of work
Mining block at height 1...
✓ Found nonce: 48929
Failed to process block: invalid proof of work
Mining block at height 1...
✓ Found nonce: 31183
Failed to process block: invalid proof of work
Mining block at height 1...
✓ Found nonce: 7304
Failed to process block: invalid proof of work
Mining block at height 1...
✓ Found nonce: 161422
Failed to process block: invalid proof of work
Mining block at height 1...
✓ Found nonce: 22044
Failed to process block: invalid proof of work
Mining block at height 1...
✓ Found nonce: 153084
Failed to process block: invalid proof of work
Mining block at height 1...
✓ Found nonce: 94056
Failed to process block: invalid proof of work
Mining block at height 1...
✓ Found nonce: 5162
Failed to process block: invalid proof of work
Mining block at height 1...
✓ Found nonce: 53910
Failed to process block: invalid proof of work
Mining block at height 1...
✓ Found nonce: 84226
Failed to process block: invalid proof of work
Mining block at height 1...
✓ Found nonce: 60349
Failed to process block: invalid proof of work
Mining block at height 1...
✓ Found nonce: 259221
Failed to process block: invalid proof of work
Mining block at height 1...
✓ Found nonce: 10966
Failed to process block: invalid proof of work
Mining block at height 1...
✓ Found nonce: 28936
Failed to process block: invalid proof of work
Mining block at height 1...
✓ Found nonce: 21681
Failed to process block: invalid proof of work
Mining block at height 1...
✓ Found nonce: 4751
Failed to process block: invalid proof of work
Mining block at height 1...
✓ Found nonce: 16041
Failed to process block: invalid proof of work
Mining block at height 1...
✓ Found nonce: 53412
Failed to process block: invalid proof of work
Mining block at height 1...
✓ Found nonce: 25982
Failed to process block: invalid proof of work
Mining block at height 1...
✓ Found nonce: 44083
Failed to process block: invalid proof of work
Mining block at height 1...
✓ Found nonce: 158759
Failed to process block: invalid proof of work
Mining block at height 1...
✓ Found nonce: 25983
Failed to process block: invalid proof of work
Mining block at height 1...
✓ Found nonce: 3606
Failed to process block: invalid proof of work
Mining block at height 1...
✓ Found nonce: 13681
Failed to process block: invalid proof of work
Mining block at height 1...
✓ Found nonce: 94068
Failed to process block: invalid proof of work
Mining block at height 1...
✓ Found nonce: 3743
Failed to process block: invalid proof of work
Mining block at height 1...
✓ Found nonce: 796
Failed to process block: invalid proof of work
Mining block at height 1...
✓ Found nonce: 101471
Failed to process block: invalid proof of work
Mining block at height 1...
✓ Found nonce: 33930
Failed to process block: invalid proof of work
Mining block at height 1...
✓ Found nonce: 40915
Failed to process block: invalid proof of work
Mining block at height 1...
✓ Found nonce: 56162
Failed to process block: invalid proof of work
Mining block at height 1...
✓ Found nonce: 111638
Failed to process block: invalid proof of work
Mining block at height 1...
✓ Found nonce: 13601
Failed to process block: invalid proof of work
Mining block at height 1...
✓ Found nonce: 4318
Failed to process block: invalid proof of work
Mining block at height 1...
✓ Found nonce: 6440
Failed to process block: invalid proof of work
Mining block at height 1...
✓ Found nonce: 104880
Failed to process block: invalid proof of work
Mining block at height 1...
✓ Found nonce: 372859
Failed to process block: invalid proof of work
Mining block at height 1...
✓ Found nonce: 300343
Failed to process block: invalid proof of work
Mining block at height 1...
✓ Found nonce: 5441
Failed to process block: invalid proof of work
Mining block at height 1...
✓ Found nonce: 13626
Failed to process block: invalid proof of work
Mining block at height 1...
✓ Found nonce: 48592
Failed to process block: invalid proof of work
Mining block at height 1...
✓ Found nonce: 111758
Failed to process block: invalid proof of work
Mining block at height 1...
✓ Found nonce: 34462
Failed to process block: invalid proof of work
Mining block at height 1...
✓ Found nonce: 1686
Failed to process block: invalid proof of work
Mining block at height 1...
✓ Found nonce: 44284
Failed to process block: invalid proof of work
Mining block at height 1...
✓ Found nonce: 149831
Failed to process block: invalid proof of work
Mining block at height 1...
✓ Found nonce: 75612
Failed to process block: invalid proof of work
Mining block at height 1...
✓ Found nonce: 28718
Failed to process block: invalid proof of work
Mining block at height 1...
✓ Found nonce: 100025
Failed to process block: invalid proof of work
Mining block at height 1...
✓ Found nonce: 60817
Failed to process block: invalid proof of work
Mining block at height 1...
✓ Found nonce: 83525
Failed to process block: invalid proof of work
Mining block at height 1...
✓ Found nonce: 21501
Failed to process block: invalid proof of work
Mining block at height 1...
✓ Found nonce: 120061
Failed to process block: invalid proof of work
Mining block at height 1...
✓ Found nonce: 42611
Failed to process block: invalid proof of work
Mining block at height 1...
✓ Found nonce: 5154
Failed to process block: invalid proof of work
Mining block at height 1...
✓ Found nonce: 13032
Failed to process block: invalid proof of work
Mining block at height 1...
✓ Found nonce: 16419
Failed to process block: invalid proof of work
Mining block at height 1...
✓ Found nonce: 4747
Failed to process block: invalid proof of work
Mining block at height 1...
✓ Found nonce: 18616
Failed to process block: invalid proof of work
Mining block at height 1...
✓ Found nonce: 55821
Failed to process block: invalid proof of work
Mining block at height 1...
✓ Found nonce: 62681
Failed to process block: invalid proof of work
Mining block at height 1...
✓ Found nonce: 6854
Failed to process block: invalid proof of work
Mining block at height 1...
✓ Found nonce: 138997
Failed to process block: invalid proof of work
Mining block at height 1...
✓ Found nonce: 706
Failed to process block: invalid proof of work
Mining block at height 1...
✓ Found nonce: 131069
Failed to process block: invalid proof of work
Mining block at height 1...
✓ Found nonce: 157699
Failed to process block: invalid proof of work
Mining block at height 1...
✓ Found nonce: 352760
Failed to process block: invalid proof of work
Mining block at height 1...
✓ Found nonce: 35981
Failed to process block: invalid proof of work
Mining block at height 1...
✓ Found nonce: 10741
Failed to process block: invalid proof of work
Mining block at height 1...
✓ Found nonce: 878
Failed to process block: invalid proof of work
Mining block at height 1...
✓ Found nonce: 35553
Failed to process block: invalid proof of work
Mining block at height 1...
✓ Found nonce: 32466
Failed to process block: invalid proof of work
Mining block at height 1...
✓ Found nonce: 72689
Failed to process block: invalid proof of work
Mining block at height 1...
✓ Found nonce: 43513
Failed to process block: invalid proof of work
Mining block at height 1...
✓ Found nonce: 13487
Failed to process block: invalid proof of work
Mining block at height 1...
✓ Found nonce: 23622
Failed to process block: invalid proof of work
Mining block at height 1...
✓ Found nonce: 127276
Failed to process block: invalid proof of work
Mining block at height 1...
✓ Found nonce: 16945
Failed to process block: invalid proof of work
Mining block at height 1...
✓ Found nonce: 1667
Failed to process block: invalid proof of work
Mining block at height 1...
✓ Found nonce: 639
Failed to process block: invalid proof of work
Mining block at height 1...
✓ Found nonce: 8643
Failed to process block: invalid proof of work
Mining block at height 1...
✓ Found nonce: 174992
Failed to process block: invalid proof of work
Mining block at height 1...
✓ Found nonce: 36257
Failed to process block: invalid proof of work
Mining block at height 1...
✓ Found nonce: 137381
Failed to process block: invalid proof of work
Mining block at height 1...
✓ Found nonce: 98935
Failed to process block: invalid proof of work
Mining block at height 1...
✓ Found nonce: 318083
Failed to process block: invalid proof of work
Mining block at height 1...
✓ Found nonce: 59226
Failed to process block: invalid proof of work
Mining block at height 1...
✓ Found nonce: 21509
Failed to process block: invalid proof of work
Mining block at height 1...
✓ Found nonce: 6734
Failed to process block: invalid proof of work
Mining block at height 1...
✓ Found nonce: 111382
Failed to process block: invalid proof of work
Mining block at height 1...
✓ Found nonce: 45793
Failed to process block: invalid proof of work
Mining block at height 1...
✓ Found nonce: 1753
Failed to process block: invalid proof of work
Mining block at height 1...
✓ Found nonce: 9368
Failed to process block: invalid proof of work
Mining block at height 1...
✓ Found nonce: 18933
Failed to process block: invalid proof of work
Mining block at height 1...
✓ Found nonce: 282105
Failed to process block: invalid proof of work
Mining block at height 1...
✓ Found nonce: 19190
Failed to process block: invalid proof of work
Mining block at height 1...
✓ Found nonce: 25782
Failed to process block: invalid proof of work
Mining block at height 1...
✓ Found nonce: 89521
Failed to process block: invalid proof of work
Mining block at height 1...
✓ Found nonce: 218877
Failed to process block: invalid proof of work
Mining block at height 1...
✓ Found nonce: 38106
Failed to process block: invalid proof of work
Mining block at height 1...
✓ Found nonce: 104317
Failed to process block: invalid proof of work
Mining block at height 1...
✓ Found nonce: 64431
Failed to process block: invalid proof of work
Mining block at height 1...
✓ Found nonce: 3510
Failed to process block: invalid proof of work
Mining block at height 1...
✓ Found nonce: 66963
Failed to process block: invalid proof of work
Mining block at height 1...
✓ Found nonce: 134295
Failed to process block: invalid proof of work
Mining block at height 1...
✓ Found nonce: 44438
Failed to process block: invalid proof of work
Mining block at height 1...
✓ Found nonce: 91022
Failed to process block: invalid proof of work
Mining block at height 1...
✓ Found nonce: 49493
Failed to process block: invalid proof of work
Mining block at height 1...
✓ Found nonce: 118357
Failed to process block: invalid proof of work
Mining block at height 1...
✓ Found nonce: 215402
Failed to process block: invalid proof of work
Mining block at height 1...
✓ Found nonce: 12987
Failed to process block: invalid proof of work
Mining block at height 1...
✓ Found nonce: 55331
Failed to process block: invalid proof of work
Mining block at height 1...
✓ Found nonce: 113392
Failed to process block: invalid proof of work
Mining block at height 1...
✓ Found nonce: 24921
Failed to process block: invalid proof of work
Mining block at height 1...
✓ Found nonce: 99422
Failed to process block: invalid proof of work
Mining block at height 1...
✓ Found nonce: 33302
Failed to process block: invalid proof of work
Mining block at height 1...
✓ Found nonce: 116058
Failed to process block: invalid proof of work
Mining block at height 1...
✓ Found nonce: 209601
Failed to process block: invalid proof of work
Mining block at height 1...
✓ Found nonce: 15218
Failed to process block: invalid proof of work
Mining block at height 1...
✓ Found nonce: 28274
Failed to process block: invalid proof of work
Mining block at height 1...
✓ Found nonce: 105022
Failed to process block: invalid proof of work
Mining block at height 1...
✓ Found nonce: 100913
Failed to process block: invalid proof of work
Mining block at height 1...
✓ Found nonce: 67907
Failed to process block: invalid proof of work
Mining block at height 1...
✓ Found nonce: 213952
Failed to process block: invalid proof of work
Mining block at height 1...
✓ Found nonce: 62445
Failed to process block: invalid proof of work
Mining block at height 1...
✓ Found nonce: 56686
Failed to process block: invalid proof of work
Mining block at height 1...
✓ Found nonce: 7295
Failed to process block: invalid proof of work
Mining block at height 1...
✓ Found nonce: 21258
Failed to process block: invalid proof of work
Mining block at height 1...
✓ Found nonce: 127372
Failed to process block: invalid proof of work
Mining block at height 1...
✓ Found nonce: 101872
Failed to process block: invalid proof of work
Mining block at height 1...
✓ Found nonce: 65946
Failed to process block: invalid proof of work
Mining block at height 1...
✓ Found nonce: 21154
Failed to process block: invalid proof of work
Mining block at height 1...
✓ Found nonce: 3182
Failed to process block: invalid proof of work
Mining block at height 1...
✓ Found nonce: 45438
Failed to process block: invalid proof of work
Mining block at height 1...
✓ Found nonce: 39389
Failed to process block: invalid proof of work
Mining block at height 1...
✓ Found nonce: 97343
Failed to process block: invalid proof of work
Mining block at height 1...
✓ Found nonce: 8534
Failed to process block: invalid proof of work
Mining block at height 1...
✓ Found nonce: 22472
Failed to process block: invalid proof of work
Mining block at height 1...
✓ Found nonce: 4420
Failed to process block: invalid proof of work
Mining block at height 1...
✓ Found nonce: 27107
Failed to process block: invalid proof of work
Mining block at height 1...
✓ Found nonce: 75473
Failed to process block: invalid proof of work
Mining block at height 1...
✓ Found nonce: 21258
Failed to process block: invalid proof of work
Mining block at height 1...
✓ Found nonce: 60039
Failed to process block: invalid proof of work
Mining block at height 1...
✓ Found nonce: 51556
Failed to process block: invalid proof of work
Mining block at height 1...
✓ Found nonce: 32035
Failed to process block: invalid proof of work
Mining block at height 1...
✓ Found nonce: 22894
Failed to process block: invalid proof of work
Mining block at height 1...
✓ Found nonce: 36960
Failed to process block: invalid proof of work
Mining block at height 1...
✓ Found nonce: 110872
Failed to process block: invalid proof of work
Mining block at height 1...
✓ Found nonce: 159166
Failed to process block: invalid proof of work
Mining block at height 1...
✓ Found nonce: 60730
Failed to process block: invalid proof of work
Mining block at height 1...
✓ Found nonce: 167123
Failed to process block: invalid proof of work
Mining block at height 1...
✓ Found nonce: 127685
Failed to process block: invalid proof of work
Mining block at height 1...
✓ Found nonce: 136348
Failed to process block: invalid proof of work
Mining block at height 1...
✓ Found nonce: 138823
Failed to process block: invalid proof of work
Mining block at height 1...
✓ Found nonce: 25360
Failed to process block: invalid proof of work
Mining block at height 1...
✓ Found nonce: 17676
Failed to process block: invalid proof of work
Mining block at height 1...
✓ Found nonce: 27471
Failed to process block: invalid proof of work
Mining block at height 1...
✓ Found nonce: 129151
Failed to process block: invalid proof of work
Mining block at height 1...
✓ Found nonce: 28672
Failed to process block: invalid proof of work
Mining block at height 1...
✓ Found nonce: 127547
Failed to process block: invalid proof of work
Mining block at height 1...
✓ Found nonce: 10801
Failed to process block: invalid proof of work
Mining block at height 1...
✓ Found nonce: 15249
Failed to process block: invalid proof of work
Mining block at height 1...
✓ Found nonce: 3852
Failed to process block: invalid proof of work
Mining block at height 1...
✓ Found nonce: 87811
Failed to process block: invalid proof of work
Mining block at height 1...
✓ Found nonce: 7506
Failed to process block: invalid proof of work
Mining block at height 1...
✓ Found nonce: 147204
Failed to process block: invalid proof of work
Mining block at height 1...
✓ Found nonce: 14492
Failed to process block: invalid proof of work
Mining block at height 1...
✓ Found nonce: 16210
Failed to process block: invalid proof of work
Mining block at height 1...
✓ Found nonce: 89469
Failed to process block: invalid proof of work
Mining block at height 1...
✓ Found nonce: 130048
Failed to process block: invalid proof of work
Mining block at height 1...
✓ Found nonce: 106385
Failed to process block: invalid proof of work
Mining block at height 1...
✓ Found nonce: 30798
Failed to process block: invalid proof of work
Mining block at height 1...
✓ Found nonce: 109724
Failed to process block: invalid proof of work
Mining block at height 1...
✓ Found nonce: 132759
Failed to process block: invalid proof of work
Mining block at height 1...
✓ Found nonce: 49238
Failed to process block: invalid proof of work
Mining block at height 1...
✓ Found nonce: 93808
Failed to process block: invalid proof of work
Mining block at height 1...
✓ Found nonce: 30489
Failed to process block: invalid proof of work
Mining block at height 1...
✓ Found nonce: 42921
Failed to process block: invalid proof of work
Mining block at height 1...
✓ Found nonce: 34076
Failed to process block: invalid proof of work
Mining block at height 1...
✓ Found nonce: 7622
Failed to process block: invalid proof of work
Mining block at height 1...
✓ Found nonce: 4344
Failed to process block: invalid proof of work
Mining block at height 1...
✓ Found nonce: 29616
Failed to process block: invalid proof of work
Mining block at height 1...
✓ Found nonce: 70299
Failed to process block: invalid proof of work
Mining block at height 1...
✓ Found nonce: 39012
Failed to process block: invalid proof of work
Mining block at height 1...
✓ Found nonce: 26002
Failed to process block: invalid proof of work
Mining block at height 1...
✓ Found nonce: 236190
Failed to process block: invalid proof of work
Mining block at height 1...
✓ Found nonce: 265665
Failed to process block: invalid proof of work
Mining block at height 1...
✓ Found nonce: 65608
Failed to process block: invalid proof of work
Mining block at height 1...
✓ Found nonce: 17238
Failed to process block: invalid proof of work
Mining block at height 1...
✓ Found nonce: 12366
Failed to process block: invalid proof of work
Mining block at height 1...
✓ Found nonce: 81125
Failed to process block: invalid proof of work
Mining block at height 1...
✓ Found nonce: 90687
Failed to process block: invalid proof of work
Mining block at height 1...
✓ Found nonce: 94804
Failed to process block: invalid proof of work
Mining block at height 1...
✓ Found nonce: 38736
Failed to process block: invalid proof of work
Mining block at height 1...
✓ Found nonce: 73830
Failed to process block: invalid proof of work
Mining block at height 1...
✓ Found nonce: 24775
Failed to process block: invalid proof of work
Mining block at height 1...
✓ Found nonce: 226218
Failed to process block: invalid proof of work
Mining block at height 1...
✓ Found nonce: 114399
Failed to process block: invalid proof of work
Mining block at height 1...
✓ Found nonce: 4403
Failed to process block: invalid proof of work
Mining block at height 1...
✓ Found nonce: 73898
Failed to process block: invalid proof of work
Mining block at height 1...
✓ Found nonce: 22242
Failed to process block: invalid proof of work
Mining block at height 1...
✓ Found nonce: 64182
Failed to process block: invalid proof of work
Mining block at height 1...
✓ Found nonce: 52978
Failed to process block: invalid proof of work
Mining block at height 1...
✓ Found nonce: 18550
Failed to process block: invalid proof of work
Mining block at height 1...
✓ Found nonce: 51262
Failed to process block: invalid proof of work
Mining block at height 1...
✓ Found nonce: 66566
Failed to process block: invalid proof of work
Mining block at height 1...
✓ Found nonce: 104231
Failed to process block: invalid proof of work
Mining block at height 1...
✓ Found nonce: 1546
Failed to process block: invalid proof of work
Mining block at height 1...
✓ Found nonce: 33564
Failed to process block: invalid proof of work
Mining block at height 1...
✓ Found nonce: 10705
Failed to process block: invalid proof of work
Mining block at height 1...
✓ Found nonce: 61176
Failed to process block: invalid proof of work
Mining block at height 1...
✓ Found nonce: 1583
Failed to process block: invalid proof of work
Mining block at height 1...
✓ Found nonce: 50753
Failed to process block: invalid proof of work
Mining block at height 1...
✓ Found nonce: 55625
Failed to process block: invalid proof of work
Mining block at height 1...
✓ Found nonce: 51286
Failed to process block: invalid proof of work
Mining block at height 1...
✓ Found nonce: 64790
Failed to process block: invalid proof of work
Mining block at height 1...
✓ Found nonce: 5805
Failed to process block: invalid proof of work
Mining block at height 1...
✓ Found nonce: 53181
Failed to process block: invalid proof of work
Mining block at height 1...
✓ Found nonce: 8838
Failed to process block: invalid proof of work
Mining block at height 1...
✓ Found nonce: 76411
Failed to process block: invalid proof of work
Mining block at height 1...
✓ Found nonce: 169029
Failed to process block: invalid proof of work
Mining block at height 1...
✓ Found nonce: 67337
Failed to process block: invalid proof of work
Mining block at height 1...
✓ Found nonce: 96103
Failed to process block: invalid proof of work
Mining block at height 1...
✓ Found nonce: 166133
Failed to process block: invalid proof of work
Mining block at height 1...
✓ Found nonce: 96232
Failed to process block: invalid proof of work
Mining block at height 1...
✓ Found nonce: 31147
Failed to process block: invalid proof of work
Mining block at height 1...
✓ Found nonce: 12044
Failed to process block: invalid proof of work
Mining block at height 1...
✓ Found nonce: 89412
Failed to process block: invalid proof of work
Mining block at height 1...
✓ Found nonce: 56170
Failed to process block: invalid proof of work
Mining block at height 1...
✓ Found nonce: 51078
Failed to process block: invalid proof of work
Mining block at height 1...
✓ Found nonce: 1072
Failed to process block: invalid proof of work
Mining block at height 1...
✓ Found nonce: 38240
Failed to process block: invalid proof of work
Mining block at height 1...
✓ Found nonce: 54946
Failed to process block: invalid proof of work
Mining block at height 1...
✓ Found nonce: 48535
Failed to process block: invalid proof of work
Mining block at height 1...
✓ Found nonce: 8464
Failed to process block: invalid proof of work
Mining block at height 1...
✓ Found nonce: 107664
Failed to process block: invalid proof of work
Mining block at height 1...
✓ Found nonce: 9109
Failed to process block: invalid proof of work
Mining block at height 1...
✓ Found nonce: 24243
Failed to process block: invalid proof of work
Mining block at height 1...
✓ Found nonce: 120071
Failed to process block: invalid proof of work
Mining block at height 1...
✓ Found nonce: 39509
Failed to process block: invalid proof of work
Mining block at height 1...
✓ Found nonce: 64526
Failed to process block: invalid proof of work
Mining block at height 1...
✓ Found nonce: 20871
Failed to process block: invalid proof of work
Mining block at height 1...
✓ Found nonce: 73414
Failed to process block: invalid proof of work
Mining block at height 1...
✓ Found nonce: 94349
Failed to process block: invalid proof of work
Mining block at height 1...
✓ Found nonce: 9691
Failed to process block: invalid proof of work
Mining block at height 1...
✓ Found nonce: 78292
Failed to process block: invalid proof of work
Mining block at height 1...
✓ Found nonce: 56732
Failed to process block: invalid proof of work
Mining block at height 1...
✓ Found nonce: 32740
Failed to process block: invalid proof of work
Mining block at height 1...
✓ Found nonce: 11870
Failed to process block: invalid proof of work
Mining block at height 1...
✓ Found nonce: 64105
Failed to process block: invalid proof of work
Mining block at height 1...
✓ Found nonce: 30723
Failed to process block: invalid proof of work
Mining block at height 1...
✓ Found nonce: 104886
Failed to process block: invalid proof of work
Mining block at height 1...
✓ Found nonce: 35929
Failed to process block: invalid proof of work
Mining block at height 1...
✓ Found nonce: 44042
Failed to process block: invalid proof of work
Mining block at height 1...
✓ Found nonce: 13914
Failed to process block: invalid proof of work
Mining block at height 1...
✓ Found nonce: 13114
Failed to process block: invalid proof of work
Mining block at height 1...
✓ Found nonce: 68671
Failed to process block: invalid proof of work
Mining block at height 1...
✓ Found nonce: 61495
Failed to process block: invalid proof of work
Mining block at height 1...
✓ Found nonce: 34166
Failed to process block: invalid proof of work
Mining block at height 1...
✓ Found nonce: 25594
Failed to process block: invalid proof of work
Mining block at height 1...
✓ Found nonce: 77673
Failed to process block: invalid proof of work
Mining block at height 1...
✓ Found nonce: 3448
Failed to process block: invalid proof of work
Mining block at height 1...
✓ Found nonce: 21392
Failed to process block: invalid proof of work
Mining block at height 1...
✓ Found nonce: 16209
Failed to process block: invalid proof of work
Mining block at height 1...
✓ Found nonce: 250544
Failed to process block: invalid proof of work
Mining block at height 1...
✓ Found nonce: 70709
Failed to process block: invalid proof of work
Mining block at height 1...
✓ Found nonce: 211822
Failed to process block: invalid proof of work
Mining block at height 1...
✓ Found nonce: 24526
Failed to process block: invalid proof of work
Mining block at height 1...
✓ Found nonce: 46769
Failed to process block: invalid proof of work
Mining block at height 1...
✓ Found nonce: 44890
Failed to process block: invalid proof of work
Mining block at height 1...
✓ Found nonce: 92750
Failed to process block: invalid proof of work
Mining block at height 1...
✓ Found nonce: 19295
Failed to process block: invalid proof of work
Mining block at height 1...
✓ Found nonce: 17824
Failed to process block: invalid proof of work
Mining block at height 1...
✓ Found nonce: 29255
Failed to process block: invalid proof of work
Mining block at height 1...
✓ Found nonce: 178991
Failed to process block: invalid proof of work
Mining block at height 1...
✓ Found nonce: 188663
Failed to process block: invalid proof of work
Mining block at height 1...
✓ Found nonce: 20511
Failed to process block: invalid proof of work
Mining block at height 1...
✓ Found nonce: 30034
Failed to process block: invalid proof of work
Mining block at height 1...
✓ Found nonce: 196334
Failed to process block: invalid proof of work
Mining block at height 1...
✓ Found nonce: 20474
Failed to process block: invalid proof of work
Mining block at height 1...
✓ Found nonce: 38652
Failed to process block: invalid proof of work
Mining block at height 1...
✓ Found nonce: 134673
Failed to process block: invalid proof of work
Mining block at height 1...
✓ Found nonce: 106558
Failed to process block: invalid proof of work
Mining block at height 1...
✓ Found nonce: 22640
Failed to process block: invalid proof of work
Mining block at height 1...
✓ Found nonce: 138548
Failed to process block: invalid proof of work
Mining block at height 1...
✓ Found nonce: 49915
Failed to process block: invalid proof of work
Mining block at height 1...
✓ Found nonce: 78734
Failed to process block: invalid proof of work
Mining block at height 1...
✓ Found nonce: 28300
Failed to process block: invalid proof of work
Mining block at height 1...
✓ Found nonce: 32151
Failed to process block: invalid proof of work
Mining block at height 1...
✓ Found nonce: 75141
Failed to process block: invalid proof of work
Mining block at height 1...
✓ Found nonce: 54454
Failed to process block: invalid proof of work
Mining block at height 1...
✓ Found nonce: 5570
Failed to process block: invalid proof of work
Mining block at height 1...
✓ Found nonce: 234434
Failed to process block: invalid proof of work
Mining block at height 1...
✓ Found nonce: 45119
Failed to process block: invalid proof of work
Mining block at height 1...
✓ Found nonce: 83235
Failed to process block: invalid proof of work
Mining block at height 1...
✓ Found nonce: 216592
Failed to process block: invalid proof of work
Mining block at height 1...
✓ Found nonce: 35816
Failed to process block: invalid proof of work
Mining block at height 1...
✓ Found nonce: 56383
Failed to process block: invalid proof of work
Mining block at height 1...
✓ Found nonce: 124513
Failed to process block: invalid proof of work
Mining block at height 1...
✓ Found nonce: 72076
Failed to process block: invalid proof of work
Mining block at height 1...
✓ Found nonce: 25194
Failed to process block: invalid proof of work
Mining block at height 1...
✓ Found nonce: 143311
Failed to process block: invalid proof of work
Mining block at height 1...
✓ Found nonce: 126476
Failed to process block: invalid proof of work
Mining block at height 1...
✓ Found nonce: 1766
Failed to process block: invalid proof of work
Mining block at height 1...
✓ Found nonce: 144862
Failed to process block: invalid proof of work
Mining block at height 1...
✓ Found nonce: 12255
Failed to process block: invalid proof of work
Mining block at height 1...
✓ Found nonce: 108635
Failed to process block: invalid proof of work
Mining block at height 1...
✓ Found nonce: 41554
Failed to process block: invalid proof of work
Mining block at height 1...
✓ Found nonce: 25119
Failed to process block: invalid proof of work
Mining block at height 1...
✓ Found nonce: 1109
Failed to process block: invalid proof of work
Mining block at height 1...
✓ Found nonce: 102952
Failed to process block: invalid proof of work
Mining block at height 1...
✓ Found nonce: 17483
Failed to process block: invalid proof of work
Mining block at height 1...
✓ Found nonce: 98194
Failed to process block: invalid proof of work
Mining block at height 1...
✓ Found nonce: 12918
Failed to process block: invalid proof of work
Mining block at height 1...
✓ Found nonce: 13379
Failed to process block: invalid proof of work
Mining block at height 1...
✓ Found nonce: 142524
Failed to process block: invalid proof of work
Mining block at height 1...
✓ Found nonce: 15404
Failed to process block: invalid proof of work
Mining block at height 1...
✓ Found nonce: 99629
Failed to process block: invalid proof of work
Mining block at height 1...
✓ Found nonce: 18481
Failed to process block: invalid proof of work
Mining block at height 1...
✓ Found nonce: 27898
Failed to process block: invalid proof of work
Mining block at height 1...
✓ Found nonce: 271031
Failed to process block: invalid proof of work
Mining block at height 1...
✓ Found nonce: 89830
Failed to process block: invalid proof of work
Mining block at height 1...
✓ Found nonce: 76565
Failed to process block: invalid proof of work
Mining block at height 1...
✓ Found nonce: 40554
Failed to process block: invalid proof of work
Mining block at height 1...
✓ Found nonce: 13971
Failed to process block: invalid proof of work
Mining block at height 1...
✓ Found nonce: 13956
Failed to process block: invalid proof of work
Mining block at height 1...
✓ Found nonce: 27190
Failed to process block: invalid proof of work
Mining block at height 1...
✓ Found nonce: 55669
Failed to process block: invalid proof of work
Mining block at height 1...
✓ Found nonce: 22094
Failed to process block: invalid proof of work
Mining block at height 1...
✓ Found nonce: 181417
Failed to process block: invalid proof of work
Mining block at height 1...
✓ Found nonce: 167553
Failed to process block: invalid proof of work
Mining block at height 1...
✓ Found nonce: 215138
Failed to process block: invalid proof of work
Mining block at height 1...
✓ Found nonce: 188826
Failed to process block: invalid proof of work
Mining block at height 1...
✓ Found nonce: 18897
Failed to process block: invalid proof of work
Mining block at height 1...
✓ Found nonce: 14423
Failed to process block: invalid proof of work
Mining block at height 1...
✓ Found nonce: 38990
Failed to process block: invalid proof of work
Mining block at height 1...
✓ Found nonce: 40230
Failed to process block: invalid proof of work
Mining block at height 1...
✓ Found nonce: 46757
Failed to process block: invalid proof of work
Mining block at height 1...
✓ Found nonce: 157170
Failed to process block: invalid proof of work
Mining block at height 1...
✓ Found nonce: 30296
Failed to process block: invalid proof of work
Mining block at height 1...
✓ Found nonce: 5383
Failed to process block: invalid proof of work
Mining block at height 1...
✓ Found nonce: 146475
Failed to process block: invalid proof of work
Mining block at height 1...
✓ Found nonce: 71546
Failed to process block: invalid proof of work
Mining block at height 1...
✓ Found nonce: 68526
Failed to process block: invalid proof of work
Mining block at height 1...
✓ Found nonce: 30936
Failed to process block: invalid proof of work
Mining block at height 1...
✓ Found nonce: 36356
Failed to process block: invalid proof of work
Mining block at height 1...
✓ Found nonce: 16051
Failed to process block: invalid proof of work
Mining block at height 1...
✓ Found nonce: 30978
Failed to process block: invalid proof of work
Mining block at height 1...
✓ Found nonce: 26866
Failed to process block: invalid proof of work
Mining block at height 1...
✓ Found nonce: 62156
Failed to process block: invalid proof of work
Mining block at height 1...
✓ Found nonce: 107363
Failed to process block: invalid proof of work
Mining block at height 1...
✓ Found nonce: 47781
Failed to process block: invalid proof of work
Mining block at height 1...
✓ Found nonce: 10290
Failed to process block: invalid proof of work
Mining block at height 1...
✓ Found nonce: 12906
Failed to process block: invalid proof of work
Mining block at height 1...
✓ Found nonce: 16556
Failed to process block: invalid proof of work
Mining block at height 1...
✓ Found nonce: 317088
Failed to process block: invalid proof of work
Mining block at height 1...
✓ Found nonce: 18024
Failed to process block: invalid proof of work
Mining block at height 1...
✓ Found nonce: 20415
Failed to process block: invalid proof of work
Mining block at height 1...
✓ Found nonce: 37301
Failed to process block: invalid proof of work
Mining block at height 1...
✓ Found nonce: 75218
Failed to process block: invalid proof of work
Mining block at height 1...
✓ Found nonce: 47981
Failed to process block: invalid proof of work
Mining block at height 1...
✓ Found nonce: 57010
Failed to process block: invalid proof of work
Mining block at height 1...
✓ Found nonce: 32976
Failed to process block: invalid proof of work
Mining block at height 1...
✓ Found nonce: 4291
Failed to process block: invalid proof of work
Mining block at height 1...
✓ Found nonce: 1523
Failed to process block: invalid proof of work
Mining block at height 1...
✓ Found nonce: 58228
Failed to process block: invalid proof of work
Mining block at height 1...
✓ Found nonce: 104412
Failed to process block: invalid proof of work
Mining block at height 1...
✓ Found nonce: 77225
Failed to process block: invalid proof of work
Mining block at height 1...
✓ Found nonce: 54749
Failed to process block: invalid proof of work
Mining block at height 1...
✓ Found nonce: 27794
Failed to process block: invalid proof of work
Mining block at height 1...
✓ Found nonce: 299118
Failed to process block: invalid proof of work
Mining block at height 1...
✓ Found nonce: 684
Failed to process block: invalid proof of work
Mining block at height 1...
✓ Found nonce: 127402
Failed to process block: invalid proof of work
Mining block at height 1...
✓ Found nonce: 192398
Failed to process block: invalid proof of work
Mining block at height 1...
✓ Found nonce: 49391
Failed to process block: invalid proof of work
Mining block at height 1...
✓ Found nonce: 96729
Failed to process block: invalid proof of work
Mining block at height 1...
✓ Found nonce: 134464
Failed to process block: invalid proof of work
Mining block at height 1...
✓ Found nonce: 33975
Failed to process block: invalid proof of work
Mining block at height 1...
✓ Found nonce: 69858
Failed to process block: invalid proof of work
Mining block at height 1...
✓ Found nonce: 3902
Failed to process block: invalid proof of work
Mining block at height 1...
✓ Found nonce: 36388
Failed to process block: invalid proof of work
Mining block at height 1...
✓ Found nonce: 106776
Failed to process block: invalid proof of work
Mining block at height 1...
✓ Found nonce: 103835
Failed to process block: invalid proof of work
Mining block at height 1...
✓ Found nonce: 23548
Failed to process block: invalid proof of work
Mining block at height 1...
✓ Found nonce: 30444
Failed to process block: invalid proof of work
Mining block at height 1...
✓ Found nonce: 207193
Failed to process block: invalid proof of work
Mining block at height 1...
✓ Found nonce: 154007
Failed to process block: invalid proof of work
Mining block at height 1...
✓ Found nonce: 99477
Failed to process block: invalid proof of work
Mining block at height 1...
✓ Found nonce: 10352
Failed to process block: invalid proof of work
Mining block at height 1...
✓ Found nonce: 22245
Failed to process block: invalid proof of work
Mining block at height 1...
✓ Found nonce: 5218
Failed to process block: invalid proof of work
Mining block at height 1...
✓ Found nonce: 9500
Failed to process block: invalid proof of work
Mining block at height 1...
✓ Found nonce: 81217
Failed to process block: invalid proof of work
Mining block at height 1...
✓ Found nonce: 80854
Failed to process block: invalid proof of work
Mining block at height 1...
✓ Found nonce: 23977
Failed to process block: invalid proof of work
Mining block at height 1...
✓ Found nonce: 2888
Failed to process block: invalid proof of work
Mining block at height 1...
✓ Found nonce: 30411
Failed to process block: invalid proof of work
Mining block at height 1...
✓ Found nonce: 57677
Failed to process block: invalid proof of work
Mining block at height 1...
✓ Found nonce: 67853
Failed to process block: invalid proof of work
Mining block at height 1...
✓ Found nonce: 45316
Failed to process block: invalid proof of work
Mining block at height 1...
✓ Found nonce: 83400
Failed to process block: invalid proof of work
Mining block at height 1...
✓ Found nonce: 17721
Failed to process block: invalid proof of work
Mining block at height 1...
✓ Found nonce: 22750
Failed to process block: invalid proof of work
Mining block at height 1...
✓ Found nonce: 11720
Failed to process block: invalid proof of work
Mining block at height 1...
✓ Found nonce: 236298
Failed to process block: invalid proof of work
Mining block at height 1...
✓ Found nonce: 61282
Failed to process block: invalid proof of work
Mining block at height 1...
✓ Found nonce: 18461
Failed to process block: invalid proof of work
Mining block at height 1...
✓ Found nonce: 15525
Failed to process block: invalid proof of work
Mining block at height 1...
✓ Found nonce: 32452
Failed to process block: invalid proof of work
Mining block at height 1...
✓ Found nonce: 190356
Failed to process block: invalid proof of work
Mining block at height 1...
✓ Found nonce: 14380
Failed to process block: invalid proof of work
Mining block at height 1...
✓ Found nonce: 19084
Failed to process block: invalid proof of work
Mining block at height 1...
✓ Found nonce: 93602
Failed to process block: invalid proof of work
Mining block at height 1...
✓ Found nonce: 12550
Failed to process block: invalid proof of work
Mining block at height 1...
✓ Found nonce: 210659
Failed to process block: invalid proof of work
Mining block at height 1...
✓ Found nonce: 33396
Failed to process block: invalid proof of work
Mining block at height 1...
✓ Found nonce: 31195
Failed to process block: invalid proof of work
Mining block at height 1...
✓ Found nonce: 219823
Failed to process block: invalid proof of work
Mining block at height 1...
✓ Found nonce: 40640
Failed to process block: invalid proof of work
Mining block at height 1...
✓ Found nonce: 766
Failed to process block: invalid proof of work
Mining block at height 1...
✓ Found nonce: 44997
Failed to process block: invalid proof of work
Mining block at height 1...
✓ Found nonce: 96853
Failed to process block: invalid proof of work
Mining block at height 1...
✓ Found nonce: 88170
Failed to process block: invalid proof of work
Mining block at height 1...
✓ Found nonce: 64410
Failed to process block: invalid proof of work
Mining block at height 1...
✓ Found nonce: 13256
Failed to process block: invalid proof of work
Mining block at height 1...
✓ Found nonce: 23105
Failed to process block: invalid proof of work
Mining block at height 1...
✓ Found nonce: 19607
Failed to process block: invalid proof of work
Mining block at height 1...
✓ Found nonce: 18000
Failed to process block: invalid proof of work
Mining block at height 1...
✓ Found nonce: 44142
Failed to process block: invalid proof of work
Mining block at height 1...
✓ Found nonce: 34858
Failed to process block: invalid proof of work
Mining block at height 1...
✓ Found nonce: 167504
Failed to process block: invalid proof of work
Mining block at height 1...
✓ Found nonce: 24202
Failed to process block: invalid proof of work
Mining block at height 1...
✓ Found nonce: 40058
Failed to process block: invalid proof of work
Mining block at height 1...
✓ Found nonce: 43202
Failed to process block: invalid proof of work
Mining block at height 1...
✓ Found nonce: 4639
Failed to process block: invalid proof of work
Mining block at height 1...
✓ Found nonce: 82130
Failed to process block: invalid proof of work
Mining block at height 1...
✓ Found nonce: 35331
Failed to process block: invalid proof of work
Mining block at height 1...
✓ Found nonce: 11806
Failed to process block: invalid proof of work
Mining block at height 1...
✓ Found nonce: 138257
Failed to process block: invalid proof of work
Mining block at height 1...
✓ Found nonce: 65617
Failed to process block: invalid proof of work
Mining block at height 1...
✓ Found nonce: 79028
Failed to process block: invalid proof of work
Mining block at height 1...
✓ Found nonce: 36939
Failed to process block: invalid proof of work
Mining block at height 1...
✓ Found nonce: 129247
Failed to process block: invalid proof of work
Mining block at height 1...
✓ Found nonce: 13793
Failed to process block: invalid proof of work
Mining block at height 1...
✓ Found nonce: 43449
Failed to process block: invalid proof of work
Mining block at height 1...
✓ Found nonce: 4595
Failed to process block: invalid proof of work
Mining block at height 1...
✓ Found nonce: 59321
Failed to process block: invalid proof of work
Mining block at height 1...
✓ Found nonce: 67746
Failed to process block: invalid proof of work
Mining block at height 1...
✓ Found nonce: 185480
Failed to process block: invalid proof of work
Mining block at height 1...
✓ Found nonce: 41451
Failed to process block: invalid proof of work
Mining block at height 1...
✓ Found nonce: 69520
Failed to process block: invalid proof of work
Mining block at height 1...
✓ Found nonce: 162377
Failed to process block: invalid proof of work
Mining block at height 1...
✓ Found nonce: 233578
Failed to process block: invalid proof of work
Mining block at height 1...
✓ Found nonce: 14280
Failed to process block: invalid proof of work
Mining block at height 1...
✓ Found nonce: 66471
Failed to process block: invalid proof of work
Mining block at height 1...
✓ Found nonce: 174268
Failed to process block: invalid proof of work
Mining block at height 1...
✓ Found nonce: 64766
Failed to process block: invalid proof of work
Mining block at height 1...
✓ Found nonce: 19573
Failed to process block: invalid proof of work
Mining block at height 1...
✓ Found nonce: 117126
Failed to process block: invalid proof of work
Mining block at height 1...
✓ Found nonce: 51701
Failed to process block: invalid proof of work
Mining block at height 1...
✓ Found nonce: 77728
Failed to process block: invalid proof of work
Mining block at height 1...
✓ Found nonce: 11600
Failed to process block: invalid proof of work
Mining block at height 1...
✓ Found nonce: 34466
Failed to process block: invalid proof of work
Mining block at height 1...
✓ Found nonce: 25719
Failed to process block: invalid proof of work
Mining block at height 1...
✓ Found nonce: 42183
Failed to process block: invalid proof of work
Mining block at height 1...
✓ Found nonce: 22773
Failed to process block: invalid proof of work
Mining block at height 1...
✓ Found nonce: 121742
Failed to process block: invalid proof of work
Mining block at height 1...
✓ Found nonce: 31188
Failed to process block: invalid proof of work
Mining block at height 1...
✓ Found nonce: 9473
Failed to process block: invalid proof of work
Mining block at height 1...
✓ Found nonce: 97327
Failed to process block: invalid proof of work
Mining block at height 1...
✓ Found nonce: 13230
Failed to process block: invalid proof of work
Mining block at height 1...
✓ Found nonce: 22027
Failed to process block: invalid proof of work
Mining block at height 1...
✓ Found nonce: 21068
Failed to process block: invalid proof of work
Mining block at height 1...
✓ Found nonce: 18568
Failed to process block: invalid proof of work
Mining block at height 1...
✓ Found nonce: 40379
Failed to process block: invalid proof of work
Mining block at height 1...
✓ Found nonce: 8005
Failed to process block: invalid proof of work
Mining block at height 1...
✓ Found nonce: 43783
Failed to process block: invalid proof of work
Mining block at height 1...
✓ Found nonce: 55639
Failed to process block: invalid proof of work
Mining block at height 1...
✓ Found nonce: 804
Failed to process block: invalid proof of work
Mining block at height 1...
✓ Found nonce: 164821
Failed to process block: invalid proof of work
Mining block at height 1...
✓ Found nonce: 16327
Failed to process block: invalid proof of work
Mining block at height 1...
✓ Found nonce: 6119
Failed to process block: invalid proof of work
Mining block at height 1...
✓ Found nonce: 77795
Failed to process block: invalid proof of work
Mining block at height 1...
✓ Found nonce: 14140
Failed to process block: invalid proof of work
Mining block at height 1...
✓ Found nonce: 1424
Failed to process block: invalid proof of work
Mining block at height 1...
✓ Found nonce: 30066
Failed to process block: invalid proof of work
Mining block at height 1...
✓ Found nonce: 104199
Failed to process block: invalid proof of work
Mining block at height 1...
✓ Found nonce: 11886
Failed to process block: invalid proof of work
Mining block at height 1...
✓ Found nonce: 378703
Failed to process block: invalid proof of work
Mining block at height 1...
✓ Found nonce: 46619
Failed to process block: invalid proof of work
Mining block at height 1...
✓ Found nonce: 14499
Failed to process block: invalid proof of work
Mining block at height 1...
✓ Found nonce: 11738
Failed to process block: invalid proof of work
Mining block at height 1...
✓ Found nonce: 115964
Failed to process block: invalid proof of work
Mining block at height 1...
✓ Found nonce: 119078
Failed to process block: invalid proof of work
Mining block at height 1...
✓ Found nonce: 170570
Failed to process block: invalid proof of work
Mining block at height 1...
✓ Found nonce: 118425
Failed to process block: invalid proof of work
Mining block at height 1...
✓ Found nonce: 81645
Failed to process block: invalid proof of work
Mining block at height 1...
✓ Found nonce: 95737
Failed to process block: invalid proof of work
Mining block at height 1...
✓ Found nonce: 31210
Failed to process block: invalid proof of work
Mining block at height 1...
✓ Found nonce: 38131
Failed to process block: invalid proof of work
Mining block at height 1...
✓ Found nonce: 84762
Failed to process block: invalid proof of work
Mining block at height 1...
✓ Found nonce: 17805
Failed to process block: invalid proof of work
Mining block at height 1...
✓ Found nonce: 20766
Failed to process block: invalid proof of work
Mining block at height 1...
✓ Found nonce: 40394
Failed to process block: invalid proof of work
Mining block at height 1...
✓ Found nonce: 15325
Failed to process block: invalid proof of work
Mining block at height 1...
✓ Found nonce: 83236
Failed to process block: invalid proof of work
Mining block at height 1...
✓ Found nonce: 273404
Failed to process block: invalid proof of work
Mining block at height 1...
✓ Found nonce: 10058
Failed to process block: invalid proof of work
Mining block at height 1...
✓ Found nonce: 82957
Failed to process block: invalid proof of work
Mining block at height 1...
✓ Found nonce: 3516
Failed to process block: invalid proof of work
Mining block at height 1...
✓ Found nonce: 238903
Failed to process block: invalid proof of work
Mining block at height 1...
✓ Found nonce: 3527
Failed to process block: invalid proof of work
Mining block at height 1...
✓ Found nonce: 35813
Failed to process block: invalid proof of work
Mining block at height 1...
✓ Found nonce: 25069
Failed to process block: invalid proof of work
Mining block at height 1...
✓ Found nonce: 15263
Failed to process block: invalid proof of work
Mining block at height 1...
✓ Found nonce: 43313
Failed to process block: invalid proof of work
Mining block at height 1...
✓ Found nonce: 55382
Failed to process block: invalid proof of work
Mining block at height 1...
✓ Found nonce: 69515
Failed to process block: invalid proof of work
Mining block at height 1...
✓ Found nonce: 27245
Failed to process block: invalid proof of work
Mining block at height 1...
✓ Found nonce: 1455
Failed to process block: invalid proof of work
Mining block at height 1...
✓ Found nonce: 117283
Failed to process block: invalid proof of work
Mining block at height 1...
✓ Found nonce: 26946
Failed to process block: invalid proof of work
Mining block at height 1...
✓ Found nonce: 23945
Failed to process block: invalid proof of work
Mining block at height 1...
✓ Found nonce: 13596
Failed to process block: invalid proof of work
Mining block at height 1...
✓ Found nonce: 14813
Failed to process block: invalid proof of work
Mining block at height 1...
✓ Found nonce: 3168
Failed to process block: invalid proof of work
Mining block at height 1...
✓ Found nonce: 36527
Failed to process block: invalid proof of work
Mining block at height 1...
✓ Found nonce: 64019
Failed to process block: invalid proof of work
Mining block at height 1...
✓ Found nonce: 14137
Failed to process block: invalid proof of work
Mining block at height 1...
✓ Found nonce: 27283
Failed to process block: invalid proof of work
Mining block at height 1...
✓ Found nonce: 25050
Failed to process block: invalid proof of work
Mining block at height 1...
✓ Found nonce: 175265
Failed to process block: invalid proof of work
Mining block at height 1...
✓ Found nonce: 35627
Failed to process block: invalid proof of work
Mining block at height 1...
✓ Found nonce: 74623
Failed to process block: invalid proof of work
Mining block at height 1...
✓ Found nonce: 58310
Failed to process block: invalid proof of work
Mining block at height 1...
✓ Found nonce: 151594
Failed to process block: invalid proof of work
Mining block at height 1...
✓ Found nonce: 33561
Failed to process block: invalid proof of work
Mining block at height 1...
✓ Found nonce: 25516
Failed to process block: invalid proof of work
Mining block at height 1...
✓ Found nonce: 2533
Failed to process block: invalid proof of work
Mining block at height 1...
✓ Found nonce: 72452
Failed to process block: invalid proof of work
Mining block at height 1...
✓ Found nonce: 125962
Failed to process block: invalid proof of work
Mining block at height 1...
✓ Found nonce: 13609
Failed to process block: invalid proof of work
Mining block at height 1...
✓ Found nonce: 49388
Failed to process block: invalid proof of work
Mining block at height 1...
✓ Found nonce: 21920
Failed to process block: invalid proof of work
Mining block at height 1...
✓ Found nonce: 60281
Failed to process block: invalid proof of work
Mining block at height 1...
✓ Found nonce: 66485
Failed to process block: invalid proof of work
Mining block at height 1...
✓ Found nonce: 30170
Failed to process block: invalid proof of work
Mining block at height 1...
✓ Found nonce: 32549
Failed to process block: invalid proof of work
Mining block at height 1...
✓ Found nonce: 15312
Failed to process block: invalid proof of work
Mining block at height 1...
✓ Found nonce: 75313
Failed to process block: invalid proof of work
Mining block at height 1...
✓ Found nonce: 34320
Failed to process block: invalid proof of work
Mining block at height 1...
✓ Found nonce: 10345
Failed to process block: invalid proof of work
Mining block at height 1...
✓ Found nonce: 84991
Failed to process block: invalid proof of work
Mining block at height 1...
✓ Found nonce: 50233
Failed to process block: invalid proof of work
Mining block at height 1...
✓ Found nonce: 16628
Failed to process block: invalid proof of work
Mining block at height 1...
✓ Found nonce: 207788
Failed to process block: invalid proof of work
Mining block at height 1...
✓ Found nonce: 6489
Failed to process block: invalid proof of work
Mining block at height 1...
✓ Found nonce: 5291
Failed to process block: invalid proof of work
Mining block at height 1...
✓ Found nonce: 13565
Failed to process block: invalid proof of work
Mining block at height 1...
✓ Found nonce: 122465
Failed to process block: invalid proof of work
Mining block at height 1...
✓ Found nonce: 16333
Failed to process block: invalid proof of work
Mining block at height 1...
✓ Found nonce: 148339
Failed to process block: invalid proof of work
Mining block at height 1...
✓ Found nonce: 20678
Failed to process block: invalid proof of work
Mining block at height 1...
✓ Found nonce: 141607
Failed to process block: invalid proof of work
Mining block at height 1...
✓ Found nonce: 11445
Failed to process block: invalid proof of work
Mining block at height 1...
✓ Found nonce: 4316
Failed to process block: invalid proof of work
Mining block at height 1...
✓ Found nonce: 77272
Failed to process block: invalid proof of work
Mining block at height 1...
✓ Found nonce: 82185
Failed to process block: invalid proof of work
Mining block at height 1...
✓ Found nonce: 37457
Failed to process block: invalid proof of work
Mining block at height 1...
✓ Found nonce: 74680
Failed to process block: invalid proof of work
Mining block at height 1...
✓ Found nonce: 2369
Failed to process block: invalid proof of work
Mining block at height 1...
✓ Found nonce: 4410
Failed to process block: invalid proof of work
Mining block at height 1...
✓ Found nonce: 5548
Failed to process block: invalid proof of work
Mining block at height 1...
✓ Found nonce: 55421
Failed to process block: invalid proof of work
Mining block at height 1...
✓ Found nonce: 174141
Failed to process block: invalid proof of work
Mining block at height 1...
✓ Found nonce: 42072
Failed to process block: invalid proof of work
Mining block at height 1...
✓ Found nonce: 31484
Failed to process block: invalid proof of work
Mining block at height 1...
✓ Found nonce: 68726
Failed to process block: invalid proof of work
Mining block at height 1...
✓ Found nonce: 20838
Failed to process block: invalid proof of work
Mining block at height 1...
✓ Found nonce: 161668
Failed to process block: invalid proof of work
Mining block at height 1...
✓ Found nonce: 15196
Failed to process block: invalid proof of work
Mining block at height 1...
✓ Found nonce: 17408
Failed to process block: invalid proof of work
Mining block at height 1...
✓ Found nonce: 12879
Failed to process block: invalid proof of work
Mining block at height 1...
✓ Found nonce: 8474
Failed to process block: invalid proof of work
Mining block at height 1...
✓ Found nonce: 127506
Failed to process block: invalid proof of work
Mining block at height 1...
✓ Found nonce: 31234
Failed to process block: invalid proof of work
Mining block at height 1...
✓ Found nonce: 199783
Failed to process block: invalid proof of work
Mining block at height 1...
✓ Found nonce: 52589
Failed to process block: invalid proof of work
Mining block at height 1...
✓ Found nonce: 14236
Failed to process block: invalid proof of work
Mining block at height 1...
✓ Found nonce: 94186
Failed to process block: invalid proof of work
Mining block at height 1...
✓ Found nonce: 22656
Failed to process block: invalid proof of work
Mining block at height 1...
✓ Found nonce: 34245
Failed to process block: invalid proof of work
Mining block at height 1...
✓ Found nonce: 23002
Failed to process block: invalid proof of work
Mining block at height 1...
✓ Found nonce: 13217
Failed to process block: invalid proof of work
Mining block at height 1...
✓ Found nonce: 119027
Failed to process block: invalid proof of work
Mining block at height 1...
✓ Found nonce: 5994
Failed to process block: invalid proof of work
Mining block at height 1...
✓ Found nonce: 84366
Failed to process block: invalid proof of work
Mining block at height 1...
✓ Found nonce: 89645
Failed to process block: invalid proof of work
Mining block at height 1...
✓ Found nonce: 21339
Failed to process block: invalid proof of work
Mining block at height 1...
✓ Found nonce: 104041
Failed to process block: invalid proof of work
Mining block at height 1...
✓ Found nonce: 42436
Failed to process block: invalid proof of work
Mining block at height 1...
✓ Found nonce: 26613
Failed to process block: invalid proof of work
Mining block at height 1...
✓ Found nonce: 309847
Failed to process block: invalid proof of work
Mining block at height 1...
✓ Found nonce: 124851
Failed to process block: invalid proof of work
Mining block at height 1...
✓ Found nonce: 59879
Failed to process block: invalid proof of work
Mining block at height 1...
✓ Found nonce: 1348
Failed to process block: invalid proof of work
Mining block at height 1...
✓ Found nonce: 255671
Failed to process block: invalid proof of work
Mining block at height 1...
✓ Found nonce: 7265
Failed to process block: invalid proof of work
Mining block at height 1...
✓ Found nonce: 130161
Failed to process block: invalid proof of work
Mining block at height 1...
✓ Found nonce: 18358
Failed to process block: invalid proof of work
Mining block at height 1...
✓ Found nonce: 24017
Failed to process block: invalid proof of work
Mining block at height 1...
✓ Found nonce: 38565
Failed to process block: invalid proof of work
Mining block at height 1...
✓ Found nonce: 25806
Failed to process block: invalid proof of work
Mining block at height 1...
✓ Found nonce: 68366
Failed to process block: invalid proof of work
Mining block at height 1...
✓ Found nonce: 13720
Failed to process block: invalid proof of work
Mining block at height 1...
✓ Found nonce: 15342
Failed to process block: invalid proof of work
Mining block at height 1...
✓ Found nonce: 27276
Failed to process block: invalid proof of work
Mining block at height 1...
✓ Found nonce: 176562
Failed to process block: invalid proof of work
Mining block at height 1...
✓ Found nonce: 136307
Failed to process block: invalid proof of work
Mining block at height 1...
✓ Found nonce: 143013
Failed to process block: invalid proof of work
Mining block at height 1...
✓ Found nonce: 19804
Failed to process block: invalid proof of work
Mining block at height 1...
✓ Found nonce: 70672
Failed to process block: invalid proof of work
Mining block at height 1...
✓ Found nonce: 111122
Failed to process block: invalid proof of work
Mining block at height 1...
✓ Found nonce: 104329
Failed to process block: invalid proof of work
Mining block at height 1...
✓ Found nonce: 96902
Failed to process block: invalid proof of work
Mining block at height 1...
✓ Found nonce: 118819
Failed to process block: invalid proof of work
Mining block at height 1...
✓ Found nonce: 16134
Failed to process block: invalid proof of work
Mining block at height 1...
✓ Found nonce: 33130
Failed to process block: invalid proof of work
Mining block at height 1...
✓ Found nonce: 16858
Failed to process block: invalid proof of work
Mining block at height 1...
✓ Found nonce: 25705
Failed to process block: invalid proof of work
Mining block at height 1...
✓ Found nonce: 110204
Failed to process block: invalid proof of work
Mining block at height 1...
✓ Found nonce: 22255
Failed to process block: invalid proof of work
Mining block at height 1...
✓ Found nonce: 78679
Failed to process block: invalid proof of work
Mining block at height 1...
✓ Found nonce: 236161
Failed to process block: invalid proof of work
Mining block at height 1...
✓ Found nonce: 36977
Failed to process block: invalid proof of work
Mining block at height 1...
✓ Found nonce: 143154
Failed to process block: invalid proof of work
Mining block at height 1...
✓ Found nonce: 126467
Failed to process block: invalid proof of work
Mining block at height 1...
✓ Found nonce: 101410
Failed to process block: invalid proof of work
Mining block at height 1...
✓ Found nonce: 154485
Failed to process block: invalid proof of work
Mining block at height 1...
✓ Found nonce: 78085
Failed to process block: invalid proof of work
Mining block at height 1...
✓ Found nonce: 40144
Failed to process block: invalid proof of work
Mining block at height 1...
✓ Found nonce: 33301
Failed to process block: invalid proof of work
Mining block at height 1...
✓ Found nonce: 17272
Failed to process block: invalid proof of work
Mining block at height 1...
✓ Found nonce: 62851
Failed to process block: invalid proof of work
Mining block at height 1...
✓ Found nonce: 35167
Failed to process block: invalid proof of work
Mining block at height 1...
✓ Found nonce: 76422
Failed to process block: invalid proof of work
Mining block at height 1...
✓ Found nonce: 209
Failed to process block: invalid proof of work
Mining block at height 1...
✓ Found nonce: 160342
Failed to process block: invalid proof of work
Mining block at height 1...
✓ Found nonce: 66963
Failed to process block: invalid proof of work
Mining block at height 1...
✓ Found nonce: 99985
Failed to process block: invalid proof of work
Mining block at height 1...
✓ Found nonce: 33008
Failed to process block: invalid proof of work
Mining block at height 1...
✓ Found nonce: 176960
Failed to process block: invalid proof of work
Mining block at height 1...
✓ Found nonce: 11824
Failed to process block: invalid proof of work
Mining block at height 1...
✓ Found nonce: 82841
Failed to process block: invalid proof of work
Mining block at height 1...
✓ Found nonce: 78137
Failed to process block: invalid proof of work
Mining block at height 1...
✓ Found nonce: 107177
Failed to process block: invalid proof of work
Mining block at height 1...
✓ Found nonce: 146451
Failed to process block: invalid proof of work
Mining block at height 1...
✓ Found nonce: 21900
Failed to process block: invalid proof of work
Mining block at height 1...
✓ Found nonce: 298882
Failed to process block: invalid proof of work
Mining block at height 1...
✓ Found nonce: 182763
Failed to process block: invalid proof of work
Mining block at height 1...
✓ Found nonce: 26334
Failed to process block: invalid proof of work
Mining block at height 1...
✓ Found nonce: 128140
Failed to process block: invalid proof of work
Mining block at height 1...
✓ Found nonce: 121036
Failed to process block: invalid proof of work
Mining block at height 1...
✓ Found nonce: 90589
Failed to process block: invalid proof of work
Mining block at height 1...
✓ Found nonce: 175748
Failed to process block: invalid proof of work
Mining block at height 1...
✓ Found nonce: 21338
Failed to process block: invalid proof of work
Mining block at height 1...
✓ Found nonce: 16197
Failed to process block: invalid proof of work
Mining block at height 1...
✓ Found nonce: 147350
Failed to process block: invalid proof of work
Mining block at height 1...
✓ Found nonce: 5249
Failed to process block: invalid proof of work
Mining block at height 1...
✓ Found nonce: 24452
Failed to process block: invalid proof of work
Mining block at height 1...
✓ Found nonce: 26331
Failed to process block: invalid proof of work
Mining block at height 1...
✓ Found nonce: 81702
Failed to process block: invalid proof of work
Mining block at height 1...
✓ Found nonce: 57785
Failed to process block: invalid proof of work
Mining block at height 1...
✓ Found nonce: 57161
Failed to process block: invalid proof of work
Mining block at height 1...
✓ Found nonce: 95792
Failed to process block: invalid proof of work
Mining block at height 1...
✓ Found nonce: 41133
Failed to process block: invalid proof of work
Mining block at height 1...
✓ Found nonce: 120107
Failed to process block: invalid proof of work
Mining block at height 1...
✓ Found nonce: 12556
Failed to process block: invalid proof of work
Mining block at height 1...
✓ Found nonce: 51995
Failed to process block: invalid proof of work
Mining block at height 1...
✓ Found nonce: 65782
Failed to process block: invalid proof of work
Mining block at height 1...
✓ Found nonce: 156947
Failed to process block: invalid proof of work
Mining block at height 1...
✓ Found nonce: 79137
Failed to process block: invalid proof of work
Mining block at height 1...
✓ Found nonce: 53467
Failed to process block: invalid proof of work
Mining block at height 1...
✓ Found nonce: 1547
Failed to process block: invalid proof of work
Mining block at height 1...
✓ Found nonce: 85318
Failed to process block: invalid proof of work
Mining block at height 1...
✓ Found nonce: 12748
Failed to process block: invalid proof of work
Mining block at height 1...
✓ Found nonce: 68266
Failed to process block: invalid proof of work
Mining block at height 1...
✓ Found nonce: 127811
Failed to process block: invalid proof of work
Mining block at height 1...
✓ Found nonce: 37758
Failed to process block: invalid proof of work
Mining block at height 1...
✓ Found nonce: 22103
Failed to process block: invalid proof of work
Mining block at height 1...
✓ Found nonce: 49961
Failed to process block: invalid proof of work
Mining block at height 1...
✓ Found nonce: 410832
Failed to process block: invalid proof of work
Mining block at height 1...
✓ Found nonce: 236366
Failed to process block: invalid proof of work
Mining block at height 1...
✓ Found nonce: 7196
Failed to process block: invalid proof of work
Mining block at height 1...
✓ Found nonce: 178661
Failed to process block: invalid proof of work
Mining block at height 1...
✓ Found nonce: 27421
Failed to process block: invalid proof of work
Mining block at height 1...
✓ Found nonce: 286329
Failed to process block: invalid proof of work
Mining block at height 1...
✓ Found nonce: 115002
Failed to process block: invalid proof of work
Mining block at height 1...
✓ Found nonce: 61419
Failed to process block: invalid proof of work
Mining block at height 1...
✓ Found nonce: 64328
Failed to process block: invalid proof of work
Mining block at height 1...
✓ Found nonce: 40513
Failed to process block: invalid proof of work
Mining block at height 1...
✓ Found nonce: 23058
Failed to process block: invalid proof of work
Mining block at height 1...
✓ Found nonce: 250942
Failed to process block: invalid proof of work
Mining block at height 1...
✓ Found nonce: 70436
Failed to process block: invalid proof of work
Mining block at height 1...
✓ Found nonce: 31499
Failed to process block: invalid proof of work
Mining block at height 1...
✓ Found nonce: 72318
Failed to process block: invalid proof of work
Mining block at height 1...
✓ Found nonce: 34008
Failed to process block: invalid proof of work
Mining block at height 1...
✓ Found nonce: 123294
Failed to process block: invalid proof of work
Mining block at height 1...
✓ Found nonce: 22986
Failed to process block: invalid proof of work
Mining block at height 1...
✓ Found nonce: 29694
Failed to process block: invalid proof of work
Mining block at height 1...
✓ Found nonce: 77358
Failed to process block: invalid proof of work
Mining block at height 1...
✓ Found nonce: 131919
Failed to process block: invalid proof of work
Mining block at height 1...
✓ Found nonce: 62570
Failed to process block: invalid proof of work
Mining block at height 1...
✓ Found nonce: 17398
Failed to process block: invalid proof of work
Mining block at height 1...
✓ Found nonce: 7162
Failed to process block: invalid proof of work
Mining block at height 1...
✓ Found nonce: 8500
Failed to process block: invalid proof of work
Mining block at height 1...
✓ Found nonce: 52275
Failed to process block: invalid proof of work
Mining block at height 1...
✓ Found nonce: 16525
Failed to process block: invalid proof of work
Mining block at height 1...
✓ Found nonce: 19206
Failed to process block: invalid proof of work
Mining block at height 1...
✓ Found nonce: 115519
Failed to process block: invalid proof of work
Mining block at height 1...
✓ Found nonce: 1054
Failed to process block: invalid proof of work
Mining block at height 1...
✓ Found nonce: 43592
Failed to process block: invalid proof of work
Mining block at height 1...
✓ Found nonce: 457458
Failed to process block: invalid proof of work
Mining block at height 1...
✓ Found nonce: 56402
Failed to process block: invalid proof of work
Mining block at height 1...
✓ Found nonce: 49777
Failed to process block: invalid proof of work
Mining block at height 1...
✓ Found nonce: 24701
Failed to process block: invalid proof of work
Mining block at height 1...
✓ Found nonce: 12194
Failed to process block: invalid proof of work
Mining block at height 1...
✓ Found nonce: 58389
Failed to process block: invalid proof of work
Mining block at height 1...
✓ Found nonce: 78992
Failed to process block: invalid proof of work
Mining block at height 1...
✓ Found nonce: 61404
Failed to process block: invalid proof of work
Mining block at height 1...
✓ Found nonce: 1357
Failed to process block: invalid proof of work
Mining block at height 1...
✓ Found nonce: 70581
Failed to process block: invalid proof of work
Mining block at height 1...
✓ Found nonce: 53293
Failed to process block: invalid proof of work
Mining block at height 1...
✓ Found nonce: 17308
Failed to process block: invalid proof of work
Mining block at height 1...
✓ Found nonce: 82823
Failed to process block: invalid proof of work
Mining block at height 1...
✓ Found nonce: 221315
Failed to process block: invalid proof of work
Mining block at height 1...
✓ Found nonce: 6369
Failed to process block: invalid proof of work
Mining block at height 1...
✓ Found nonce: 45087
Failed to process block: invalid proof of work
Mining block at height 1...
✓ Found nonce: 16807
Failed to process block: invalid proof of work
Mining block at height 1...
✓ Found nonce: 19474
Failed to process block: invalid proof of work
Mining block at height 1...
✓ Found nonce: 122930
Failed to process block: invalid proof of work
Mining block at height 1...
✓ Found nonce: 46458
Failed to process block: invalid proof of work
Mining block at height 1...
✓ Found nonce: 123162
Failed to process block: invalid proof of work
Mining block at height 1...
✓ Found nonce: 58570
Failed to process block: invalid proof of work
Mining block at height 1...
✓ Found nonce: 13124
Failed to process block: invalid proof of work
Mining block at height 1...
✓ Found nonce: 11354
Failed to process block: invalid proof of work
Mining block at height 1...
✓ Found nonce: 3903
Failed to process block: invalid proof of work
Mining block at height 1...
✓ Found nonce: 145902
Failed to process block: invalid proof of work
Mining block at height 1...
✓ Found nonce: 21394
Failed to process block: invalid proof of work
Mining block at height 1...
✓ Found nonce: 48900
Failed to process block: invalid proof of work
Mining block at height 1...
✓ Found nonce: 2457
Failed to process block: invalid proof of work
Mining block at height 1...
✓ Found nonce: 107287
Failed to process block: invalid proof of work
Mining block at height 1...
✓ Found nonce: 17371
Failed to process block: invalid proof of work
Mining block at height 1...
✓ Found nonce: 238939
Failed to process block: invalid proof of work
Mining block at height 1...
✓ Found nonce: 11802
Failed to process block: invalid proof of work
Mining block at height 1...
✓ Found nonce: 9825
Failed to process block: invalid proof of work
Mining block at height 1...
✓ Found nonce: 12240
Failed to process block: invalid proof of work
Mining block at height 1...
✓ Found nonce: 149763
Failed to process block: invalid proof of work
Mining block at height 1...
✓ Found nonce: 111815
Failed to process block: invalid proof of work
Mining block at height 1...
✓ Found nonce: 79420
Failed to process block: invalid proof of work
Mining block at height 1...
✓ Found nonce: 33639
Failed to process block: invalid proof of work
Mining block at height 1...
✓ Found nonce: 84656
Failed to process block: invalid proof of work
Mining block at height 1...
✓ Found nonce: 106450
Failed to process block: invalid proof of work
Mining block at height 1...
✓ Found nonce: 48096
Failed to process block: invalid proof of work
Mining block at height 1...
✓ Found nonce: 56787
Failed to process block: invalid proof of work
Mining block at height 1...
✓ Found nonce: 64338
Failed to process block: invalid proof of work
Mining block at height 1...
✓ Found nonce: 33662
Failed to process block: invalid proof of work
Mining block at height 1...
✓ Found nonce: 53913
Failed to process block: invalid proof of work
Mining block at height 1...
✓ Found nonce: 1172
Failed to process block: invalid proof of work
Mining block at height 1...
✓ Found nonce: 118278
Failed to process block: invalid proof of work
Mining block at height 1...
✓ Found nonce: 122562
Failed to process block: invalid proof of work
Mining block at height 1...
✓ Found nonce: 46840
Failed to process block: invalid proof of work
Mining block at height 1...
✓ Found nonce: 67513
Failed to process block: invalid proof of work
Mining block at height 1...
✓ Found nonce: 81472
Failed to process block: invalid proof of work
Mining block at height 1...
✓ Found nonce: 116086
Failed to process block: invalid proof of work
Mining block at height 1...
✓ Found nonce: 20046
Failed to process block: invalid proof of work
Mining block at height 1...
✓ Found nonce: 31203
Failed to process block: invalid proof of work
Mining block at height 1...
✓ Found nonce: 66714
Failed to process block: invalid proof of work
Mining block at height 1...
✓ Found nonce: 62891
Failed to process block: invalid proof of work
Mining block at height 1...
✓ Found nonce: 74984
Failed to process block: invalid proof of work
Mining block at height 1...
✓ Found nonce: 16117
Failed to process block: invalid proof of work
Mining block at height 1...
✓ Found nonce: 66619
Failed to process block: invalid proof of work
Mining block at height 1...
✓ Found nonce: 26279
Failed to process block: invalid proof of work
Mining block at height 1...
✓ Found nonce: 301957
Failed to process block: invalid proof of work
Mining block at height 1...
✓ Found nonce: 63498
Failed to process block: invalid proof of work
Mining block at height 1...
✓ Found nonce: 127134
Failed to process block: invalid proof of work
Mining block at height 1...
✓ Found nonce: 82780
Failed to process block: invalid proof of work
Mining block at height 1...
✓ Found nonce: 155931
Failed to process block: invalid proof of work
Mining block at height 1...
✓ Found nonce: 93047
Failed to process block: invalid proof of work
Mining block at height 1...
✓ Found nonce: 3167
Failed to process block: invalid proof of work
Mining block at height 1...
✓ Found nonce: 2275
Failed to process block: invalid proof of work
Mining block at height 1...
✓ Found nonce: 4192
Failed to process block: invalid proof of work
Mining block at height 1...
✓ Found nonce: 206253
Failed to process block: invalid proof of work
Mining block at height 1...
✓ Found nonce: 110794
Failed to process block: invalid proof of work
Mining block at height 1...
✓ Found nonce: 114360
Failed to process block: invalid proof of work
Mining block at height 1...
✓ Found nonce: 54376
Failed to process block: invalid proof of work
Mining block at height 1...
✓ Found nonce: 54997
Failed to process block: invalid proof of work
Mining block at height 1...
✓ Found nonce: 254123
Failed to process block: invalid proof of work
Mining block at height 1...
✓ Found nonce: 69251
Failed to process block: invalid proof of work
Mining block at height 1...
✓ Found nonce: 8481
Failed to process block: invalid proof of work
Mining block at height 1...
✓ Found nonce: 51983
Failed to process block: invalid proof of work
Mining block at height 1...
✓ Found nonce: 31779
Failed to process block: invalid proof of work
Mining block at height 1...
✓ Found nonce: 13014
Failed to process block: invalid proof of work
Mining block at height 1...
✓ Found nonce: 19921
Failed to process block: invalid proof of work
Mining block at height 1...
✓ Found nonce: 6461
Failed to process block: invalid proof of work
Mining block at height 1...
✓ Found nonce: 106601
Failed to process block: invalid proof of work
Mining block at height 1...
✓ Found nonce: 235157
Failed to process block: invalid proof of work
Mining block at height 1...
✓ Found nonce: 14366
Failed to process block: invalid proof of work
Mining block at height 1...
✓ Found nonce: 12252
Failed to process block: invalid proof of work
Mining block at height 1...
✓ Found nonce: 20626
Failed to process block: invalid proof of work
Mining block at height 1...
✓ Found nonce: 48012
Failed to process block: invalid proof of work
Mining block at height 1...
✓ Found nonce: 52753
Failed to process block: invalid proof of work
Mining block at height 1...
✓ Found nonce: 68312
Failed to process block: invalid proof of work
Mining block at height 1...
✓ Found nonce: 598
Failed to process block: invalid proof of work
Mining block at height 1...
✓ Found nonce: 5028
Failed to process block: invalid proof of work
Mining block at height 1...
✓ Found nonce: 35781
Failed to process block: invalid proof of work
Mining block at height 1...
✓ Found nonce: 21980
Failed to process block: invalid proof of work
Mining block at height 1...
✓ Found nonce: 47982
Failed to process block: invalid proof of work
Mining block at height 1...
✓ Found nonce: 72698
Failed to process block: invalid proof of work
Mining block at height 1...
✓ Found nonce: 60465
Failed to process block: invalid proof of work
Mining block at height 1...
✓ Found nonce: 70793
Failed to process block: invalid proof of work
Mining block at height 1...
✓ Found nonce: 92387
Failed to process block: invalid proof of work
Mining block at height 1...
✓ Found nonce: 7064
Failed to process block: invalid proof of work
Mining block at height 1...
✓ Found nonce: 222144
Failed to process block: invalid proof of work
Mining block at height 1...
✓ Found nonce: 100862
Failed to process block: invalid proof of work
Mining block at height 1...
✓ Found nonce: 9972
Failed to process block: invalid proof of work
Mining block at height 1...
✓ Found nonce: 148253
Failed to process block: invalid proof of work
Mining block at height 1...
✓ Found nonce: 14099
Failed to process block: invalid proof of work
Mining block at height 1...
✓ Found nonce: 78899
Failed to process block: invalid proof of work
Mining block at height 1...
✓ Found nonce: 13785
Failed to process block: invalid proof of work
Mining block at height 1...
✓ Found nonce: 17040
Failed to process block: invalid proof of work
Mining block at height 1...
✓ Found nonce: 97964
Failed to process block: invalid proof of work
Mining block at height 1...
✓ Found nonce: 66500
Failed to process block: invalid proof of work
Mining block at height 1...
✓ Found nonce: 20966
Failed to process block: invalid proof of work
Mining block at height 1...
✓ Found nonce: 17346
Failed to process block: invalid proof of work
Mining block at height 1...
✓ Found nonce: 13899
Failed to process block: invalid proof of work
Mining block at height 1...
✓ Found nonce: 80654
Failed to process block: invalid proof of work
Mining block at height 1...
✓ Found nonce: 5509
Failed to process block: invalid proof of work
Mining block at height 1...
✓ Found nonce: 83248
Failed to process block: invalid proof of work
Mining block at height 1...
✓ Found nonce: 298962
Failed to process block: invalid proof of work
Mining block at height 1...
✓ Found nonce: 73832
Failed to process block: invalid proof of work
Mining block at height 1...
✓ Found nonce: 33643
Failed to process block: invalid proof of work
Mining block at height 1...
✓ Found nonce: 72593
Failed to process block: invalid proof of work
Mining block at height 1...
✓ Found nonce: 116094
Failed to process block: invalid proof of work
Mining block at height 1...
✓ Found nonce: 126169
Failed to process block: invalid proof of work
Mining block at height 1...
✓ Found nonce: 46006
Failed to process block: invalid proof of work
Mining block at height 1...
✓ Found nonce: 175056
Failed to process block: invalid proof of work
Mining block at height 1...
✓ Found nonce: 70809
Failed to process block: invalid proof of work
Mining block at height 1...
✓ Found nonce: 143937
Failed to process block: invalid proof of work
Mining block at height 1...
✓ Found nonce: 48696
Failed to process block: invalid proof of work
Mining block at height 1...
✓ Found nonce: 10634
Failed to process block: invalid proof of work
Mining block at height 1...
✓ Found nonce: 167989
Failed to process block: invalid proof of work
Mining block at height 1...
✓ Found nonce: 55587
Failed to process block: invalid proof of work
Mining block at height 1...
✓ Found nonce: 5592
Failed to process block: invalid proof of work
Mining block at height 1...
✓ Found nonce: 108445
Failed to process block: invalid proof of work
Mining block at height 1...
✓ Found nonce: 40965
Failed to process block: invalid proof of work
Mining block at height 1...
✓ Found nonce: 245609
Failed to process block: invalid proof of work
Mining block at height 1...
✓ Found nonce: 30812
Failed to process block: invalid proof of work
Mining block at height 1...
✓ Found nonce: 1219
Failed to process block: invalid proof of work
Mining block at height 1...
✓ Found nonce: 149699
Failed to process block: invalid proof of work
Mining block at height 1...
✓ Found nonce: 105537
Failed to process block: invalid proof of work
Mining block at height 1...
✓ Found nonce: 83389
Failed to process block: invalid proof of work
Mining block at height 1...
✓ Found nonce: 24745
Failed to process block: invalid proof of work
Mining block at height 1...
✓ Found nonce: 52046
Failed to process block: invalid proof of work
Mining block at height 1...
✓ Found nonce: 45077
Failed to process block: invalid proof of work
Mining block at height 1...
✓ Found nonce: 32546
Failed to process block: invalid proof of work
Mining block at height 1...
✓ Found nonce: 300662
Failed to process block: invalid proof of work
Mining block at height 1...
✓ Found nonce: 371211
Failed to process block: invalid proof of work
Mining block at height 1...
✓ Found nonce: 1666
Failed to process block: invalid proof of work
Mining block at height 1...
✓ Found nonce: 28444
Failed to process block: invalid proof of work
Mining block at height 1...
✓ Found nonce: 41874
Failed to process block: invalid proof of work
Mining block at height 1...
✓ Found nonce: 4420
Failed to process block: invalid proof of work
Mining block at height 1...
✓ Found nonce: 36029
Failed to process block: invalid proof of work
Mining block at height 1...
✓ Found nonce: 7978
Failed to process block: invalid proof of work
Mining block at height 1...
✓ Found nonce: 125554
Failed to process block: invalid proof of work
Mining block at height 1...
✓ Found nonce: 14516
Failed to process block: invalid proof of work
Mining block at height 1...
✓ Found nonce: 28817
Failed to process block: invalid proof of work
Mining block at height 1...
✓ Found nonce: 14302
Failed to process block: invalid proof of work
Mining block at height 1...
✓ Found nonce: 23616
Failed to process block: invalid proof of work
Mining block at height 1...
✓ Found nonce: 375316
Failed to process block: invalid proof of work
Mining block at height 1...
✓ Found nonce: 40599
Failed to process block: invalid proof of work
Mining block at height 1...
✓ Found nonce: 178502
Failed to process block: invalid proof of work
Mining block at height 1...
✓ Found nonce: 3302
Failed to process block: invalid proof of work
Mining block at height 1...
✓ Found nonce: 31717
Failed to process block: invalid proof of work
Mining block at height 1...
✓ Found nonce: 18083
Failed to process block: invalid proof of work
Mining block at height 1...
✓ Found nonce: 18619
Failed to process block: invalid proof of work
Mining block at height 1...
✓ Found nonce: 12984
Failed to process block: invalid proof of work
Mining block at height 1...
✓ Found nonce: 41349
Failed to process block: invalid proof of work
Mining block at height 1...
✓ Found nonce: 147393
Failed to process block: invalid proof of work
Mining block at height 1...
✓ Found nonce: 6181
Failed to process block: invalid proof of work
Mining block at height 1...
✓ Found nonce: 8022
Failed to process block: invalid proof of work
Mining block at height 1...
✓ Found nonce: 49576
Failed to process block: invalid proof of work
Mining block at height 1...
✓ Found nonce: 92948
Failed to process block: invalid proof of work
Mining block at height 1...
✓ Found nonce: 234397
Failed to process block: invalid proof of work
Mining block at height 1...
✓ Found nonce: 54363
Failed to process block: invalid proof of work
Mining block at height 1...
✓ Found nonce: 10877
Failed to process block: invalid proof of work
Mining block at height 1...
✓ Found nonce: 34807
Failed to process block: invalid proof of work
Mining block at height 1...
✓ Found nonce: 61649
Failed to process block: invalid proof of work
Mining block at height 1...
✓ Found nonce: 8558
Failed to process block: invalid proof of work
Mining block at height 1...
✓ Found nonce: 106675
Failed to process block: invalid proof of work
Mining block at height 1...
✓ Found nonce: 31826
Failed to process block: invalid proof of work
Mining block at height 1...
✓ Found nonce: 23061
Failed to process block: invalid proof of work
Mining block at height 1...
✓ Found nonce: 53521
Failed to process block: invalid proof of work
Mining block at height 1...
✓ Found nonce: 116095
Failed to process block: invalid proof of work
Mining block at height 1...
✓ Found nonce: 57979
Failed to process block: invalid proof of work
Mining block at height 1...
✓ Found nonce: 47796
Failed to process block: invalid proof of work
Mining block at height 1...
✓ Found nonce: 62678
Failed to process block: invalid proof of work
Mining block at height 1...
✓ Found nonce: 57250
Failed to process block: invalid proof of work
Mining block at height 1...
✓ Found nonce: 116568
Failed to process block: invalid proof of work
Mining block at height 1...
✓ Found nonce: 165165
Failed to process block: invalid proof of work
Mining block at height 1...
✓ Found nonce: 51081
Failed to process block: invalid proof of work
Mining block at height 1...
✓ Found nonce: 19872
Failed to process block: invalid proof of work
Mining block at height 1...
✓ Found nonce: 108042
Failed to process block: invalid proof of work
Mining block at height 1...
✓ Found nonce: 5110
Failed to process block: invalid proof of work
Mining block at height 1...
✓ Found nonce: 50407
Failed to process block: invalid proof of work
Mining block at height 1...
✓ Found nonce: 119385
Failed to process block: invalid proof of work
Mining block at height 1...
✓ Found nonce: 33694
Failed to process block: invalid proof of work
Mining block at height 1...
✓ Found nonce: 84035
Failed to process block: invalid proof of work
Mining block at height 1...
✓ Found nonce: 176504
Failed to process block: invalid proof of work
Mining block at height 1...
✓ Found nonce: 43668
Failed to process block: invalid proof of work
Mining block at height 1...
✓ Found nonce: 34930
Failed to process block: invalid proof of work
Mining block at height 1...
✓ Found nonce: 62622
Failed to process block: invalid proof of work
Mining block at height 1...
✓ Found nonce: 102975
Failed to process block: invalid proof of work
Mining block at height 1...
✓ Found nonce: 43418
Failed to process block: invalid proof of work
Mining block at height 1...
✓ Found nonce: 15005
Failed to process block: invalid proof of work
Mining block at height 1...
✓ Found nonce: 30504
Failed to process block: invalid proof of work
Mining block at height 1...
✓ Found nonce: 14227
Failed to process block: invalid proof of work
Mining block at height 1...
✓ Found nonce: 127305
Failed to process block: invalid proof of work
Mining block at height 1...
✓ Found nonce: 99669
Failed to process block: invalid proof of work
Mining block at height 1...
✓ Found nonce: 75430
Failed to process block: invalid proof of work
Mining block at height 1...
✓ Found nonce: 63148
Failed to process block: invalid proof of work
Mining block at height 1...
✓ Found nonce: 38891
Failed to process block: invalid proof of work
Mining block at height 1...
✓ Found nonce: 4465
Failed to process block: invalid proof of work
Mining block at height 1...
✓ Found nonce: 76604
Failed to process block: invalid proof of work
Mining block at height 1...
✓ Found nonce: 35972
Failed to process block: invalid proof of work
Mining block at height 1...
✓ Found nonce: 82650
Failed to process block: invalid proof of work
Mining block at height 1...
✓ Found nonce: 6992
Failed to process block: invalid proof of work
Mining block at height 1...
✓ Found nonce: 54095
Failed to process block: invalid proof of work
Mining block at height 1...
✓ Found nonce: 100045
Failed to process block: invalid proof of work
Mining block at height 1...
✓ Found nonce: 112246
Failed to process block: invalid proof of work
Mining block at height 1...
✓ Found nonce: 2035
Failed to process block: invalid proof of work
Mining block at height 1...
✓ Found nonce: 50083
Failed to process block: invalid proof of work
Mining block at height 1...
✓ Found nonce: 21940
Failed to process block: invalid proof of work
Mining block at height 1...
✓ Found nonce: 10883
Failed to process block: invalid proof of work
Mining block at height 1...
✓ Found nonce: 35023
Failed to process block: invalid proof of work
Mining block at height 1...
✓ Found nonce: 63962
Failed to process block: invalid proof of work
Mining block at height 1...
✓ Found nonce: 37613
Failed to process block: invalid proof of work
Mining block at height 1...
✓ Found nonce: 37918
Failed to process block: invalid proof of work
Mining block at height 1...
✓ Found nonce: 8174
Failed to process block: invalid proof of work
Mining block at height 1...
✓ Found nonce: 144758
Failed to process block: invalid proof of work
Mining block at height 1...
✓ Found nonce: 46414
Failed to process block: invalid proof of work
Mining block at height 1...
✓ Found nonce: 14666
Failed to process block: invalid proof of work
Mining block at height 1...
✓ Found nonce: 12152
Failed to process block: invalid proof of work
Mining block at height 1...
✓ Found nonce: 100075
Failed to process block: invalid proof of work
Mining block at height 1...
✓ Found nonce: 31467
Failed to process block: invalid proof of work
Mining block at height 1...
✓ Found nonce: 63254
Failed to process block: invalid proof of work
Mining block at height 1...
✓ Found nonce: 23279
Failed to process block: invalid proof of work
Mining block at height 1...
✓ Found nonce: 240429
Failed to process block: invalid proof of work
Mining block at height 1...
✓ Found nonce: 66902
Failed to process block: invalid proof of work
Mining block at height 1...
✓ Found nonce: 130599
Failed to process block: invalid proof of work
Mining block at height 1...
✓ Found nonce: 51009
Failed to process block: invalid proof of work
Mining block at height 1...
✓ Found nonce: 96749
Failed to process block: invalid proof of work
Mining block at height 1...
✓ Found nonce: 26972
Failed to process block: invalid proof of work
Mining block at height 1...
✓ Found nonce: 51896
Failed to process block: invalid proof of work
Mining block at height 1...
✓ Found nonce: 76977
Failed to process block: invalid proof of work
Mining block at height 1...
✓ Found nonce: 2521
Failed to process block: invalid proof of work
Mining block at height 1...
✓ Found nonce: 6202
Failed to process block: invalid proof of work
Mining block at height 1...
✓ Found nonce: 945
Failed to process block: invalid proof of work
Mining block at height 1...
✓ Found nonce: 19247
Failed to process block: invalid proof of work
Mining block at height 1...
✓ Found nonce: 23789
Failed to process block: invalid proof of work
Mining block at height 1...
✓ Found nonce: 22617
Failed to process block: invalid proof of work
Mining block at height 1...
✓ Found nonce: 20517
Failed to process block: invalid proof of work
Mining block at height 1...
✓ Found nonce: 9858
Failed to process block: invalid proof of work
Mining block at height 1...
✓ Found nonce: 3640
Failed to process block: invalid proof of work
Mining block at height 1...
✓ Found nonce: 10747
Failed to process block: invalid proof of work
Mining block at height 1...
✓ Found nonce: 5115
Failed to process block: invalid proof of work
Mining block at height 1...
✓ Found nonce: 89485
Failed to process block: invalid proof of work
Mining block at height 1...
✓ Found nonce: 83678
Failed to process block: invalid proof of work
Mining block at height 1...
✓ Found nonce: 5812
Failed to process block: invalid proof of work
Mining block at height 1...
✓ Found nonce: 91596
Failed to process block: invalid proof of work
Mining block at height 1...
✓ Found nonce: 31907
Failed to process block: invalid proof of work
Mining block at height 1...
✓ Found nonce: 14668
Failed to process block: invalid proof of work
Mining block at height 1...
✓ Found nonce: 199248
Failed to process block: invalid proof of work
Mining block at height 1...
✓ Found nonce: 32309
Failed to process block: invalid proof of work
Mining block at height 1...
✓ Found nonce: 1431
Failed to process block: invalid proof of work
Mining block at height 1...
✓ Found nonce: 73042
Failed to process block: invalid proof of work
Mining block at height 1...
✓ Found nonce: 99522
Failed to process block: invalid proof of work
Mining block at height 1...
✓ Found nonce: 50221
Failed to process block: invalid proof of work
Mining block at height 1...
✓ Found nonce: 39950
Failed to process block: invalid proof of work
Mining block at height 1...
✓ Found nonce: 18564
Failed to process block: invalid proof of work
Mining block at height 1...
✓ Found nonce: 98786
Failed to process block: invalid proof of work
Mining block at height 1...
✓ Found nonce: 16645
Failed to process block: invalid proof of work
Mining block at height 1...
✓ Found nonce: 67192
Failed to process block: invalid proof of work
Mining block at height 1...
✓ Found nonce: 60560
Failed to process block: invalid proof of work
Mining block at height 1...
✓ Found nonce: 58733
Failed to process block: invalid proof of work
Mining block at height 1...
✓ Found nonce: 11222
Failed to process block: invalid proof of work
Mining block at height 1...
✓ Found nonce: 5356
Failed to process block: invalid proof of work
Mining block at height 1...
✓ Found nonce: 109206
Failed to process block: invalid proof of work
Mining block at height 1...
✓ Found nonce: 22857
Failed to process block: invalid proof of work
Mining block at height 1...
✓ Found nonce: 54784
Failed to process block: invalid proof of work
Mining block at height 1...
✓ Found nonce: 72466
Failed to process block: invalid proof of work
Mining block at height 1...
✓ Found nonce: 97579
Failed to process block: invalid proof of work
Mining block at height 1...
✓ Found nonce: 241689
Failed to process block: invalid proof of work
Mining block at height 1...
✓ Found nonce: 23400
Failed to process block: invalid proof of work
Mining block at height 1...
✓ Found nonce: 23489
Failed to process block: invalid proof of work
Mining block at height 1...
✓ Found nonce: 19790
Failed to process block: invalid proof of work
Mining block at height 1...
✓ Found nonce: 35771
Failed to process block: invalid proof of work
Mining block at height 1...
✓ Found nonce: 73059
Failed to process block: invalid proof of work
Mining block at height 1...
✓ Found nonce: 20046
Failed to process block: invalid proof of work
Mining block at height 1...
✓ Found nonce: 49782
Failed to process block: invalid proof of work
Mining block at height 1...
✓ Found nonce: 282992
Failed to process block: invalid proof of work
Mining block at height 1...
✓ Found nonce: 75088
Failed to process block: invalid proof of work
Mining block at height 1...
✓ Found nonce: 28779
Failed to process block: invalid proof of work
Mining block at height 1...
✓ Found nonce: 20568
Failed to process block: invalid proof of work
Mining block at height 1...
✓ Found nonce: 34769
Failed to process block: invalid proof of work
Mining block at height 1...
✓ Found nonce: 128343
Failed to process block: invalid proof of work
Mining block at height 1...
✓ Found nonce: 145778
Failed to process block: invalid proof of work
Mining block at height 1...
✓ Found nonce: 41478
Failed to process block: invalid proof of work
Mining block at height 1...
✓ Found nonce: 91942
Failed to process block: invalid proof of work
Mining block at height 1...
✓ Found nonce: 115950
Failed to process block: invalid proof of work
Mining block at height 1...
✓ Found nonce: 87655
Failed to process block: invalid proof of work
Mining block at height 1...
✓ Found nonce: 8567
Failed to process block: invalid proof of work
Mining block at height 1...
✓ Found nonce: 1743
Failed to process block: invalid proof of work
Mining block at height 1...
✓ Found nonce: 19567
Failed to process block: invalid proof of work
Mining block at height 1...
✓ Found nonce: 7073
Failed to process block: invalid proof of work
Mining block at height 1...
✓ Found nonce: 2484
Failed to process block: invalid proof of work
Mining block at height 1...
✓ Found nonce: 63440
Failed to process block: invalid proof of work
Mining block at height 1...
✓ Found nonce: 106609
Failed to process block: invalid proof of work
Mining block at height 1...
✓ Found nonce: 309226
Failed to process block: invalid proof of work
Mining block at height 1...
✓ Found nonce: 52372
Failed to process block: invalid proof of work
Mining block at height 1...
✓ Found nonce: 5874
Failed to process block: invalid proof of work
Mining block at height 1...
✓ Found nonce: 16706
Failed to process block: invalid proof of work
Mining block at height 1...
✓ Found nonce: 158543
Failed to process block: invalid proof of work
Mining block at height 1...
✓ Found nonce: 2840
Failed to process block: invalid proof of work
Mining block at height 1...
✓ Found nonce: 113930
Failed to process block: invalid proof of work
Mining block at height 1...
✓ Found nonce: 10050
Failed to process block: invalid proof of work
Mining block at height 1...
✓ Found nonce: 5044
Failed to process block: invalid proof of work
Mining block at height 1...
✓ Found nonce: 154930
Failed to process block: invalid proof of work
Mining block at height 1...
✓ Found nonce: 28619
Failed to process block: invalid proof of work
Mining block at height 1...
✓ Found nonce: 27804
Failed to process block: invalid proof of work
Mining block at height 1...
✓ Found nonce: 178086
Failed to process block: invalid proof of work
Mining block at height 1...
✓ Found nonce: 127737
Failed to process block: invalid proof of work
Mining block at height 1...
✓ Found nonce: 120847
Failed to process block: invalid proof of work
Mining block at height 1...
✓ Found nonce: 17709
Failed to process block: invalid proof of work
Mining block at height 1...
✓ Found nonce: 29481
Failed to process block: invalid proof of work
Mining block at height 1...
✓ Found nonce: 39034
Failed to process block: invalid proof of work
Mining block at height 1...
✓ Found nonce: 222929
Failed to process block: invalid proof of work
Mining block at height 1...
✓ Found nonce: 59281
Failed to process block: invalid proof of work
Mining block at height 1...
✓ Found nonce: 111007
Failed to process block: invalid proof of work
Mining block at height 1...
✓ Found nonce: 39271
Failed to process block: invalid proof of work
Mining block at height 1...
✓ Found nonce: 97292
Failed to process block: invalid proof of work
Mining block at height 1...
✓ Found nonce: 58292
Failed to process block: invalid proof of work
Mining block at height 1...
✓ Found nonce: 42480
Failed to process block: invalid proof of work
Mining block at height 1...
✓ Found nonce: 229217
Failed to process block: invalid proof of work
Mining block at height 1...
✓ Found nonce: 48419
Failed to process block: invalid proof of work
Mining block at height 1...
✓ Found nonce: 23803
Failed to process block: invalid proof of work
Mining block at height 1...
✓ Found nonce: 51265
Failed to process block: invalid proof of work
Mining block at height 1...
✓ Found nonce: 186052
Failed to process block: invalid proof of work
Mining block at height 1...
✓ Found nonce: 131932
Failed to process block: invalid proof of work
Mining block at height 1...
✓ Found nonce: 156786
Failed to process block: invalid proof of work
Mining block at height 1...
✓ Found nonce: 93733
Failed to process block: invalid proof of work
Mining block at height 1...
✓ Found nonce: 48020
Failed to process block: invalid proof of work
Mining block at height 1...
✓ Found nonce: 56562
Failed to process block: invalid proof of work
Mining block at height 1...
✓ Found nonce: 765
Failed to process block: invalid proof of work
Mining block at height 1...
✓ Found nonce: 22838
Failed to process block: invalid proof of work
Mining block at height 1...
✓ Found nonce: 85688
Failed to process block: invalid proof of work
Mining block at height 1...
✓ Found nonce: 7545
Failed to process block: invalid proof of work
Mining block at height 1...
✓ Found nonce: 6346
Failed to process block: invalid proof of work
Mining block at height 1...
✓ Found nonce: 19570
Failed to process block: invalid proof of work
Mining block at height 1...
✓ Found nonce: 109143
Failed to process block: invalid proof of work
Mining block at height 1...
✓ Found nonce: 11691
Failed to process block: invalid proof of work
Mining block at height 1...
✓ Found nonce: 64275
Failed to process block: invalid proof of work
Mining block at height 1...
✓ Found nonce: 77430
Failed to process block: invalid proof of work
Mining block at height 1...
✓ Found nonce: 45591
Failed to process block: invalid proof of work
Mining block at height 1...
✓ Found nonce: 43999
Failed to process block: invalid proof of work
Mining block at height 1...
✓ Found nonce: 34987
Failed to process block: invalid proof of work
Mining block at height 1...
✓ Found nonce: 6778
Failed to process block: invalid proof of work
Mining block at height 1...
✓ Found nonce: 45372
Failed to process block: invalid proof of work
Mining block at height 1...
✓ Found nonce: 44237
Failed to process block: invalid proof of work
Mining block at height 1...
✓ Found nonce: 56320
Failed to process block: invalid proof of work
Mining block at height 1...
✓ Found nonce: 125094
Failed to process block: invalid proof of work
Mining block at height 1...
✓ Found nonce: 212100
Failed to process block: invalid proof of work
Mining block at height 1...
✓ Found nonce: 22952
Failed to process block: invalid proof of work
Mining block at height 1...
✓ Found nonce: 66229
Failed to process block: invalid proof of work
Mining block at height 1...
✓ Found nonce: 192335
Failed to process block: invalid proof of work
Mining block at height 1...
✓ Found nonce: 71532
Failed to process block: invalid proof of work
Mining block at height 1...
✓ Found nonce: 33139
Failed to process block: invalid proof of work
Mining block at height 1...
✓ Found nonce: 44627
Failed to process block: invalid proof of work
Mining block at height 1...
✓ Found nonce: 33626
Failed to process block: invalid proof of work
Mining block at height 1...
✓ Found nonce: 89369
Failed to process block: invalid proof of work
Mining block at height 1...
✓ Found nonce: 40544
Failed to process block: invalid proof of work
Mining block at height 1...
✓ Found nonce: 231667
Failed to process block: invalid proof of work
Mining block at height 1...
✓ Found nonce: 110105
Failed to process block: invalid proof of work
Mining block at height 1...
✓ Found nonce: 95440
Failed to process block: invalid proof of work
Mining block at height 1...
✓ Found nonce: 11912
Failed to process block: invalid proof of work
Mining block at height 1...
✓ Found nonce: 18679
Failed to process block: invalid proof of work
Mining block at height 1...
✓ Found nonce: 17735
Failed to process block: invalid proof of work
Mining block at height 1...
✓ Found nonce: 68158
Failed to process block: invalid proof of work
Mining block at height 1...
✓ Found nonce: 53386
Failed to process block: invalid proof of work
Mining block at height 1...
✓ Found nonce: 105279
Failed to process block: invalid proof of work
Mining block at height 1...
✓ Found nonce: 25869
Failed to process block: invalid proof of work
Mining block at height 1...
✓ Found nonce: 422843
Failed to process block: invalid proof of work
Mining block at height 1...
✓ Found nonce: 124765
Failed to process block: invalid proof of work
Mining block at height 1...
✓ Found nonce: 11759
Failed to process block: invalid proof of work
Mining block at height 1...
✓ Found nonce: 50777
Failed to process block: invalid proof of work
Mining block at height 1...
✓ Found nonce: 41132
Failed to process block: invalid proof of work
Mining block at height 1...
✓ Found nonce: 39992
Failed to process block: invalid proof of work
Mining block at height 1...
✓ Found nonce: 174208
Failed to process block: invalid proof of work
Mining block at height 1...
✓ Found nonce: 110941
Failed to process block: invalid proof of work
Mining block at height 1...
✓ Found nonce: 58080
Failed to process block: invalid proof of work
Mining block at height 1...
✓ Found nonce: 35400
Failed to process block: invalid proof of work
Mining block at height 1...
✓ Found nonce: 52651
Failed to process block: invalid proof of work
Mining block at height 1...
✓ Found nonce: 5905
Failed to process block: invalid proof of work
Mining block at height 1...
✓ Found nonce: 55268
Failed to process block: invalid proof of work
Mining block at height 1...
✓ Found nonce: 8200
Failed to process block: invalid proof of work
Mining block at height 1...
✓ Found nonce: 106838
Failed to process block: invalid proof of work
Mining block at height 1...
✓ Found nonce: 91623
Failed to process block: invalid proof of work
Mining block at height 1...
✓ Found nonce: 86908
Failed to process block: invalid proof of work
Mining block at height 1...
✓ Found nonce: 14845
Failed to process block: invalid proof of work
Mining block at height 1...
✓ Found nonce: 2882
Failed to process block: invalid proof of work
Mining block at height 1...
✓ Found nonce: 6500
Failed to process block: invalid proof of work
Mining block at height 1...
✓ Found nonce: 30288
Failed to process block: invalid proof of work
Mining block at height 1...
✓ Found nonce: 10920
Failed to process block: invalid proof of work
Mining block at height 1...
✓ Found nonce: 6610
Failed to process block: invalid proof of work
Mining block at height 1...
✓ Found nonce: 10587
Failed to process block: invalid proof of work
Mining block at height 1...
✓ Found nonce: 226599
Failed to process block: invalid proof of work
Mining block at height 1...
✓ Found nonce: 20909
Failed to process block: invalid proof of work
Mining block at height 1...
✓ Found nonce: 23727
Failed to process block: invalid proof of work
Mining block at height 1...
✓ Found nonce: 103032
Failed to process block: invalid proof of work
Mining block at height 1...
✓ Found nonce: 65862
Failed to process block: invalid proof of work
Mining block at height 1...
✓ Found nonce: 164202
Failed to process block: invalid proof of work
Mining block at height 1...
✓ Found nonce: 117120
Failed to process block: invalid proof of work
Mining block at height 1...
✓ Found nonce: 195225
Failed to process block: invalid proof of work
Mining block at height 1...
✓ Found nonce: 15675
Failed to process block: invalid proof of work
Mining block at height 1...
✓ Found nonce: 132264
Failed to process block: invalid proof of work
Mining block at height 1...
✓ Found nonce: 300803
Failed to process block: invalid proof of work
Mining block at height 1...
✓ Found nonce: 48899
Failed to process block: invalid proof of work
Mining block at height 1...
✓ Found nonce: 22043
Failed to process block: invalid proof of work
Mining block at height 1...
✓ Found nonce: 139121
Failed to process block: invalid proof of work
Mining block at height 1...
✓ Found nonce: 124506
Failed to process block: invalid proof of work
Mining block at height 1...
✓ Found nonce: 45667
Failed to process block: invalid proof of work
Mining block at height 1...
✓ Found nonce: 52563
Failed to process block: invalid proof of work
Mining block at height 1...
✓ Found nonce: 10598
Failed to process block: invalid proof of work
Mining block at height 1...
✓ Found nonce: 2971
Failed to process block: invalid proof of work
Mining block at height 1...
✓ Found nonce: 101235
Failed to process block: invalid proof of work
Mining block at height 1...
✓ Found nonce: 261886
Failed to process block: invalid proof of work
Mining block at height 1...
✓ Found nonce: 33163
Failed to process block: invalid proof of work
Mining block at height 1...
✓ Found nonce: 39577
Failed to process block: invalid proof of work
Mining block at height 1...
✓ Found nonce: 104217
Failed to process block: invalid proof of work
Mining block at height 1...
✓ Found nonce: 17956
Failed to process block: invalid proof of work
Mining block at height 1...
✓ Found nonce: 18860
Failed to process block: invalid proof of work
Mining block at height 1...
✓ Found nonce: 66704
Failed to process block: invalid proof of work
Mining block at height 1...
✓ Found nonce: 40018
Failed to process block: invalid proof of work
Mining block at height 1...
✓ Found nonce: 53984
Failed to process block: invalid proof of work
Mining block at height 1...
✓ Found nonce: 54341
Failed to process block: invalid proof of work
Mining block at height 1...
✓ Found nonce: 21136
Failed to process block: invalid proof of work
Mining block at height 1...
✓ Found nonce: 23133
Failed to process block: invalid proof of work
Mining block at height 1...
✓ Found nonce: 126636
Failed to process block: invalid proof of work
Mining block at height 1...
✓ Found nonce: 109336
Failed to process block: invalid proof of work
Mining block at height 1...
✓ Found nonce: 54765
Failed to process block: invalid proof of work
Mining block at height 1...
✓ Found nonce: 57284
Failed to process block: invalid proof of work
Mining block at height 1...
✓ Found nonce: 125508
Failed to process block: invalid proof of work
Mining block at height 1...
✓ Found nonce: 55034
Failed to process block: invalid proof of work
Mining block at height 1...
✓ Found nonce: 51808
Failed to process block: invalid proof of work
Mining block at height 1...
✓ Found nonce: 19391
Failed to process block: invalid proof of work
Mining block at height 1...
✓ Found nonce: 82162
Failed to process block: invalid proof of work
Mining block at height 1...
✓ Found nonce: 5920
Failed to process block: invalid proof of work
Mining block at height 1...
✓ Found nonce: 34361
Failed to process block: invalid proof of work
Mining block at height 1...
✓ Found nonce: 280396
Failed to process block: invalid proof of work
Mining block at height 1...
✓ Found nonce: 32403
Failed to process block: invalid proof of work
Mining block at height 1...
✓ Found nonce: 104035
Failed to process block: invalid proof of work
Mining block at height 1...
✓ Found nonce: 46164
Failed to process block: invalid proof of work
Mining block at height 1...
✓ Found nonce: 142986
Failed to process block: invalid proof of work
Mining block at height 1...
✓ Found nonce: 142349
Failed to process block: invalid proof of work
Mining block at height 1...
✓ Found nonce: 9016
Failed to process block: invalid proof of work
Mining block at height 1...
✓ Found nonce: 34345
Failed to process block: invalid proof of work
Mining block at height 1...
✓ Found nonce: 42177
Failed to process block: invalid proof of work
Mining block at height 1...
✓ Found nonce: 177098
Failed to process block: invalid proof of work
Mining block at height 1...
✓ Found nonce: 65535
Failed to process block: invalid proof of work
Mining block at height 1...
✓ Found nonce: 48778
Failed to process block: invalid proof of work
Mining block at height 1...
✓ Found nonce: 31926
Failed to process block: invalid proof of work
Mining block at height 1...
✓ Found nonce: 58095
Failed to process block: invalid proof of work
Mining block at height 1...
✓ Found nonce: 2891
Failed to process block: invalid proof of work
Mining block at height 1...
✓ Found nonce: 21771
Failed to process block: invalid proof of work
Mining block at height 1...
✓ Found nonce: 32512
Failed to process block: invalid proof of work
Mining block at height 1...
✓ Found nonce: 199542
Failed to process block: invalid proof of work
Mining block at height 1...
✓ Found nonce: 5608
Failed to process block: invalid proof of work
Mining block at height 1...
✓ Found nonce: 157912
Failed to process block: invalid proof of work
Mining block at height 1...
✓ Found nonce: 63774
Failed to process block: invalid proof of work
Mining block at height 1...
✓ Found nonce: 39034
Failed to process block: invalid proof of work
Mining block at height 1...
✓ Found nonce: 5766
Failed to process block: invalid proof of work
Mining block at height 1...
✓ Found nonce: 48883
Failed to process block: invalid proof of work
Mining block at height 1...
✓ Found nonce: 80151
Failed to process block: invalid proof of work
Mining block at height 1...
✓ Found nonce: 35289
Failed to process block: invalid proof of work
Mining block at height 1...
✓ Found nonce: 216481
Failed to process block: invalid proof of work
Mining block at height 1...
✓ Found nonce: 526
Failed to process block: invalid proof of work
Mining block at height 1...
✓ Found nonce: 71029
Failed to process block: invalid proof of work
Mining block at height 1...
✓ Found nonce: 33534
Failed to process block: invalid proof of work
Mining block at height 1...
✓ Found nonce: 2858
Failed to process block: invalid proof of work
Mining block at height 1...
✓ Found nonce: 40123
Failed to process block: invalid proof of work
Mining block at height 1...
✓ Found nonce: 6385
Failed to process block: invalid proof of work
Mining block at height 1...
✓ Found nonce: 25637
Failed to process block: invalid proof of work
Mining block at height 1...
✓ Found nonce: 26829
Failed to process block: invalid proof of work
Mining block at height 1...
✓ Found nonce: 14405
Failed to process block: invalid proof of work
Mining block at height 1...
✓ Found nonce: 125451
Failed to process block: invalid proof of work
Mining block at height 1...
✓ Found nonce: 66453
Failed to process block: invalid proof of work
Mining block at height 1...
✓ Found nonce: 71795
Failed to process block: invalid proof of work
Mining block at height 1...
✓ Found nonce: 12000
Failed to process block: invalid proof of work
Mining block at height 1...
✓ Found nonce: 1500
Failed to process block: invalid proof of work
Mining block at height 1...
✓ Found nonce: 67586
Failed to process block: invalid proof of work
Mining block at height 1...
✓ Found nonce: 114368
Failed to process block: invalid proof of work
Mining block at height 1...
✓ Found nonce: 32872
Failed to process block: invalid proof of work
Mining block at height 1...
✓ Found nonce: 19391
Failed to process block: invalid proof of work
Mining block at height 1...
✓ Found nonce: 99301
Failed to process block: invalid proof of work
Mining block at height 1...
✓ Found nonce: 232379
Failed to process block: invalid proof of work
Mining block at height 1...
✓ Found nonce: 30063
Failed to process block: invalid proof of work
Mining block at height 1...
✓ Found nonce: 12414
Failed to process block: invalid proof of work
Mining block at height 1...
✓ Found nonce: 48270
Failed to process block: invalid proof of work
Mining block at height 1...
✓ Found nonce: 184515
Failed to process block: invalid proof of work
Mining block at height 1...
✓ Found nonce: 47655
Failed to process block: invalid proof of work
Mining block at height 1...
✓ Found nonce: 11737
Failed to process block: invalid proof of work
Mining block at height 1...
✓ Found nonce: 57146
Failed to process block: invalid proof of work
Mining block at height 1...
✓ Found nonce: 13156
Failed to process block: invalid proof of work
Mining block at height 1...
✓ Found nonce: 97183
Failed to process block: invalid proof of work
Mining block at height 1...
✓ Found nonce: 145190
Failed to process block: invalid proof of work
Mining block at height 1...
✓ Found nonce: 12683
Failed to process block: invalid proof of work
Mining block at height 1...
✓ Found nonce: 118679
Failed to process block: invalid proof of work
Mining block at height 1...
✓ Found nonce: 70787
Failed to process block: invalid proof of work
Mining block at height 1...
✓ Found nonce: 43124
Failed to process block: invalid proof of work
Mining block at height 1...
✓ Found nonce: 43903
Failed to process block: invalid proof of work
Mining block at height 1...
✓ Found nonce: 40131
Failed to process block: invalid proof of work
Mining block at height 1...
✓ Found nonce: 33337
Failed to process block: invalid proof of work
Mining block at height 1...
✓ Found nonce: 17507
Failed to process block: invalid proof of work
Mining block at height 1...
✓ Found nonce: 20789
Failed to process block: invalid proof of work
Mining block at height 1...
✓ Found nonce: 38003
Failed to process block: invalid proof of work
Mining block at height 1...
✓ Found nonce: 32657
Failed to process block: invalid proof of work
Mining block at height 1...
✓ Found nonce: 58797
Failed to process block: invalid proof of work
Mining block at height 1...
✓ Found nonce: 41703
Failed to process block: invalid proof of work
Mining block at height 1...
✓ Found nonce: 86179
Failed to process block: invalid proof of work
Mining block at height 1...
✓ Found nonce: 187157
Failed to process block: invalid proof of work
Mining block at height 1...
✓ Found nonce: 59968
Failed to process block: invalid proof of work
Mining block at height 1...
✓ Found nonce: 47646
Failed to process block: invalid proof of work
Mining block at height 1...
✓ Found nonce: 45750
Failed to process block: invalid proof of work
Mining block at height 1...
✓ Found nonce: 129444
Failed to process block: invalid proof of work
Mining block at height 1...
✓ Found nonce: 1247
Failed to process block: invalid proof of work
Mining block at height 1...
✓ Found nonce: 104290
Failed to process block: invalid proof of work
Mining block at height 1...
✓ Found nonce: 85803
Failed to process block: invalid proof of work
Mining block at height 1...
✓ Found nonce: 45972
Failed to process block: invalid proof of work
Mining block at height 1...
✓ Found nonce: 144792
Failed to process block: invalid proof of work
Mining block at height 1...
✓ Found nonce: 125305
Failed to process block: invalid proof of work
Mining block at height 1...
✓ Found nonce: 143533
Failed to process block: invalid proof of work
Mining block at height 1...
✓ Found nonce: 5981
Failed to process block: invalid proof of work
Mining block at height 1...
✓ Found nonce: 83695
Failed to process block: invalid proof of work
Mining block at height 1...
✓ Found nonce: 15004
Failed to process block: invalid proof of work
Mining block at height 1...
✓ Found nonce: 26747
Failed to process block: invalid proof of work
Mining block at height 1...
✓ Found nonce: 6211
Failed to process block: invalid proof of work
Mining block at height 1...
✓ Found nonce: 22211
Failed to process block: invalid proof of work
Mining block at height 1...
✓ Found nonce: 20342
Failed to process block: invalid proof of work
Mining block at height 1...
✓ Found nonce: 16976
Failed to process block: invalid proof of work
Mining block at height 1...
✓ Found nonce: 66043
Failed to process block: invalid proof of work
Mining block at height 1...
✓ Found nonce: 127373
Failed to process block: invalid proof of work
Mining block at height 1...
✓ Found nonce: 80765
Failed to process block: invalid proof of work
Mining block at height 1...
✓ Found nonce: 59363
Failed to process block: invalid proof of work
Mining block at height 1...
✓ Found nonce: 3218
Failed to process block: invalid proof of work
Mining block at height 1...
✓ Found nonce: 15805
Failed to process block: invalid proof of work
Mining block at height 1...
✓ Found nonce: 15412
Failed to process block: invalid proof of work
Mining block at height 1...
✓ Found nonce: 51884
Failed to process block: invalid proof of work
Mining block at height 1...
✓ Found nonce: 17962
Failed to process block: invalid proof of work
Mining block at height 1...
✓ Found nonce: 22114
Failed to process block: invalid proof of work
Mining block at height 1...
✓ Found nonce: 101473
Failed to process block: invalid proof of work
Mining block at height 1...
✓ Found nonce: 88544
Failed to process block: invalid proof of work
Mining block at height 1...
✓ Found nonce: 19434
Failed to process block: invalid proof of work
Mining block at height 1...
✓ Found nonce: 5188
Failed to process block: invalid proof of work
Mining block at height 1...
✓ Found nonce: 68420
Failed to process block: invalid proof of work
Mining block at height 1...
✓ Found nonce: 77216
Failed to process block: invalid proof of work
Mining block at height 1...
✓ Found nonce: 130191
Failed to process block: invalid proof of work
Mining block at height 1...
✓ Found nonce: 64758
Failed to process block: invalid proof of work
Mining block at height 1...
✓ Found nonce: 56463
Failed to process block: invalid proof of work
Mining block at height 1...
✓ Found nonce: 54776
Failed to process block: invalid proof of work
Mining block at height 1...
✓ Found nonce: 6336
Failed to process block: invalid proof of work
Mining block at height 1...
✓ Found nonce: 1010
Failed to process block: invalid proof of work
Mining block at height 1...
✓ Found nonce: 26217
Failed to process block: invalid proof of work
Mining block at height 1...
✓ Found nonce: 91333
Failed to process block: invalid proof of work
Mining block at height 1...
✓ Found nonce: 46766
Failed to process block: invalid proof of work
Mining block at height 1...
✓ Found nonce: 48345
Failed to process block: invalid proof of work
Mining block at height 1...
✓ Found nonce: 125566
Failed to process block: invalid proof of work
Mining block at height 1...
✓ Found nonce: 16000
Failed to process block: invalid proof of work
Mining block at height 1...
✓ Found nonce: 249404
Failed to process block: invalid proof of work
Mining block at height 1...
✓ Found nonce: 64684
Failed to process block: invalid proof of work
Mining block at height 1...
✓ Found nonce: 34082
Failed to process block: invalid proof of work
Mining block at height 1...
✓ Found nonce: 37028
Failed to process block: invalid proof of work
Mining block at height 1...
✓ Found nonce: 32878
Failed to process block: invalid proof of work
Mining block at height 1...
✓ Found nonce: 4380
Failed to process block: invalid proof of work
Mining block at height 1...
✓ Found nonce: 50880
Failed to process block: invalid proof of work
Mining block at height 1...
✓ Found nonce: 19226
Failed to process block: invalid proof of work
Mining block at height 1...
✓ Found nonce: 200805
Failed to process block: invalid proof of work
Mining block at height 1...
✓ Found nonce: 76947
Failed to process block: invalid proof of work
Mining block at height 1...
✓ Found nonce: 67790
Failed to process block: invalid proof of work
Mining block at height 1...
✓ Found nonce: 124849
Failed to process block: invalid proof of work
Mining block at height 1...
✓ Found nonce: 161717
Failed to process block: invalid proof of work
Mining block at height 1...
✓ Found nonce: 99249
Failed to process block: invalid proof of work
Mining block at height 1...
✓ Found nonce: 49232
Failed to process block: invalid proof of work
Mining block at height 1...
✓ Found nonce: 142600
Failed to process block: invalid proof of work
Mining block at height 1...
✓ Found nonce: 52361
Failed to process block: invalid proof of work
Mining block at height 1...
✓ Found nonce: 73242
Failed to process block: invalid proof of work
Mining block at height 1...
✓ Found nonce: 54577
Failed to process block: invalid proof of work
Mining block at height 1...
✓ Found nonce: 51670
Failed to process block: invalid proof of work
Mining block at height 1...
✓ Found nonce: 13697
Failed to process block: invalid proof of work
Mining block at height 1...
✓ Found nonce: 52848
Failed to process block: invalid proof of work
Mining block at height 1...
✓ Found nonce: 14505
Failed to process block: invalid proof of work
Mining block at height 1...
✓ Found nonce: 34886
Failed to process block: invalid proof of work
Mining block at height 1...
✓ Found nonce: 80235
Failed to process block: invalid proof of work
Mining block at height 1...
✓ Found nonce: 7952
Failed to process block: invalid proof of work
Mining block at height 1...
✓ Found nonce: 137977
Failed to process block: invalid proof of work
Mining block at height 1...
✓ Found nonce: 65646
Failed to process block: invalid proof of work
Mining block at height 1...
✓ Found nonce: 237644
Failed to process block: invalid proof of work
Mining block at height 1...
✓ Found nonce: 114139
Failed to process block: invalid proof of work
Mining block at height 1...
✓ Found nonce: 41512
Failed to process block: invalid proof of work
Mining block at height 1...
✓ Found nonce: 213198
Failed to process block: invalid proof of work
Mining block at height 1...
✓ Found nonce: 82348
Failed to process block: invalid proof of work
Mining block at height 1...
✓ Found nonce: 225260
Failed to process block: invalid proof of work
Mining block at height 1...
✓ Found nonce: 313862
Failed to process block: invalid proof of work
Mining block at height 1...
✓ Found nonce: 31725
Failed to process block: invalid proof of work
Mining block at height 1...
✓ Found nonce: 46412
Failed to process block: invalid proof of work
Mining block at height 1...
✓ Found nonce: 123092
Failed to process block: invalid proof of work
Mining block at height 1...
✓ Found nonce: 4687
Failed to process block: invalid proof of work
Mining block at height 1...
✓ Found nonce: 21712
Failed to process block: invalid proof of work
Mining block at height 1...
✓ Found nonce: 77771
Failed to process block: invalid proof of work
Mining block at height 1...
✓ Found nonce: 23415
Failed to process block: invalid proof of work
Mining block at height 1...
✓ Found nonce: 107904
Failed to process block: invalid proof of work
Mining block at height 1...
✓ Found nonce: 16951
Failed to process block: invalid proof of work
Mining block at height 1...
✓ Found nonce: 55453
Failed to process block: invalid proof of work
Mining block at height 1...
✓ Found nonce: 59901
Failed to process block: invalid proof of work
Mining block at height 1...
✓ Found nonce: 81677
Failed to process block: invalid proof of work
Mining block at height 1...
✓ Found nonce: 62825
Failed to process block: invalid proof of work
Mining block at height 1...
✓ Found nonce: 16175
Failed to process block: invalid proof of work
Mining block at height 1...
✓ Found nonce: 3409
Failed to process block: invalid proof of work
Mining block at height 1...
✓ Found nonce: 14785
Failed to process block: invalid proof of work
Mining block at height 1...
✓ Found nonce: 122801
Failed to process block: invalid proof of work
Mining block at height 1...
✓ Found nonce: 2859
Failed to process block: invalid proof of work
Mining block at height 1...
✓ Found nonce: 5396
Failed to process block: invalid proof of work
Mining block at height 1...
✓ Found nonce: 778
Failed to process block: invalid proof of work
Mining block at height 1...
✓ Found nonce: 113103
Failed to process block: invalid proof of work
Mining block at height 1...
✓ Found nonce: 76524
Failed to process block: invalid proof of work
Mining block at height 1...
✓ Found nonce: 70459
Failed to process block: invalid proof of work
Mining block at height 1...
✓ Found nonce: 26931
Failed to process block: invalid proof of work
Mining block at height 1...
✓ Found nonce: 7095
Failed to process block: invalid proof of work
Mining block at height 1...
✓ Found nonce: 4978
Failed to process block: invalid proof of work
Mining block at height 1...
✓ Found nonce: 196750
Failed to process block: invalid proof of work
Mining block at height 1...
✓ Found nonce: 46088
Failed to process block: invalid proof of work
Mining block at height 1...
✓ Found nonce: 20002
Failed to process block: invalid proof of work
Mining block at height 1...
✓ Found nonce: 24459
Failed to process block: invalid proof of work
Mining block at height 1...
✓ Found nonce: 70405
Failed to process block: invalid proof of work
Mining block at height 1...
✓ Found nonce: 41406
Failed to process block: invalid proof of work
Mining block at height 1...
✓ Found nonce: 119177
Failed to process block: invalid proof of work
Mining block at height 1...
✓ Found nonce: 59565
Failed to process block: invalid proof of work
Mining block at height 1...
✓ Found nonce: 46576
Failed to process block: invalid proof of work
Mining block at height 1...
✓ Found nonce: 160513
Failed to process block: invalid proof of work
Mining block at height 1...
✓ Found nonce: 7936
Failed to process block: invalid proof of work
Mining block at height 1...
✓ Found nonce: 171622
Failed to process block: invalid proof of work
Mining block at height 1...
✓ Found nonce: 19734
Failed to process block: invalid proof of work
Mining block at height 1...
✓ Found nonce: 52049
Failed to process block: invalid proof of work
Mining block at height 1...
✓ Found nonce: 32751
Failed to process block: invalid proof of work
Mining block at height 1...
✓ Found nonce: 82286
Failed to process block: invalid proof of work
Mining block at height 1...
✓ Found nonce: 1754
Failed to process block: invalid proof of work
Mining block at height 1...
✓ Found nonce: 29908
Failed to process block: invalid proof of work
Mining block at height 1...
✓ Found nonce: 8947
Failed to process block: invalid proof of work
Mining block at height 1...
✓ Found nonce: 3033
Failed to process block: invalid proof of work
Mining block at height 1...
✓ Found nonce: 8866
Failed to process block: invalid proof of work
Mining block at height 1...
✓ Found nonce: 6257
Failed to process block: invalid proof of work
Mining block at height 1...
✓ Found nonce: 35571
Failed to process block: invalid proof of work
Mining block at height 1...
✓ Found nonce: 17150
Failed to process block: invalid proof of work
Mining block at height 1...
✓ Found nonce: 102517
Failed to process block: invalid proof of work
Mining block at height 1...
✓ Found nonce: 120738
Failed to process block: invalid proof of work
Mining block at height 1...
✓ Found nonce: 39690
Failed to process block: invalid proof of work
Mining block at height 1...
✓ Found nonce: 55478
Failed to process block: invalid proof of work
Mining block at height 1...
✓ Found nonce: 32871
Failed to process block: invalid proof of work
Mining block at height 1...
✓ Found nonce: 17234
Failed to process block: invalid proof of work
Mining block at height 1...
✓ Found nonce: 31657
Failed to process block: invalid proof of work
Mining block at height 1...
✓ Found nonce: 46022
Failed to process block: invalid proof of work
Mining block at height 1...
✓ Found nonce: 6735
Failed to process block: invalid proof of work
Mining block at height 1...
✓ Found nonce: 34641
Failed to process block: invalid proof of work
Mining block at height 1...
✓ Found nonce: 31780
Failed to process block: invalid proof of work
Mining block at height 1...
✓ Found nonce: 47665
Failed to process block: invalid proof of work
Mining block at height 1...
✓ Found nonce: 9247
Failed to process block: invalid proof of work
Mining block at height 1...
✓ Found nonce: 25008
Failed to process block: invalid proof of work
Mining block at height 1...
✓ Found nonce: 2628
Failed to process block: invalid proof of work
Mining block at height 1...
✓ Found nonce: 2978
Failed to process block: invalid proof of work
Mining block at height 1...
✓ Found nonce: 76587
Failed to process block: invalid proof of work
Mining block at height 1...
✓ Found nonce: 88030
Failed to process block: invalid proof of work
Mining block at height 1...
✓ Found nonce: 171136
Failed to process block: invalid proof of work
Mining block at height 1...
✓ Found nonce: 107309
Failed to process block: invalid proof of work
Mining block at height 1...
✓ Found nonce: 16259
Failed to process block: invalid proof of work
Mining block at height 1...
✓ Found nonce: 4011
Failed to process block: invalid proof of work
Mining block at height 1...
✓ Found nonce: 93998
Failed to process block: invalid proof of work
Mining block at height 1...
✓ Found nonce: 4002
Failed to process block: invalid proof of work
Mining block at height 1...
✓ Found nonce: 37580
Failed to process block: invalid proof of work
Mining block at height 1...
✓ Found nonce: 34966
Failed to process block: invalid proof of work
Mining block at height 1...
✓ Found nonce: 124109
Failed to process block: invalid proof of work
Mining block at height 1...
✓ Found nonce: 204679
Failed to process block: invalid proof of work
Mining block at height 1...
✓ Found nonce: 165107
Failed to process block: invalid proof of work
Mining block at height 1...
✓ Found nonce: 68173
Failed to process block: invalid proof of work
Mining block at height 1...
✓ Found nonce: 64345
Failed to process block: invalid proof of work
Mining block at height 1...
✓ Found nonce: 8994
Failed to process block: invalid proof of work
Mining block at height 1...
✓ Found nonce: 37533
Failed to process block: invalid proof of work
Mining block at height 1...
✓ Found nonce: 115779
Failed to process block: invalid proof of work
Mining block at height 1...
✓ Found nonce: 45582
Failed to process block: invalid proof of work
Mining block at height 1...
✓ Found nonce: 21394
Failed to process block: invalid proof of work
Mining block at height 1...
✓ Found nonce: 27880
Failed to process block: invalid proof of work
Mining block at height 1...
✓ Found nonce: 44153
Failed to process block: invalid proof of work
Mining block at height 1...
✓ Found nonce: 18059
Failed to process block: invalid proof of work
Mining block at height 1...
✓ Found nonce: 3674
Failed to process block: invalid proof of work
Mining block at height 1...
✓ Found nonce: 145873
Failed to process block: invalid proof of work
Mining block at height 1...
✓ Found nonce: 66598
Failed to process block: invalid proof of work
Mining block at height 1...
✓ Found nonce: 57296
Failed to process block: invalid proof of work
Mining block at height 1...
✓ Found nonce: 170940
Failed to process block: invalid proof of work
Mining block at height 1...
✓ Found nonce: 142218
Failed to process block: invalid proof of work
Mining block at height 1...
✓ Found nonce: 79841
Failed to process block: invalid proof of work
Mining block at height 1...
✓ Found nonce: 1217
Failed to process block: invalid proof of work
Mining block at height 1...
✓ Found nonce: 14688
Failed to process block: invalid proof of work
Mining block at height 1...
✓ Found nonce: 28573
Failed to process block: invalid proof of work
Mining block at height 1...
✓ Found nonce: 8380
Failed to process block: invalid proof of work
Mining block at height 1...
✓ Found nonce: 48787
Failed to process block: invalid proof of work
Mining block at height 1...
✓ Found nonce: 37922
Failed to process block: invalid proof of work
Mining block at height 1...
✓ Found nonce: 15062
Failed to process block: invalid proof of work
Mining block at height 1...
✓ Found nonce: 73446
Failed to process block: invalid proof of work
Mining block at height 1...
✓ Found nonce: 6128
Failed to process block: invalid proof of work
Mining block at height 1...
✓ Found nonce: 131274
Failed to process block: invalid proof of work
Mining block at height 1...
✓ Found nonce: 165833
Failed to process block: invalid proof of work
Mining block at height 1...
✓ Found nonce: 30560
Failed to process block: invalid proof of work
Mining block at height 1...
✓ Found nonce: 16549
Failed to process block: invalid proof of work
Mining block at height 1...
✓ Found nonce: 72409
Failed to process block: invalid proof of work
Mining block at height 1...
✓ Found nonce: 100979
Failed to process block: invalid proof of work
Mining block at height 1...
✓ Found nonce: 16925
Failed to process block: invalid proof of work
Mining block at height 1...
✓ Found nonce: 73185
Failed to process block: invalid proof of work
Mining block at height 1...
✓ Found nonce: 4511
Failed to process block: invalid proof of work
Mining block at height 1...
✓ Found nonce: 9277
Failed to process block: invalid proof of work
Mining block at height 1...
✓ Found nonce: 92682
Failed to process block: invalid proof of work
Mining block at height 1...
✓ Found nonce: 18988
Failed to process block: invalid proof of work
Mining block at height 1...
✓ Found nonce: 33719
Failed to process block: invalid proof of work
Mining block at height 1...
✓ Found nonce: 31873
Failed to process block: invalid proof of work
Mining block at height 1...
✓ Found nonce: 12875
Failed to process block: invalid proof of work
Mining block at height 1...
✓ Found nonce: 34408
Failed to process block: invalid proof of work
Mining block at height 1...
✓ Found nonce: 63043
Failed to process block: invalid proof of work
Mining block at height 1...
✓ Found nonce: 26989
Failed to process block: invalid proof of work
Mining block at height 1...
✓ Found nonce: 58585
Failed to process block: invalid proof of work
Mining block at height 1...
✓ Found nonce: 8539
Failed to process block: invalid proof of work
Mining block at height 1...
✓ Found nonce: 105519
Failed to process block: invalid proof of work
Mining block at height 1...
✓ Found nonce: 2274
Failed to process block: invalid proof of work
Mining block at height 1...
✓ Found nonce: 28453
Failed to process block: invalid proof of work
Mining block at height 1...
✓ Found nonce: 102312
Failed to process block: invalid proof of work
Mining block at height 1...
✓ Found nonce: 102608
Failed to process block: invalid proof of work
Mining block at height 1...
✓ Found nonce: 211615
Failed to process block: invalid proof of work
Mining block at height 1...
✓ Found nonce: 95969
Failed to process block: invalid proof of work
Mining block at height 1...
✓ Found nonce: 26805
Failed to process block: invalid proof of work
Mining block at height 1...
✓ Found nonce: 170064
Failed to process block: invalid proof of work
Mining block at height 1...
✓ Found nonce: 111845
Failed to process block: invalid proof of work
Mining block at height 1...
✓ Found nonce: 45992
Failed to process block: invalid proof of work
Mining block at height 1...
✓ Found nonce: 47866
Failed to process block: invalid proof of work
Mining block at height 1...
✓ Found nonce: 78769
Failed to process block: invalid proof of work
Mining block at height 1...
✓ Found nonce: 1428
Failed to process block: invalid proof of work
Mining block at height 1...
✓ Found nonce: 25048
Failed to process block: invalid proof of work
Mining block at height 1...
✓ Found nonce: 71878
Failed to process block: invalid proof of work
Mining block at height 1...
✓ Found nonce: 147662
Failed to process block: invalid proof of work
Mining block at height 1...
✓ Found nonce: 10095
Failed to process block: invalid proof of work
Mining block at height 1...
✓ Found nonce: 174575
Failed to process block: invalid proof of work
Mining block at height 1...
✓ Found nonce: 101943
Failed to process block: invalid proof of work
Mining block at height 1...
✓ Found nonce: 93715
Failed to process block: invalid proof of work
Mining block at height 1...
✓ Found nonce: 76615
Failed to process block: invalid proof of work
Mining block at height 1...
✓ Found nonce: 1107
Failed to process block: invalid proof of work
Mining block at height 1...
✓ Found nonce: 7466
Failed to process block: invalid proof of work
Mining block at height 1...
✓ Found nonce: 51574
Failed to process block: invalid proof of work
Mining block at height 1...
✓ Found nonce: 27736
Failed to process block: invalid proof of work
Mining block at height 1...
✓ Found nonce: 176967
Failed to process block: invalid proof of work
Mining block at height 1...
✓ Found nonce: 14403
Failed to process block: invalid proof of work
Mining block at height 1...
✓ Found nonce: 29846
Failed to process block: invalid proof of work
Mining block at height 1...
✓ Found nonce: 47589
Failed to process block: invalid proof of work
Mining block at height 1...
✓ Found nonce: 61510
Failed to process block: invalid proof of work
Mining block at height 1...
✓ Found nonce: 143314
Failed to process block: invalid proof of work
Mining block at height 1...
✓ Found nonce: 65405
Failed to process block: invalid proof of work
Mining block at height 1...
✓ Found nonce: 5430
Failed to process block: invalid proof of work
Mining block at height 1...
✓ Found nonce: 61992
Failed to process block: invalid proof of work
Mining block at height 1...
✓ Found nonce: 24588
Failed to process block: invalid proof of work
Mining block at height 1...
✓ Found nonce: 15510
Failed to process block: invalid proof of work
Mining block at height 1...
✓ Found nonce: 24024
Failed to process block: invalid proof of work
Mining block at height 1...
✓ Found nonce: 120221
Failed to process block: invalid proof of work
Mining block at height 1...
✓ Found nonce: 3262
Failed to process block: invalid proof of work
Mining block at height 1...
✓ Found nonce: 48775
Failed to process block: invalid proof of work
Mining block at height 1...
✓ Found nonce: 114710
Failed to process block: invalid proof of work
Mining block at height 1...
✓ Found nonce: 23002
Failed to process block: invalid proof of work
Mining block at height 1...
✓ Found nonce: 56063
Failed to process block: invalid proof of work
Mining block at height 1...
✓ Found nonce: 230058
Failed to process block: invalid proof of work
Mining block at height 1...
✓ Found nonce: 79339
Failed to process block: invalid proof of work
Mining block at height 1...
✓ Found nonce: 133188
Failed to process block: invalid proof of work
Mining block at height 1...
✓ Found nonce: 35170
Failed to process block: invalid proof of work
Mining block at height 1...
✓ Found nonce: 77936
Failed to process block: invalid proof of work
Mining block at height 1...
✓ Found nonce: 283021
Failed to process block: invalid proof of work
Mining block at height 1...
✓ Found nonce: 939
Failed to process block: invalid proof of work
Mining block at height 1...
✓ Found nonce: 101061
Failed to process block: invalid proof of work
Mining block at height 1...
✓ Found nonce: 15995
Failed to process block: invalid proof of work
Mining block at height 1...
✓ Found nonce: 47268
Failed to process block: invalid proof of work
Mining block at height 1...
✓ Found nonce: 187598
Failed to process block: invalid proof of work
Mining block at height 1...
✓ Found nonce: 131170
Failed to process block: invalid proof of work
Mining block at height 1...
✓ Found nonce: 2376
Failed to process block: invalid proof of work
Mining block at height 1...
✓ Found nonce: 50611
Failed to process block: invalid proof of work
Mining block at height 1...
✓ Found nonce: 49609
Failed to process block: invalid proof of work
Mining block at height 1...
✓ Found nonce: 28406
Failed to process block: invalid proof of work
Mining block at height 1...
✓ Found nonce: 97337
Failed to process block: invalid proof of work
Mining block at height 1...
✓ Found nonce: 15252
Failed to process block: invalid proof of work
Mining block at height 1...
✓ Found nonce: 66580
Failed to process block: invalid proof of work
Mining block at height 1...
✓ Found nonce: 161473
Failed to process block: invalid proof of work
Mining block at height 1...
✓ Found nonce: 175090
Failed to process block: invalid proof of work
Mining block at height 1...
✓ Found nonce: 62300
Failed to process block: invalid proof of work
Mining block at height 1...
✓ Found nonce: 26482
Failed to process block: invalid proof of work
Mining block at height 1...
✓ Found nonce: 9228
Failed to process block: invalid proof of work
Mining block at height 1...
✓ Found nonce: 16776
Failed to process block: invalid proof of work
Mining block at height 1...
✓ Found nonce: 125896
Failed to process block: invalid proof of work
Mining block at height 1...
✓ Found nonce: 40489
Failed to process block: invalid proof of work
Mining block at height 1...
✓ Found nonce: 35862
Failed to process block: invalid proof of work
Mining block at height 1...
✓ Found nonce: 58230
Failed to process block: invalid proof of work
Mining block at height 1...
✓ Found nonce: 84916
Failed to process block: invalid proof of work
Mining block at height 1...
✓ Found nonce: 54195
Failed to process block: invalid proof of work
Mining block at height 1...
✓ Found nonce: 22589
Failed to process block: invalid proof of work
Mining block at height 1...
✓ Found nonce: 106304
Failed to process block: invalid proof of work
Mining block at height 1...
✓ Found nonce: 90041
Failed to process block: invalid proof of work
Mining block at height 1...
✓ Found nonce: 24182
Failed to process block: invalid proof of work
Mining block at height 1...
✓ Found nonce: 31944
Failed to process block: invalid proof of work
Mining block at height 1...
✓ Found nonce: 51528
Failed to process block: invalid proof of work
Mining block at height 1...
✓ Found nonce: 10290
Failed to process block: invalid proof of work
Mining block at height 1...
✓ Found nonce: 5170
Failed to process block: invalid proof of work
Mining block at height 1...
✓ Found nonce: 257165
Failed to process block: invalid proof of work
Mining block at height 1...
✓ Found nonce: 123113
Failed to process block: invalid proof of work
Mining block at height 1...
✓ Found nonce: 134035
Failed to process block: invalid proof of work
Mining block at height 1...
✓ Found nonce: 31276
Failed to process block: invalid proof of work
Mining block at height 1...
✓ Found nonce: 59019
Failed to process block: invalid proof of work
Mining block at height 1...
✓ Found nonce: 10045
Failed to process block: invalid proof of work
Mining block at height 1...
✓ Found nonce: 19540
Failed to process block: invalid proof of work
Mining block at height 1...
✓ Found nonce: 147887
Failed to process block: invalid proof of work
Mining block at height 1...
✓ Found nonce: 95075
Failed to process block: invalid proof of work
Mining block at height 1...
✓ Found nonce: 149600
Failed to process block: invalid proof of work
Mining block at height 1...
✓ Found nonce: 53475
Failed to process block: invalid proof of work
Mining block at height 1...
✓ Found nonce: 140787
Failed to process block: invalid proof of work
Mining block at height 1...
✓ Found nonce: 193471
Failed to process block: invalid proof of work
Mining block at height 1...
✓ Found nonce: 147171
Failed to process block: invalid proof of work
Mining block at height 1...
✓ Found nonce: 38228
Failed to process block: invalid proof of work
Mining block at height 1...
✓ Found nonce: 5802
Failed to process block: invalid proof of work
Mining block at height 1...
✓ Found nonce: 18109
Failed to process block: invalid proof of work
Mining block at height 1...
✓ Found nonce: 140414
Failed to process block: invalid proof of work
Mining block at height 1...
✓ Found nonce: 5508
Failed to process block: invalid proof of work
Mining block at height 1...
✓ Found nonce: 39516
Failed to process block: invalid proof of work
Mining block at height 1...
✓ Found nonce: 64375
Failed to process block: invalid proof of work
Mining block at height 1...
✓ Found nonce: 82868
Failed to process block: invalid proof of work
Mining block at height 1...
✓ Found nonce: 48364
Failed to process block: invalid proof of work
Mining block at height 1...
✓ Found nonce: 69503
Failed to process block: invalid proof of work
Mining block at height 1...
✓ Found nonce: 1716
Failed to process block: invalid proof of work
Mining block at height 1...
✓ Found nonce: 158
Failed to process block: invalid proof of work
Mining block at height 1...
✓ Found nonce: 93911
Failed to process block: invalid proof of work
Mining block at height 1...
✓ Found nonce: 34069
Failed to process block: invalid proof of work
Mining block at height 1...
✓ Found nonce: 54169
Failed to process block: invalid proof of work
Mining block at height 1...
✓ Found nonce: 39186
Failed to process block: invalid proof of work
Mining block at height 1...
✓ Found nonce: 5550
Failed to process block: invalid proof of work
Mining block at height 1...
✓ Found nonce: 44268
Failed to process block: invalid proof of work
Mining block at height 1...
✓ Found nonce: 49403
Failed to process block: invalid proof of work
Mining block at height 1...
✓ Found nonce: 71160
Failed to process block: invalid proof of work
Mining block at height 1...
✓ Found nonce: 33198
Failed to process block: invalid proof of work
Mining block at height 1...
✓ Found nonce: 32328
Failed to process block: invalid proof of work
Mining block at height 1...
✓ Found nonce: 2499
Failed to process block: invalid proof of work
Mining block at height 1...
✓ Found nonce: 32511
Failed to process block: invalid proof of work
Mining block at height 1...
✓ Found nonce: 94276
Failed to process block: invalid proof of work
Mining block at height 1...
✓ Found nonce: 4928
Failed to process block: invalid proof of work
Mining block at height 1...
✓ Found nonce: 32985
Failed to process block: invalid proof of work
Mining block at height 1...
✓ Found nonce: 69424
Failed to process block: invalid proof of work
Mining block at height 1...
✓ Found nonce: 97528
Failed to process block: invalid proof of work
Mining block at height 1...
✓ Found nonce: 49445
Failed to process block: invalid proof of work
Mining block at height 1...
✓ Found nonce: 8975
Failed to process block: invalid proof of work
Mining block at height 1...
✓ Found nonce: 38839
Failed to process block: invalid proof of work
Mining block at height 1...
✓ Found nonce: 29124
Failed to process block: invalid proof of work
Mining block at height 1...
✓ Found nonce: 183807
Failed to process block: invalid proof of work
Mining block at height 1...
✓ Found nonce: 43162
Failed to process block: invalid proof of work
Mining block at height 1...
✓ Found nonce: 124993
Failed to process block: invalid proof of work
Mining block at height 1...
✓ Found nonce: 22616
Failed to process block: invalid proof of work
Mining block at height 1...
✓ Found nonce: 17048
Failed to process block: invalid proof of work
Mining block at height 1...
✓ Found nonce: 228632
Failed to process block: invalid proof of work
Mining block at height 1...
✓ Found nonce: 16842
Failed to process block: invalid proof of work
Mining block at height 1...
✓ Found nonce: 25289
Failed to process block: invalid proof of work
Mining block at height 1...
✓ Found nonce: 38610
Failed to process block: invalid proof of work
Mining block at height 1...
✓ Found nonce: 59665
Failed to process block: invalid proof of work
Mining block at height 1...
✓ Found nonce: 272621
Failed to process block: invalid proof of work
Mining block at height 1...
✓ Found nonce: 42604
Failed to process block: invalid proof of work
Mining block at height 1...
✓ Found nonce: 2334
Failed to process block: invalid proof of work
Mining block at height 1...
✓ Found nonce: 18298
Failed to process block: invalid proof of work
Mining block at height 1...
✓ Found nonce: 9432
Failed to process block: invalid proof of work
Mining block at height 1...
✓ Found nonce: 35750
Failed to process block: invalid proof of work
Mining block at height 1...
✓ Found nonce: 89411
Failed to process block: invalid proof of work
Mining block at height 1...
✓ Found nonce: 20024
Failed to process block: invalid proof of work
Mining block at height 1...
✓ Found nonce: 34017
Failed to process block: invalid proof of work
Mining block at height 1...
✓ Found nonce: 8490
Failed to process block: invalid proof of work
Mining block at height 1...
✓ Found nonce: 51907
Failed to process block: invalid proof of work
Mining block at height 1...
✓ Found nonce: 25374
Failed to process block: invalid proof of work
Mining block at height 1...
✓ Found nonce: 118789
Failed to process block: invalid proof of work
Mining block at height 1...
✓ Found nonce: 56155
Failed to process block: invalid proof of work
Mining block at height 1...
✓ Found nonce: 201195
Failed to process block: invalid proof of work
Mining block at height 1...
✓ Found nonce: 1695
Failed to process block: invalid proof of work
Mining block at height 1...
✓ Found nonce: 107258
Failed to process block: invalid proof of work
Mining block at height 1...
✓ Found nonce: 18252
Failed to process block: invalid proof of work
Mining block at height 1...
✓ Found nonce: 11526
Failed to process block: invalid proof of work
Mining block at height 1...
✓ Found nonce: 135561
Failed to process block: invalid proof of work
Mining block at height 1...
✓ Found nonce: 237710
Failed to process block: invalid proof of work
Mining block at height 1...
✓ Found nonce: 15557
Failed to process block: invalid proof of work
Mining block at height 1...
✓ Found nonce: 94317
Failed to process block: invalid proof of work
Mining block at height 1...
✓ Found nonce: 3934
Failed to process block: invalid proof of work
Mining block at height 1...
✓ Found nonce: 109725
Failed to process block: invalid proof of work
Mining block at height 1...
✓ Found nonce: 133237
Failed to process block: invalid proof of work
Mining block at height 1...
✓ Found nonce: 68824
Failed to process block: invalid proof of work
Mining block at height 1...
✓ Found nonce: 186749
Failed to process block: invalid proof of work
Mining block at height 1...
✓ Found nonce: 106908
Failed to process block: invalid proof of work
Mining block at height 1...
✓ Found nonce: 82064
Failed to process block: invalid proof of work
Mining block at height 1...
✓ Found nonce: 99489
Failed to process block: invalid proof of work
Mining block at height 1...
✓ Found nonce: 56565
Failed to process block: invalid proof of work
Mining block at height 1...
✓ Found nonce: 128762
Failed to process block: invalid proof of work
Mining block at height 1...
✓ Found nonce: 24864
Failed to process block: invalid proof of work
Mining block at height 1...
✓ Found nonce: 17070
Failed to process block: invalid proof of work
Mining block at height 1...
✓ Found nonce: 3604
Failed to process block: invalid proof of work
Mining block at height 1...
✓ Found nonce: 88957
Failed to process block: invalid proof of work
Mining block at height 1...
✓ Found nonce: 138500
Failed to process block: invalid proof of work
Mining block at height 1...
✓ Found nonce: 1153
Failed to process block: invalid proof of work
Mining block at height 1...
✓ Found nonce: 27364
Failed to process block: invalid proof of work
Mining block at height 1...
✓ Found nonce: 109070
Failed to process block: invalid proof of work
Mining block at height 1...
✓ Found nonce: 49576
Failed to process block: invalid proof of work
Mining block at height 1...
✓ Found nonce: 21022
Failed to process block: invalid proof of work
Mining block at height 1...
✓ Found nonce: 15925
Failed to process block: invalid proof of work
Mining block at height 1...
✓ Found nonce: 8400
Failed to process block: invalid proof of work
Mining block at height 1...
✓ Found nonce: 21596
Failed to process block: invalid proof of work
Mining block at height 1...
✓ Found nonce: 23246
Failed to process block: invalid proof of work
Mining block at height 1...
✓ Found nonce: 223462
Failed to process block: invalid proof of work
Mining block at height 1...
✓ Found nonce: 507784
Failed to process block: invalid proof of work
Mining block at height 1...
✓ Found nonce: 38286
Failed to process block: invalid proof of work
Mining block at height 1...
✓ Found nonce: 479
Failed to process block: invalid proof of work
Mining block at height 1...
✓ Found nonce: 23857
Failed to process block: invalid proof of work
Mining block at height 1...
✓ Found nonce: 12933
Failed to process block: invalid proof of work
Mining block at height 1...
✓ Found nonce: 145749
Failed to process block: invalid proof of work
Mining block at height 1...
✓ Found nonce: 20623
Failed to process block: invalid proof of work
Mining block at height 1...
✓ Found nonce: 39319
Failed to process block: invalid proof of work
Mining block at height 1...
✓ Found nonce: 22527
Failed to process block: invalid proof of work
Mining block at height 1...
✓ Found nonce: 58479
Failed to process block: invalid proof of work
Mining block at height 1...
✓ Found nonce: 23949
Failed to process block: invalid proof of work
Mining block at height 1...
✓ Found nonce: 24639
Failed to process block: invalid proof of work
Mining block at height 1...
✓ Found nonce: 66916
Failed to process block: invalid proof of work
Mining block at height 1...
✓ Found nonce: 21218
Failed to process block: invalid proof of work
Mining block at height 1...
✓ Found nonce: 249421
Failed to process block: invalid proof of work
Mining block at height 1...
✓ Found nonce: 27489
Failed to process block: invalid proof of work
Mining block at height 1...
✓ Found nonce: 60235
Failed to process block: invalid proof of work
Mining block at height 1...
✓ Found nonce: 44570
Failed to process block: invalid proof of work
Mining block at height 1...
✓ Found nonce: 96910
Failed to process block: invalid proof of work
Mining block at height 1...
✓ Found nonce: 17135
Failed to process block: invalid proof of work
Mining block at height 1...
✓ Found nonce: 10668
Failed to process block: invalid proof of work
Mining block at height 1...
✓ Found nonce: 371
Failed to process block: invalid proof of work
Mining block at height 1...
✓ Found nonce: 176690
Failed to process block: invalid proof of work
Mining block at height 1...
✓ Found nonce: 72831
Failed to process block: invalid proof of work
Mining block at height 1...
✓ Found nonce: 89993
Failed to process block: invalid proof of work
Mining block at height 1...
✓ Found nonce: 10319
Failed to process block: invalid proof of work
Mining block at height 1...
✓ Found nonce: 97317
Failed to process block: invalid proof of work
Mining block at height 1...
✓ Found nonce: 51004
Failed to process block: invalid proof of work
Mining block at height 1...
✓ Found nonce: 168769
Failed to process block: invalid proof of work
Mining block at height 1...
✓ Found nonce: 85493
Failed to process block: invalid proof of work
Mining block at height 1...
✓ Found nonce: 3256
Failed to process block: invalid proof of work
Mining block at height 1...
✓ Found nonce: 36810
Failed to process block: invalid proof of work
Mining block at height 1...
✓ Found nonce: 9692
Failed to process block: invalid proof of work
Mining block at height 1...
✓ Found nonce: 9510
Failed to process block: invalid proof of work
Mining block at height 1...
✓ Found nonce: 134816
Failed to process block: invalid proof of work
Mining block at height 1...
✓ Found nonce: 95
Failed to process block: invalid proof of work
Mining block at height 1...
✓ Found nonce: 57219
Failed to process block: invalid proof of work
Mining block at height 1...
✓ Found nonce: 73076
Failed to process block: invalid proof of work
Mining block at height 1...
✓ Found nonce: 43702
Failed to process block: invalid proof of work
Mining block at height 1...
✓ Found nonce: 134798
Failed to process block: invalid proof of work
Mining block at height 1...
✓ Found nonce: 287850
Failed to process block: invalid proof of work
Mining block at height 1...
✓ Found nonce: 11660
Failed to process block: invalid proof of work
Mining block at height 1...
✓ Found nonce: 59666
Failed to process block: invalid proof of work
Mining block at height 1...
✓ Found nonce: 102821
Failed to process block: invalid proof of work
Mining block at height 1...
✓ Found nonce: 51682
Failed to process block: invalid proof of work
Mining block at height 1...
✓ Found nonce: 28704
Failed to process block: invalid proof of work
Mining block at height 1...
✓ Found nonce: 12095
Failed to process block: invalid proof of work
Mining block at height 1...
✓ Found nonce: 84705
Failed to process block: invalid proof of work
Mining block at height 1...
✓ Found nonce: 2108
Failed to process block: invalid proof of work
Mining block at height 1...
✓ Found nonce: 91958
Failed to process block: invalid proof of work
Mining block at height 1...
✓ Found nonce: 26423
Failed to process block: invalid proof of work
Mining block at height 1...
✓ Found nonce: 86462
Failed to process block: invalid proof of work
Mining block at height 1...
✓ Found nonce: 22443
Failed to process block: invalid proof of work
Mining block at height 1...
✓ Found nonce: 25545
Failed to process block: invalid proof of work
Mining block at height 1...
✓ Found nonce: 125823
Failed to process block: invalid proof of work
Mining block at height 1...
✓ Found nonce: 1866
Failed to process block: invalid proof of work
Mining block at height 1...
✓ Found nonce: 12872
Failed to process block: invalid proof of work
Mining block at height 1...
✓ Found nonce: 78950
Failed to process block: invalid proof of work
Mining block at height 1...
✓ Found nonce: 1539
Failed to process block: invalid proof of work
Mining block at height 1...
✓ Found nonce: 14218
Failed to process block: invalid proof of work
Mining block at height 1...
✓ Found nonce: 22418
Failed to process block: invalid proof of work
Mining block at height 1...
✓ Found nonce: 9191
Failed to process block: invalid proof of work
Mining block at height 1...
✓ Found nonce: 90624
Failed to process block: invalid proof of work
Mining block at height 1...
✓ Found nonce: 25062
Failed to process block: invalid proof of work
Mining block at height 1...
✓ Found nonce: 44352
Failed to process block: invalid proof of work
Mining block at height 1...
✓ Found nonce: 102614
Failed to process block: invalid proof of work
Mining block at height 1...
✓ Found nonce: 39001
Failed to process block: invalid proof of work
Mining block at height 1...
✓ Found nonce: 21900
Failed to process block: invalid proof of work
Mining block at height 1...
✓ Found nonce: 42450
Failed to process block: invalid proof of work
Mining block at height 1...
✓ Found nonce: 581
Failed to process block: invalid proof of work
Mining block at height 1...
✓ Found nonce: 17687
Failed to process block: invalid proof of work
Mining block at height 1...
✓ Found nonce: 52287
Failed to process block: invalid proof of work
Mining block at height 1...
✓ Found nonce: 39349
Failed to process block: invalid proof of work
Mining block at height 1...
✓ Found nonce: 15329
Failed to process block: invalid proof of work
Mining block at height 1...
✓ Found nonce: 208048
Failed to process block: invalid proof of work
Mining block at height 1...
✓ Found nonce: 23479
Failed to process block: invalid proof of work
Mining block at height 1...
✓ Found nonce: 8269
Failed to process block: invalid proof of work
Mining block at height 1...
✓ Found nonce: 160055
Failed to process block: invalid proof of work
Mining block at height 1...
✓ Found nonce: 20502
Failed to process block: invalid proof of work
Mining block at height 1...
✓ Found nonce: 58148
Failed to process block: invalid proof of work
Mining block at height 1...
✓ Found nonce: 118548
Failed to process block: invalid proof of work
Mining block at height 1...
✓ Found nonce: 99930
Failed to process block: invalid proof of work
Mining block at height 1...
✓ Found nonce: 5861
Failed to process block: invalid proof of work
Mining block at height 1...
✓ Found nonce: 94357
Failed to process block: invalid proof of work
Mining block at height 1...
✓ Found nonce: 21082
Failed to process block: invalid proof of work
Mining block at height 1...
✓ Found nonce: 70948
Failed to process block: invalid proof of work
Mining block at height 1...
✓ Found nonce: 33002
Failed to process block: invalid proof of work
Mining block at height 1...
✓ Found nonce: 10491
Failed to process block: invalid proof of work
Mining block at height 1...
✓ Found nonce: 152801
Failed to process block: invalid proof of work
Mining block at height 1...
✓ Found nonce: 27626
Failed to process block: invalid proof of work
Mining block at height 1...
✓ Found nonce: 92154
Failed to process block: invalid proof of work
Mining block at height 1...
✓ Found nonce: 2773
Failed to process block: invalid proof of work
Mining block at height 1...
✓ Found nonce: 11247
Failed to process block: invalid proof of work
Mining block at height 1...
✓ Found nonce: 75195
Failed to process block: invalid proof of work
Mining block at height 1...
✓ Found nonce: 137612
Failed to process block: invalid proof of work
Mining block at height 1...
✓ Found nonce: 165829
Failed to process block: invalid proof of work
Mining block at height 1...
✓ Found nonce: 101088
Failed to process block: invalid proof of work
Mining block at height 1...
✓ Found nonce: 57002
Failed to process block: invalid proof of work
Mining block at height 1...
✓ Found nonce: 148846
Failed to process block: invalid proof of work
Mining block at height 1...
✓ Found nonce: 170939
Failed to process block: invalid proof of work
Mining block at height 1...
✓ Found nonce: 41219
Failed to process block: invalid proof of work
Mining block at height 1...
✓ Found nonce: 73863
Failed to process block: invalid proof of work
Mining block at height 1...
✓ Found nonce: 9375
Failed to process block: invalid proof of work
Mining block at height 1...
✓ Found nonce: 46750
Failed to process block: invalid proof of work
Mining block at height 1...
✓ Found nonce: 68547
Failed to process block: invalid proof of work
Mining block at height 1...
✓ Found nonce: 34518
Failed to process block: invalid proof of work
Mining block at height 1...
✓ Found nonce: 40039
Failed to process block: invalid proof of work
Mining block at height 1...
✓ Found nonce: 3525
Failed to process block: invalid proof of work
Mining block at height 1...
✓ Found nonce: 100377
Failed to process block: invalid proof of work
Mining block at height 1...
✓ Found nonce: 64680
Failed to process block: invalid proof of work
Mining block at height 1...
✓ Found nonce: 225364
Failed to process block: invalid proof of work
Mining block at height 1...
✓ Found nonce: 43748
Failed to process block: invalid proof of work
Mining block at height 1...
✓ Found nonce: 151311
Failed to process block: invalid proof of work
Mining block at height 1...
✓ Found nonce: 91081
Failed to process block: invalid proof of work
Mining block at height 1...
✓ Found nonce: 26148
Failed to process block: invalid proof of work
Mining block at height 1...
✓ Found nonce: 185823
Failed to process block: invalid proof of work
Mining block at height 1...
✓ Found nonce: 5299
Failed to process block: invalid proof of work
Mining block at height 1...
✓ Found nonce: 8577
Failed to process block: invalid proof of work
Mining block at height 1...
✓ Found nonce: 54757
Failed to process block: invalid proof of work
Mining block at height 1...
✓ Found nonce: 187162
Failed to process block: invalid proof of work
Mining block at height 1...
✓ Found nonce: 65155
Failed to process block: invalid proof of work
Mining block at height 1...
✓ Found nonce: 22874
Failed to process block: invalid proof of work
Mining block at height 1...
✓ Found nonce: 134545
Failed to process block: invalid proof of work
Mining block at height 1...
✓ Found nonce: 131402
Failed to process block: invalid proof of work
Mining block at height 1...
✓ Found nonce: 13623
Failed to process block: invalid proof of work
Mining block at height 1...
✓ Found nonce: 55094
Failed to process block: invalid proof of work
Mining block at height 1...
✓ Found nonce: 98304
Failed to process block: invalid proof of work
Mining block at height 1...
✓ Found nonce: 90623
Failed to process block: invalid proof of work
Mining block at height 1...
✓ Found nonce: 107050
Failed to process block: invalid proof of work
Mining block at height 1...
✓ Found nonce: 44927
Failed to process block: invalid proof of work
Mining block at height 1...
✓ Found nonce: 11223
Failed to process block: invalid proof of work
Mining block at height 1...
✓ Found nonce: 66659
Failed to process block: invalid proof of work
Mining block at height 1...
✓ Found nonce: 40318
Failed to process block: invalid proof of work
Mining block at height 1...
✓ Found nonce: 25994
Failed to process block: invalid proof of work
Mining block at height 1...
✓ Found nonce: 129316
Failed to process block: invalid proof of work
Mining block at height 1...
✓ Found nonce: 179526
Failed to process block: invalid proof of work
Mining block at height 1...
✓ Found nonce: 6896
Failed to process block: invalid proof of work
Mining block at height 1...
✓ Found nonce: 14586
Failed to process block: invalid proof of work
Mining block at height 1...
✓ Found nonce: 74159
Failed to process block: invalid proof of work
Mining block at height 1...
✓ Found nonce: 60817
Failed to process block: invalid proof of work
Mining block at height 1...
✓ Found nonce: 132611
Failed to process block: invalid proof of work
Mining block at height 1...
✓ Found nonce: 42222
Failed to process block: invalid proof of work
Mining block at height 1...
✓ Found nonce: 30818
Failed to process block: invalid proof of work
Mining block at height 1...
✓ Found nonce: 174394
Failed to process block: invalid proof of work
Mining block at height 1...
✓ Found nonce: 208536
Failed to process block: invalid proof of work
Mining block at height 1...
✓ Found nonce: 43244
Failed to process block: invalid proof of work
Mining block at height 1...
✓ Found nonce: 17398
Failed to process block: invalid proof of work
Mining block at height 1...
✓ Found nonce: 111491
Failed to process block: invalid proof of work
Mining block at height 1...
✓ Found nonce: 71456
Failed to process block: invalid proof of work
Mining block at height 1...
✓ Found nonce: 275862
Failed to process block: invalid proof of work
Mining block at height 1...
✓ Found nonce: 37339
Failed to process block: invalid proof of work
Mining block at height 1...
✓ Found nonce: 65737
Failed to process block: invalid proof of work
Mining block at height 1...
✓ Found nonce: 39492
Failed to process block: invalid proof of work
Mining block at height 1...
✓ Found nonce: 81556
Failed to process block: invalid proof of work
Mining block at height 1...
✓ Found nonce: 191895
Failed to process block: invalid proof of work
Mining block at height 1...
✓ Found nonce: 129611
Failed to process block: invalid proof of work
Mining block at height 1...
✓ Found nonce: 49676
Failed to process block: invalid proof of work
Mining block at height 1...
✓ Found nonce: 17508
Failed to process block: invalid proof of work
Mining block at height 1...
✓ Found nonce: 52183
Failed to process block: invalid proof of work
Mining block at height 1...
✓ Found nonce: 67804
Failed to process block: invalid proof of work
Mining block at height 1...
✓ Found nonce: 121896
Failed to process block: invalid proof of work
Mining block at height 1...
✓ Found nonce: 144671
Failed to process block: invalid proof of work
Mining block at height 1...
✓ Found nonce: 48295
Failed to process block: invalid proof of work
Mining block at height 1...
✓ Found nonce: 149253
Failed to process block: invalid proof of work
Mining block at height 1...
✓ Found nonce: 32850
Failed to process block: invalid proof of work
Mining block at height 1...
✓ Found nonce: 12487
Failed to process block: invalid proof of work
Mining block at height 1...
✓ Found nonce: 105357
Failed to process block: invalid proof of work
Mining block at height 1...
✓ Found nonce: 105375
Failed to process block: invalid proof of work
Mining block at height 1...
✓ Found nonce: 65139
Failed to process block: invalid proof of work
Mining block at height 1...
✓ Found nonce: 54315
Failed to process block: invalid proof of work
Mining block at height 1...
✓ Found nonce: 18403
Failed to process block: invalid proof of work
Mining block at height 1...
✓ Found nonce: 74
Failed to process block: invalid proof of work
Mining block at height 1...
✓ Found nonce: 70374
Failed to process block: invalid proof of work
Mining block at height 1...
✓ Found nonce: 58993
Failed to process block: invalid proof of work
Mining block at height 1...
✓ Found nonce: 71144
Failed to process block: invalid proof of work
Mining block at height 1...
✓ Found nonce: 38882
Failed to process block: invalid proof of work
Mining block at height 1...
✓ Found nonce: 77094
Failed to process block: invalid proof of work
Mining block at height 1...
✓ Found nonce: 30289
Failed to process block: invalid proof of work
Mining block at height 1...
✓ Found nonce: 31523
Failed to process block: invalid proof of work
Mining block at height 1...
✓ Found nonce: 21898
Failed to process block: invalid proof of work
Mining block at height 1...
✓ Found nonce: 147787
Failed to process block: invalid proof of work
Mining block at height 1...
✓ Found nonce: 135631
Failed to process block: invalid proof of work
Mining block at height 1...
✓ Found nonce: 184360
Failed to process block: invalid proof of work
Mining block at height 1...
✓ Found nonce: 143497
Failed to process block: invalid proof of work
Mining block at height 1...
✓ Found nonce: 30335
Failed to process block: invalid proof of work
Mining block at height 1...
✓ Found nonce: 22082
Failed to process block: invalid proof of work
Mining block at height 1...
✓ Found nonce: 17736
Failed to process block: invalid proof of work
Mining block at height 1...
✓ Found nonce: 59462
Failed to process block: invalid proof of work
Mining block at height 1...
✓ Found nonce: 80421
Failed to process block: invalid proof of work
Mining block at height 1...
✓ Found nonce: 7347
Failed to process block: invalid proof of work
Mining block at height 1...
✓ Found nonce: 109076
Failed to process block: invalid proof of work
Mining block at height 1...
✓ Found nonce: 8495
Failed to process block: invalid proof of work
Mining block at height 1...
✓ Found nonce: 37319
Failed to process block: invalid proof of work
Mining block at height 1...
✓ Found nonce: 146081
Failed to process block: invalid proof of work
Mining block at height 1...
✓ Found nonce: 25878
Failed to process block: invalid proof of work
Mining block at height 1...
✓ Found nonce: 11202
Failed to process block: invalid proof of work
Mining block at height 1...
✓ Found nonce: 11504
Failed to process block: invalid proof of work
Mining block at height 1...
✓ Found nonce: 71866
Failed to process block: invalid proof of work
Mining block at height 1...
✓ Found nonce: 133781
Failed to process block: invalid proof of work
Mining block at height 1...
✓ Found nonce: 22476
Failed to process block: invalid proof of work
Mining block at height 1...
✓ Found nonce: 4521
Failed to process block: invalid proof of work
Mining block at height 1...
✓ Found nonce: 171925
Failed to process block: invalid proof of work
Mining block at height 1...
✓ Found nonce: 152094
Failed to process block: invalid proof of work
Mining block at height 1...
✓ Found nonce: 54968
Failed to process block: invalid proof of work
Mining block at height 1...
✓ Found nonce: 39582
Failed to process block: invalid proof of work
Mining block at height 1...
✓ Found nonce: 25052
Failed to process block: invalid proof of work
Mining block at height 1...
✓ Found nonce: 45350
Failed to process block: invalid proof of work
Mining block at height 1...
✓ Found nonce: 61369
Failed to process block: invalid proof of work
Mining block at height 1...
✓ Found nonce: 8223
Failed to process block: invalid proof of work
Mining block at height 1...
✓ Found nonce: 6421
Failed to process block: invalid proof of work
Mining block at height 1...
✓ Found nonce: 70018
Failed to process block: invalid proof of work
Mining block at height 1...
✓ Found nonce: 34068
Failed to process block: invalid proof of work
Mining block at height 1...
✓ Found nonce: 59090
Failed to process block: invalid proof of work
Mining block at height 1...
✓ Found nonce: 14147
Failed to process block: invalid proof of work
Mining block at height 1...
✓ Found nonce: 88412
Failed to process block: invalid proof of work
Mining block at height 1...
✓ Found nonce: 97964
Failed to process block: invalid proof of work
Mining block at height 1...
✓ Found nonce: 287323
Failed to process block: invalid proof of work
Mining block at height 1...
✓ Found nonce: 97047
Failed to process block: invalid proof of work
Mining block at height 1...
✓ Found nonce: 36013
Failed to process block: invalid proof of work
Mining block at height 1...
✓ Found nonce: 48389
Failed to process block: invalid proof of work
Mining block at height 1...
✓ Found nonce: 29319
Failed to process block: invalid proof of work
Mining block at height 1...
✓ Found nonce: 1596
Failed to process block: invalid proof of work
Mining block at height 1...
✓ Found nonce: 273049
Failed to process block: invalid proof of work
Mining block at height 1...
✓ Found nonce: 37456
Failed to process block: invalid proof of work
Mining block at height 1...
✓ Found nonce: 7194
Failed to process block: invalid proof of work
Mining block at height 1...
✓ Found nonce: 20906
Failed to process block: invalid proof of work
Mining block at height 1...
✓ Found nonce: 22788
Failed to process block: invalid proof of work
Mining block at height 1...
✓ Found nonce: 5570
Failed to process block: invalid proof of work
Mining block at height 1...
✓ Found nonce: 94799
Failed to process block: invalid proof of work
Mining block at height 1...
✓ Found nonce: 148969
Failed to process block: invalid proof of work
Mining block at height 1...
✓ Found nonce: 14205
Failed to process block: invalid proof of work
Mining block at height 1...
✓ Found nonce: 138447
Failed to process block: invalid proof of work
Mining block at height 1...
✓ Found nonce: 4217
Failed to process block: invalid proof of work
Mining block at height 1...
✓ Found nonce: 87357
Failed to process block: invalid proof of work
Mining block at height 1...
✓ Found nonce: 18031
Failed to process block: invalid proof of work
Mining block at height 1...
✓ Found nonce: 14390
Failed to process block: invalid proof of work
Mining block at height 1...
✓ Found nonce: 13056
Failed to process block: invalid proof of work
Mining block at height 1...
✓ Found nonce: 118548
Failed to process block: invalid proof of work
Mining block at height 1...
✓ Found nonce: 52074
Failed to process block: invalid proof of work
Mining block at height 1...
✓ Found nonce: 100057
Failed to process block: invalid proof of work
Mining block at height 1...
✓ Found nonce: 56167
Failed to process block: invalid proof of work
Mining block at height 1...
✓ Found nonce: 83850
Failed to process block: invalid proof of work
Mining block at height 1...
✓ Found nonce: 66973
Failed to process block: invalid proof of work
Mining block at height 1...
✓ Found nonce: 12880
Failed to process block: invalid proof of work
Mining block at height 1...
✓ Found nonce: 117966
Failed to process block: invalid proof of work
Mining block at height 1...
✓ Found nonce: 67157
Failed to process block: invalid proof of work
Mining block at height 1...
✓ Found nonce: 287541
Failed to process block: invalid proof of work
Mining block at height 1...
✓ Found nonce: 25956
Failed to process block: invalid proof of work
Mining block at height 1...
✓ Found nonce: 29213
Failed to process block: invalid proof of work
Mining block at height 1...
✓ Found nonce: 3446
Failed to process block: invalid proof of work
Mining block at height 1...
✓ Found nonce: 15698
Failed to process block: invalid proof of work
Mining block at height 1...
✓ Found nonce: 133896
Failed to process block: invalid proof of work
Mining block at height 1...
✓ Found nonce: 25543
Failed to process block: invalid proof of work
Mining block at height 1...
✓ Found nonce: 5543
Failed to process block: invalid proof of work
Mining block at height 1...
✓ Found nonce: 7685
Failed to process block: invalid proof of work
Mining block at height 1...
✓ Found nonce: 245910
Failed to process block: invalid proof of work
Mining block at height 1...
✓ Found nonce: 49126
Failed to process block: invalid proof of work
Mining block at height 1...
✓ Found nonce: 85905
Failed to process block: invalid proof of work
Mining block at height 1...
✓ Found nonce: 2303
Failed to process block: invalid proof of work
Mining block at height 1...
✓ Found nonce: 207118
Failed to process block: invalid proof of work
Mining block at height 1...
✓ Found nonce: 114424
Failed to process block: invalid proof of work
Mining block at height 1...
✓ Found nonce: 52994
Failed to process block: invalid proof of work
Mining block at height 1...
✓ Found nonce: 81439
Failed to process block: invalid proof of work
Mining block at height 1...
✓ Found nonce: 62763
Failed to process block: invalid proof of work
Mining block at height 1...
✓ Found nonce: 71612
Failed to process block: invalid proof of work
Mining block at height 1...
✓ Found nonce: 29336
Failed to process block: invalid proof of work
Mining block at height 1...
✓ Found nonce: 110764
Failed to process block: invalid proof of work
Mining block at height 1...
✓ Found nonce: 142477
Failed to process block: invalid proof of work
Mining block at height 1...
✓ Found nonce: 110619
Failed to process block: invalid proof of work
Mining block at height 1...
✓ Found nonce: 90169
Failed to process block: invalid proof of work
Mining block at height 1...
✓ Found nonce: 4614
Failed to process block: invalid proof of work
Mining block at height 1...
✓ Found nonce: 67105
Failed to process block: invalid proof of work
Mining block at height 1...
✓ Found nonce: 59424
Failed to process block: invalid proof of work
Mining block at height 1...
✓ Found nonce: 53323
Failed to process block: invalid proof of work
Mining block at height 1...
✓ Found nonce: 28513
Failed to process block: invalid proof of work
Mining block at height 1...
✓ Found nonce: 12780
Failed to process block: invalid proof of work
Mining block at height 1...
✓ Found nonce: 276966
Failed to process block: invalid proof of work
Mining block at height 1...
✓ Found nonce: 3964
Failed to process block: invalid proof of work
Mining block at height 1...
✓ Found nonce: 31060
Failed to process block: invalid proof of work
Mining block at height 1...
✓ Found nonce: 122170
Failed to process block: invalid proof of work
Mining block at height 1...
✓ Found nonce: 31034
Failed to process block: invalid proof of work
Mining block at height 1...
✓ Found nonce: 112668
Failed to process block: invalid proof of work
Mining block at height 1...
✓ Found nonce: 126094
Failed to process block: invalid proof of work
Mining block at height 1...
✓ Found nonce: 213295
Failed to process block: invalid proof of work
Mining block at height 1...
✓ Found nonce: 31704
Failed to process block: invalid proof of work
Mining block at height 1...
✓ Found nonce: 20124
Failed to process block: invalid proof of work
Mining block at height 1...
✓ Found nonce: 43594
Failed to process block: invalid proof of work
Mining block at height 1...
✓ Found nonce: 11808
Failed to process block: invalid proof of work
Mining block at height 1...
✓ Found nonce: 158796
Failed to process block: invalid proof of work
Mining block at height 1...
✓ Found nonce: 50646
Failed to process block: invalid proof of work
Mining block at height 1...
✓ Found nonce: 27897
Failed to process block: invalid proof of work
Mining block at height 1...
✓ Found nonce: 17499
Failed to process block: invalid proof of work
Mining block at height 1...
✓ Found nonce: 36860
Failed to process block: invalid proof of work
Mining block at height 1...
✓ Found nonce: 86694
Failed to process block: invalid proof of work
Mining block at height 1...
✓ Found nonce: 29886
Failed to process block: invalid proof of work
Mining block at height 1...
✓ Found nonce: 15951
Failed to process block: invalid proof of work
Mining block at height 1...
✓ Found nonce: 20321
Failed to process block: invalid proof of work
Mining block at height 1...
✓ Found nonce: 57404
Failed to process block: invalid proof of work
Mining block at height 1...
✓ Found nonce: 59027
Failed to process block: invalid proof of work
Mining block at height 1...
✓ Found nonce: 44312
Failed to process block: invalid proof of work
Mining block at height 1...
✓ Found nonce: 132733
Failed to process block: invalid proof of work
Mining block at height 1...
✓ Found nonce: 93564
Failed to process block: invalid proof of work
Mining block at height 1...
✓ Found nonce: 441700
Failed to process block: invalid proof of work
Mining block at height 1...
✓ Found nonce: 37696
Failed to process block: invalid proof of work
Mining block at height 1...
✓ Found nonce: 194586
Failed to process block: invalid proof of work
Mining block at height 1...
✓ Found nonce: 4187
Failed to process block: invalid proof of work
Mining block at height 1...
✓ Found nonce: 35622
Failed to process block: invalid proof of work
Mining block at height 1...
✓ Found nonce: 171717
Failed to process block: invalid proof of work
Mining block at height 1...
✓ Found nonce: 11121
Failed to process block: invalid proof of work
Mining block at height 1...
✓ Found nonce: 25694
Failed to process block: invalid proof of work
Mining block at height 1...
✓ Found nonce: 192187
Failed to process block: invalid proof of work
Mining block at height 1...
✓ Found nonce: 22358
Failed to process block: invalid proof of work
Mining block at height 1...
✓ Found nonce: 102015
Failed to process block: invalid proof of work
Mining block at height 1...
✓ Found nonce: 42276
Failed to process block: invalid proof of work
Mining block at height 1...
✓ Found nonce: 114787
Failed to process block: invalid proof of work
Mining block at height 1...
✓ Found nonce: 59042
Failed to process block: invalid proof of work
Mining block at height 1...
✓ Found nonce: 126709
Failed to process block: invalid proof of work
Mining block at height 1...
✓ Found nonce: 81076
Failed to process block: invalid proof of work
Mining block at height 1...
✓ Found nonce: 15237
Failed to process block: invalid proof of work
Mining block at height 1...
✓ Found nonce: 32547
Failed to process block: invalid proof of work
Mining block at height 1...
✓ Found nonce: 34922
Failed to process block: invalid proof of work
Mining block at height 1...
✓ Found nonce: 61008
Failed to process block: invalid proof of work
Mining block at height 1...
✓ Found nonce: 8072
Failed to process block: invalid proof of work
Mining block at height 1...
✓ Found nonce: 59777
Failed to process block: invalid proof of work
Mining block at height 1...
✓ Found nonce: 42377
Failed to process block: invalid proof of work
Mining block at height 1...
✓ Found nonce: 3274
Failed to process block: invalid proof of work
Mining block at height 1...
✓ Found nonce: 6079
Failed to process block: invalid proof of work
Mining block at height 1...
✓ Found nonce: 23008
Failed to process block: invalid proof of work
Mining block at height 1...
✓ Found nonce: 102264
Failed to process block: invalid proof of work
Mining block at height 1...
✓ Found nonce: 9398
Failed to process block: invalid proof of work
Mining block at height 1...
✓ Found nonce: 111215
Failed to process block: invalid proof of work
Mining block at height 1...
✓ Found nonce: 35714
Failed to process block: invalid proof of work
Mining block at height 1...
✓ Found nonce: 216328
Failed to process block: invalid proof of work
Mining block at height 1...
✓ Found nonce: 46533
Failed to process block: invalid proof of work
Mining block at height 1...
✓ Found nonce: 193976
Failed to process block: invalid proof of work
Mining block at height 1...
✓ Found nonce: 90171
Failed to process block: invalid proof of work
Mining block at height 1...
✓ Found nonce: 42347
Failed to process block: invalid proof of work
Mining block at height 1...
✓ Found nonce: 24405
Failed to process block: invalid proof of work
Mining block at height 1...
✓ Found nonce: 49881
Failed to process block: invalid proof of work
Mining block at height 1...
✓ Found nonce: 19901
Failed to process block: invalid proof of work
Mining block at height 1...
✓ Found nonce: 50505
Failed to process block: invalid proof of work
Mining block at height 1...
✓ Found nonce: 168581
Failed to process block: invalid proof of work
Mining block at height 1...
✓ Found nonce: 13620
Failed to process block: invalid proof of work
Mining block at height 1...
✓ Found nonce: 119962
Failed to process block: invalid proof of work
Mining block at height 1...
✓ Found nonce: 297865
Failed to process block: invalid proof of work
Mining block at height 1...
✓ Found nonce: 361566
Failed to process block: invalid proof of work
Mining block at height 1...
✓ Found nonce: 14153
Failed to process block: invalid proof of work
Mining block at height 1...
✓ Found nonce: 67525
Failed to process block: invalid proof of work
Mining block at height 1...
✓ Found nonce: 102413
Failed to process block: invalid proof of work
Mining block at height 1...
✓ Found nonce: 341747
Failed to process block: invalid proof of work
Mining block at height 1...
✓ Found nonce: 83897
Failed to process block: invalid proof of work
Mining block at height 1...
✓ Found nonce: 307414
Failed to process block: invalid proof of work
Mining block at height 1...
✓ Found nonce: 43627
Failed to process block: invalid proof of work
Mining block at height 1...
✓ Found nonce: 66466
Failed to process block: invalid proof of work
Mining block at height 1...
✓ Found nonce: 43981
Failed to process block: invalid proof of work
Mining block at height 1...
✓ Found nonce: 14918
Failed to process block: invalid proof of work
Mining block at height 1...
✓ Found nonce: 17145
Failed to process block: invalid proof of work
Mining block at height 1...
✓ Found nonce: 83032
Failed to process block: invalid proof of work
Mining block at height 1...
✓ Found nonce: 1084
Failed to process block: invalid proof of work
Mining block at height 1...
✓ Found nonce: 249999
Failed to process block: invalid proof of work
Mining block at height 1...
✓ Found nonce: 52708
Failed to process block: invalid proof of work
Mining block at height 1...
✓ Found nonce: 16098
Failed to process block: invalid proof of work
Mining block at height 1...
✓ Found nonce: 30734
Failed to process block: invalid proof of work
Mining block at height 1...
✓ Found nonce: 7915
Failed to process block: invalid proof of work
Mining block at height 1...
✓ Found nonce: 3612
Failed to process block: invalid proof of work
Mining block at height 1...
✓ Found nonce: 57190
Failed to process block: invalid proof of work
Mining block at height 1...
✓ Found nonce: 128291
Failed to process block: invalid proof of work
Mining block at height 1...
✓ Found nonce: 26832
Failed to process block: invalid proof of work
Mining block at height 1...
✓ Found nonce: 10916
Failed to process block: invalid proof of work
Mining block at height 1...
✓ Found nonce: 83002
Failed to process block: invalid proof of work
Mining block at height 1...
✓ Found nonce: 180578
Failed to process block: invalid proof of work
Mining block at height 1...
✓ Found nonce: 130091
Failed to process block: invalid proof of work
Mining block at height 1...
✓ Found nonce: 10622
Failed to process block: invalid proof of work
Mining block at height 1...
✓ Found nonce: 1710
Failed to process block: invalid proof of work
Mining block at height 1...
✓ Found nonce: 89187
Failed to process block: invalid proof of work
Mining block at height 1...
✓ Found nonce: 8854
Failed to process block: invalid proof of work
Mining block at height 1...
✓ Found nonce: 43790
Failed to process block: invalid proof of work
Mining block at height 1...
✓ Found nonce: 77776
Failed to process block: invalid proof of work
Mining block at height 1...
✓ Found nonce: 167421
Failed to process block: invalid proof of work
Mining block at height 1...
✓ Found nonce: 23037
Failed to process block: invalid proof of work
Mining block at height 1...
✓ Found nonce: 77388
Failed to process block: invalid proof of work
Mining block at height 1...
✓ Found nonce: 18874
Failed to process block: invalid proof of work
Mining block at height 1...
✓ Found nonce: 23557
Failed to process block: invalid proof of work
Mining block at height 1...
✓ Found nonce: 38982
Failed to process block: invalid proof of work
Mining block at height 1...
✓ Found nonce: 43937
Failed to process block: invalid proof of work
Mining block at height 1...
✓ Found nonce: 83017
Failed to process block: invalid proof of work
Mining block at height 1...
✓ Found nonce: 6458
Failed to process block: invalid proof of work
Mining block at height 1...
✓ Found nonce: 36584
Failed to process block: invalid proof of work
Mining block at height 1...
✓ Found nonce: 15862
Failed to process block: invalid proof of work
Mining block at height 1...
✓ Found nonce: 10487
Failed to process block: invalid proof of work
Mining block at height 1...
✓ Found nonce: 13770
Failed to process block: invalid proof of work
Mining block at height 1...
✓ Found nonce: 112791
Failed to process block: invalid proof of work
Mining block at height 1...
✓ Found nonce: 62890
Failed to process block: invalid proof of work
Mining block at height 1...
✓ Found nonce: 74557
Failed to process block: invalid proof of work
Mining block at height 1...
✓ Found nonce: 31160
Failed to process block: invalid proof of work
Mining block at height 1...
✓ Found nonce: 83976
Failed to process block: invalid proof of work
Mining block at height 1...
✓ Found nonce: 43892
Failed to process block: invalid proof of work
Mining block at height 1...
✓ Found nonce: 31652
Failed to process block: invalid proof of work
Mining block at height 1...
✓ Found nonce: 30679
Failed to process block: invalid proof of work
Mining block at height 1...
✓ Found nonce: 197205
Failed to process block: invalid proof of work
Mining block at height 1...
✓ Found nonce: 10898
Failed to process block: invalid proof of work
Mining block at height 1...
✓ Found nonce: 193686
Failed to process block: invalid proof of work
Mining block at height 1...
✓ Found nonce: 9938
Failed to process block: invalid proof of work
Mining block at height 1...
✓ Found nonce: 113591
Failed to process block: invalid proof of work
Mining block at height 1...
✓ Found nonce: 122209
Failed to process block: invalid proof of work
Mining block at height 1...
✓ Found nonce: 19518
Failed to process block: invalid proof of work
Mining block at height 1...
✓ Found nonce: 721
Failed to process block: invalid proof of work
Mining block at height 1...
✓ Found nonce: 27477
Failed to process block: invalid proof of work
Mining block at height 1...
✓ Found nonce: 61119
Failed to process block: invalid proof of work
Mining block at height 1...
✓ Found nonce: 4884
Failed to process block: invalid proof of work
Mining block at height 1...
✓ Found nonce: 16366
Failed to process block: invalid proof of work
Mining block at height 1...
✓ Found nonce: 27585
Failed to process block: invalid proof of work
Mining block at height 1...
✓ Found nonce: 56498
Failed to process block: invalid proof of work
Mining block at height 1...
✓ Found nonce: 134166
Failed to process block: invalid proof of work
Mining block at height 1...
✓ Found nonce: 32917
Failed to process block: invalid proof of work
Mining block at height 1...
✓ Found nonce: 4769
Failed to process block: invalid proof of work
Mining block at height 1...
✓ Found nonce: 45125
Failed to process block: invalid proof of work
Mining block at height 1...
✓ Found nonce: 13164
Failed to process block: invalid proof of work
Mining block at height 1...
✓ Found nonce: 2664
Failed to process block: invalid proof of work
Mining block at height 1...
✓ Found nonce: 33115
Failed to process block: invalid proof of work
Mining block at height 1...
✓ Found nonce: 289340
Failed to process block: invalid proof of work
Mining block at height 1...
✓ Found nonce: 166852
Failed to process block: invalid proof of work
Mining block at height 1...
✓ Found nonce: 90876
Failed to process block: invalid proof of work
Mining block at height 1...
✓ Found nonce: 60810
Failed to process block: invalid proof of work
Mining block at height 1...
✓ Found nonce: 201657
Failed to process block: invalid proof of work
Mining block at height 1...
✓ Found nonce: 99157
Failed to process block: invalid proof of work
Mining block at height 1...
✓ Found nonce: 152400
Failed to process block: invalid proof of work
Mining block at height 1...
✓ Found nonce: 55551
Failed to process block: invalid proof of work
Mining block at height 1...
✓ Found nonce: 28502
Failed to process block: invalid proof of work
Mining block at height 1...
✓ Found nonce: 66513
Failed to process block: invalid proof of work
Mining block at height 1...
✓ Found nonce: 36166
Failed to process block: invalid proof of work
Mining block at height 1...
✓ Found nonce: 51384
Failed to process block: invalid proof of work
Mining block at height 1...
✓ Found nonce: 192690
Failed to process block: invalid proof of work
Mining block at height 1...
✓ Found nonce: 20508
Failed to process block: invalid proof of work
Mining block at height 1...
✓ Found nonce: 130681
Failed to process block: invalid proof of work
Mining block at height 1...
✓ Found nonce: 17609
Failed to process block: invalid proof of work
Mining block at height 1...
✓ Found nonce: 17813
Failed to process block: invalid proof of work
Mining block at height 1...
✓ Found nonce: 3837
Failed to process block: invalid proof of work
Mining block at height 1...
✓ Found nonce: 42575
Failed to process block: invalid proof of work
Mining block at height 1...
✓ Found nonce: 60258
Failed to process block: invalid proof of work
Mining block at height 1...
✓ Found nonce: 27104
Failed to process block: invalid proof of work
Mining block at height 1...
✓ Found nonce: 25676
Failed to process block: invalid proof of work
Mining block at height 1...
✓ Found nonce: 112327
Failed to process block: invalid proof of work
Mining block at height 1...
✓ Found nonce: 91415
Failed to process block: invalid proof of work
Mining block at height 1...
✓ Found nonce: 67721
Failed to process block: invalid proof of work
Mining block at height 1...
✓ Found nonce: 40870
Failed to process block: invalid proof of work
Mining block at height 1...
✓ Found nonce: 130843
Failed to process block: invalid proof of work
Mining block at height 1...
✓ Found nonce: 25824
Failed to process block: invalid proof of work
Mining block at height 1...
✓ Found nonce: 27875
Failed to process block: invalid proof of work
Mining block at height 1...
✓ Found nonce: 35062
Failed to process block: invalid proof of work
Mining block at height 1...
✓ Found nonce: 48435
Failed to process block: invalid proof of work
Mining block at height 1...
✓ Found nonce: 179615
Failed to process block: invalid proof of work
Mining block at height 1...
✓ Found nonce: 5397
Failed to process block: invalid proof of work
Mining block at height 1...
✓ Found nonce: 17158
Failed to process block: invalid proof of work
Mining block at height 1...
✓ Found nonce: 107363
Failed to process block: invalid proof of work
Mining block at height 1...
✓ Found nonce: 11700
Failed to process block: invalid proof of work
Mining block at height 1...
✓ Found nonce: 104788
Failed to process block: invalid proof of work
Mining block at height 1...
✓ Found nonce: 62754
Failed to process block: invalid proof of work
Mining block at height 1...
✓ Found nonce: 1187
Failed to process block: invalid proof of work
Mining block at height 1...
✓ Found nonce: 13383
Failed to process block: invalid proof of work
Mining block at height 1...
✓ Found nonce: 15640
Failed to process block: invalid proof of work
Mining block at height 1...
✓ Found nonce: 123466
Failed to process block: invalid proof of work
Mining block at height 1...
✓ Found nonce: 60065
Failed to process block: invalid proof of work
Mining block at height 1...
✓ Found nonce: 32585
Failed to process block: invalid proof of work
Mining block at height 1...
✓ Found nonce: 12484
Failed to process block: invalid proof of work
Mining block at height 1...
✓ Found nonce: 452
Failed to process block: invalid proof of work
Mining block at height 1...
✓ Found nonce: 37480
Failed to process block: invalid proof of work
Mining block at height 1...
✓ Found nonce: 59125
Failed to process block: invalid proof of work
Mining block at height 1...
✓ Found nonce: 84251
Failed to process block: invalid proof of work
Mining block at height 1...
✓ Found nonce: 421191
Failed to process block: invalid proof of work
Mining block at height 1...
✓ Found nonce: 1732
Failed to process block: invalid proof of work
Mining block at height 1...
✓ Found nonce: 36554
Failed to process block: invalid proof of work
Mining block at height 1...
✓ Found nonce: 28328
Failed to process block: invalid proof of work
Mining block at height 1...
✓ Found nonce: 230121
Failed to process block: invalid proof of work
Mining block at height 1...
✓ Found nonce: 39663
Failed to process block: invalid proof of work
Mining block at height 1...
✓ Found nonce: 74485
Failed to process block: invalid proof of work
Mining block at height 1...
✓ Found nonce: 9598
Failed to process block: invalid proof of work
Mining block at height 1...
✓ Found nonce: 110372
Failed to process block: invalid proof of work
Mining block at height 1...
✓ Found nonce: 128531
Failed to process block: invalid proof of work
Mining block at height 1...
✓ Found nonce: 127031
Failed to process block: invalid proof of work
Mining block at height 1...
✓ Found nonce: 56876
Failed to process block: invalid proof of work
Mining block at height 1...
✓ Found nonce: 159394
Failed to process block: invalid proof of work
Mining block at height 1...
✓ Found nonce: 10249
Failed to process block: invalid proof of work
Mining block at height 1...
✓ Found nonce: 75138
Failed to process block: invalid proof of work
Mining block at height 1...
✓ Found nonce: 74277
Failed to process block: invalid proof of work
Mining block at height 1...
✓ Found nonce: 144855
Failed to process block: invalid proof of work
Mining block at height 1...
✓ Found nonce: 81099
Failed to process block: invalid proof of work
Mining block at height 1...
✓ Found nonce: 15730
Failed to process block: invalid proof of work
Mining block at height 1...
✓ Found nonce: 21028
Failed to process block: invalid proof of work
Mining block at height 1...
✓ Found nonce: 11617
Failed to process block: invalid proof of work
Mining block at height 1...
✓ Found nonce: 84366
Failed to process block: invalid proof of work
Mining block at height 1...
✓ Found nonce: 35117
Failed to process block: invalid proof of work
Mining block at height 1...
✓ Found nonce: 27122
Failed to process block: invalid proof of work
Mining block at height 1...
✓ Found nonce: 114480
Failed to process block: invalid proof of work
Mining block at height 1...
✓ Found nonce: 97825
Failed to process block: invalid proof of work
Mining block at height 1...
✓ Found nonce: 5333
Failed to process block: invalid proof of work
Mining block at height 1...
✓ Found nonce: 199861
Failed to process block: invalid proof of work
Mining block at height 1...
✓ Found nonce: 23394
Failed to process block: invalid proof of work
Mining block at height 1...
✓ Found nonce: 163085
Failed to process block: invalid proof of work
Mining block at height 1...
✓ Found nonce: 42978
Failed to process block: invalid proof of work
Mining block at height 1...
✓ Found nonce: 101671
Failed to process block: invalid proof of work
Mining block at height 1...
✓ Found nonce: 30935
Failed to process block: invalid proof of work
Mining block at height 1...
✓ Found nonce: 23430
Failed to process block: invalid proof of work
Mining block at height 1...
✓ Found nonce: 58537
Failed to process block: invalid proof of work
Mining block at height 1...
✓ Found nonce: 8778
Failed to process block: invalid proof of work
Mining block at height 1...
✓ Found nonce: 1839
Failed to process block: invalid proof of work
Mining block at height 1...
✓ Found nonce: 15134
Failed to process block: invalid proof of work
Mining block at height 1...
✓ Found nonce: 27807
Failed to process block: invalid proof of work
Mining block at height 1...
✓ Found nonce: 20642
Failed to process block: invalid proof of work
Mining block at height 1...
✓ Found nonce: 258648
Failed to process block: invalid proof of work
Mining block at height 1...
✓ Found nonce: 16607
Failed to process block: invalid proof of work
Mining block at height 1...
✓ Found nonce: 8518
Failed to process block: invalid proof of work
Mining block at height 1...
✓ Found nonce: 23413
Failed to process block: invalid proof of work
Mining block at height 1...
✓ Found nonce: 47288
Failed to process block: invalid proof of work
Mining block at height 1...
✓ Found nonce: 43489
Failed to process block: invalid proof of work
Mining block at height 1...
✓ Found nonce: 88190
Failed to process block: invalid proof of work
Mining block at height 1...
✓ Found nonce: 58956
Failed to process block: invalid proof of work
Mining block at height 1...
✓ Found nonce: 28640
Failed to process block: invalid proof of work
Mining block at height 1...
✓ Found nonce: 4388
Failed to process block: invalid proof of work
Mining block at height 1...
✓ Found nonce: 23219
Failed to process block: invalid proof of work
Mining block at height 1...
✓ Found nonce: 15365
Failed to process block: invalid proof of work
Mining block at height 1...
✓ Found nonce: 160813
Failed to process block: invalid proof of work
Mining block at height 1...
✓ Found nonce: 132203
Failed to process block: invalid proof of work
Mining block at height 1...
✓ Found nonce: 11440
Failed to process block: invalid proof of work
Mining block at height 1...
✓ Found nonce: 29128
Failed to process block: invalid proof of work
Mining block at height 1...
✓ Found nonce: 30006
Failed to process block: invalid proof of work
Mining block at height 1...
✓ Found nonce: 68492
Failed to process block: invalid proof of work
Mining block at height 1...
✓ Found nonce: 35963
Failed to process block: invalid proof of work
Mining block at height 1...
✓ Found nonce: 99385
Failed to process block: invalid proof of work
Mining block at height 1...
✓ Found nonce: 27764
Failed to process block: invalid proof of work
Mining block at height 1...
✓ Found nonce: 68815
Failed to process block: invalid proof of work
Mining block at height 1...
✓ Found nonce: 88257
Failed to process block: invalid proof of work
Mining block at height 1...
✓ Found nonce: 53553
Failed to process block: invalid proof of work
Mining block at height 1...
✓ Found nonce: 85024
Failed to process block: invalid proof of work
Mining block at height 1...
✓ Found nonce: 75036
Failed to process block: invalid proof of work
Mining block at height 1...
✓ Found nonce: 161264
Failed to process block: invalid proof of work
Mining block at height 1...
✓ Found nonce: 161462
Failed to process block: invalid proof of work
Mining block at height 1...
✓ Found nonce: 37773
Failed to process block: invalid proof of work
Mining block at height 1...
✓ Found nonce: 22263
Failed to process block: invalid proof of work
Mining block at height 1...
✓ Found nonce: 136595
Failed to process block: invalid proof of work
Mining block at height 1...
✓ Found nonce: 17399
Failed to process block: invalid proof of work
Mining block at height 1...
✓ Found nonce: 140928
Failed to process block: invalid proof of work
Mining block at height 1...
✓ Found nonce: 35906
Failed to process block: invalid proof of work
Mining block at height 1...
✓ Found nonce: 125968
Failed to process block: invalid proof of work
Mining block at height 1...
✓ Found nonce: 153921
Failed to process block: invalid proof of work
Mining block at height 1...
✓ Found nonce: 52858
Failed to process block: invalid proof of work
Mining block at height 1...
✓ Found nonce: 12130
Failed to process block: invalid proof of work
Mining block at height 1...
✓ Found nonce: 19149
Failed to process block: invalid proof of work
Mining block at height 1...
✓ Found nonce: 13587
Failed to process block: invalid proof of work
Mining block at height 1...
✓ Found nonce: 82234
Failed to process block: invalid proof of work
Mining block at height 1...
✓ Found nonce: 11104
Failed to process block: invalid proof of work
Mining block at height 1...
✓ Found nonce: 74329
Failed to process block: invalid proof of work
Mining block at height 1...
✓ Found nonce: 3273
Failed to process block: invalid proof of work
Mining block at height 1...
✓ Found nonce: 352968
Failed to process block: invalid proof of work
Mining block at height 1...
✓ Found nonce: 8855
Failed to process block: invalid proof of work
Mining block at height 1...
✓ Found nonce: 107105
Failed to process block: invalid proof of work
Mining block at height 1...
✓ Found nonce: 32516
Failed to process block: invalid proof of work
Mining block at height 1...
✓ Found nonce: 16963
Failed to process block: invalid proof of work
Mining block at height 1...
✓ Found nonce: 72476
Failed to process block: invalid proof of work
Mining block at height 1...
✓ Found nonce: 28290
Failed to process block: invalid proof of work
Mining block at height 1...
✓ Found nonce: 141749
Failed to process block: invalid proof of work
Mining block at height 1...
✓ Found nonce: 19933
Failed to process block: invalid proof of work
Mining block at height 1...
✓ Found nonce: 267509
Failed to process block: invalid proof of work
Mining block at height 1...
✓ Found nonce: 9557
Failed to process block: invalid proof of work
Mining block at height 1...
✓ Found nonce: 159678
Failed to process block: invalid proof of work
Mining block at height 1...
✓ Found nonce: 12924
Failed to process block: invalid proof of work
Mining block at height 1...
✓ Found nonce: 144606
Failed to process block: invalid proof of work
Mining block at height 1...
✓ Found nonce: 84493
Failed to process block: invalid proof of work
Mining block at height 1...
✓ Found nonce: 30517
Failed to process block: invalid proof of work
Mining block at height 1...
✓ Found nonce: 12989
Failed to process block: invalid proof of work
Mining block at height 1...
✓ Found nonce: 35040
Failed to process block: invalid proof of work
Mining block at height 1...
✓ Found nonce: 138871
Failed to process block: invalid proof of work
Mining block at height 1...
✓ Found nonce: 25293
Failed to process block: invalid proof of work
Mining block at height 1...
✓ Found nonce: 37013
Failed to process block: invalid proof of work
Mining block at height 1...
✓ Found nonce: 262015
Failed to process block: invalid proof of work
Mining block at height 1...
✓ Found nonce: 108962
Failed to process block: invalid proof of work
Mining block at height 1...
✓ Found nonce: 124420
Failed to process block: invalid proof of work
Mining block at height 1...
✓ Found nonce: 80536
Failed to process block: invalid proof of work
Mining block at height 1...
✓ Found nonce: 48873
Failed to process block: invalid proof of work
Mining block at height 1...
✓ Found nonce: 3526
Failed to process block: invalid proof of work
Mining block at height 1...
✓ Found nonce: 24624
Failed to process block: invalid proof of work
Mining block at height 1...
✓ Found nonce: 92758
Failed to process block: invalid proof of work
Mining block at height 1...
✓ Found nonce: 9028
Failed to process block: invalid proof of work
Mining block at height 1...
✓ Found nonce: 54267
Failed to process block: invalid proof of work
Mining block at height 1...
✓ Found nonce: 53507
Failed to process block: invalid proof of work
Mining block at height 1...
✓ Found nonce: 69295
Failed to process block: invalid proof of work
Mining block at height 1...
✓ Found nonce: 2514
Failed to process block: invalid proof of work
Mining block at height 1...
✓ Found nonce: 83276
Failed to process block: invalid proof of work
Mining block at height 1...
✓ Found nonce: 15171
Failed to process block: invalid proof of work
Mining block at height 1...
✓ Found nonce: 9085
Failed to process block: invalid proof of work
Mining block at height 1...
✓ Found nonce: 33491
Failed to process block: invalid proof of work
Mining block at height 1...
✓ Found nonce: 13635
Failed to process block: invalid proof of work
Mining block at height 1...
✓ Found nonce: 26371
Failed to process block: invalid proof of work
Mining block at height 1...
✓ Found nonce: 22528
Failed to process block: invalid proof of work
Mining block at height 1...
✓ Found nonce: 48966
Failed to process block: invalid proof of work
Mining block at height 1...
✓ Found nonce: 75480
Failed to process block: invalid proof of work
Mining block at height 1...
✓ Found nonce: 476531
Failed to process block: invalid proof of work
Mining block at height 1...
✓ Found nonce: 132704
Failed to process block: invalid proof of work
Mining block at height 1...
✓ Found nonce: 46453
Failed to process block: invalid proof of work
Mining block at height 1...
✓ Found nonce: 153557
Failed to process block: invalid proof of work
Mining block at height 1...
✓ Found nonce: 10573
Failed to process block: invalid proof of work
Mining block at height 1...
✓ Found nonce: 56869
Failed to process block: invalid proof of work
Mining block at height 1...
✓ Found nonce: 23045
Failed to process block: invalid proof of work
Mining block at height 1...
✓ Found nonce: 6631
Failed to process block: invalid proof of work
Mining block at height 1...
✓ Found nonce: 18946
Failed to process block: invalid proof of work
Mining block at height 1...
✓ Found nonce: 71192
Failed to process block: invalid proof of work
Mining block at height 1...
✓ Found nonce: 21510
Failed to process block: invalid proof of work
Mining block at height 1...
✓ Found nonce: 15405
Failed to process block: invalid proof of work
Mining block at height 1...
✓ Found nonce: 160321
Failed to process block: invalid proof of work
Mining block at height 1...
✓ Found nonce: 97873
Failed to process block: invalid proof of work
Mining block at height 1...
✓ Found nonce: 123254
Failed to process block: invalid proof of work
Mining block at height 1...
✓ Found nonce: 343
Failed to process block: invalid proof of work
Mining block at height 1...
✓ Found nonce: 26112
Failed to process block: invalid proof of work
Mining block at height 1...
✓ Found nonce: 26160
Failed to process block: invalid proof of work
Mining block at height 1...
✓ Found nonce: 161636
Failed to process block: invalid proof of work
Mining block at height 1...
✓ Found nonce: 29685
Failed to process block: invalid proof of work
Mining block at height 1...
✓ Found nonce: 20841
Failed to process block: invalid proof of work
Mining block at height 1...
✓ Found nonce: 237069
Failed to process block: invalid proof of work
Mining block at height 1...
✓ Found nonce: 175064
Failed to process block: invalid proof of work
Mining block at height 1...
✓ Found nonce: 19492
Failed to process block: invalid proof of work
Mining block at height 1...
✓ Found nonce: 78278
Failed to process block: invalid proof of work
Mining block at height 1...
✓ Found nonce: 92606
Failed to process block: invalid proof of work
Mining block at height 1...
✓ Found nonce: 18678
Failed to process block: invalid proof of work
Mining block at height 1...
✓ Found nonce: 61267
Failed to process block: invalid proof of work
Mining block at height 1...
✓ Found nonce: 53481
Failed to process block: invalid proof of work
Mining block at height 1...
✓ Found nonce: 266344
Failed to process block: invalid proof of work
Mining block at height 1...
✓ Found nonce: 17441
Failed to process block: invalid proof of work
Mining block at height 1...
✓ Found nonce: 72997
Failed to process block: invalid proof of work
Mining block at height 1...
✓ Found nonce: 3679
Failed to process block: invalid proof of work
Mining block at height 1...
✓ Found nonce: 37978
Failed to process block: invalid proof of work
Mining block at height 1...
✓ Found nonce: 2770
Failed to process block: invalid proof of work
Mining block at height 1...
✓ Found nonce: 10083
Failed to process block: invalid proof of work
Mining block at height 1...
✓ Found nonce: 5891
Failed to process block: invalid proof of work
Mining block at height 1...
✓ Found nonce: 106547
Failed to process block: invalid proof of work
Mining block at height 1...
✓ Found nonce: 60198
Failed to process block: invalid proof of work
Mining block at height 1...
✓ Found nonce: 52664
Failed to process block: invalid proof of work
Mining block at height 1...
✓ Found nonce: 14601
Failed to process block: invalid proof of work
Mining block at height 1...
✓ Found nonce: 242363
Failed to process block: invalid proof of work
Mining block at height 1...
✓ Found nonce: 20993
Failed to process block: invalid proof of work
Mining block at height 1...
✓ Found nonce: 247859
Failed to process block: invalid proof of work
Mining block at height 1...
✓ Found nonce: 26308
Failed to process block: invalid proof of work
Mining block at height 1...
✓ Found nonce: 17555
Failed to process block: invalid proof of work
Mining block at height 1...
✓ Found nonce: 52742
Failed to process block: invalid proof of work
Mining block at height 1...
✓ Found nonce: 6638
Failed to process block: invalid proof of work
Mining block at height 1...
✓ Found nonce: 36328
Failed to process block: invalid proof of work
Mining block at height 1...
✓ Found nonce: 102397
Failed to process block: invalid proof of work
Mining block at height 1...
✓ Found nonce: 21783
Failed to process block: invalid proof of work
Mining block at height 1...
✓ Found nonce: 192930
Failed to process block: invalid proof of work
Mining block at height 1...
✓ Found nonce: 89533
Failed to process block: invalid proof of work
Mining block at height 1...
✓ Found nonce: 92227
Failed to process block: invalid proof of work
Mining block at height 1...
✓ Found nonce: 7805
Failed to process block: invalid proof of work
Mining block at height 1...
✓ Found nonce: 340696
Failed to process block: invalid proof of work
Mining block at height 1...
✓ Found nonce: 13529
Failed to process block: invalid proof of work
Mining block at height 1...
✓ Found nonce: 42291
Failed to process block: invalid proof of work
Mining block at height 1...
✓ Found nonce: 5460
Failed to process block: invalid proof of work
Mining block at height 1...
✓ Found nonce: 3320
Failed to process block: invalid proof of work
Mining block at height 1...
✓ Found nonce: 311844
Failed to process block: invalid proof of work
Mining block at height 1...
✓ Found nonce: 106963
Failed to process block: invalid proof of work
Mining block at height 1...
✓ Found nonce: 128264
Failed to process block: invalid proof of work
Mining block at height 1...
✓ Found nonce: 18106
Failed to process block: invalid proof of work
Mining block at height 1...
✓ Found nonce: 147763
Failed to process block: invalid proof of work
Mining block at height 1...
✓ Found nonce: 17075
Failed to process block: invalid proof of work
Mining block at height 1...
✓ Found nonce: 65987
Failed to process block: invalid proof of work
Mining block at height 1...
✓ Found nonce: 73683
Failed to process block: invalid proof of work
Mining block at height 1...
✓ Found nonce: 89973
Failed to process block: invalid proof of work
Mining block at height 1...
✓ Found nonce: 8962
Failed to process block: invalid proof of work
Mining block at height 1...
✓ Found nonce: 28547
Failed to process block: invalid proof of work
Mining block at height 1...
✓ Found nonce: 91613
Failed to process block: invalid proof of work
Mining block at height 1...
✓ Found nonce: 1224
Failed to process block: invalid proof of work
Mining block at height 1...
✓ Found nonce: 51986
Failed to process block: invalid proof of work
Mining block at height 1...
✓ Found nonce: 5378
Failed to process block: invalid proof of work
Mining block at height 1...
✓ Found nonce: 14818
Failed to process block: invalid proof of work
Mining block at height 1...
✓ Found nonce: 25454
Failed to process block: invalid proof of work
Mining block at height 1...
✓ Found nonce: 75088
Failed to process block: invalid proof of work
Mining block at height 1...
✓ Found nonce: 55113
Failed to process block: invalid proof of work
Mining block at height 1...
✓ Found nonce: 224242
Failed to process block: invalid proof of work
Mining block at height 1...
✓ Found nonce: 32477
Failed to process block: invalid proof of work
Mining block at height 1...
✓ Found nonce: 61803
Failed to process block: invalid proof of work
Mining block at height 1...
✓ Found nonce: 34804
Failed to process block: invalid proof of work
Mining block at height 1...
✓ Found nonce: 36854
Failed to process block: invalid proof of work
Mining block at height 1...
✓ Found nonce: 7895
Failed to process block: invalid proof of work
Mining block at height 1...
✓ Found nonce: 49979
Failed to process block: invalid proof of work
Mining block at height 1...
✓ Found nonce: 46287
Failed to process block: invalid proof of work
Mining block at height 1...
✓ Found nonce: 36276
Failed to process block: invalid proof of work
Mining block at height 1...
✓ Found nonce: 18798
Failed to process block: invalid proof of work
Mining block at height 1...
✓ Found nonce: 24645
Failed to process block: invalid proof of work
Mining block at height 1...
✓ Found nonce: 314033
Failed to process block: invalid proof of work
Mining block at height 1...
✓ Found nonce: 885
Failed to process block: invalid proof of work
Mining block at height 1...
✓ Found nonce: 48957
Failed to process block: invalid proof of work
Mining block at height 1...
✓ Found nonce: 5194
Failed to process block: invalid proof of work
Mining block at height 1...
✓ Found nonce: 23645
Failed to process block: invalid proof of work
Mining block at height 1...
✓ Found nonce: 17745
Failed to process block: invalid proof of work
Mining block at height 1...
✓ Found nonce: 24186
Failed to process block: invalid proof of work
Mining block at height 1...
✓ Found nonce: 11881
Failed to process block: invalid proof of work
Mining block at height 1...
✓ Found nonce: 59222
Failed to process block: invalid proof of work
Mining block at height 1...
✓ Found nonce: 7857
Failed to process block: invalid proof of work
Mining block at height 1...
✓ Found nonce: 123215
Failed to process block: invalid proof of work
Mining block at height 1...
✓ Found nonce: 14241
Failed to process block: invalid proof of work
Mining block at height 1...
✓ Found nonce: 10155
Failed to process block: invalid proof of work
Mining block at height 1...
✓ Found nonce: 50048
Failed to process block: invalid proof of work
Mining block at height 1...
✓ Found nonce: 232196
Failed to process block: invalid proof of work
Mining block at height 1...
✓ Found nonce: 38688
Failed to process block: invalid proof of work
Mining block at height 1...
✓ Found nonce: 35483
Failed to process block: invalid proof of work
Mining block at height 1...
✓ Found nonce: 50241
Failed to process block: invalid proof of work
Mining block at height 1...
✓ Found nonce: 50869
Failed to process block: invalid proof of work
Mining block at height 1...
✓ Found nonce: 172248
Failed to process block: invalid proof of work
Mining block at height 1...
✓ Found nonce: 200647
Failed to process block: invalid proof of work
Mining block at height 1...
✓ Found nonce: 184165
Failed to process block: invalid proof of work
Mining block at height 1...
✓ Found nonce: 36
Failed to process block: invalid proof of work
Mining block at height 1...
✓ Found nonce: 12756
Failed to process block: invalid proof of work
Mining block at height 1...
✓ Found nonce: 41435
Failed to process block: invalid proof of work
Mining block at height 1...
✓ Found nonce: 27168
Failed to process block: invalid proof of work
Mining block at height 1...
✓ Found nonce: 31652
Failed to process block: invalid proof of work
Mining block at height 1...
✓ Found nonce: 17743
Failed to process block: invalid proof of work
Mining block at height 1...
✓ Found nonce: 26077
Failed to process block: invalid proof of work
Mining block at height 1...
✓ Found nonce: 5952
Failed to process block: invalid proof of work
Mining block at height 1...
✓ Found nonce: 109894
Failed to process block: invalid proof of work
Mining block at height 1...
✓ Found nonce: 91828
Failed to process block: invalid proof of work
Mining block at height 1...
✓ Found nonce: 18051
Failed to process block: invalid proof of work
Mining block at height 1...
✓ Found nonce: 50192
Failed to process block: invalid proof of work
Mining block at height 1...
✓ Found nonce: 8273
Failed to process block: invalid proof of work
Mining block at height 1...
✓ Found nonce: 34995
Failed to process block: invalid proof of work
Mining block at height 1...
✓ Found nonce: 92720
Failed to process block: invalid proof of work
Mining block at height 1...
✓ Found nonce: 7265
Failed to process block: invalid proof of work
Mining block at height 1...
✓ Found nonce: 166704
Failed to process block: invalid proof of work
Mining block at height 1...
✓ Found nonce: 35483
Failed to process block: invalid proof of work
Mining block at height 1...
✓ Found nonce: 56004
Failed to process block: invalid proof of work
Mining block at height 1...
✓ Found nonce: 327240
Failed to process block: invalid proof of work
Mining block at height 1...
✓ Found nonce: 3895
Failed to process block: invalid proof of work
Mining block at height 1...
✓ Found nonce: 44376
Failed to process block: invalid proof of work
Mining block at height 1...
✓ Found nonce: 44414
Failed to process block: invalid proof of work
Mining block at height 1...
✓ Found nonce: 197345
Failed to process block: invalid proof of work
Mining block at height 1...
✓ Found nonce: 16429
Failed to process block: invalid proof of work
Mining block at height 1...
✓ Found nonce: 80336
Failed to process block: invalid proof of work
Mining block at height 1...
✓ Found nonce: 95946
Failed to process block: invalid proof of work
Mining block at height 1...
✓ Found nonce: 4648
Failed to process block: invalid proof of work
Mining block at height 1...
✓ Found nonce: 19053
Failed to process block: invalid proof of work
Mining block at height 1...
✓ Found nonce: 140876
Failed to process block: invalid proof of work
Mining block at height 1...
✓ Found nonce: 59560
Failed to process block: invalid proof of work
Mining block at height 1...
✓ Found nonce: 187459
Failed to process block: invalid proof of work
Mining block at height 1...
✓ Found nonce: 10672
Failed to process block: invalid proof of work
Mining block at height 1...
✓ Found nonce: 138629
Failed to process block: invalid proof of work
Mining block at height 1...
✓ Found nonce: 48816
Failed to process block: invalid proof of work
Mining block at height 1...
✓ Found nonce: 53315
Failed to process block: invalid proof of work
Mining block at height 1...
✓ Found nonce: 85580
Failed to process block: invalid proof of work
Mining block at height 1...
✓ Found nonce: 13602
Failed to process block: invalid proof of work
Mining block at height 1...
✓ Found nonce: 4669
Failed to process block: invalid proof of work
Mining block at height 1...
✓ Found nonce: 3283
Failed to process block: invalid proof of work
Mining block at height 1...
✓ Found nonce: 32663
Failed to process block: invalid proof of work
Mining block at height 1...
✓ Found nonce: 26438
Failed to process block: invalid proof of work
Mining block at height 1...
✓ Found nonce: 5302
Failed to process block: invalid proof of work
Mining block at height 1...
✓ Found nonce: 62456
Failed to process block: invalid proof of work
Mining block at height 1...
✓ Found nonce: 39778
Failed to process block: invalid proof of work
Mining block at height 1...
✓ Found nonce: 52815
Failed to process block: invalid proof of work
Mining block at height 1...
✓ Found nonce: 82415
Failed to process block: invalid proof of work
Mining block at height 1...
✓ Found nonce: 58079
Failed to process block: invalid proof of work
Mining block at height 1...
✓ Found nonce: 74559
Failed to process block: invalid proof of work
Mining block at height 1...
✓ Found nonce: 128326
Failed to process block: invalid proof of work
Mining block at height 1...
✓ Found nonce: 29888
Failed to process block: invalid proof of work
Mining block at height 1...
✓ Found nonce: 307775
Failed to process block: invalid proof of work
Mining block at height 1...
✓ Found nonce: 42723
Failed to process block: invalid proof of work
Mining block at height 1...
✓ Found nonce: 79900
Failed to process block: invalid proof of work
Mining block at height 1...
✓ Found nonce: 13043
Failed to process block: invalid proof of work
Mining block at height 1...
✓ Found nonce: 96535
Failed to process block: invalid proof of work
Mining block at height 1...
✓ Found nonce: 14910
Failed to process block: invalid proof of work
Mining block at height 1...
✓ Found nonce: 22161
Failed to process block: invalid proof of work
Mining block at height 1...
✓ Found nonce: 26451
Failed to process block: invalid proof of work
Mining block at height 1...
✓ Found nonce: 41189
Failed to process block: invalid proof of work
Mining block at height 1...
✓ Found nonce: 72788
Failed to process block: invalid proof of work
Mining block at height 1...
✓ Found nonce: 147331
Failed to process block: invalid proof of work
Mining block at height 1...
✓ Found nonce: 61964
Failed to process block: invalid proof of work
Mining block at height 1...
✓ Found nonce: 20335
Failed to process block: invalid proof of work
Mining block at height 1...
✓ Found nonce: 25044
Failed to process block: invalid proof of work
Mining block at height 1...
✓ Found nonce: 70461
Failed to process block: invalid proof of work
Mining block at height 1...
✓ Found nonce: 38502
Failed to process block: invalid proof of work
Mining block at height 1...
✓ Found nonce: 4720
Failed to process block: invalid proof of work
Mining block at height 1...
✓ Found nonce: 150549
Failed to process block: invalid proof of work
Mining block at height 1...
✓ Found nonce: 58279
Failed to process block: invalid proof of work
Mining block at height 1...
✓ Found nonce: 108472
Failed to process block: invalid proof of work
Mining block at height 1...
✓ Found nonce: 187286
Failed to process block: invalid proof of work
Mining block at height 1...
✓ Found nonce: 66904
Failed to process block: invalid proof of work
Mining block at height 1...
✓ Found nonce: 27480
Failed to process block: invalid proof of work
Mining block at height 1...
✓ Found nonce: 19340
Failed to process block: invalid proof of work
Mining block at height 1...
✓ Found nonce: 167358
Failed to process block: invalid proof of work
Mining block at height 1...
✓ Found nonce: 11206
Failed to process block: invalid proof of work
Mining block at height 1...
✓ Found nonce: 98320
Failed to process block: invalid proof of work
Mining block at height 1...
✓ Found nonce: 19364
Failed to process block: invalid proof of work
Mining block at height 1...
✓ Found nonce: 1150
Failed to process block: invalid proof of work
Mining block at height 1...
✓ Found nonce: 379936
Failed to process block: invalid proof of work
Mining block at height 1...
✓ Found nonce: 1017
Failed to process block: invalid proof of work
Mining block at height 1...
✓ Found nonce: 4140
Failed to process block: invalid proof of work
Mining block at height 1...
✓ Found nonce: 7862
Failed to process block: invalid proof of work
Mining block at height 1...
✓ Found nonce: 56320
Failed to process block: invalid proof of work
Mining block at height 1...
✓ Found nonce: 58446
Failed to process block: invalid proof of work
Mining block at height 1...
✓ Found nonce: 2686
Failed to process block: invalid proof of work
Mining block at height 1...
✓ Found nonce: 263991
Failed to process block: invalid proof of work
Mining block at height 1...
✓ Found nonce: 20269
Failed to process block: invalid proof of work
Mining block at height 1...
✓ Found nonce: 922
Failed to process block: invalid proof of work
Mining block at height 1...
✓ Found nonce: 14617
Failed to process block: invalid proof of work
Mining block at height 1...
✓ Found nonce: 20475
Failed to process block: invalid proof of work
Mining block at height 1...
✓ Found nonce: 63019
Failed to process block: invalid proof of work
Mining block at height 1...
✓ Found nonce: 60183
Failed to process block: invalid proof of work
Mining block at height 1...
✓ Found nonce: 15209
Failed to process block: invalid proof of work
Mining block at height 1...
✓ Found nonce: 33789
Failed to process block: invalid proof of work
Mining block at height 1...
✓ Found nonce: 33113
Failed to process block: invalid proof of work
Mining block at height 1...
✓ Found nonce: 61999
Failed to process block: invalid proof of work
Mining block at height 1...
✓ Found nonce: 7140
Failed to process block: invalid proof of work
Mining block at height 1...
✓ Found nonce: 90812
Failed to process block: invalid proof of work
Mining block at height 1...
✓ Found nonce: 80842
Failed to process block: invalid proof of work
Mining block at height 1...
✓ Found nonce: 124997
Failed to process block: invalid proof of work
Mining block at height 1...
✓ Found nonce: 37502
Failed to process block: invalid proof of work
Mining block at height 1...
✓ Found nonce: 46
Failed to process block: invalid proof of work
Mining block at height 1...
✓ Found nonce: 12960
Failed to process block: invalid proof of work
Mining block at height 1...
✓ Found nonce: 43075
Failed to process block: invalid proof of work
Mining block at height 1...
✓ Found nonce: 114776
Failed to process block: invalid proof of work
Mining block at height 1...
✓ Found nonce: 11157
Failed to process block: invalid proof of work
Mining block at height 1...
✓ Found nonce: 137493
Failed to process block: invalid proof of work
Mining block at height 1...
✓ Found nonce: 102067
Failed to process block: invalid proof of work
Mining block at height 1...
✓ Found nonce: 34175
Failed to process block: invalid proof of work
Mining block at height 1...
✓ Found nonce: 34301
Failed to process block: invalid proof of work
Mining block at height 1...
✓ Found nonce: 47653
Failed to process block: invalid proof of work
Mining block at height 1...
✓ Found nonce: 58286
Failed to process block: invalid proof of work
Mining block at height 1...
✓ Found nonce: 11964
Failed to process block: invalid proof of work
Mining block at height 1...
✓ Found nonce: 59202
Failed to process block: invalid proof of work
Mining block at height 1...
✓ Found nonce: 99726
Failed to process block: invalid proof of work
Mining block at height 1...
✓ Found nonce: 3665
Failed to process block: invalid proof of work
Mining block at height 1...
✓ Found nonce: 155683
Failed to process block: invalid proof of work
Mining block at height 1...
✓ Found nonce: 137308
Failed to process block: invalid proof of work
Mining block at height 1...
✓ Found nonce: 23910
Failed to process block: invalid proof of work
Mining block at height 1...
✓ Found nonce: 10186
Failed to process block: invalid proof of work
Mining block at height 1...
✓ Found nonce: 69936
Failed to process block: invalid proof of work
Mining block at height 1...
✓ Found nonce: 31874
Failed to process block: invalid proof of work
Mining block at height 1...
✓ Found nonce: 36812
Failed to process block: invalid proof of work
Mining block at height 1...
✓ Found nonce: 20725
Failed to process block: invalid proof of work
Mining block at height 1...
✓ Found nonce: 66141
Failed to process block: invalid proof of work
Mining block at height 1...
✓ Found nonce: 19307
Failed to process block: invalid proof of work
Mining block at height 1...
✓ Found nonce: 145217
Failed to process block: invalid proof of work
Mining block at height 1...
✓ Found nonce: 87259
Failed to process block: invalid proof of work
Mining block at height 1...
✓ Found nonce: 95960
Failed to process block: invalid proof of work
Mining block at height 1...
✓ Found nonce: 139096
Failed to process block: invalid proof of work
Mining block at height 1...
✓ Found nonce: 164264
Failed to process block: invalid proof of work
Mining block at height 1...
✓ Found nonce: 58288
Failed to process block: invalid proof of work
Mining block at height 1...
✓ Found nonce: 48083
Failed to process block: invalid proof of work
Mining block at height 1...
✓ Found nonce: 96811
Failed to process block: invalid proof of work
Mining block at height 1...
✓ Found nonce: 55989
Failed to process block: invalid proof of work
Mining block at height 1...
✓ Found nonce: 3744
Failed to process block: invalid proof of work
Mining block at height 1...
✓ Found nonce: 54830
Failed to process block: invalid proof of work
Mining block at height 1...
✓ Found nonce: 2637
Failed to process block: invalid proof of work
Mining block at height 1...
✓ Found nonce: 59409
Failed to process block: invalid proof of work
Mining block at height 1...
✓ Found nonce: 13224
Failed to process block: invalid proof of work
Mining block at height 1...
✓ Found nonce: 66123
Failed to process block: invalid proof of work
Mining block at height 1...
✓ Found nonce: 1885
Failed to process block: invalid proof of work
Mining block at height 1...
✓ Found nonce: 42346
Failed to process block: invalid proof of work
Mining block at height 1...
✓ Found nonce: 18549
Failed to process block: invalid proof of work
Mining block at height 1...
✓ Found nonce: 40972
Failed to process block: invalid proof of work
Mining block at height 1...
✓ Found nonce: 29150
Failed to process block: invalid proof of work
Mining block at height 1...
✓ Found nonce: 56585
Failed to process block: invalid proof of work
Mining block at height 1...
✓ Found nonce: 719
Failed to process block: invalid proof of work
Mining block at height 1...
✓ Found nonce: 67565
Failed to process block: invalid proof of work
Mining block at height 1...
✓ Found nonce: 147589
Failed to process block: invalid proof of work
Mining block at height 1...
✓ Found nonce: 226378
Failed to process block: invalid proof of work
Mining block at height 1...
✓ Found nonce: 56868
Failed to process block: invalid proof of work
Mining block at height 1...
✓ Found nonce: 48016
Failed to process block: invalid proof of work
Mining block at height 1...
✓ Found nonce: 5663
Failed to process block: invalid proof of work
Mining block at height 1...
✓ Found nonce: 38079
Failed to process block: invalid proof of work
Mining block at height 1...
✓ Found nonce: 68912
Failed to process block: invalid proof of work
Mining block at height 1...
✓ Found nonce: 86443
Failed to process block: invalid proof of work
Mining block at height 1...
✓ Found nonce: 30144
Failed to process block: invalid proof of work
Mining block at height 1...
✓ Found nonce: 101412
Failed to process block: invalid proof of work
Mining block at height 1...
✓ Found nonce: 673
Failed to process block: invalid proof of work
Mining block at height 1...
✓ Found nonce: 68750
Failed to process block: invalid proof of work
Mining block at height 1...
✓ Found nonce: 88375
Failed to process block: invalid proof of work
Mining block at height 1...
✓ Found nonce: 6003
Failed to process block: invalid proof of work
Mining block at height 1...
✓ Found nonce: 40102
Failed to process block: invalid proof of work
Mining block at height 1...
✓ Found nonce: 118309
Failed to process block: invalid proof of work
Mining block at height 1...
✓ Found nonce: 42396
Failed to process block: invalid proof of work
Mining block at height 1...
✓ Found nonce: 147362
Failed to process block: invalid proof of work
Mining block at height 1...
✓ Found nonce: 85936
Failed to process block: invalid proof of work
Mining block at height 1...
✓ Found nonce: 38051
Failed to process block: invalid proof of work
Mining block at height 1...
✓ Found nonce: 29396
Failed to process block: invalid proof of work
Mining block at height 1...
✓ Found nonce: 82417
Failed to process block: invalid proof of work
Mining block at height 1...
✓ Found nonce: 16169
Failed to process block: invalid proof of work
Mining block at height 1...
✓ Found nonce: 11384
Failed to process block: invalid proof of work
Mining block at height 1...
✓ Found nonce: 56002
Failed to process block: invalid proof of work
Mining block at height 1...
✓ Found nonce: 20286
Failed to process block: invalid proof of work
Mining block at height 1...
✓ Found nonce: 21990
Failed to process block: invalid proof of work
Mining block at height 1...
✓ Found nonce: 17549
Failed to process block: invalid proof of work
Mining block at height 1...
✓ Found nonce: 7511
Failed to process block: invalid proof of work
Mining block at height 1...
✓ Found nonce: 40201
Failed to process block: invalid proof of work
Mining block at height 1...
✓ Found nonce: 31782
Failed to process block: invalid proof of work
Mining block at height 1...
✓ Found nonce: 66127
Failed to process block: invalid proof of work
Mining block at height 1...
✓ Found nonce: 227520
Failed to process block: invalid proof of work
Mining block at height 1...
✓ Found nonce: 17628
Failed to process block: invalid proof of work
Mining block at height 1...
✓ Found nonce: 3480
Failed to process block: invalid proof of work
Mining block at height 1...
✓ Found nonce: 7556
Failed to process block: invalid proof of work
Mining block at height 1...
✓ Found nonce: 66460
Failed to process block: invalid proof of work
Mining block at height 1...
✓ Found nonce: 17364
Failed to process block: invalid proof of work
Mining block at height 1...
✓ Found nonce: 3592
Failed to process block: invalid proof of work
Mining block at height 1...
✓ Found nonce: 77003
Failed to process block: invalid proof of work
Mining block at height 1...
✓ Found nonce: 6521
Failed to process block: invalid proof of work
Mining block at height 1...
✓ Found nonce: 150107
Failed to process block: invalid proof of work
Mining block at height 1...
✓ Found nonce: 105896
Failed to process block: invalid proof of work
Mining block at height 1...
✓ Found nonce: 22342
Failed to process block: invalid proof of work
Mining block at height 1...
✓ Found nonce: 31767
Failed to process block: invalid proof of work
Mining block at height 1...
✓ Found nonce: 10799
Failed to process block: invalid proof of work
Mining block at height 1...
✓ Found nonce: 8960
Failed to process block: invalid proof of work
Mining block at height 1...
✓ Found nonce: 5474
Failed to process block: invalid proof of work
Mining block at height 1...
✓ Found nonce: 101035
Failed to process block: invalid proof of work
Mining block at height 1...
✓ Found nonce: 29325
Failed to process block: invalid proof of work
Mining block at height 1...
✓ Found nonce: 91999
Failed to process block: invalid proof of work
Mining block at height 1...
✓ Found nonce: 51754
Failed to process block: invalid proof of work
Mining block at height 1...
✓ Found nonce: 300374
Failed to process block: invalid proof of work
Mining block at height 1...
✓ Found nonce: 106089
Failed to process block: invalid proof of work
Mining block at height 1...
✓ Found nonce: 146856
Failed to process block: invalid proof of work
Mining block at height 1...
✓ Found nonce: 55320
Failed to process block: invalid proof of work
Mining block at height 1...
✓ Found nonce: 5796
Failed to process block: invalid proof of work
Mining block at height 1...
✓ Found nonce: 89529
Failed to process block: invalid proof of work
Mining block at height 1...
✓ Found nonce: 51212
Failed to process block: invalid proof of work
Mining block at height 1...
✓ Found nonce: 4374
Failed to process block: invalid proof of work
Mining block at height 1...
✓ Found nonce: 64728
Failed to process block: invalid proof of work
Mining block at height 1...
✓ Found nonce: 79888
Failed to process block: invalid proof of work
Mining block at height 1...
✓ Found nonce: 44887
Failed to process block: invalid proof of work
Mining block at height 1...
✓ Found nonce: 40291
Failed to process block: invalid proof of work
Mining block at height 1...
✓ Found nonce: 24122
Failed to process block: invalid proof of work
Mining block at height 1...
✓ Found nonce: 2851
Failed to process block: invalid proof of work
Mining block at height 1...
✓ Found nonce: 31209
Failed to process block: invalid proof of work
Mining block at height 1...
✓ Found nonce: 75844
Failed to process block: invalid proof of work
Mining block at height 1...
✓ Found nonce: 24316
Failed to process block: invalid proof of work
Mining block at height 1...
✓ Found nonce: 36005
Failed to process block: invalid proof of work
Mining block at height 1...
✓ Found nonce: 71075
Failed to process block: invalid proof of work
Mining block at height 1...
✓ Found nonce: 249025
Failed to process block: invalid proof of work
Mining block at height 1...
✓ Found nonce: 34099
Failed to process block: invalid proof of work
Mining block at height 1...
✓ Found nonce: 43117
Failed to process block: invalid proof of work
Mining block at height 1...
✓ Found nonce: 53461
Failed to process block: invalid proof of work
Mining block at height 1...
✓ Found nonce: 19142
Failed to process block: invalid proof of work
Mining block at height 1...
✓ Found nonce: 43360
Failed to process block: invalid proof of work
Mining block at height 1...
✓ Found nonce: 111396
Failed to process block: invalid proof of work
Mining block at height 1...
✓ Found nonce: 556
Failed to process block: invalid proof of work
Mining block at height 1...
✓ Found nonce: 11959
Failed to process block: invalid proof of work
Mining block at height 1...
✓ Found nonce: 9092
Failed to process block: invalid proof of work
Mining block at height 1...
✓ Found nonce: 11238
Failed to process block: invalid proof of work
Mining block at height 1...
✓ Found nonce: 72413
Failed to process block: invalid proof of work
Mining block at height 1...
✓ Found nonce: 157578
Failed to process block: invalid proof of work
Mining block at height 1...
✓ Found nonce: 179575
Failed to process block: invalid proof of work
Mining block at height 1...
✓ Found nonce: 21658
Failed to process block: invalid proof of work
Mining block at height 1...
✓ Found nonce: 40570
Failed to process block: invalid proof of work
Mining block at height 1...
✓ Found nonce: 60149
Failed to process block: invalid proof of work
Mining block at height 1...
✓ Found nonce: 18092
Failed to process block: invalid proof of work
Mining block at height 1...
✓ Found nonce: 4905
Failed to process block: invalid proof of work
Mining block at height 1...
✓ Found nonce: 175648
Failed to process block: invalid proof of work
Mining block at height 1...
✓ Found nonce: 7167
Failed to process block: invalid proof of work
Mining block at height 1...
✓ Found nonce: 12802
Failed to process block: invalid proof of work
Mining block at height 1...
✓ Found nonce: 60903
Failed to process block: invalid proof of work
Mining block at height 1...
✓ Found nonce: 13923
Failed to process block: invalid proof of work
Mining block at height 1...
✓ Found nonce: 105465
Failed to process block: invalid proof of work
Mining block at height 1...
✓ Found nonce: 45579
Failed to process block: invalid proof of work
Mining block at height 1...
✓ Found nonce: 100856
Failed to process block: invalid proof of work
Mining block at height 1...
✓ Found nonce: 110074
Failed to process block: invalid proof of work
Mining block at height 1...
✓ Found nonce: 89368
Failed to process block: invalid proof of work
Mining block at height 1...
✓ Found nonce: 8105
Failed to process block: invalid proof of work
Mining block at height 1...
✓ Found nonce: 584
Failed to process block: invalid proof of work
Mining block at height 1...
✓ Found nonce: 43427
Failed to process block: invalid proof of work
Mining block at height 1...
✓ Found nonce: 81931
Failed to process block: invalid proof of work
Mining block at height 1...
✓ Found nonce: 72309
Failed to process block: invalid proof of work
Mining block at height 1...
✓ Found nonce: 111876
Failed to process block: invalid proof of work
Mining block at height 1...
✓ Found nonce: 54027
Failed to process block: invalid proof of work
Mining block at height 1...
✓ Found nonce: 20675
Failed to process block: invalid proof of work
Mining block at height 1...
✓ Found nonce: 210514
Failed to process block: invalid proof of work
Mining block at height 1...
✓ Found nonce: 27624
Failed to process block: invalid proof of work
Mining block at height 1...
✓ Found nonce: 61563
Failed to process block: invalid proof of work
Mining block at height 1...
✓ Found nonce: 27680
Failed to process block: invalid proof of work
Mining block at height 1...
✓ Found nonce: 113695
Failed to process block: invalid proof of work
Mining block at height 1...
✓ Found nonce: 23112
Failed to process block: invalid proof of work
Mining block at height 1...
✓ Found nonce: 25373
Failed to process block: invalid proof of work
Mining block at height 1...
✓ Found nonce: 14611
Failed to process block: invalid proof of work
Mining block at height 1...
✓ Found nonce: 35284
Failed to process block: invalid proof of work
Mining block at height 1...
✓ Found nonce: 76027
Failed to process block: invalid proof of work
Mining block at height 1...
✓ Found nonce: 6337
Failed to process block: invalid proof of work
Mining block at height 1...
✓ Found nonce: 56363
Failed to process block: invalid proof of work
Mining block at height 1...
✓ Found nonce: 36150
Failed to process block: invalid proof of work
Mining block at height 1...
✓ Found nonce: 15586
Failed to process block: invalid proof of work
Mining block at height 1...
✓ Found nonce: 103700
Failed to process block: invalid proof of work
Mining block at height 1...
✓ Found nonce: 47706
Failed to process block: invalid proof of work
Mining block at height 1...
✓ Found nonce: 66397
Failed to process block: invalid proof of work
Mining block at height 1...
✓ Found nonce: 745
Failed to process block: invalid proof of work
Mining block at height 1...
✓ Found nonce: 176308
Failed to process block: invalid proof of work
Mining block at height 1...
✓ Found nonce: 48049
Failed to process block: invalid proof of work
Mining block at height 1...
✓ Found nonce: 8433
Failed to process block: invalid proof of work
Mining block at height 1...
✓ Found nonce: 63911
Failed to process block: invalid proof of work
Mining block at height 1...
✓ Found nonce: 307466
Failed to process block: invalid proof of work
Mining block at height 1...
✓ Found nonce: 53996
Failed to process block: invalid proof of work
Mining block at height 1...
✓ Found nonce: 84290
Failed to process block: invalid proof of work
Mining block at height 1...
✓ Found nonce: 8306
Failed to process block: invalid proof of work
Mining block at height 1...
✓ Found nonce: 26127
Failed to process block: invalid proof of work
Mining block at height 1...
✓ Found nonce: 65868
Failed to process block: invalid proof of work
Mining block at height 1...
✓ Found nonce: 28327
Failed to process block: invalid proof of work
Mining block at height 1...
✓ Found nonce: 68403
Failed to process block: invalid proof of work
Mining block at height 1...
✓ Found nonce: 12924
Failed to process block: invalid proof of work
Mining block at height 1...
✓ Found nonce: 338157
Failed to process block: invalid proof of work
Mining block at height 1...
✓ Found nonce: 144397
Failed to process block: invalid proof of work
Mining block at height 1...
✓ Found nonce: 13657
Failed to process block: invalid proof of work
Mining block at height 1...
✓ Found nonce: 44772
Failed to process block: invalid proof of work
Mining block at height 1...
✓ Found nonce: 150558
Failed to process block: invalid proof of work
Mining block at height 1...
✓ Found nonce: 82547
Failed to process block: invalid proof of work
Mining block at height 1...
✓ Found nonce: 133322
Failed to process block: invalid proof of work
Mining block at height 1...
✓ Found nonce: 9253
Failed to process block: invalid proof of work
Mining block at height 1...
✓ Found nonce: 19215
Failed to process block: invalid proof of work
Mining block at height 1...
✓ Found nonce: 218745
Failed to process block: invalid proof of work
Mining block at height 1...
✓ Found nonce: 95732
Failed to process block: invalid proof of work
Mining block at height 1...
✓ Found nonce: 103434
Failed to process block: invalid proof of work
Mining block at height 1...
✓ Found nonce: 14759
Failed to process block: invalid proof of work
Mining block at height 1...
✓ Found nonce: 6510
Failed to process block: invalid proof of work
Mining block at height 1...
✓ Found nonce: 18794
Failed to process block: invalid proof of work
Mining block at height 1...
✓ Found nonce: 1201
Failed to process block: invalid proof of work
Mining block at height 1...
✓ Found nonce: 42034
Failed to process block: invalid proof of work
Mining block at height 1...
✓ Found nonce: 188960
Failed to process block: invalid proof of work
Mining block at height 1...
✓ Found nonce: 41291
Failed to process block: invalid proof of work
Mining block at height 1...
✓ Found nonce: 8275
Failed to process block: invalid proof of work
Mining block at height 1...
✓ Found nonce: 3659
Failed to process block: invalid proof of work
Mining block at height 1...
✓ Found nonce: 85398
Failed to process block: invalid proof of work
Mining block at height 1...
✓ Found nonce: 247922
Failed to process block: invalid proof of work
Mining block at height 1...
✓ Found nonce: 34766
Failed to process block: invalid proof of work
Mining block at height 1...
✓ Found nonce: 106786
Failed to process block: invalid proof of work
Mining block at height 1...
✓ Found nonce: 29444
Failed to process block: invalid proof of work
Mining block at height 1...
✓ Found nonce: 143137
Failed to process block: invalid proof of work
Mining block at height 1...
✓ Found nonce: 144633
Failed to process block: invalid proof of work
Mining block at height 1...
✓ Found nonce: 29030
Failed to process block: invalid proof of work
Mining block at height 1...
✓ Found nonce: 5281
Failed to process block: invalid proof of work
Mining block at height 1...
✓ Found nonce: 237478
Failed to process block: invalid proof of work
Mining block at height 1...
✓ Found nonce: 211758
Failed to process block: invalid proof of work
Mining block at height 1...
✓ Found nonce: 87319
Failed to process block: invalid proof of work
Mining block at height 1...
✓ Found nonce: 158281
Failed to process block: invalid proof of work
Mining block at height 1...
✓ Found nonce: 14413
Failed to process block: invalid proof of work
Mining block at height 1...
✓ Found nonce: 26329
Failed to process block: invalid proof of work
Mining block at height 1...
✓ Found nonce: 109349
Failed to process block: invalid proof of work
Mining block at height 1...
✓ Found nonce: 217154
Failed to process block: invalid proof of work
Mining block at height 1...
✓ Found nonce: 6531
Failed to process block: invalid proof of work
Mining block at height 1...
✓ Found nonce: 39138
Failed to process block: invalid proof of work
Mining block at height 1...
✓ Found nonce: 214737
Failed to process block: invalid proof of work
Mining block at height 1...
✓ Found nonce: 59996
Failed to process block: invalid proof of work
Mining block at height 1...
✓ Found nonce: 47372
Failed to process block: invalid proof of work
Mining block at height 1...
✓ Found nonce: 40049
Failed to process block: invalid proof of work
Mining block at height 1...
✓ Found nonce: 39367
Failed to process block: invalid proof of work
Mining block at height 1...
✓ Found nonce: 29776
Failed to process block: invalid proof of work
Mining block at height 1...
✓ Found nonce: 79664
Failed to process block: invalid proof of work
Mining block at height 1...
✓ Found nonce: 67111
Failed to process block: invalid proof of work
Mining block at height 1...
✓ Found nonce: 36596
Failed to process block: invalid proof of work
Mining block at height 1...
✓ Found nonce: 120398
Failed to process block: invalid proof of work
Mining block at height 1...
✓ Found nonce: 75136
Failed to process block: invalid proof of work
Mining block at height 1...
✓ Found nonce: 3167
Failed to process block: invalid proof of work
Mining block at height 1...
✓ Found nonce: 75807
Failed to process block: invalid proof of work
Mining block at height 1...
✓ Found nonce: 29101
Failed to process block: invalid proof of work
Mining block at height 1...
✓ Found nonce: 24763
Failed to process block: invalid proof of work
Mining block at height 1...
✓ Found nonce: 7714
Failed to process block: invalid proof of work
Mining block at height 1...
✓ Found nonce: 169785
Failed to process block: invalid proof of work
Mining block at height 1...
✓ Found nonce: 40615
Failed to process block: invalid proof of work
Mining block at height 1...
✓ Found nonce: 3143
Failed to process block: invalid proof of work
Mining block at height 1...
✓ Found nonce: 4452
Failed to process block: invalid proof of work
Mining block at height 1...
✓ Found nonce: 63454
Failed to process block: invalid proof of work
Mining block at height 1...
✓ Found nonce: 94783
Failed to process block: invalid proof of work
Mining block at height 1...
✓ Found nonce: 101523
Failed to process block: invalid proof of work
Mining block at height 1...
✓ Found nonce: 85338
Failed to process block: invalid proof of work
Mining block at height 1...
✓ Found nonce: 2272
Failed to process block: invalid proof of work
Mining block at height 1...
✓ Found nonce: 19031
Failed to process block: invalid proof of work
Mining block at height 1...
✓ Found nonce: 5439
Failed to process block: invalid proof of work
Mining block at height 1...
✓ Found nonce: 42392
Failed to process block: invalid proof of work
Mining block at height 1...
✓ Found nonce: 89699
Failed to process block: invalid proof of work
Mining block at height 1...
✓ Found nonce: 16552
Failed to process block: invalid proof of work
Mining block at height 1...
✓ Found nonce: 14
Failed to process block: invalid proof of work
Mining block at height 1...
✓ Found nonce: 19796
Failed to process block: invalid proof of work
Mining block at height 1...
✓ Found nonce: 14604
Failed to process block: invalid proof of work
Mining block at height 1...
✓ Found nonce: 219444
Failed to process block: invalid proof of work
Mining block at height 1...
✓ Found nonce: 23865
Failed to process block: invalid proof of work
Mining block at height 1...
✓ Found nonce: 92283
Failed to process block: invalid proof of work
Mining block at height 1...
✓ Found nonce: 39903
Failed to process block: invalid proof of work
Mining block at height 1...
✓ Found nonce: 64836
Failed to process block: invalid proof of work
Mining block at height 1...
✓ Found nonce: 94249
Failed to process block: invalid proof of work
Mining block at height 1...
✓ Found nonce: 3366
Failed to process block: invalid proof of work
Mining block at height 1...
✓ Found nonce: 34735
Failed to process block: invalid proof of work
Mining block at height 1...
✓ Found nonce: 24851
Failed to process block: invalid proof of work
Mining block at height 1...
✓ Found nonce: 14989
Failed to process block: invalid proof of work
Mining block at height 1...
✓ Found nonce: 81856
Failed to process block: invalid proof of work
Mining block at height 1...
✓ Found nonce: 42341
Failed to process block: invalid proof of work
Mining block at height 1...
✓ Found nonce: 5291
Failed to process block: invalid proof of work
Mining block at height 1...
✓ Found nonce: 825
Failed to process block: invalid proof of work
Mining block at height 1...
✓ Found nonce: 224061
Failed to process block: invalid proof of work
Mining block at height 1...
✓ Found nonce: 34198
Failed to process block: invalid proof of work
Mining block at height 1...
✓ Found nonce: 22591
Failed to process block: invalid proof of work
Mining block at height 1...
✓ Found nonce: 83453
Failed to process block: invalid proof of work
Mining block at height 1...
✓ Found nonce: 16068
Failed to process block: invalid proof of work
Mining block at height 1...
✓ Found nonce: 50683
Failed to process block: invalid proof of work
Mining block at height 1...
✓ Found nonce: 128836
Failed to process block: invalid proof of work
Mining block at height 1...
✓ Found nonce: 20391
Failed to process block: invalid proof of work
Mining block at height 1...
✓ Found nonce: 150478
Failed to process block: invalid proof of work
Mining block at height 1...
✓ Found nonce: 125059
Failed to process block: invalid proof of work
Mining block at height 1...
✓ Found nonce: 95726
Failed to process block: invalid proof of work
Mining block at height 1...
✓ Found nonce: 40128
Failed to process block: invalid proof of work
Mining block at height 1...
✓ Found nonce: 70661
Failed to process block: invalid proof of work
Mining block at height 1...
✓ Found nonce: 224283
Failed to process block: invalid proof of work
Mining block at height 1...
✓ Found nonce: 73888
Failed to process block: invalid proof of work
Mining block at height 1...
✓ Found nonce: 45588
Failed to process block: invalid proof of work
Mining block at height 1...
✓ Found nonce: 31974
Failed to process block: invalid proof of work
Mining block at height 1...
✓ Found nonce: 44283
Failed to process block: invalid proof of work
Mining block at height 1...
✓ Found nonce: 110427
Failed to process block: invalid proof of work
Mining block at height 1...
✓ Found nonce: 53613
Failed to process block: invalid proof of work
Mining block at height 1...
✓ Found nonce: 72943
Failed to process block: invalid proof of work
Mining block at height 1...
✓ Found nonce: 33084
Failed to process block: invalid proof of work
Mining block at height 1...
✓ Found nonce: 7410
Failed to process block: invalid proof of work
Mining block at height 1...
✓ Found nonce: 42172
Failed to process block: invalid proof of work
Mining block at height 1...
✓ Found nonce: 129718
Failed to process block: invalid proof of work
Mining block at height 1...
✓ Found nonce: 3223
Failed to process block: invalid proof of work
Mining block at height 1...
✓ Found nonce: 12477
Failed to process block: invalid proof of work
Mining block at height 1...
✓ Found nonce: 20550
Failed to process block: invalid proof of work
Mining block at height 1...
✓ Found nonce: 59993
Failed to process block: invalid proof of work
Mining block at height 1...
✓ Found nonce: 26937
Failed to process block: invalid proof of work
Mining block at height 1...
✓ Found nonce: 101452
Failed to process block: invalid proof of work
Mining block at height 1...
✓ Found nonce: 4512
Failed to process block: invalid proof of work
Mining block at height 1...
✓ Found nonce: 37903
Failed to process block: invalid proof of work
Mining block at height 1...
✓ Found nonce: 117120
Failed to process block: invalid proof of work
Mining block at height 1...
✓ Found nonce: 262711
Failed to process block: invalid proof of work
Mining block at height 1...
✓ Found nonce: 34068
Failed to process block: invalid proof of work
Mining block at height 1...
✓ Found nonce: 41162
Failed to process block: invalid proof of work
Mining block at height 1...
✓ Found nonce: 122835
Failed to process block: invalid proof of work
Mining block at height 1...
✓ Found nonce: 75892
Failed to process block: invalid proof of work
Mining block at height 1...
✓ Found nonce: 133979
Failed to process block: invalid proof of work
Mining block at height 1...
✓ Found nonce: 10775
Failed to process block: invalid proof of work
Mining block at height 1...
✓ Found nonce: 7284
Failed to process block: invalid proof of work
Mining block at height 1...
✓ Found nonce: 6047
Failed to process block: invalid proof of work
Mining block at height 1...
✓ Found nonce: 119232
Failed to process block: invalid proof of work
Mining block at height 1...
✓ Found nonce: 84896
Failed to process block: invalid proof of work
Mining block at height 1...
✓ Found nonce: 62949
Failed to process block: invalid proof of work
Mining block at height 1...
✓ Found nonce: 48445
Failed to process block: invalid proof of work
Mining block at height 1...
✓ Found nonce: 22403
Failed to process block: invalid proof of work
Mining block at height 1...
✓ Found nonce: 77443
Failed to process block: invalid proof of work
Mining block at height 1...
✓ Found nonce: 95664
Failed to process block: invalid proof of work
Mining block at height 1...
✓ Found nonce: 9310
Failed to process block: invalid proof of work
Mining block at height 1...
✓ Found nonce: 29284
Failed to process block: invalid proof of work
Mining block at height 1...
✓ Found nonce: 40574
Failed to process block: invalid proof of work
Mining block at height 1...
✓ Found nonce: 95031
Failed to process block: invalid proof of work
Mining block at height 1...
✓ Found nonce: 12879
Failed to process block: invalid proof of work
Mining block at height 1...
✓ Found nonce: 26602
Failed to process block: invalid proof of work
Mining block at height 1...
✓ Found nonce: 6465
Failed to process block: invalid proof of work
Mining block at height 1...
✓ Found nonce: 21382
Failed to process block: invalid proof of work
Mining block at height 1...
✓ Found nonce: 6636
Failed to process block: invalid proof of work
Mining block at height 1...
✓ Found nonce: 97005
Failed to process block: invalid proof of work
Mining block at height 1...
✓ Found nonce: 95292
Failed to process block: invalid proof of work
Mining block at height 1...
✓ Found nonce: 99337
Failed to process block: invalid proof of work
Mining block at height 1...
✓ Found nonce: 7612
Failed to process block: invalid proof of work
Mining block at height 1...
✓ Found nonce: 64193
Failed to process block: invalid proof of work
Mining block at height 1...
✓ Found nonce: 6186
Failed to process block: invalid proof of work
Mining block at height 1...
✓ Found nonce: 24700
Failed to process block: invalid proof of work
Mining block at height 1...
✓ Found nonce: 150413
Failed to process block: invalid proof of work
Mining block at height 1...
✓ Found nonce: 22230
Failed to process block: invalid proof of work
Mining block at height 1...
✓ Found nonce: 116503
Failed to process block: invalid proof of work
Mining block at height 1...
✓ Found nonce: 61608
Failed to process block: invalid proof of work
Mining block at height 1...
✓ Found nonce: 21972
Failed to process block: invalid proof of work
Mining block at height 1...
✓ Found nonce: 299202
Failed to process block: invalid proof of work
Mining block at height 1...
✓ Found nonce: 23319
Failed to process block: invalid proof of work
Mining block at height 1...
✓ Found nonce: 9867
Failed to process block: invalid proof of work
Mining block at height 1...
✓ Found nonce: 3813
Failed to process block: invalid proof of work
Mining block at height 1...
✓ Found nonce: 42664
Failed to process block: invalid proof of work
Mining block at height 1...
✓ Found nonce: 237451
Failed to process block: invalid proof of work
Mining block at height 1...
✓ Found nonce: 80020
Failed to process block: invalid proof of work
Mining block at height 1...
✓ Found nonce: 11236
Failed to process block: invalid proof of work
Mining block at height 1...
✓ Found nonce: 4160
Failed to process block: invalid proof of work
Mining block at height 1...
✓ Found nonce: 19757
Failed to process block: invalid proof of work
Mining block at height 1...
✓ Found nonce: 43305
Failed to process block: invalid proof of work
Mining block at height 1...
✓ Found nonce: 14611
Failed to process block: invalid proof of work
Mining block at height 1...
✓ Found nonce: 60454
Failed to process block: invalid proof of work
Mining block at height 1...
✓ Found nonce: 69039
Failed to process block: invalid proof of work
Mining block at height 1...
✓ Found nonce: 143694
Failed to process block: invalid proof of work
Mining block at height 1...
✓ Found nonce: 60773
Failed to process block: invalid proof of work
Mining block at height 1...
✓ Found nonce: 261653
Failed to process block: invalid proof of work
Mining block at height 1...
✓ Found nonce: 5952
Failed to process block: invalid proof of work
Mining block at height 1...
✓ Found nonce: 1266
Failed to process block: invalid proof of work
Mining block at height 1...
✓ Found nonce: 263049
Failed to process block: invalid proof of work
Mining block at height 1...
✓ Found nonce: 23426
Failed to process block: invalid proof of work
Mining block at height 1...
✓ Found nonce: 76150
Failed to process block: invalid proof of work
Mining block at height 1...
✓ Found nonce: 66703
Failed to process block: invalid proof of work
Mining block at height 1...
✓ Found nonce: 353539
Failed to process block: invalid proof of work
Mining block at height 1...
✓ Found nonce: 70539
Failed to process block: invalid proof of work
Mining block at height 1...
✓ Found nonce: 2303
Failed to process block: invalid proof of work
Mining block at height 1...
✓ Found nonce: 515
Failed to process block: invalid proof of work
Mining block at height 1...
✓ Found nonce: 146800
Failed to process block: invalid proof of work
Mining block at height 1...
✓ Found nonce: 131674
Failed to process block: invalid proof of work
Mining block at height 1...
✓ Found nonce: 70358
Failed to process block: invalid proof of work
Mining block at height 1...
✓ Found nonce: 153319
Failed to process block: invalid proof of work
Mining block at height 1...
✓ Found nonce: 51383
Failed to process block: invalid proof of work
Mining block at height 1...
✓ Found nonce: 57110
Failed to process block: invalid proof of work
Mining block at height 1...
✓ Found nonce: 51652
Failed to process block: invalid proof of work
Mining block at height 1...
✓ Found nonce: 9698
Failed to process block: invalid proof of work
Mining block at height 1...
✓ Found nonce: 68952
Failed to process block: invalid proof of work
Mining block at height 1...
✓ Found nonce: 4772
Failed to process block: invalid proof of work
Mining block at height 1...
✓ Found nonce: 46832
Failed to process block: invalid proof of work
Mining block at height 1...
✓ Found nonce: 36192
Failed to process block: invalid proof of work
Mining block at height 1...
✓ Found nonce: 140096
Failed to process block: invalid proof of work
Mining block at height 1...
✓ Found nonce: 14867
Failed to process block: invalid proof of work
Mining block at height 1...
✓ Found nonce: 190904
Failed to process block: invalid proof of work
Mining block at height 1...
✓ Found nonce: 32153
Failed to process block: invalid proof of work
Mining block at height 1...
✓ Found nonce: 161395
Failed to process block: invalid proof of work
Mining block at height 1...
✓ Found nonce: 67649
Failed to process block: invalid proof of work
Mining block at height 1...
✓ Found nonce: 59327
Failed to process block: invalid proof of work
Mining block at height 1...
✓ Found nonce: 187072
Failed to process block: invalid proof of work
Mining block at height 1...
✓ Found nonce: 45105
Failed to process block: invalid proof of work
Mining block at height 1...
✓ Found nonce: 59853
Failed to process block: invalid proof of work
Mining block at height 1...
✓ Found nonce: 227029
Failed to process block: invalid proof of work
Mining block at height 1...
✓ Found nonce: 45822
Failed to process block: invalid proof of work
Mining block at height 1...
✓ Found nonce: 26054
Failed to process block: invalid proof of work
Mining block at height 1...
✓ Found nonce: 94174
Failed to process block: invalid proof of work
Mining block at height 1...
✓ Found nonce: 26364
Failed to process block: invalid proof of work
Mining block at height 1...
✓ Found nonce: 28705
Failed to process block: invalid proof of work
Mining block at height 1...
✓ Found nonce: 32720
Failed to process block: invalid proof of work
Mining block at height 1...
✓ Found nonce: 13551
Failed to process block: invalid proof of work
Mining block at height 1...
✓ Found nonce: 117178
Failed to process block: invalid proof of work
Mining block at height 1...
✓ Found nonce: 75325
Failed to process block: invalid proof of work
Mining block at height 1...
✓ Found nonce: 4083
Failed to process block: invalid proof of work
Mining block at height 1...
✓ Found nonce: 3491
Failed to process block: invalid proof of work
Mining block at height 1...
✓ Found nonce: 32040
Failed to process block: invalid proof of work
Mining block at height 1...
✓ Found nonce: 199833
Failed to process block: invalid proof of work
Mining block at height 1...
✓ Found nonce: 165291
Failed to process block: invalid proof of work
Mining block at height 1...
✓ Found nonce: 105867
Failed to process block: invalid proof of work
Mining block at height 1...
✓ Found nonce: 123317
Failed to process block: invalid proof of work
Mining block at height 1...
✓ Found nonce: 124184
Failed to process block: invalid proof of work
Mining block at height 1...
✓ Found nonce: 51373
Failed to process block: invalid proof of work
Mining block at height 1...
✓ Found nonce: 695
Failed to process block: invalid proof of work
Mining block at height 1...
✓ Found nonce: 302394
Failed to process block: invalid proof of work
Mining block at height 1...
✓ Found nonce: 88739
Failed to process block: invalid proof of work
Mining block at height 1...
✓ Found nonce: 275622
Failed to process block: invalid proof of work
Mining block at height 1...
✓ Found nonce: 62015
Failed to process block: invalid proof of work
Mining block at height 1...
✓ Found nonce: 64903
Failed to process block: invalid proof of work
Mining block at height 1...
✓ Found nonce: 55730
Failed to process block: invalid proof of work
Mining block at height 1...
✓ Found nonce: 311
Failed to process block: invalid proof of work
Mining block at height 1...
✓ Found nonce: 112496
Failed to process block: invalid proof of work
Mining block at height 1...
✓ Found nonce: 6391
Failed to process block: invalid proof of work
Mining block at height 1...
✓ Found nonce: 40564
Failed to process block: invalid proof of work
Mining block at height 1...
✓ Found nonce: 55749
Failed to process block: invalid proof of work
Mining block at height 1...
✓ Found nonce: 23615
Failed to process block: invalid proof of work
Mining block at height 1...
✓ Found nonce: 39798
Failed to process block: invalid proof of work
Mining block at height 1...
✓ Found nonce: 38058
Failed to process block: invalid proof of work
Mining block at height 1...
✓ Found nonce: 14598
Failed to process block: invalid proof of work
Mining block at height 1...
✓ Found nonce: 48052
Failed to process block: invalid proof of work
Mining block at height 1...
✓ Found nonce: 16389
Failed to process block: invalid proof of work
Mining block at height 1...
✓ Found nonce: 34496
Failed to process block: invalid proof of work
Mining block at height 1...
✓ Found nonce: 44587
Failed to process block: invalid proof of work
Mining block at height 1...
✓ Found nonce: 31571
Failed to process block: invalid proof of work
Mining block at height 1...
✓ Found nonce: 76241
Failed to process block: invalid proof of work
Mining block at height 1...
✓ Found nonce: 137337
Failed to process block: invalid proof of work
Mining block at height 1...
✓ Found nonce: 216311
Failed to process block: invalid proof of work
Mining block at height 1...
✓ Found nonce: 1631
Failed to process block: invalid proof of work
Mining block at height 1...
✓ Found nonce: 52801
Failed to process block: invalid proof of work
Mining block at height 1...
✓ Found nonce: 33202
Failed to process block: invalid proof of work
Mining block at height 1...
✓ Found nonce: 56511
Failed to process block: invalid proof of work
Mining block at height 1...
✓ Found nonce: 56009
Failed to process block: invalid proof of work
Mining block at height 1...
✓ Found nonce: 15180
Failed to process block: invalid proof of work
Mining block at height 1...
✓ Found nonce: 53476
Failed to process block: invalid proof of work
Mining block at height 1...
✓ Found nonce: 120526
Failed to process block: invalid proof of work
Mining block at height 1...
✓ Found nonce: 49580
Failed to process block: invalid proof of work
Mining block at height 1...
✓ Found nonce: 74251
Failed to process block: invalid proof of work
Mining block at height 1...
✓ Found nonce: 9506
Failed to process block: invalid proof of work
Mining block at height 1...
✓ Found nonce: 95750
Failed to process block: invalid proof of work
Mining block at height 1...
✓ Found nonce: 89092
Failed to process block: invalid proof of work
Mining block at height 1...
✓ Found nonce: 227790
Failed to process block: invalid proof of work
Mining block at height 1...
✓ Found nonce: 67562
Failed to process block: invalid proof of work
Mining block at height 1...
✓ Found nonce: 181697
Failed to process block: invalid proof of work
Mining block at height 1...
✓ Found nonce: 100758
Failed to process block: invalid proof of work
Mining block at height 1...
✓ Found nonce: 30696
Failed to process block: invalid proof of work
Mining block at height 1...
✓ Found nonce: 11016
Failed to process block: invalid proof of work
Mining block at height 1...
✓ Found nonce: 2404
Failed to process block: invalid proof of work
Mining block at height 1...
✓ Found nonce: 73769
Failed to process block: invalid proof of work
Mining block at height 1...
✓ Found nonce: 150172
Failed to process block: invalid proof of work
Mining block at height 1...
✓ Found nonce: 7524
Failed to process block: invalid proof of work
Mining block at height 1...
✓ Found nonce: 26529
Failed to process block: invalid proof of work
Mining block at height 1...
✓ Found nonce: 11124
Failed to process block: invalid proof of work
Mining block at height 1...
✓ Found nonce: 144393
Failed to process block: invalid proof of work
Mining block at height 1...
✓ Found nonce: 101663
Failed to process block: invalid proof of work
Mining block at height 1...
✓ Found nonce: 39637
Failed to process block: invalid proof of work
Mining block at height 1...
✓ Found nonce: 51533
Failed to process block: invalid proof of work
Mining block at height 1...
✓ Found nonce: 16267
Failed to process block: invalid proof of work
Mining block at height 1...
✓ Found nonce: 94339
Failed to process block: invalid proof of work
Mining block at height 1...
✓ Found nonce: 161979
Failed to process block: invalid proof of work
Mining block at height 1...
✓ Found nonce: 250427
Failed to process block: invalid proof of work
Mining block at height 1...
✓ Found nonce: 51481
Failed to process block: invalid proof of work
Mining block at height 1...
✓ Found nonce: 13468
Failed to process block: invalid proof of work
Mining block at height 1...
✓ Found nonce: 20555
Failed to process block: invalid proof of work
Mining block at height 1...
✓ Found nonce: 54034
Failed to process block: invalid proof of work
Mining block at height 1...
✓ Found nonce: 145859
Failed to process block: invalid proof of work
Mining block at height 1...
✓ Found nonce: 9245
Failed to process block: invalid proof of work
Mining block at height 1...
✓ Found nonce: 32928
Failed to process block: invalid proof of work
Mining block at height 1...
✓ Found nonce: 64749
Failed to process block: invalid proof of work
Mining block at height 1...
✓ Found nonce: 21298
Failed to process block: invalid proof of work
Mining block at height 1...
✓ Found nonce: 61621
Failed to process block: invalid proof of work
Mining block at height 1...
✓ Found nonce: 51551
Failed to process block: invalid proof of work
Mining block at height 1...
✓ Found nonce: 178985
Failed to process block: invalid proof of work
Mining block at height 1...
✓ Found nonce: 137
Failed to process block: invalid proof of work
Mining block at height 1...
✓ Found nonce: 31624
Failed to process block: invalid proof of work
Mining block at height 1...
✓ Found nonce: 170044
Failed to process block: invalid proof of work
Mining block at height 1...
✓ Found nonce: 83891
Failed to process block: invalid proof of work
Mining block at height 1...
✓ Found nonce: 6339
Failed to process block: invalid proof of work
Mining block at height 1...
✓ Found nonce: 39653
Failed to process block: invalid proof of work
Mining block at height 1...
✓ Found nonce: 101775
Failed to process block: invalid proof of work
Mining block at height 1...
✓ Found nonce: 72415
Failed to process block: invalid proof of work
Mining block at height 1...
✓ Found nonce: 76789
Failed to process block: invalid proof of work
Mining block at height 1...
✓ Found nonce: 12228
Failed to process block: invalid proof of work
Mining block at height 1...
✓ Found nonce: 81000
Failed to process block: invalid proof of work
Mining block at height 1...
✓ Found nonce: 9216
Failed to process block: invalid proof of work
Mining block at height 1...
✓ Found nonce: 236036
Failed to process block: invalid proof of work
Mining block at height 1...
✓ Found nonce: 57177
Failed to process block: invalid proof of work
Mining block at height 1...
✓ Found nonce: 51326
Failed to process block: invalid proof of work
Mining block at height 1...
✓ Found nonce: 65755
Failed to process block: invalid proof of work
Mining block at height 1...
✓ Found nonce: 432
Failed to process block: invalid proof of work
Mining block at height 1...
✓ Found nonce: 70177
Failed to process block: invalid proof of work
Mining block at height 1...
✓ Found nonce: 133505
Failed to process block: invalid proof of work
Mining block at height 1...
✓ Found nonce: 19239
Failed to process block: invalid proof of work
Mining block at height 1...
✓ Found nonce: 95696
Failed to process block: invalid proof of work
Mining block at height 1...
✓ Found nonce: 19471
Failed to process block: invalid proof of work
Mining block at height 1...
✓ Found nonce: 39473
Failed to process block: invalid proof of work
Mining block at height 1...
✓ Found nonce: 12336
Failed to process block: invalid proof of work
Mining block at height 1...
✓ Found nonce: 1327
Failed to process block: invalid proof of work
Mining block at height 1...
✓ Found nonce: 23339
Failed to process block: invalid proof of work
Mining block at height 1...
✓ Found nonce: 23873
Failed to process block: invalid proof of work
Mining block at height 1...
✓ Found nonce: 15446
Failed to process block: invalid proof of work
Mining block at height 1...
✓ Found nonce: 21090
Failed to process block: invalid proof of work
Mining block at height 1...
✓ Found nonce: 171211
Failed to process block: invalid proof of work
Mining block at height 1...
✓ Found nonce: 91705
Failed to process block: invalid proof of work
Mining block at height 1...
✓ Found nonce: 88158
Failed to process block: invalid proof of work
Mining block at height 1...
✓ Found nonce: 32856
Failed to process block: invalid proof of work
Mining block at height 1...
✓ Found nonce: 17058
Failed to process block: invalid proof of work
Mining block at height 1...
✓ Found nonce: 5204
Failed to process block: invalid proof of work
Mining block at height 1...
✓ Found nonce: 51608
Failed to process block: invalid proof of work
Mining block at height 1...
✓ Found nonce: 84583
Failed to process block: invalid proof of work
Mining block at height 1...
✓ Found nonce: 83453
Failed to process block: invalid proof of work
Mining block at height 1...
✓ Found nonce: 2228
Failed to process block: invalid proof of work
Mining block at height 1...
✓ Found nonce: 12631
Failed to process block: invalid proof of work
Mining block at height 1...
✓ Found nonce: 120349
Failed to process block: invalid proof of work
Mining block at height 1...
✓ Found nonce: 16608
Failed to process block: invalid proof of work
Mining block at height 1...
✓ Found nonce: 124058
Failed to process block: invalid proof of work
Mining block at height 1...
✓ Found nonce: 114682
Failed to process block: invalid proof of work
Mining block at height 1...
✓ Found nonce: 18124
Failed to process block: invalid proof of work
Mining block at height 1...
✓ Found nonce: 61993
Failed to process block: invalid proof of work
Mining block at height 1...
✓ Found nonce: 104227
Failed to process block: invalid proof of work
Mining block at height 1...
✓ Found nonce: 6085
Failed to process block: invalid proof of work
Mining block at height 1...
✓ Found nonce: 201
Failed to process block: invalid proof of work
Mining block at height 1...
✓ Found nonce: 9652
Failed to process block: invalid proof of work
Mining block at height 1...
✓ Found nonce: 29006
Failed to process block: invalid proof of work
Mining block at height 1...
✓ Found nonce: 4740
Failed to process block: invalid proof of work
Mining block at height 1...
✓ Found nonce: 75381
Failed to process block: invalid proof of work
Mining block at height 1...
✓ Found nonce: 33400
Failed to process block: invalid proof of work
Mining block at height 1...
✓ Found nonce: 129974
Failed to process block: invalid proof of work
Mining block at height 1...
✓ Found nonce: 117143
Failed to process block: invalid proof of work
Mining block at height 1...
✓ Found nonce: 21490
Failed to process block: invalid proof of work
Mining block at height 1...
✓ Found nonce: 25806
Failed to process block: invalid proof of work
Mining block at height 1...
✓ Found nonce: 111107
Failed to process block: invalid proof of work
Mining block at height 1...
✓ Found nonce: 25802
Failed to process block: invalid proof of work
Mining block at height 1...
✓ Found nonce: 107126
Failed to process block: invalid proof of work
Mining block at height 1...
✓ Found nonce: 28606
Failed to process block: invalid proof of work
Mining block at height 1...
✓ Found nonce: 11203
Failed to process block: invalid proof of work
Mining block at height 1...
✓ Found nonce: 81008
Failed to process block: invalid proof of work
Mining block at height 1...
✓ Found nonce: 47331
Failed to process block: invalid proof of work
Mining block at height 1...
✓ Found nonce: 63677
Failed to process block: invalid proof of work
Mining block at height 1...
✓ Found nonce: 19716
Failed to process block: invalid proof of work
Mining block at height 1...
✓ Found nonce: 5155
Failed to process block: invalid proof of work
Mining block at height 1...
✓ Found nonce: 3617
Failed to process block: invalid proof of work
Mining block at height 1...
✓ Found nonce: 34395
Failed to process block: invalid proof of work
Mining block at height 1...
✓ Found nonce: 23114
Failed to process block: invalid proof of work
Mining block at height 1...
✓ Found nonce: 19333
Failed to process block: invalid proof of work
Mining block at height 1...
✓ Found nonce: 17736
Failed to process block: invalid proof of work
Mining block at height 1...
✓ Found nonce: 127553
Failed to process block: invalid proof of work
Mining block at height 1...
✓ Found nonce: 27591
Failed to process block: invalid proof of work
Mining block at height 1...
✓ Found nonce: 67043
Failed to process block: invalid proof of work
Mining block at height 1...
✓ Found nonce: 72475
Failed to process block: invalid proof of work
Mining block at height 1...
✓ Found nonce: 265969
Failed to process block: invalid proof of work
Mining block at height 1...
✓ Found nonce: 52131
Failed to process block: invalid proof of work
Mining block at height 1...
✓ Found nonce: 44593
Failed to process block: invalid proof of work
Mining block at height 1...
✓ Found nonce: 12203
Failed to process block: invalid proof of work
Mining block at height 1...
✓ Found nonce: 123224
Failed to process block: invalid proof of work
Mining block at height 1...
✓ Found nonce: 191154
Failed to process block: invalid proof of work
Mining block at height 1...
✓ Found nonce: 114304
Failed to process block: invalid proof of work
Mining block at height 1...
✓ Found nonce: 122428
Failed to process block: invalid proof of work
Mining block at height 1...
✓ Found nonce: 38991
Failed to process block: invalid proof of work
Mining block at height 1...
✓ Found nonce: 159896
Failed to process block: invalid proof of work
Mining block at height 1...
✓ Found nonce: 19571
Failed to process block: invalid proof of work
Mining block at height 1...
✓ Found nonce: 7607
Failed to process block: invalid proof of work
Mining block at height 1...
✓ Found nonce: 1270
Failed to process block: invalid proof of work
Mining block at height 1...
✓ Found nonce: 141140
Failed to process block: invalid proof of work
Mining block at height 1...
✓ Found nonce: 5783
Failed to process block: invalid proof of work
Mining block at height 1...
✓ Found nonce: 36707
Failed to process block: invalid proof of work
Mining block at height 1...
✓ Found nonce: 91037
Failed to process block: invalid proof of work
Mining block at height 1...
✓ Found nonce: 55859
Failed to process block: invalid proof of work
Mining block at height 1...
✓ Found nonce: 202
Failed to process block: invalid proof of work
Mining block at height 1...
✓ Found nonce: 92261
Failed to process block: invalid proof of work
Mining block at height 1...
✓ Found nonce: 274649
Failed to process block: invalid proof of work
Mining block at height 1...
✓ Found nonce: 34989
Failed to process block: invalid proof of work
Mining block at height 1...
✓ Found nonce: 47706
Failed to process block: invalid proof of work
Mining block at height 1...
✓ Found nonce: 35973
Failed to process block: invalid proof of work
Mining block at height 1...
✓ Found nonce: 33030
Failed to process block: invalid proof of work
Mining block at height 1...
✓ Found nonce: 63368
Failed to process block: invalid proof of work
Mining block at height 1...
✓ Found nonce: 60245
Failed to process block: invalid proof of work
Mining block at height 1...
✓ Found nonce: 12823
Failed to process block: invalid proof of work
Mining block at height 1...
✓ Found nonce: 52239
Failed to process block: invalid proof of work
Mining block at height 1...
✓ Found nonce: 12281
Failed to process block: invalid proof of work
Mining block at height 1...
✓ Found nonce: 42840
Failed to process block: invalid proof of work
Mining block at height 1...
✓ Found nonce: 208789
Failed to process block: invalid proof of work
Mining block at height 1...
✓ Found nonce: 7270
Failed to process block: invalid proof of work
Mining block at height 1...
✓ Found nonce: 47095
Failed to process block: invalid proof of work
Mining block at height 1...
✓ Found nonce: 75444
Failed to process block: invalid proof of work
Mining block at height 1...
✓ Found nonce: 108718
Failed to process block: invalid proof of work
Mining block at height 1...
✓ Found nonce: 21303
Failed to process block: invalid proof of work
Mining block at height 1...
✓ Found nonce: 38379
Failed to process block: invalid proof of work
Mining block at height 1...
✓ Found nonce: 9788
Failed to process block: invalid proof of work
Mining block at height 1...
✓ Found nonce: 41118
Failed to process block: invalid proof of work
Mining block at height 1...
✓ Found nonce: 13664
Failed to process block: invalid proof of work
Mining block at height 1...
✓ Found nonce: 35664
Failed to process block: invalid proof of work
Mining block at height 1...
✓ Found nonce: 92077
Failed to process block: invalid proof of work
Mining block at height 1...
✓ Found nonce: 17399
Failed to process block: invalid proof of work
Mining block at height 1...
✓ Found nonce: 72028
Failed to process block: invalid proof of work
Mining block at height 1...
✓ Found nonce: 181187
Failed to process block: invalid proof of work
Mining block at height 1...
✓ Found nonce: 116811
Failed to process block: invalid proof of work
Mining block at height 1...
✓ Found nonce: 245407
Failed to process block: invalid proof of work
Mining block at height 1...
✓ Found nonce: 104972
Failed to process block: invalid proof of work
Mining block at height 1...
✓ Found nonce: 86744
Failed to process block: invalid proof of work
Mining block at height 1...
✓ Found nonce: 83081
Failed to process block: invalid proof of work
Mining block at height 1...
✓ Found nonce: 87326
Failed to process block: invalid proof of work
Mining block at height 1...
✓ Found nonce: 194460
Failed to process block: invalid proof of work
Mining block at height 1...
✓ Found nonce: 184664
Failed to process block: invalid proof of work
Mining block at height 1...
✓ Found nonce: 29163
Failed to process block: invalid proof of work
Mining block at height 1...
✓ Found nonce: 5130
Failed to process block: invalid proof of work
Mining block at height 1...
✓ Found nonce: 100543
Failed to process block: invalid proof of work
Mining block at height 1...
✓ Found nonce: 97656
Failed to process block: invalid proof of work
Mining block at height 1...
✓ Found nonce: 10778
Failed to process block: invalid proof of work
Mining block at height 1...
✓ Found nonce: 17040
Failed to process block: invalid proof of work
Mining block at height 1...
✓ Found nonce: 56050
Failed to process block: invalid proof of work
Mining block at height 1...
✓ Found nonce: 41662
Failed to process block: invalid proof of work
Mining block at height 1...
✓ Found nonce: 135254
Failed to process block: invalid proof of work
Mining block at height 1...
✓ Found nonce: 15577
Failed to process block: invalid proof of work
Mining block at height 1...
✓ Found nonce: 71753
Failed to process block: invalid proof of work
Mining block at height 1...
✓ Found nonce: 27238
Failed to process block: invalid proof of work
Mining block at height 1...
✓ Found nonce: 114046
Failed to process block: invalid proof of work
Mining block at height 1...
✓ Found nonce: 38090
Failed to process block: invalid proof of work
Mining block at height 1...
✓ Found nonce: 60490
Failed to process block: invalid proof of work
Mining block at height 1...
✓ Found nonce: 66106
Failed to process block: invalid proof of work
Mining block at height 1...
✓ Found nonce: 38308
Failed to process block: invalid proof of work
Mining block at height 1...
✓ Found nonce: 30747
Failed to process block: invalid proof of work
Mining block at height 1...
✓ Found nonce: 23673
Failed to process block: invalid proof of work
Mining block at height 1...
✓ Found nonce: 73979
Failed to process block: invalid proof of work
Mining block at height 1...
✓ Found nonce: 4176
Failed to process block: invalid proof of work
Mining block at height 1...
✓ Found nonce: 96116
Failed to process block: invalid proof of work
Mining block at height 1...
✓ Found nonce: 146221
Failed to process block: invalid proof of work
Mining block at height 1...
✓ Found nonce: 108245
Failed to process block: invalid proof of work
Mining block at height 1...
✓ Found nonce: 77565
Failed to process block: invalid proof of work
Mining block at height 1...
✓ Found nonce: 119696
Failed to process block: invalid proof of work
Mining block at height 1...
✓ Found nonce: 58844
Failed to process block: invalid proof of work
Mining block at height 1...
✓ Found nonce: 226955
Failed to process block: invalid proof of work
Mining block at height 1...
✓ Found nonce: 11501
Failed to process block: invalid proof of work
Mining block at height 1...
✓ Found nonce: 32405
Failed to process block: invalid proof of work
Mining block at height 1...
✓ Found nonce: 130664
Failed to process block: invalid proof of work
Mining block at height 1...
✓ Found nonce: 120248
Failed to process block: invalid proof of work
Mining block at height 1...
✓ Found nonce: 3295
Failed to process block: invalid proof of work
Mining block at height 1...
✓ Found nonce: 1747
Failed to process block: invalid proof of work
Mining block at height 1...
✓ Found nonce: 105553
Failed to process block: invalid proof of work
Mining block at height 1...
✓ Found nonce: 2100
Failed to process block: invalid proof of work
Mining block at height 1...
✓ Found nonce: 168460
Failed to process block: invalid proof of work
Mining block at height 1...
✓ Found nonce: 4818
Failed to process block: invalid proof of work
Mining block at height 1...
✓ Found nonce: 92222
Failed to process block: invalid proof of work
Mining block at height 1...
✓ Found nonce: 20279
Failed to process block: invalid proof of work
Mining block at height 1...
✓ Found nonce: 355422
Failed to process block: invalid proof of work
Mining block at height 1...
✓ Found nonce: 260825
Failed to process block: invalid proof of work
Mining block at height 1...
✓ Found nonce: 52711
Failed to process block: invalid proof of work
Mining block at height 1...
✓ Found nonce: 118768
Failed to process block: invalid proof of work
Mining block at height 1...
✓ Found nonce: 27676
Failed to process block: invalid proof of work
Mining block at height 1...
✓ Found nonce: 176180
Failed to process block: invalid proof of work
Mining block at height 1...
✓ Found nonce: 589
Failed to process block: invalid proof of work
Mining block at height 1...
✓ Found nonce: 52064
Failed to process block: invalid proof of work
Mining block at height 1...
✓ Found nonce: 121709
Failed to process block: invalid proof of work
Mining block at height 1...
✓ Found nonce: 29840
Failed to process block: invalid proof of work
Mining block at height 1...
✓ Found nonce: 1169
Failed to process block: invalid proof of work
Mining block at height 1...
✓ Found nonce: 73537
Failed to process block: invalid proof of work
Mining block at height 1...
✓ Found nonce: 56001
Failed to process block: invalid proof of work
Mining block at height 1...
✓ Found nonce: 139518
Failed to process block: invalid proof of work
Mining block at height 1...
✓ Found nonce: 26584
Failed to process block: invalid proof of work
Mining block at height 1...
✓ Found nonce: 63014
Failed to process block: invalid proof of work
Mining block at height 1...
✓ Found nonce: 1681
Failed to process block: invalid proof of work
Mining block at height 1...
✓ Found nonce: 131980
Failed to process block: invalid proof of work
Mining block at height 1...
✓ Found nonce: 16729
Failed to process block: invalid proof of work
Mining block at height 1...
✓ Found nonce: 45136
Failed to process block: invalid proof of work
Mining block at height 1...
✓ Found nonce: 84797
Failed to process block: invalid proof of work
Mining block at height 1...
✓ Found nonce: 2363
Failed to process block: invalid proof of work
Mining block at height 1...
✓ Found nonce: 98040
Failed to process block: invalid proof of work
Mining block at height 1...
✓ Found nonce: 117482
Failed to process block: invalid proof of work
Mining block at height 1...
✓ Found nonce: 145365
Failed to process block: invalid proof of work
Mining block at height 1...
✓ Found nonce: 51659
Failed to process block: invalid proof of work
Mining block at height 1...
✓ Found nonce: 82517
Failed to process block: invalid proof of work
Mining block at height 1...
✓ Found nonce: 2958
Failed to process block: invalid proof of work
Mining block at height 1...
✓ Found nonce: 738
Failed to process block: invalid proof of work
Mining block at height 1...
✓ Found nonce: 50184
Failed to process block: invalid proof of work
Mining block at height 1...
✓ Found nonce: 43451
Failed to process block: invalid proof of work
Mining block at height 1...
✓ Found nonce: 79591
Failed to process block: invalid proof of work
Mining block at height 1...
✓ Found nonce: 75985
Failed to process block: invalid proof of work
Mining block at height 1...
✓ Found nonce: 154092
Failed to process block: invalid proof of work
Mining block at height 1...
✓ Found nonce: 84639
Failed to process block: invalid proof of work
Mining block at height 1...
✓ Found nonce: 95020
Failed to process block: invalid proof of work
Mining block at height 1...
✓ Found nonce: 109023
Failed to process block: invalid proof of work
Mining block at height 1...
✓ Found nonce: 48604
Failed to process block: invalid proof of work
Mining block at height 1...
✓ Found nonce: 77300
Failed to process block: invalid proof of work
Mining block at height 1...
✓ Found nonce: 7914
Failed to process block: invalid proof of work
Mining block at height 1...
✓ Found nonce: 52855
Failed to process block: invalid proof of work
Mining block at height 1...
✓ Found nonce: 26536
Failed to process block: invalid proof of work
Mining block at height 1...
✓ Found nonce: 98629
Failed to process block: invalid proof of work
Mining block at height 1...
✓ Found nonce: 211269
Failed to process block: invalid proof of work
Mining block at height 1...
✓ Found nonce: 59867
Failed to process block: invalid proof of work
Mining block at height 1...
✓ Found nonce: 163777
Failed to process block: invalid proof of work
Mining block at height 1...
✓ Found nonce: 5585
Failed to process block: invalid proof of work
Mining block at height 1...
✓ Found nonce: 21513
Failed to process block: invalid proof of work
Mining block at height 1...
✓ Found nonce: 43353
Failed to process block: invalid proof of work
Mining block at height 1...
✓ Found nonce: 223255
Failed to process block: invalid proof of work
Mining block at height 1...
✓ Found nonce: 148492
Failed to process block: invalid proof of work
Mining block at height 1...
✓ Found nonce: 105467
Failed to process block: invalid proof of work
Mining block at height 1...
✓ Found nonce: 3259
Failed to process block: invalid proof of work
Mining block at height 1...
✓ Found nonce: 86338
Failed to process block: invalid proof of work
Mining block at height 1...
✓ Found nonce: 61039
Failed to process block: invalid proof of work
Mining block at height 1...
✓ Found nonce: 73209
Failed to process block: invalid proof of work
Mining block at height 1...
✓ Found nonce: 39819
Failed to process block: invalid proof of work
Mining block at height 1...
✓ Found nonce: 3262
Failed to process block: invalid proof of work
Mining block at height 1...
✓ Found nonce: 42678
Failed to process block: invalid proof of work
Mining block at height 1...
✓ Found nonce: 39731
Failed to process block: invalid proof of work
Mining block at height 1...
✓ Found nonce: 114761
Failed to process block: invalid proof of work
Mining block at height 1...
✓ Found nonce: 37131
Failed to process block: invalid proof of work
Mining block at height 1...
✓ Found nonce: 339
Failed to process block: invalid proof of work
Mining block at height 1...
✓ Found nonce: 22815
Failed to process block: invalid proof of work
Mining block at height 1...
✓ Found nonce: 7042
Failed to process block: invalid proof of work
Mining block at height 1...
✓ Found nonce: 84463
Failed to process block: invalid proof of work
Mining block at height 1...
✓ Found nonce: 24677
Failed to process block: invalid proof of work
Mining block at height 1...
✓ Found nonce: 62990
Failed to process block: invalid proof of work
Mining block at height 1...
✓ Found nonce: 41413
Failed to process block: invalid proof of work
Mining block at height 1...
✓ Found nonce: 68262
Failed to process block: invalid proof of work
Mining block at height 1...
✓ Found nonce: 23349
Failed to process block: invalid proof of work
Mining block at height 1...
✓ Found nonce: 151455
Failed to process block: invalid proof of work
Mining block at height 1...
✓ Found nonce: 22362
Failed to process block: invalid proof of work
Mining block at height 1...
✓ Found nonce: 61659
Failed to process block: invalid proof of work
Mining block at height 1...
✓ Found nonce: 18136
Failed to process block: invalid proof of work
Mining block at height 1...
✓ Found nonce: 58784
Failed to process block: invalid proof of work
Mining block at height 1...
✓ Found nonce: 37263
Failed to process block: invalid proof of work
Mining block at height 1...
✓ Found nonce: 57700
Failed to process block: invalid proof of work
Mining block at height 1...
✓ Found nonce: 95207
Failed to process block: invalid proof of work
Mining block at height 1...
✓ Found nonce: 68889
Failed to process block: invalid proof of work
Mining block at height 1...
✓ Found nonce: 32851
Failed to process block: invalid proof of work
Mining block at height 1...
✓ Found nonce: 52599
Failed to process block: invalid proof of work
Mining block at height 1...
✓ Found nonce: 201423
Failed to process block: invalid proof of work
Mining block at height 1...
✓ Found nonce: 71121
Failed to process block: invalid proof of work
Mining block at height 1...
✓ Found nonce: 74089
Failed to process block: invalid proof of work
Mining block at height 1...
✓ Found nonce: 34264
Failed to process block: invalid proof of work
Mining block at height 1...
✓ Found nonce: 1831
Failed to process block: invalid proof of work
Mining block at height 1...
✓ Found nonce: 111191
Failed to process block: invalid proof of work
Mining block at height 1...
✓ Found nonce: 253676
Failed to process block: invalid proof of work
Mining block at height 1...
✓ Found nonce: 15094
Failed to process block: invalid proof of work
Mining block at height 1...
✓ Found nonce: 71890
Failed to process block: invalid proof of work
Mining block at height 1...
✓ Found nonce: 101284
Failed to process block: invalid proof of work
Mining block at height 1...
✓ Found nonce: 16391
Failed to process block: invalid proof of work
Mining block at height 1...
✓ Found nonce: 20256
Failed to process block: invalid proof of work
Mining block at height 1...
✓ Found nonce: 40216
Failed to process block: invalid proof of work
Mining block at height 1...
✓ Found nonce: 164554
Failed to process block: invalid proof of work
Mining block at height 1...
✓ Found nonce: 30038
Failed to process block: invalid proof of work
Mining block at height 1...
✓ Found nonce: 43968
Failed to process block: invalid proof of work
Mining block at height 1...
✓ Found nonce: 32510
Failed to process block: invalid proof of work
Mining block at height 1...
✓ Found nonce: 90579
Failed to process block: invalid proof of work
Mining block at height 1...
✓ Found nonce: 58169
Failed to process block: invalid proof of work
Mining block at height 1...
✓ Found nonce: 22789
Failed to process block: invalid proof of work
Mining block at height 1...
✓ Found nonce: 28014
Failed to process block: invalid proof of work
Mining block at height 1...
✓ Found nonce: 156518
Failed to process block: invalid proof of work
Mining block at height 1...
✓ Found nonce: 40433
Failed to process block: invalid proof of work
Mining block at height 1...
✓ Found nonce: 10921
Failed to process block: invalid proof of work
Mining block at height 1...
✓ Found nonce: 15288
Failed to process block: invalid proof of work
Mining block at height 1...
✓ Found nonce: 9115
Failed to process block: invalid proof of work
Mining block at height 1...
✓ Found nonce: 75932
Failed to process block: invalid proof of work
Mining block at height 1...
✓ Found nonce: 286
Failed to process block: invalid proof of work
Mining block at height 1...
✓ Found nonce: 75970
Failed to process block: invalid proof of work
Mining block at height 1...
✓ Found nonce: 9360
Failed to process block: invalid proof of work
Mining block at height 1...
✓ Found nonce: 48556
Failed to process block: invalid proof of work
Mining block at height 1...
✓ Found nonce: 74593
Failed to process block: invalid proof of work
Mining block at height 1...
✓ Found nonce: 7994
Failed to process block: invalid proof of work
Mining block at height 1...
✓ Found nonce: 298143
Failed to process block: invalid proof of work
Mining block at height 1...
✓ Found nonce: 23442
Failed to process block: invalid proof of work
Mining block at height 1...
✓ Found nonce: 361302
Failed to process block: invalid proof of work
Mining block at height 1...
✓ Found nonce: 21127
Failed to process block: invalid proof of work
Mining block at height 1...
✓ Found nonce: 80979
Failed to process block: invalid proof of work
Mining block at height 1...
✓ Found nonce: 5786
Failed to process block: invalid proof of work
Mining block at height 1...
✓ Found nonce: 77438
Failed to process block: invalid proof of work
Mining block at height 1...
✓ Found nonce: 19666
Failed to process block: invalid proof of work
Mining block at height 1...
✓ Found nonce: 33689
Failed to process block: invalid proof of work
Mining block at height 1...
✓ Found nonce: 2332
Failed to process block: invalid proof of work
Mining block at height 1...
✓ Found nonce: 2990
Failed to process block: invalid proof of work
Mining block at height 1...
✓ Found nonce: 20697
Failed to process block: invalid proof of work
Mining block at height 1...
✓ Found nonce: 147743
Failed to process block: invalid proof of work
Mining block at height 1...
✓ Found nonce: 106085
Failed to process block: invalid proof of work
Mining block at height 1...
✓ Found nonce: 95574
Failed to process block: invalid proof of work
Mining block at height 1...
✓ Found nonce: 111493
Failed to process block: invalid proof of work
Mining block at height 1...
✓ Found nonce: 31394
Failed to process block: invalid proof of work
Mining block at height 1...
✓ Found nonce: 50927
Failed to process block: invalid proof of work
Mining block at height 1...
✓ Found nonce: 35877
Failed to process block: invalid proof of work
Mining block at height 1...
✓ Found nonce: 71194
Failed to process block: invalid proof of work
Mining block at height 1...
✓ Found nonce: 2687
Failed to process block: invalid proof of work
Mining block at height 1...
✓ Found nonce: 18337
Failed to process block: invalid proof of work
Mining block at height 1...
✓ Found nonce: 50742
Failed to process block: invalid proof of work
Mining block at height 1...
✓ Found nonce: 190445
Failed to process block: invalid proof of work
Mining block at height 1...
✓ Found nonce: 17300
Failed to process block: invalid proof of work
Mining block at height 1...
✓ Found nonce: 9708
Failed to process block: invalid proof of work
Mining block at height 1...
✓ Found nonce: 24882
Failed to process block: invalid proof of work
Mining block at height 1...
✓ Found nonce: 4988
Failed to process block: invalid proof of work
Mining block at height 1...
✓ Found nonce: 39649
Failed to process block: invalid proof of work
Mining block at height 1...
✓ Found nonce: 5444
Failed to process block: invalid proof of work
Mining block at height 1...
✓ Found nonce: 37239
Failed to process block: invalid proof of work
Mining block at height 1...
✓ Found nonce: 43010
Failed to process block: invalid proof of work
Mining block at height 1...
✓ Found nonce: 51248
Failed to process block: invalid proof of work
Mining block at height 1...
✓ Found nonce: 93303
Failed to process block: invalid proof of work
Mining block at height 1...
✓ Found nonce: 157297
Failed to process block: invalid proof of work
Mining block at height 1...
✓ Found nonce: 2965
Failed to process block: invalid proof of work
Mining block at height 1...
✓ Found nonce: 28906
Failed to process block: invalid proof of work
Mining block at height 1...
✓ Found nonce: 97908
Failed to process block: invalid proof of work
Mining block at height 1...
✓ Found nonce: 64760
Failed to process block: invalid proof of work
Mining block at height 1...
✓ Found nonce: 22383
Failed to process block: invalid proof of work
Mining block at height 1...
✓ Found nonce: 27506
Failed to process block: invalid proof of work
Mining block at height 1...
✓ Found nonce: 17852
Failed to process block: invalid proof of work
Mining block at height 1...
✓ Found nonce: 17292
Failed to process block: invalid proof of work
Mining block at height 1...
✓ Found nonce: 31387
Failed to process block: invalid proof of work
Mining block at height 1...
✓ Found nonce: 41428
Failed to process block: invalid proof of work
Mining block at height 1...
✓ Found nonce: 7543
Failed to process block: invalid proof of work
Mining block at height 1...
✓ Found nonce: 12969
Failed to process block: invalid proof of work
Mining block at height 1...
✓ Found nonce: 9130
Failed to process block: invalid proof of work
Mining block at height 1...
✓ Found nonce: 22034
Failed to process block: invalid proof of work
Mining block at height 1...
✓ Found nonce: 15892
Failed to process block: invalid proof of work
Mining block at height 1...
✓ Found nonce: 50686
Failed to process block: invalid proof of work
Mining block at height 1...
✓ Found nonce: 132544
Failed to process block: invalid proof of work
Mining block at height 1...
✓ Found nonce: 54199
Failed to process block: invalid proof of work
Mining block at height 1...
✓ Found nonce: 98952
Failed to process block: invalid proof of work
Mining block at height 1...
✓ Found nonce: 5435
Failed to process block: invalid proof of work
Mining block at height 1...
✓ Found nonce: 37571
Failed to process block: invalid proof of work
Mining block at height 1...
✓ Found nonce: 163849
Failed to process block: invalid proof of work
Mining block at height 1...
✓ Found nonce: 19519
Failed to process block: invalid proof of work
Mining block at height 1...
✓ Found nonce: 107693
Failed to process block: invalid proof of work
Mining block at height 1...
✓ Found nonce: 56600
Failed to process block: invalid proof of work
Mining block at height 1...
✓ Found nonce: 15364
Failed to process block: invalid proof of work
Mining block at height 1...
✓ Found nonce: 322207
Failed to process block: invalid proof of work
Mining block at height 1...
✓ Found nonce: 27780
Failed to process block: invalid proof of work
Mining block at height 1...
✓ Found nonce: 14973
Failed to process block: invalid proof of work
Mining block at height 1...
✓ Found nonce: 24545
Failed to process block: invalid proof of work
Mining block at height 1...
✓ Found nonce: 80471
Failed to process block: invalid proof of work
Mining block at height 1...
✓ Found nonce: 4984
Failed to process block: invalid proof of work
Mining block at height 1...
✓ Found nonce: 19694
Failed to process block: invalid proof of work
Mining block at height 1...
✓ Found nonce: 76677
Failed to process block: invalid proof of work
Mining block at height 1...
✓ Found nonce: 153697
Failed to process block: invalid proof of work
Mining block at height 1...
✓ Found nonce: 188660
Failed to process block: invalid proof of work
Mining block at height 1...
✓ Found nonce: 116117
Failed to process block: invalid proof of work
Mining block at height 1...
✓ Found nonce: 115230
Failed to process block: invalid proof of work
Mining block at height 1...
✓ Found nonce: 10739
Failed to process block: invalid proof of work
Mining block at height 1...
✓ Found nonce: 39518
Failed to process block: invalid proof of work
Mining block at height 1...
✓ Found nonce: 178624
Failed to process block: invalid proof of work
Mining block at height 1...
✓ Found nonce: 25475
Failed to process block: invalid proof of work
Mining block at height 1...
✓ Found nonce: 10449
Failed to process block: invalid proof of work
Mining block at height 1...
✓ Found nonce: 28810
Failed to process block: invalid proof of work
Mining block at height 1...
✓ Found nonce: 67865
Failed to process block: invalid proof of work
Mining block at height 1...
✓ Found nonce: 3231
Failed to process block: invalid proof of work
Mining block at height 1...
✓ Found nonce: 48660
Failed to process block: invalid proof of work
Mining block at height 1...
✓ Found nonce: 21830
Failed to process block: invalid proof of work
Mining block at height 1...
✓ Found nonce: 9353
Failed to process block: invalid proof of work
Mining block at height 1...
✓ Found nonce: 18857
Failed to process block: invalid proof of work
Mining block at height 1...
✓ Found nonce: 61567
Failed to process block: invalid proof of work
Mining block at height 1...
✓ Found nonce: 105031
Failed to process block: invalid proof of work
Mining block at height 1...
✓ Found nonce: 66581
Failed to process block: invalid proof of work
Mining block at height 1...
✓ Found nonce: 22657
Failed to process block: invalid proof of work
Mining block at height 1...
✓ Found nonce: 4985
Failed to process block: invalid proof of work
Mining block at height 1...
✓ Found nonce: 670
Failed to process block: invalid proof of work
Mining block at height 1...
✓ Found nonce: 202584
Failed to process block: invalid proof of work
Mining block at height 1...
✓ Found nonce: 152736
Failed to process block: invalid proof of work
Mining block at height 1...
✓ Found nonce: 167417
Failed to process block: invalid proof of work
Mining block at height 1...
✓ Found nonce: 4249
Failed to process block: invalid proof of work
Mining block at height 1...
✓ Found nonce: 11994
Failed to process block: invalid proof of work
Mining block at height 1...
✓ Found nonce: 13240
Failed to process block: invalid proof of work
Mining block at height 1...
✓ Found nonce: 16456
Failed to process block: invalid proof of work
Mining block at height 1...
✓ Found nonce: 28260
Failed to process block: invalid proof of work
Mining block at height 1...
✓ Found nonce: 86340
Failed to process block: invalid proof of work
Mining block at height 1...
✓ Found nonce: 9322
Failed to process block: invalid proof of work
Mining block at height 1...
✓ Found nonce: 2138
Failed to process block: invalid proof of work
Mining block at height 1...
✓ Found nonce: 9489
Failed to process block: invalid proof of work
Mining block at height 1...
✓ Found nonce: 25639
Failed to process block: invalid proof of work
Mining block at height 1...
✓ Found nonce: 46130
Failed to process block: invalid proof of work
Mining block at height 1...
✓ Found nonce: 148191
Failed to process block: invalid proof of work
Mining block at height 1...
✓ Found nonce: 29773
Failed to process block: invalid proof of work
Mining block at height 1...
✓ Found nonce: 83661
Failed to process block: invalid proof of work
Mining block at height 1...
✓ Found nonce: 54446
Failed to process block: invalid proof of work
Mining block at height 1...
✓ Found nonce: 138734
Failed to process block: invalid proof of work
Mining block at height 1...
✓ Found nonce: 82857
Failed to process block: invalid proof of work
Mining block at height 1...
✓ Found nonce: 328964
Failed to process block: invalid proof of work
Mining block at height 1...
✓ Found nonce: 72743
Failed to process block: invalid proof of work
Mining block at height 1...
✓ Found nonce: 39671
Failed to process block: invalid proof of work
Mining block at height 1...
✓ Found nonce: 71913
Failed to process block: invalid proof of work
Mining block at height 1...
✓ Found nonce: 58714
Failed to process block: invalid proof of work
Mining block at height 1...
✓ Found nonce: 156359
Failed to process block: invalid proof of work
Mining block at height 1...
✓ Found nonce: 88963
Failed to process block: invalid proof of work
Mining block at height 1...
✓ Found nonce: 24174
Failed to process block: invalid proof of work
Mining block at height 1...
✓ Found nonce: 67207
Failed to process block: invalid proof of work
Mining block at height 1...
✓ Found nonce: 55004
Failed to process block: invalid proof of work
Mining block at height 1...
✓ Found nonce: 549
Failed to process block: invalid proof of work
Mining block at height 1...
✓ Found nonce: 157057
Failed to process block: invalid proof of work
Mining block at height 1...
✓ Found nonce: 206273
Failed to process block: invalid proof of work
Mining block at height 1...
✓ Found nonce: 41574
Failed to process block: invalid proof of work
Mining block at height 1...
✓ Found nonce: 68224
Failed to process block: invalid proof of work
Mining block at height 1...
✓ Found nonce: 13978
Failed to process block: invalid proof of work
Mining block at height 1...
✓ Found nonce: 126800
Failed to process block: invalid proof of work
Mining block at height 1...
✓ Found nonce: 10580
Failed to process block: invalid proof of work
Mining block at height 1...
✓ Found nonce: 98967
Failed to process block: invalid proof of work
Mining block at height 1...
✓ Found nonce: 21638
Failed to process block: invalid proof of work
Mining block at height 1...
✓ Found nonce: 59778
Failed to process block: invalid proof of work
Mining block at height 1...
✓ Found nonce: 336540
Failed to process block: invalid proof of work
Mining block at height 1...
✓ Found nonce: 10086
Failed to process block: invalid proof of work
Mining block at height 1...
✓ Found nonce: 26371
Failed to process block: invalid proof of work
Mining block at height 1...
✓ Found nonce: 4312
Failed to process block: invalid proof of work
Mining block at height 1...
✓ Found nonce: 249217
Failed to process block: invalid proof of work
Mining block at height 1...
✓ Found nonce: 20574
Failed to process block: invalid proof of work
Mining block at height 1...
✓ Found nonce: 9739
Failed to process block: invalid proof of work
Mining block at height 1...
✓ Found nonce: 141462
Failed to process block: invalid proof of work
Mining block at height 1...
✓ Found nonce: 30288
Failed to process block: invalid proof of work
Mining block at height 1...
✓ Found nonce: 5494
Failed to process block: invalid proof of work
Mining block at height 1...
✓ Found nonce: 6080
Failed to process block: invalid proof of work
Mining block at height 1...
✓ Found nonce: 127117
Failed to process block: invalid proof of work
Mining block at height 1...
✓ Found nonce: 74958
Failed to process block: invalid proof of work
Mining block at height 1...
✓ Found nonce: 120502
Failed to process block: invalid proof of work
Mining block at height 1...
✓ Found nonce: 24605
Failed to process block: invalid proof of work
Mining block at height 1...
✓ Found nonce: 45401
Failed to process block: invalid proof of work
Mining block at height 1...
✓ Found nonce: 41626
Failed to process block: invalid proof of work
Mining block at height 1...
✓ Found nonce: 163623
Failed to process block: invalid proof of work
Mining block at height 1...
✓ Found nonce: 56095
Failed to process block: invalid proof of work
Mining block at height 1...
✓ Found nonce: 44947
Failed to process block: invalid proof of work
Mining block at height 1...
✓ Found nonce: 123368
Failed to process block: invalid proof of work
Mining block at height 1...
✓ Found nonce: 63194
Failed to process block: invalid proof of work
Mining block at height 1...
✓ Found nonce: 114332
Failed to process block: invalid proof of work
Mining block at height 1...
✓ Found nonce: 44272
Failed to process block: invalid proof of work
Mining block at height 1...
✓ Found nonce: 15137
Failed to process block: invalid proof of work
Mining block at height 1...
✓ Found nonce: 54146
Failed to process block: invalid proof of work
Mining block at height 1...
✓ Found nonce: 50436
Failed to process block: invalid proof of work
Mining block at height 1...
✓ Found nonce: 96306
Failed to process block: invalid proof of work
Mining block at height 1...
✓ Found nonce: 21071
Failed to process block: invalid proof of work
Mining block at height 1...
✓ Found nonce: 13358
Failed to process block: invalid proof of work
Mining block at height 1...
✓ Found nonce: 105241
Failed to process block: invalid proof of work
Mining block at height 1...
✓ Found nonce: 137431
Failed to process block: invalid proof of work
Mining block at height 1...
✓ Found nonce: 10071
Failed to process block: invalid proof of work
Mining block at height 1...
✓ Found nonce: 76734
Failed to process block: invalid proof of work
Mining block at height 1...
✓ Found nonce: 32020
Failed to process block: invalid proof of work
Mining block at height 1...
✓ Found nonce: 44192
Failed to process block: invalid proof of work
Mining block at height 1...
✓ Found nonce: 37127
Failed to process block: invalid proof of work
Mining block at height 1...
✓ Found nonce: 99128
Failed to process block: invalid proof of work
Mining block at height 1...
✓ Found nonce: 12709
Failed to process block: invalid proof of work
Mining block at height 1...
✓ Found nonce: 19040
Failed to process block: invalid proof of work
Mining block at height 1...
✓ Found nonce: 24863
Failed to process block: invalid proof of work
Mining block at height 1...
✓ Found nonce: 58542
Failed to process block: invalid proof of work
Mining block at height 1...
✓ Found nonce: 53564
Failed to process block: invalid proof of work
Mining block at height 1...
✓ Found nonce: 12283
Failed to process block: invalid proof of work
Mining block at height 1...
✓ Found nonce: 36835
Failed to process block: invalid proof of work
Mining block at height 1...
✓ Found nonce: 9695
Failed to process block: invalid proof of work
Mining block at height 1...
✓ Found nonce: 77904
Failed to process block: invalid proof of work
Mining block at height 1...
✓ Found nonce: 128160
Failed to process block: invalid proof of work
Mining block at height 1...
✓ Found nonce: 4521
Failed to process block: invalid proof of work
Mining block at height 1...
✓ Found nonce: 82879
Failed to process block: invalid proof of work
Mining block at height 1...
✓ Found nonce: 63582
Failed to process block: invalid proof of work
Mining block at height 1...
✓ Found nonce: 22717
Failed to process block: invalid proof of work
Mining block at height 1...
✓ Found nonce: 25998
Failed to process block: invalid proof of work
Mining block at height 1...
✓ Found nonce: 10067
Failed to process block: invalid proof of work
Mining block at height 1...
✓ Found nonce: 56862
Failed to process block: invalid proof of work
Mining block at height 1...
✓ Found nonce: 204912
Failed to process block: invalid proof of work
Mining block at height 1...
✓ Found nonce: 52266
Failed to process block: invalid proof of work
Mining block at height 1...
✓ Found nonce: 71601
Failed to process block: invalid proof of work
Mining block at height 1...
✓ Found nonce: 73830
Failed to process block: invalid proof of work
Mining block at height 1...
✓ Found nonce: 82535
Failed to process block: invalid proof of work
Mining block at height 1...
✓ Found nonce: 63470
Failed to process block: invalid proof of work
Mining block at height 1...
✓ Found nonce: 14812
Failed to process block: invalid proof of work
Mining block at height 1...
✓ Found nonce: 86882
Failed to process block: invalid proof of work
Mining block at height 1...
✓ Found nonce: 28015
Failed to process block: invalid proof of work
Mining block at height 1...
✓ Found nonce: 66006
Failed to process block: invalid proof of work
Mining block at height 1...
✓ Found nonce: 212642
Failed to process block: invalid proof of work
Mining block at height 1...
✓ Found nonce: 66968
Failed to process block: invalid proof of work
Mining block at height 1...
✓ Found nonce: 7867
Failed to process block: invalid proof of work
Mining block at height 1...
✓ Found nonce: 52031
Failed to process block: invalid proof of work
Mining block at height 1...
✓ Found nonce: 103396
Failed to process block: invalid proof of work
Mining block at height 1...
✓ Found nonce: 84467
Failed to process block: invalid proof of work
Mining block at height 1...
✓ Found nonce: 7327
Failed to process block: invalid proof of work
Mining block at height 1...
✓ Found nonce: 22596
Failed to process block: invalid proof of work
Mining block at height 1...
✓ Found nonce: 45907
Failed to process block: invalid proof of work
Mining block at height 1...
✓ Found nonce: 220900
Failed to process block: invalid proof of work
Mining block at height 1...
✓ Found nonce: 111770
Failed to process block: invalid proof of work
Mining block at height 1...
✓ Found nonce: 12365
Failed to process block: invalid proof of work
Mining block at height 1...
✓ Found nonce: 34650
Failed to process block: invalid proof of work
Mining block at height 1...
✓ Found nonce: 184313
Failed to process block: invalid proof of work
Mining block at height 1...
✓ Found nonce: 55749
Failed to process block: invalid proof of work
Mining block at height 1...
✓ Found nonce: 122485
Failed to process block: invalid proof of work
Mining block at height 1...
✓ Found nonce: 23919
Failed to process block: invalid proof of work
Mining block at height 1...
✓ Found nonce: 27950
Failed to process block: invalid proof of work
Mining block at height 1...
✓ Found nonce: 55692
Failed to process block: invalid proof of work
Mining block at height 1...
✓ Found nonce: 3710
Failed to process block: invalid proof of work
Mining block at height 1...
✓ Found nonce: 31686
Failed to process block: invalid proof of work
Mining block at height 1...
✓ Found nonce: 65942
Failed to process block: invalid proof of work
Mining block at height 1...
✓ Found nonce: 181993
Failed to process block: invalid proof of work
Mining block at height 1...
✓ Found nonce: 26432
Failed to process block: invalid proof of work
Mining block at height 1...
✓ Found nonce: 107071
Failed to process block: invalid proof of work
Mining block at height 1...
✓ Found nonce: 2615
Failed to process block: invalid proof of work
Mining block at height 1...
✓ Found nonce: 59438
Failed to process block: invalid proof of work
Mining block at height 1...
✓ Found nonce: 6063
Failed to process block: invalid proof of work
Mining block at height 1...
✓ Found nonce: 10586
Failed to process block: invalid proof of work
Mining block at height 1...
✓ Found nonce: 53001
Failed to process block: invalid proof of work
Mining block at height 1...
✓ Found nonce: 46920
Failed to process block: invalid proof of work
Mining block at height 1...
✓ Found nonce: 223418
Failed to process block: invalid proof of work
Mining block at height 1...
✓ Found nonce: 8983
Failed to process block: invalid proof of work
Mining block at height 1...
✓ Found nonce: 111997
Failed to process block: invalid proof of work
Mining block at height 1...
✓ Found nonce: 24043
Failed to process block: invalid proof of work
Mining block at height 1...
✓ Found nonce: 26616
Failed to process block: invalid proof of work
Mining block at height 1...
✓ Found nonce: 64756
Failed to process block: invalid proof of work
Mining block at height 1...
✓ Found nonce: 74367
Failed to process block: invalid proof of work
Mining block at height 1...
✓ Found nonce: 143731
Failed to process block: invalid proof of work
Mining block at height 1...
✓ Found nonce: 47784
Failed to process block: invalid proof of work
Mining block at height 1...
✓ Found nonce: 57149
Failed to process block: invalid proof of work
Mining block at height 1...
✓ Found nonce: 109491
Failed to process block: invalid proof of work
Mining block at height 1...
✓ Found nonce: 198850
Failed to process block: invalid proof of work
Mining block at height 1...
✓ Found nonce: 47208
Failed to process block: invalid proof of work
Mining block at height 1...
✓ Found nonce: 49565
Failed to process block: invalid proof of work
Mining block at height 1...
✓ Found nonce: 135457
Failed to process block: invalid proof of work
Mining block at height 1...
✓ Found nonce: 1366
Failed to process block: invalid proof of work
Mining block at height 1...
✓ Found nonce: 21874
Failed to process block: invalid proof of work
Mining block at height 1...
✓ Found nonce: 187275
Failed to process block: invalid proof of work
Mining block at height 1...
✓ Found nonce: 43402
Failed to process block: invalid proof of work
Mining block at height 1...
✓ Found nonce: 15117
Failed to process block: invalid proof of work
Mining block at height 1...
✓ Found nonce: 62154
Failed to process block: invalid proof of work
Mining block at height 1...
✓ Found nonce: 91448
Failed to process block: invalid proof of work
Mining block at height 1...
✓ Found nonce: 3408
Failed to process block: invalid proof of work
Mining block at height 1...
✓ Found nonce: 73694
Failed to process block: invalid proof of work
Mining block at height 1...
✓ Found nonce: 67423
Failed to process block: invalid proof of work
Mining block at height 1...
✓ Found nonce: 42578
Failed to process block: invalid proof of work
Mining block at height 1...
✓ Found nonce: 37281
Failed to process block: invalid proof of work
Mining block at height 1...
✓ Found nonce: 260083
Failed to process block: invalid proof of work
Mining block at height 1...
✓ Found nonce: 23934
Failed to process block: invalid proof of work
Mining block at height 1...
✓ Found nonce: 71501
Failed to process block: invalid proof of work
Mining block at height 1...
✓ Found nonce: 56759
Failed to process block: invalid proof of work
Mining block at height 1...
✓ Found nonce: 14410
Failed to process block: invalid proof of work
Mining block at height 1...
✓ Found nonce: 119587
Failed to process block: invalid proof of work
Mining block at height 1...
✓ Found nonce: 241489
Failed to process block: invalid proof of work
Mining block at height 1...
✓ Found nonce: 133483
Failed to process block: invalid proof of work
Mining block at height 1...
✓ Found nonce: 361587
Failed to process block: invalid proof of work
Mining block at height 1...
✓ Found nonce: 16517
Failed to process block: invalid proof of work
Mining block at height 1...
✓ Found nonce: 259
Failed to process block: invalid proof of work
Mining block at height 1...
✓ Found nonce: 177211
Failed to process block: invalid proof of work
Mining block at height 1...
✓ Found nonce: 20996
Failed to process block: invalid proof of work
Mining block at height 1...
✓ Found nonce: 10436
Failed to process block: invalid proof of work
Mining block at height 1...
✓ Found nonce: 189091
Failed to process block: invalid proof of work
Mining block at height 1...
✓ Found nonce: 64764
Failed to process block: invalid proof of work
Mining block at height 1...
✓ Found nonce: 66138
Failed to process block: invalid proof of work
Mining block at height 1...
✓ Found nonce: 31803
Failed to process block: invalid proof of work
Mining block at height 1...
✓ Found nonce: 3980
Failed to process block: invalid proof of work
Mining block at height 1...
✓ Found nonce: 17728
Failed to process block: invalid proof of work
Mining block at height 1...
✓ Found nonce: 18025
Failed to process block: invalid proof of work
Mining block at height 1...
✓ Found nonce: 86153
Failed to process block: invalid proof of work
Mining block at height 1...
✓ Found nonce: 14270
Failed to process block: invalid proof of work
Mining block at height 1...
✓ Found nonce: 35699
Failed to process block: invalid proof of work
Mining block at height 1...
✓ Found nonce: 79590
Failed to process block: invalid proof of work
Mining block at height 1...
✓ Found nonce: 54378
Failed to process block: invalid proof of work
Mining block at height 1...
✓ Found nonce: 35487
Failed to process block: invalid proof of work
Mining block at height 1...
✓ Found nonce: 19080
Failed to process block: invalid proof of work
Mining block at height 1...
✓ Found nonce: 180426
Failed to process block: invalid proof of work
Mining block at height 1...
✓ Found nonce: 21899
Failed to process block: invalid proof of work
Mining block at height 1...
✓ Found nonce: 39966
Failed to process block: invalid proof of work
Mining block at height 1...
✓ Found nonce: 142084
Failed to process block: invalid proof of work
Mining block at height 1...
✓ Found nonce: 3243
Failed to process block: invalid proof of work
Mining block at height 1...
✓ Found nonce: 193851
Failed to process block: invalid proof of work
Mining block at height 1...
✓ Found nonce: 70747
Failed to process block: invalid proof of work
Mining block at height 1...
✓ Found nonce: 81712
Failed to process block: invalid proof of work
Mining block at height 1...
✓ Found nonce: 285
Failed to process block: invalid proof of work
Mining block at height 1...
✓ Found nonce: 10653
Failed to process block: invalid proof of work
Mining block at height 1...
✓ Found nonce: 124133
Failed to process block: invalid proof of work
Mining block at height 1...
✓ Found nonce: 3027
Failed to process block: invalid proof of work
Mining block at height 1...
✓ Found nonce: 115451
Failed to process block: invalid proof of work
Mining block at height 1...
✓ Found nonce: 35008
Failed to process block: invalid proof of work
Mining block at height 1...
✓ Found nonce: 123800
Failed to process block: invalid proof of work
Mining block at height 1...
✓ Found nonce: 47253
Failed to process block: invalid proof of work
Mining block at height 1...
✓ Found nonce: 55459
Failed to process block: invalid proof of work
Mining block at height 1...
✓ Found nonce: 130863
Failed to process block: invalid proof of work
Mining block at height 1...
✓ Found nonce: 76927
Failed to process block: invalid proof of work
Mining block at height 1...
✓ Found nonce: 21183
Failed to process block: invalid proof of work
Mining block at height 1...
✓ Found nonce: 142879
Failed to process block: invalid proof of work
Mining block at height 1...
✓ Found nonce: 55498
Failed to process block: invalid proof of work
Mining block at height 1...
✓ Found nonce: 10846
Failed to process block: invalid proof of work
Mining block at height 1...
✓ Found nonce: 4387
Failed to process block: invalid proof of work
Mining block at height 1...
✓ Found nonce: 79899
Failed to process block: invalid proof of work
Mining block at height 1...
✓ Found nonce: 37100
Failed to process block: invalid proof of work
Mining block at height 1...
✓ Found nonce: 205347
Failed to process block: invalid proof of work
Mining block at height 1...
✓ Found nonce: 23383
Failed to process block: invalid proof of work
Mining block at height 1...
✓ Found nonce: 89181
Failed to process block: invalid proof of work
Mining block at height 1...
✓ Found nonce: 48665
Failed to process block: invalid proof of work
Mining block at height 1...
✓ Found nonce: 41735
Failed to process block: invalid proof of work
Mining block at height 1...
✓ Found nonce: 23434
Failed to process block: invalid proof of work
Mining block at height 1...
✓ Found nonce: 88731
Failed to process block: invalid proof of work
Mining block at height 1...
✓ Found nonce: 127001
Failed to process block: invalid proof of work
Mining block at height 1...
✓ Found nonce: 20513
Failed to process block: invalid proof of work
Mining block at height 1...
✓ Found nonce: 27496
Failed to process block: invalid proof of work
Mining block at height 1...
✓ Found nonce: 32099
Failed to process block: invalid proof of work
Mining block at height 1...
✓ Found nonce: 5892
Failed to process block: invalid proof of work
Mining block at height 1...
✓ Found nonce: 41843
Failed to process block: invalid proof of work
Mining block at height 1...
✓ Found nonce: 184338
Failed to process block: invalid proof of work
Mining block at height 1...
✓ Found nonce: 49398
Failed to process block: invalid proof of work
Mining block at height 1...
✓ Found nonce: 56860
Failed to process block: invalid proof of work
Mining block at height 1...
✓ Found nonce: 64030
Failed to process block: invalid proof of work
Mining block at height 1...
✓ Found nonce: 72394
Failed to process block: invalid proof of work
Mining block at height 1...
✓ Found nonce: 102312
Failed to process block: invalid proof of work
Mining block at height 1...
✓ Found nonce: 26732
Failed to process block: invalid proof of work
Mining block at height 1...
✓ Found nonce: 132191
Failed to process block: invalid proof of work
Mining block at height 1...
✓ Found nonce: 68481
Failed to process block: invalid proof of work
Mining block at height 1...
✓ Found nonce: 116777
Failed to process block: invalid proof of work
Mining block at height 1...
✓ Found nonce: 132373
Failed to process block: invalid proof of work
Mining block at height 1...
✓ Found nonce: 8775
Failed to process block: invalid proof of work
Mining block at height 1...
✓ Found nonce: 12353
Failed to process block: invalid proof of work
Mining block at height 1...
✓ Found nonce: 15312
Failed to process block: invalid proof of work
Mining block at height 1...
✓ Found nonce: 69921
Failed to process block: invalid proof of work
Mining block at height 1...
✓ Found nonce: 92362
Failed to process block: invalid proof of work
Mining block at height 1...
✓ Found nonce: 32053
Failed to process block: invalid proof of work
Mining block at height 1...
✓ Found nonce: 68365
Failed to process block: invalid proof of work
Mining block at height 1...
✓ Found nonce: 63791
Failed to process block: invalid proof of work
Mining block at height 1...
✓ Found nonce: 104456
Failed to process block: invalid proof of work
Mining block at height 1...
✓ Found nonce: 60604
Failed to process block: invalid proof of work
Mining block at height 1...
✓ Found nonce: 13049
Failed to process block: invalid proof of work
Mining block at height 1...
✓ Found nonce: 11071
Failed to process block: invalid proof of work
Mining block at height 1...
✓ Found nonce: 447912
Failed to process block: invalid proof of work
Mining block at height 1...
✓ Found nonce: 92646
Failed to process block: invalid proof of work
Mining block at height 1...
✓ Found nonce: 136099
Failed to process block: invalid proof of work
Mining block at height 1...
✓ Found nonce: 144247
Failed to process block: invalid proof of work
Mining block at height 1...
✓ Found nonce: 52812
Failed to process block: invalid proof of work
Mining block at height 1...
✓ Found nonce: 137220
Failed to process block: invalid proof of work
Mining block at height 1...
✓ Found nonce: 93018
Failed to process block: invalid proof of work
Mining block at height 1...
✓ Found nonce: 7083
Failed to process block: invalid proof of work
Mining block at height 1...
✓ Found nonce: 121006
Failed to process block: invalid proof of work
Mining block at height 1...
✓ Found nonce: 114367
Failed to process block: invalid proof of work
Mining block at height 1...
✓ Found nonce: 95028
Failed to process block: invalid proof of work
Mining block at height 1...
✓ Found nonce: 190937
Failed to process block: invalid proof of work
Mining block at height 1...
✓ Found nonce: 102839
Failed to process block: invalid proof of work
Mining block at height 1...
✓ Found nonce: 3699
Failed to process block: invalid proof of work
Mining block at height 1...
✓ Found nonce: 156109
Failed to process block: invalid proof of work
Mining block at height 1...
✓ Found nonce: 59729
Failed to process block: invalid proof of work
Mining block at height 1...
✓ Found nonce: 115046
Failed to process block: invalid proof of work
Mining block at height 1...
✓ Found nonce: 100899
Failed to process block: invalid proof of work
Mining block at height 1...
✓ Found nonce: 26510
Failed to process block: invalid proof of work
Mining block at height 1...
✓ Found nonce: 65054
Failed to process block: invalid proof of work
Mining block at height 1...
✓ Found nonce: 34465
Failed to process block: invalid proof of work
Mining block at height 1...
✓ Found nonce: 15853
Failed to process block: invalid proof of work
Mining block at height 1...
✓ Found nonce: 88618
Failed to process block: invalid proof of work
Mining block at height 1...
✓ Found nonce: 37507
Failed to process block: invalid proof of work
Mining block at height 1...
✓ Found nonce: 4391
Failed to process block: invalid proof of work
Mining block at height 1...
✓ Found nonce: 22054
Failed to process block: invalid proof of work
Mining block at height 1...
✓ Found nonce: 52689
Failed to process block: invalid proof of work
Mining block at height 1...
✓ Found nonce: 46176
Failed to process block: invalid proof of work
Mining block at height 1...
✓ Found nonce: 15320
Failed to process block: invalid proof of work
Mining block at height 1...
✓ Found nonce: 70627
Failed to process block: invalid proof of work
Mining block at height 1...
✓ Found nonce: 5578
Failed to process block: invalid proof of work
Mining block at height 1...
✓ Found nonce: 73652
Failed to process block: invalid proof of work
Mining block at height 1...
✓ Found nonce: 112497
Failed to process block: invalid proof of work
Mining block at height 1...
✓ Found nonce: 39214
Failed to process block: invalid proof of work
Mining block at height 1...
✓ Found nonce: 191340
Failed to process block: invalid proof of work
Mining block at height 1...
✓ Found nonce: 134433
Failed to process block: invalid proof of work
Mining block at height 1...
✓ Found nonce: 21756
Failed to process block: invalid proof of work
Mining block at height 1...
✓ Found nonce: 84848
Failed to process block: invalid proof of work
Mining block at height 1...
✓ Found nonce: 59817
Failed to process block: invalid proof of work
Mining block at height 1...
✓ Found nonce: 18170
Failed to process block: invalid proof of work
Mining block at height 1...
✓ Found nonce: 1372
Failed to process block: invalid proof of work
Mining block at height 1...
✓ Found nonce: 16564
Failed to process block: invalid proof of work
Mining block at height 1...
✓ Found nonce: 321229
Failed to process block: invalid proof of work
Mining block at height 1...
✓ Found nonce: 45721
Failed to process block: invalid proof of work
Mining block at height 1...
✓ Found nonce: 11275
Failed to process block: invalid proof of work
Mining block at height 1...
✓ Found nonce: 2124
Failed to process block: invalid proof of work
Mining block at height 1...
✓ Found nonce: 10629
Failed to process block: invalid proof of work
Mining block at height 1...
✓ Found nonce: 59073
Failed to process block: invalid proof of work
Mining block at height 1...
✓ Found nonce: 117884
Failed to process block: invalid proof of work
Mining block at height 1...
✓ Found nonce: 146526
Failed to process block: invalid proof of work
Mining block at height 1...
✓ Found nonce: 131113
Failed to process block: invalid proof of work
Mining block at height 1...
✓ Found nonce: 7168
Failed to process block: invalid proof of work
Mining block at height 1...
✓ Found nonce: 4866
Failed to process block: invalid proof of work
Mining block at height 1...
✓ Found nonce: 65736
Failed to process block: invalid proof of work
Mining block at height 1...
✓ Found nonce: 3659
Failed to process block: invalid proof of work
Mining block at height 1...
✓ Found nonce: 122079
Failed to process block: invalid proof of work
Mining block at height 1...
✓ Found nonce: 160345
Failed to process block: invalid proof of work
Mining block at height 1...
✓ Found nonce: 99818
Failed to process block: invalid proof of work
Mining block at height 1...
✓ Found nonce: 94416
Failed to process block: invalid proof of work
Mining block at height 1...
✓ Found nonce: 21034
Failed to process block: invalid proof of work
Mining block at height 1...
✓ Found nonce: 456565
Failed to process block: invalid proof of work
Mining block at height 1...
✓ Found nonce: 74188
Failed to process block: invalid proof of work
Mining block at height 1...
✓ Found nonce: 38676
Failed to process block: invalid proof of work
Mining block at height 1...
✓ Found nonce: 23639
Failed to process block: invalid proof of work
Mining block at height 1...
✓ Found nonce: 6338
Failed to process block: invalid proof of work
Mining block at height 1...
✓ Found nonce: 43912
Failed to process block: invalid proof of work
Mining block at height 1...
✓ Found nonce: 29351
Failed to process block: invalid proof of work
Mining block at height 1...
✓ Found nonce: 39809
Failed to process block: invalid proof of work
Mining block at height 1...
✓ Found nonce: 16807
Failed to process block: invalid proof of work
Mining block at height 1...
✓ Found nonce: 27551
Failed to process block: invalid proof of work
Mining block at height 1...
✓ Found nonce: 59263
Failed to process block: invalid proof of work
Mining block at height 1...
✓ Found nonce: 160610
Failed to process block: invalid proof of work
Mining block at height 1...
✓ Found nonce: 34093
Failed to process block: invalid proof of work
Mining block at height 1...
✓ Found nonce: 52111
Failed to process block: invalid proof of work
Mining block at height 1...
✓ Found nonce: 24224
Failed to process block: invalid proof of work
Mining block at height 1...
✓ Found nonce: 124174
Failed to process block: invalid proof of work
Mining block at height 1...
✓ Found nonce: 110605
Failed to process block: invalid proof of work
Mining block at height 1...
✓ Found nonce: 14369
Failed to process block: invalid proof of work
Mining block at height 1...
✓ Found nonce: 15387
Failed to process block: invalid proof of work
Mining block at height 1...
✓ Found nonce: 199482
Failed to process block: invalid proof of work
Mining block at height 1...
✓ Found nonce: 37699
Failed to process block: invalid proof of work
Mining block at height 1...
✓ Found nonce: 306887
Failed to process block: invalid proof of work
Mining block at height 1...
✓ Found nonce: 40586
Failed to process block: invalid proof of work
Mining block at height 1...
✓ Found nonce: 63047
Failed to process block: invalid proof of work
Mining block at height 1...
✓ Found nonce: 38921
Failed to process block: invalid proof of work
Mining block at height 1...
✓ Found nonce: 118441
Failed to process block: invalid proof of work
Mining block at height 1...
✓ Found nonce: 23691
Failed to process block: invalid proof of work
Mining block at height 1...
✓ Found nonce: 125337
Failed to process block: invalid proof of work
Mining block at height 1...
✓ Found nonce: 50337
Failed to process block: invalid proof of work
Mining block at height 1...
✓ Found nonce: 88012
Failed to process block: invalid proof of work
Mining block at height 1...
✓ Found nonce: 423798
Failed to process block: invalid proof of work
Mining block at height 1...
✓ Found nonce: 96293
Failed to process block: invalid proof of work
Mining block at height 1...
✓ Found nonce: 213144
Failed to process block: invalid proof of work
Mining block at height 1...
✓ Found nonce: 91247
Failed to process block: invalid proof of work
Mining block at height 1...
✓ Found nonce: 80608
Failed to process block: invalid proof of work
Mining block at height 1...
✓ Found nonce: 5136
Failed to process block: invalid proof of work
Mining block at height 1...
✓ Found nonce: 15656
Failed to process block: invalid proof of work
Mining block at height 1...
✓ Found nonce: 77166
Failed to process block: invalid proof of work
Mining block at height 1...
✓ Found nonce: 11893
Failed to process block: invalid proof of work
Mining block at height 1...
✓ Found nonce: 56940
Failed to process block: invalid proof of work
Mining block at height 1...
✓ Found nonce: 27060
Failed to process block: invalid proof of work
Mining block at height 1...
✓ Found nonce: 52369
Failed to process block: invalid proof of work
Mining block at height 1...
✓ Found nonce: 190416
Failed to process block: invalid proof of work
Mining block at height 1...
✓ Found nonce: 43585
Failed to process block: invalid proof of work
Mining block at height 1...
✓ Found nonce: 6705
Failed to process block: invalid proof of work
Mining block at height 1...
✓ Found nonce: 11257
Failed to process block: invalid proof of work
Mining block at height 1...
✓ Found nonce: 26602
Failed to process block: invalid proof of work
Mining block at height 1...
✓ Found nonce: 22791
Failed to process block: invalid proof of work
Mining block at height 1...
✓ Found nonce: 198108
Failed to process block: invalid proof of work
Mining block at height 1...
✓ Found nonce: 67477
Failed to process block: invalid proof of work
Mining block at height 1...
✓ Found nonce: 22013
Failed to process block: invalid proof of work
Mining block at height 1...
✓ Found nonce: 3669
Failed to process block: invalid proof of work
Mining block at height 1...
✓ Found nonce: 4596
Failed to process block: invalid proof of work
Mining block at height 1...
✓ Found nonce: 120998
Failed to process block: invalid proof of work
Mining block at height 1...
✓ Found nonce: 51012
Failed to process block: invalid proof of work
Mining block at height 1...
✓ Found nonce: 72264
Failed to process block: invalid proof of work
Mining block at height 1...
✓ Found nonce: 9373
Failed to process block: invalid proof of work
Mining block at height 1...
✓ Found nonce: 1025
Failed to process block: invalid proof of work
Mining block at height 1...
✓ Found nonce: 42382
Failed to process block: invalid proof of work
Mining block at height 1...
✓ Found nonce: 14445
Failed to process block: invalid proof of work
Mining block at height 1...
✓ Found nonce: 11142
Failed to process block: invalid proof of work
Mining block at height 1...
✓ Found nonce: 95535
Failed to process block: invalid proof of work
Mining block at height 1...
✓ Found nonce: 66327
Failed to process block: invalid proof of work
Mining block at height 1...
✓ Found nonce: 50909
Failed to process block: invalid proof of work
Mining block at height 1...
✓ Found nonce: 133716
Failed to process block: invalid proof of work
Mining block at height 1...
✓ Found nonce: 22464
Failed to process block: invalid proof of work
Mining block at height 1...
✓ Found nonce: 107963
Failed to process block: invalid proof of work
Mining block at height 1...
✓ Found nonce: 18537
Failed to process block: invalid proof of work
Mining block at height 1...
✓ Found nonce: 7794
Failed to process block: invalid proof of work
Mining block at height 1...
✓ Found nonce: 20334
Failed to process block: invalid proof of work
Mining block at height 1...
✓ Found nonce: 36975
Failed to process block: invalid proof of work
Mining block at height 1...
✓ Found nonce: 29372
Failed to process block: invalid proof of work
Mining block at height 1...
✓ Found nonce: 41649
Failed to process block: invalid proof of work
Mining block at height 1...
✓ Found nonce: 158568
Failed to process block: invalid proof of work
Mining block at height 1...
✓ Found nonce: 65516
Failed to process block: invalid proof of work
Mining block at height 1...
✓ Found nonce: 18173
Failed to process block: invalid proof of work
Mining block at height 1...
✓ Found nonce: 243053
Failed to process block: invalid proof of work
Mining block at height 1...
✓ Found nonce: 231077
Failed to process block: invalid proof of work
Mining block at height 1...
✓ Found nonce: 132843
Failed to process block: invalid proof of work
Mining block at height 1...
✓ Found nonce: 156839
Failed to process block: invalid proof of work
Mining block at height 1...
✓ Found nonce: 11241
Failed to process block: invalid proof of work
Mining block at height 1...
✓ Found nonce: 147074
Failed to process block: invalid proof of work
Mining block at height 1...
✓ Found nonce: 179184
Failed to process block: invalid proof of work
Mining block at height 1...
✓ Found nonce: 92760
Failed to process block: invalid proof of work
Mining block at height 1...
✓ Found nonce: 12459
Failed to process block: invalid proof of work
Mining block at height 1...
✓ Found nonce: 4574
Failed to process block: invalid proof of work
Mining block at height 1...
✓ Found nonce: 80475
Failed to process block: invalid proof of work
Mining block at height 1...
✓ Found nonce: 2112
Failed to process block: invalid proof of work
Mining block at height 1...
✓ Found nonce: 34213
Failed to process block: invalid proof of work
Mining block at height 1...
✓ Found nonce: 64082
Failed to process block: invalid proof of work
Mining block at height 1...
✓ Found nonce: 15174
Failed to process block: invalid proof of work
Mining block at height 1...
✓ Found nonce: 9286
Failed to process block: invalid proof of work
Mining block at height 1...
✓ Found nonce: 15572
Failed to process block: invalid proof of work
Mining block at height 1...
✓ Found nonce: 45310
Failed to process block: invalid proof of work
Mining block at height 1...
✓ Found nonce: 7157
Failed to process block: invalid proof of work
Mining block at height 1...
✓ Found nonce: 90068
Failed to process block: invalid proof of work
Mining block at height 1...
✓ Found nonce: 3914
Failed to process block: invalid proof of work
Mining block at height 1...
✓ Found nonce: 134985
Failed to process block: invalid proof of work
Mining block at height 1...
✓ Found nonce: 17508
Failed to process block: invalid proof of work
Mining block at height 1...
✓ Found nonce: 65467
Failed to process block: invalid proof of work
Mining block at height 1...
✓ Found nonce: 143692
Failed to process block: invalid proof of work
Mining block at height 1...
✓ Found nonce: 80876
Failed to process block: invalid proof of work
Mining block at height 1...
✓ Found nonce: 142757
Failed to process block: invalid proof of work
Mining block at height 1...
✓ Found nonce: 132962
Failed to process block: invalid proof of work
Mining block at height 1...
✓ Found nonce: 141995
Failed to process block: invalid proof of work
Mining block at height 1...
✓ Found nonce: 10055
Failed to process block: invalid proof of work
Mining block at height 1...
✓ Found nonce: 31279
Failed to process block: invalid proof of work
Mining block at height 1...
✓ Found nonce: 7835
Failed to process block: invalid proof of work
Mining block at height 1...
✓ Found nonce: 159456
Failed to process block: invalid proof of work
Mining block at height 1...
✓ Found nonce: 37269
Failed to process block: invalid proof of work
Mining block at height 1...
✓ Found nonce: 190572
Failed to process block: invalid proof of work
Mining block at height 1...
✓ Found nonce: 35403
Failed to process block: invalid proof of work
Mining block at height 1...
✓ Found nonce: 86900
Failed to process block: invalid proof of work
Mining block at height 1...
✓ Found nonce: 137320
Failed to process block: invalid proof of work
Mining block at height 1...
✓ Found nonce: 38335
Failed to process block: invalid proof of work
Mining block at height 1...
✓ Found nonce: 546
Failed to process block: invalid proof of work
Mining block at height 1...
✓ Found nonce: 131562
Failed to process block: invalid proof of work
Mining block at height 1...
✓ Found nonce: 47478
Failed to process block: invalid proof of work
Mining block at height 1...
✓ Found nonce: 52436
Failed to process block: invalid proof of work
Mining block at height 1...
✓ Found nonce: 49537
Failed to process block: invalid proof of work
Mining block at height 1...
✓ Found nonce: 64687
Failed to process block: invalid proof of work
Mining block at height 1...
✓ Found nonce: 59706
Failed to process block: invalid proof of work
Mining block at height 1...
✓ Found nonce: 70551
Failed to process block: invalid proof of work
Mining block at height 1...
✓ Found nonce: 20170
Failed to process block: invalid proof of work
Mining block at height 1...
✓ Found nonce: 74287
Failed to process block: invalid proof of work
Mining block at height 1...
✓ Found nonce: 54069
Failed to process block: invalid proof of work
Mining block at height 1...
✓ Found nonce: 126442
Failed to process block: invalid proof of work
Mining block at height 1...
✓ Found nonce: 37834
Failed to process block: invalid proof of work
Mining block at height 1...
✓ Found nonce: 140223
Failed to process block: invalid proof of work
Mining block at height 1...
✓ Found nonce: 48287
Failed to process block: invalid proof of work
Mining block at height 1...
✓ Found nonce: 46
Failed to process block: invalid proof of work
Mining block at height 1...
✓ Found nonce: 167043
Failed to process block: invalid proof of work
Mining block at height 1...
✓ Found nonce: 70358
Failed to process block: invalid proof of work
Mining block at height 1...
✓ Found nonce: 11694
Failed to process block: invalid proof of work
Mining block at height 1...
✓ Found nonce: 84314
Failed to process block: invalid proof of work
Mining block at height 1...
✓ Found nonce: 49739
Failed to process block: invalid proof of work
Mining block at height 1...
✓ Found nonce: 150010
Failed to process block: invalid proof of work
Mining block at height 1...
✓ Found nonce: 844
Failed to process block: invalid proof of work
Mining block at height 1...
✓ Found nonce: 58930
Failed to process block: invalid proof of work
Mining block at height 1...
✓ Found nonce: 101293
Failed to process block: invalid proof of work
Mining block at height 1...
✓ Found nonce: 113975
Failed to process block: invalid proof of work
Mining block at height 1...
✓ Found nonce: 21323
Failed to process block: invalid proof of work
Mining block at height 1...
✓ Found nonce: 128011
Failed to process block: invalid proof of work
Mining block at height 1...
✓ Found nonce: 9134
Failed to process block: invalid proof of work
Mining block at height 1...
✓ Found nonce: 2671
Failed to process block: invalid proof of work
Mining block at height 1...
✓ Found nonce: 184293
Failed to process block: invalid proof of work
Mining block at height 1...
✓ Found nonce: 126647
Failed to process block: invalid proof of work
Mining block at height 1...
✓ Found nonce: 123937
Failed to process block: invalid proof of work
Mining block at height 1...
✓ Found nonce: 131157
Failed to process block: invalid proof of work
Mining block at height 1...
✓ Found nonce: 16113
Failed to process block: invalid proof of work
Mining block at height 1...
✓ Found nonce: 9881
Failed to process block: invalid proof of work
Mining block at height 1...
✓ Found nonce: 12933
Failed to process block: invalid proof of work
Mining block at height 1...
✓ Found nonce: 19474
Failed to process block: invalid proof of work
Mining block at height 1...
✓ Found nonce: 70062
Failed to process block: invalid proof of work
Mining block at height 1...
✓ Found nonce: 18311
Failed to process block: invalid proof of work
Mining block at height 1...
✓ Found nonce: 5792
Failed to process block: invalid proof of work
Mining block at height 1...
✓ Found nonce: 43112
Failed to process block: invalid proof of work
Mining block at height 1...
✓ Found nonce: 21828
Failed to process block: invalid proof of work
Mining block at height 1...
✓ Found nonce: 72237
Failed to process block: invalid proof of work
Mining block at height 1...
✓ Found nonce: 114127
Failed to process block: invalid proof of work
Mining block at height 1...
✓ Found nonce: 8707
Failed to process block: invalid proof of work
Mining block at height 1...
✓ Found nonce: 176458
Failed to process block: invalid proof of work
Mining block at height 1...
✓ Found nonce: 195587
Failed to process block: invalid proof of work
Mining block at height 1...
✓ Found nonce: 56366
Failed to process block: invalid proof of work
Mining block at height 1...
✓ Found nonce: 20873
Failed to process block: invalid proof of work
Mining block at height 1...
✓ Found nonce: 4489
Failed to process block: invalid proof of work
Mining block at height 1...
✓ Found nonce: 16918
Failed to process block: invalid proof of work
Mining block at height 1...
✓ Found nonce: 222473
Failed to process block: invalid proof of work
Mining block at height 1...
✓ Found nonce: 91788
Failed to process block: invalid proof of work
Mining block at height 1...
✓ Found nonce: 214680
Failed to process block: invalid proof of work
Mining block at height 1...
✓ Found nonce: 104394
Failed to process block: invalid proof of work
Mining block at height 1...
✓ Found nonce: 106173
Failed to process block: invalid proof of work
Mining block at height 1...
✓ Found nonce: 29441
Failed to process block: invalid proof of work
Mining block at height 1...
✓ Found nonce: 43620
Failed to process block: invalid proof of work
Mining block at height 1...
✓ Found nonce: 94550
Failed to process block: invalid proof of work
Mining block at height 1...
✓ Found nonce: 17013
Failed to process block: invalid proof of work
Mining block at height 1...
✓ Found nonce: 76493
Failed to process block: invalid proof of work
Mining block at height 1...
✓ Found nonce: 16862
Failed to process block: invalid proof of work
Mining block at height 1...
✓ Found nonce: 116954
Failed to process block: invalid proof of work
Mining block at height 1...
✓ Found nonce: 130831
Failed to process block: invalid proof of work
Mining block at height 1...
✓ Found nonce: 10942
Failed to process block: invalid proof of work
Mining block at height 1...
✓ Found nonce: 82274
Failed to process block: invalid proof of work
Mining block at height 1...
✓ Found nonce: 72380
Failed to process block: invalid proof of work
Mining block at height 1...
✓ Found nonce: 31180
Failed to process block: invalid proof of work
Mining block at height 1...
✓ Found nonce: 10814
Failed to process block: invalid proof of work
Mining block at height 1...
✓ Found nonce: 17932
Failed to process block: invalid proof of work
Mining block at height 1...
✓ Found nonce: 39105
Failed to process block: invalid proof of work
Mining block at height 1...
✓ Found nonce: 15674
Failed to process block: invalid proof of work
Mining block at height 1...
✓ Found nonce: 164116
Failed to process block: invalid proof of work
Mining block at height 1...
✓ Found nonce: 82338
Failed to process block: invalid proof of work
Mining block at height 1...
✓ Found nonce: 232236
Failed to process block: invalid proof of work
Mining block at height 1...
✓ Found nonce: 43654
Failed to process block: invalid proof of work
Mining block at height 1...
✓ Found nonce: 34243
Failed to process block: invalid proof of work
Mining block at height 1...
✓ Found nonce: 14018
Failed to process block: invalid proof of work
Mining block at height 1...
✓ Found nonce: 88230
Failed to process block: invalid proof of work
Mining block at height 1...
✓ Found nonce: 14999
Failed to process block: invalid proof of work
Mining block at height 1...
✓ Found nonce: 40303
Failed to process block: invalid proof of work
Mining block at height 1...
✓ Found nonce: 98427
Failed to process block: invalid proof of work
Mining block at height 1...
✓ Found nonce: 41433
Failed to process block: invalid proof of work
Mining block at height 1...
✓ Found nonce: 3638
Failed to process block: invalid proof of work
Mining block at height 1...
✓ Found nonce: 27475
Failed to process block: invalid proof of work
Mining block at height 1...
✓ Found nonce: 2765
Failed to process block: invalid proof of work
Mining block at height 1...
✓ Found nonce: 91712
Failed to process block: invalid proof of work
Mining block at height 1...
✓ Found nonce: 5376
Failed to process block: invalid proof of work
Mining block at height 1...
✓ Found nonce: 35438
Failed to process block: invalid proof of work
Mining block at height 1...
✓ Found nonce: 44022
Failed to process block: invalid proof of work
Mining block at height 1...
✓ Found nonce: 13855
Failed to process block: invalid proof of work
Mining block at height 1...
✓ Found nonce: 155727
Failed to process block: invalid proof of work
Mining block at height 1...
✓ Found nonce: 16453
Failed to process block: invalid proof of work
Mining block at height 1...
✓ Found nonce: 11886
Failed to process block: invalid proof of work
Mining block at height 1...
✓ Found nonce: 43947
Failed to process block: invalid proof of work
Mining block at height 1...
✓ Found nonce: 130435
Failed to process block: invalid proof of work
Mining block at height 1...
✓ Found nonce: 30129
Failed to process block: invalid proof of work
Mining block at height 1...
✓ Found nonce: 293366
Failed to process block: invalid proof of work
Mining block at height 1...
✓ Found nonce: 13052
Failed to process block: invalid proof of work
Mining block at height 1...
✓ Found nonce: 26242
Failed to process block: invalid proof of work
Mining block at height 1...
✓ Found nonce: 260
Failed to process block: invalid proof of work
Mining block at height 1...
✓ Found nonce: 135222
Failed to process block: invalid proof of work
Mining block at height 1...
✓ Found nonce: 71185
Failed to process block: invalid proof of work
Mining block at height 1...
✓ Found nonce: 33683
Failed to process block: invalid proof of work
Mining block at height 1...
✓ Found nonce: 113800
Failed to process block: invalid proof of work
Mining block at height 1...
✓ Found nonce: 5405
Failed to process block: invalid proof of work
Mining block at height 1...
✓ Found nonce: 125763
Failed to process block: invalid proof of work
Mining block at height 1...
✓ Found nonce: 114639
Failed to process block: invalid proof of work
Mining block at height 1...
✓ Found nonce: 22142
Failed to process block: invalid proof of work
Mining block at height 1...
✓ Found nonce: 55085
Failed to process block: invalid proof of work
Mining block at height 1...
✓ Found nonce: 14198
Failed to process block: invalid proof of work
Mining block at height 1...
✓ Found nonce: 32351
Failed to process block: invalid proof of work
Mining block at height 1...
✓ Found nonce: 51606
Failed to process block: invalid proof of work
Mining block at height 1...
✓ Found nonce: 113159
Failed to process block: invalid proof of work
Mining block at height 1...
✓ Found nonce: 62561
Failed to process block: invalid proof of work
Mining block at height 1...
✓ Found nonce: 45342
Failed to process block: invalid proof of work
Mining block at height 1...
✓ Found nonce: 524926
Failed to process block: invalid proof of work
Mining block at height 1...
✓ Found nonce: 127309
Failed to process block: invalid proof of work
Mining block at height 1...
✓ Found nonce: 6395
Failed to process block: invalid proof of work
Mining block at height 1...
✓ Found nonce: 150987
Failed to process block: invalid proof of work
Mining block at height 1...
✓ Found nonce: 11077
Failed to process block: invalid proof of work
Mining block at height 1...
✓ Found nonce: 39842
Failed to process block: invalid proof of work
Mining block at height 1...
✓ Found nonce: 44837
Failed to process block: invalid proof of work
Mining block at height 1...
✓ Found nonce: 91974
Failed to process block: invalid proof of work
Mining block at height 1...
✓ Found nonce: 80300
Failed to process block: invalid proof of work
Mining block at height 1...
✓ Found nonce: 63487
Failed to process block: invalid proof of work
Mining block at height 1...
✓ Found nonce: 81313
Failed to process block: invalid proof of work
Mining block at height 1...
✓ Found nonce: 166364
Failed to process block: invalid proof of work
Mining block at height 1...
✓ Found nonce: 68784
Failed to process block: invalid proof of work
Mining block at height 1...
✓ Found nonce: 14956
Failed to process block: invalid proof of work
Mining block at height 1...
✓ Found nonce: 100269
Failed to process block: invalid proof of work
Mining block at height 1...
✓ Found nonce: 14096
Failed to process block: invalid proof of work
Mining block at height 1...
✓ Found nonce: 10143
Failed to process block: invalid proof of work
Mining block at height 1...
✓ Found nonce: 144550
Failed to process block: invalid proof of work
Mining block at height 1...
✓ Found nonce: 22561
Failed to process block: invalid proof of work
Mining block at height 1...
✓ Found nonce: 20186
Failed to process block: invalid proof of work
Mining block at height 1...
✓ Found nonce: 12694
Failed to process block: invalid proof of work
Mining block at height 1...
✓ Found nonce: 131081
Failed to process block: invalid proof of work
Mining block at height 1...
✓ Found nonce: 7555
Failed to process block: invalid proof of work
Mining block at height 1...
✓ Found nonce: 156911
Failed to process block: invalid proof of work
Mining block at height 1...
✓ Found nonce: 233249
Failed to process block: invalid proof of work
Mining block at height 1...
✓ Found nonce: 1699
Failed to process block: invalid proof of work
Mining block at height 1...
✓ Found nonce: 145671
Failed to process block: invalid proof of work
Mining block at height 1...
✓ Found nonce: 27927
Failed to process block: invalid proof of work
Mining block at height 1...
✓ Found nonce: 143
Failed to process block: invalid proof of work
Mining block at height 1...
✓ Found nonce: 22223
Failed to process block: invalid proof of work
Mining block at height 1...
✓ Found nonce: 60769
Failed to process block: invalid proof of work
Mining block at height 1...
✓ Found nonce: 89065
Failed to process block: invalid proof of work
Mining block at height 1...
✓ Found nonce: 37086
Failed to process block: invalid proof of work
Mining block at height 1...
✓ Found nonce: 32271
Failed to process block: invalid proof of work
Mining block at height 1...
✓ Found nonce: 63029
Failed to process block: invalid proof of work
Mining block at height 1...
✓ Found nonce: 20143
Failed to process block: invalid proof of work
Mining block at height 1...
✓ Found nonce: 32822
Failed to process block: invalid proof of work
Mining block at height 1...
✓ Found nonce: 210838
Failed to process block: invalid proof of work
Mining block at height 1...
✓ Found nonce: 28108
Failed to process block: invalid proof of work
Mining block at height 1...
✓ Found nonce: 50497
Failed to process block: invalid proof of work
Mining block at height 1...
✓ Found nonce: 8073
Failed to process block: invalid proof of work
Mining block at height 1...
✓ Found nonce: 202968
Failed to process block: invalid proof of work
Mining block at height 1...
✓ Found nonce: 102875
Failed to process block: invalid proof of work
Mining block at height 1...
✓ Found nonce: 3393
Failed to process block: invalid proof of work
Mining block at height 1...
✓ Found nonce: 66972
Failed to process block: invalid proof of work
Mining block at height 1...
✓ Found nonce: 31060
Failed to process block: invalid proof of work
Mining block at height 1...
✓ Found nonce: 7058
Failed to process block: invalid proof of work
Mining block at height 1...
✓ Found nonce: 2640
Failed to process block: invalid proof of work
Mining block at height 1...
✓ Found nonce: 111127
Failed to process block: invalid proof of work
Mining block at height 1...
✓ Found nonce: 87848
Failed to process block: invalid proof of work
Mining block at height 1...
✓ Found nonce: 4653
Failed to process block: invalid proof of work
Mining block at height 1...
✓ Found nonce: 11154
Failed to process block: invalid proof of work
Mining block at height 1...
✓ Found nonce: 64440
Failed to process block: invalid proof of work
Mining block at height 1...
✓ Found nonce: 52296
Failed to process block: invalid proof of work
Mining block at height 1...
✓ Found nonce: 11578
Failed to process block: invalid proof of work
Mining block at height 1...
✓ Found nonce: 116693
Failed to process block: invalid proof of work
Mining block at height 1...
✓ Found nonce: 12588
Failed to process block: invalid proof of work
Mining block at height 1...
✓ Found nonce: 22214
Failed to process block: invalid proof of work
Mining block at height 1...
✓ Found nonce: 60946
Failed to process block: invalid proof of work
Mining block at height 1...
✓ Found nonce: 1665
Failed to process block: invalid proof of work
Mining block at height 1...
✓ Found nonce: 100508
Failed to process block: invalid proof of work
Mining block at height 1...
✓ Found nonce: 54498
Failed to process block: invalid proof of work
Mining block at height 1...
✓ Found nonce: 29158
Failed to process block: invalid proof of work
Mining block at height 1...
✓ Found nonce: 174136
Failed to process block: invalid proof of work
Mining block at height 1...
✓ Found nonce: 26652
Failed to process block: invalid proof of work
Mining block at height 1...
✓ Found nonce: 16157
Failed to process block: invalid proof of work
Mining block at height 1...
✓ Found nonce: 84566
Failed to process block: invalid proof of work
Mining block at height 1...
✓ Found nonce: 30977
Failed to process block: invalid proof of work
Mining block at height 1...
✓ Found nonce: 11947
Failed to process block: invalid proof of work
Mining block at height 1...
✓ Found nonce: 36815
Failed to process block: invalid proof of work
Mining block at height 1...
✓ Found nonce: 19702
Failed to process block: invalid proof of work
Mining block at height 1...
✓ Found nonce: 72379
Failed to process block: invalid proof of work
Mining block at height 1...
✓ Found nonce: 83423
Failed to process block: invalid proof of work
Mining block at height 1...
✓ Found nonce: 56842
Failed to process block: invalid proof of work
Mining block at height 1...
✓ Found nonce: 160734
Failed to process block: invalid proof of work
Mining block at height 1...
✓ Found nonce: 8496
Failed to process block: invalid proof of work
Mining block at height 1...
✓ Found nonce: 3910
Failed to process block: invalid proof of work
Mining block at height 1...
✓ Found nonce: 39117
Failed to process block: invalid proof of work
Mining block at height 1...
✓ Found nonce: 49156
Failed to process block: invalid proof of work
Mining block at height 1...
✓ Found nonce: 57435
Failed to process block: invalid proof of work
Mining block at height 1...
✓ Found nonce: 694
Failed to process block: invalid proof of work
Mining block at height 1...
✓ Found nonce: 63378
Failed to process block: invalid proof of work
Mining block at height 1...
✓ Found nonce: 12728
Failed to process block: invalid proof of work
Mining block at height 1...
✓ Found nonce: 82416
Failed to process block: invalid proof of work
Mining block at height 1...
✓ Found nonce: 213371
Failed to process block: invalid proof of work
Mining block at height 1...
✓ Found nonce: 124911
Failed to process block: invalid proof of work
Mining block at height 1...
✓ Found nonce: 36440
Failed to process block: invalid proof of work
Mining block at height 1...
✓ Found nonce: 19384
Failed to process block: invalid proof of work
Mining block at height 1...
✓ Found nonce: 29195
Failed to process block: invalid proof of work
Mining block at height 1...
✓ Found nonce: 159899
Failed to process block: invalid proof of work
Mining block at height 1...
✓ Found nonce: 352561
Failed to process block: invalid proof of work
Mining block at height 1...
✓ Found nonce: 151133
Failed to process block: invalid proof of work
Mining block at height 1...
✓ Found nonce: 2873
Failed to process block: invalid proof of work
Mining block at height 1...
✓ Found nonce: 177821
Failed to process block: invalid proof of work
Mining block at height 1...
✓ Found nonce: 226600
Failed to process block: invalid proof of work
Mining block at height 1...
✓ Found nonce: 28248
Failed to process block: invalid proof of work
Mining block at height 1...
✓ Found nonce: 2663
Failed to process block: invalid proof of work
Mining block at height 1...
✓ Found nonce: 405
Failed to process block: invalid proof of work
Mining block at height 1...
✓ Found nonce: 73846
Failed to process block: invalid proof of work
Mining block at height 1...
✓ Found nonce: 91319
Failed to process block: invalid proof of work
Mining block at height 1...
✓ Found nonce: 33066
Failed to process block: invalid proof of work
Mining block at height 1...
✓ Found nonce: 21358
Failed to process block: invalid proof of work
Mining block at height 1...
✓ Found nonce: 102454
Failed to process block: invalid proof of work
Mining block at height 1...
✓ Found nonce: 13486
Failed to process block: invalid proof of work
Mining block at height 1...
✓ Found nonce: 95986
Failed to process block: invalid proof of work
Mining block at height 1...
✓ Found nonce: 38192
Failed to process block: invalid proof of work
Mining block at height 1...
✓ Found nonce: 36497
Failed to process block: invalid proof of work
Mining block at height 1...
✓ Found nonce: 25756
Failed to process block: invalid proof of work
Mining block at height 1...
✓ Found nonce: 154088
Failed to process block: invalid proof of work
Mining block at height 1...
✓ Found nonce: 51118
Failed to process block: invalid proof of work
Mining block at height 1...
✓ Found nonce: 89286
Failed to process block: invalid proof of work
Mining block at height 1...
✓ Found nonce: 72427
Failed to process block: invalid proof of work
Mining block at height 1...
✓ Found nonce: 154451
Failed to process block: invalid proof of work
Mining block at height 1...
✓ Found nonce: 10046
Failed to process block: invalid proof of work
Mining block at height 1...
✓ Found nonce: 42690
Failed to process block: invalid proof of work
Mining block at height 1...
✓ Found nonce: 12409
Failed to process block: invalid proof of work
Mining block at height 1...
✓ Found nonce: 86094
Failed to process block: invalid proof of work
Mining block at height 1...
✓ Found nonce: 190961
Failed to process block: invalid proof of work
Mining block at height 1...
✓ Found nonce: 5187
Failed to process block: invalid proof of work
Mining block at height 1...
✓ Found nonce: 24754
Failed to process block: invalid proof of work
Mining block at height 1...
✓ Found nonce: 286937
Failed to process block: invalid proof of work
Mining block at height 1...
✓ Found nonce: 54048
Failed to process block: invalid proof of work
Mining block at height 1...
✓ Found nonce: 16482
Failed to process block: invalid proof of work
Mining block at height 1...
✓ Found nonce: 229336
Failed to process block: invalid proof of work
Mining block at height 1...
✓ Found nonce: 530
Failed to process block: invalid proof of work
Mining block at height 1...
✓ Found nonce: 10091
Failed to process block: invalid proof of work
Mining block at height 1...
✓ Found nonce: 28771
Failed to process block: invalid proof of work
Mining block at height 1...
✓ Found nonce: 30511
Failed to process block: invalid proof of work
Mining block at height 1...
✓ Found nonce: 153279
Failed to process block: invalid proof of work
Mining block at height 1...
✓ Found nonce: 6814
Failed to process block: invalid proof of work
Mining block at height 1...
✓ Found nonce: 11615
Failed to process block: invalid proof of work
Mining block at height 1...
✓ Found nonce: 23344
Failed to process block: invalid proof of work
Mining block at height 1...
✓ Found nonce: 106952
Failed to process block: invalid proof of work
Mining block at height 1...
✓ Found nonce: 7812
Failed to process block: invalid proof of work
Mining block at height 1...
✓ Found nonce: 21035
Failed to process block: invalid proof of work
Mining block at height 1...
✓ Found nonce: 25048
Failed to process block: invalid proof of work
Mining block at height 1...
✓ Found nonce: 167892
Failed to process block: invalid proof of work
Mining block at height 1...
✓ Found nonce: 154149
Failed to process block: invalid proof of work
Mining block at height 1...
✓ Found nonce: 42454
Failed to process block: invalid proof of work
Mining block at height 1...
✓ Found nonce: 128723
Failed to process block: invalid proof of work
Mining block at height 1...
✓ Found nonce: 136477
Failed to process block: invalid proof of work
Mining block at height 1...
✓ Found nonce: 56425
Failed to process block: invalid proof of work
Mining block at height 1...
✓ Found nonce: 79093
Failed to process block: invalid proof of work
Mining block at height 1...
✓ Found nonce: 40744
Failed to process block: invalid proof of work
Mining block at height 1...
✓ Found nonce: 98252
Failed to process block: invalid proof of work
Mining block at height 1...
✓ Found nonce: 3072
Failed to process block: invalid proof of work
Mining block at height 1...
✓ Found nonce: 48459
Failed to process block: invalid proof of work
Mining block at height 1...
✓ Found nonce: 46415
Failed to process block: invalid proof of work
Mining block at height 1...
✓ Found nonce: 37360
Failed to process block: invalid proof of work
Mining block at height 1...
✓ Found nonce: 158226
Failed to process block: invalid proof of work
Mining block at height 1...
✓ Found nonce: 125429
Failed to process block: invalid proof of work
Mining block at height 1...
✓ Found nonce: 1317
Failed to process block: invalid proof of work
Mining block at height 1...
✓ Found nonce: 9178
Failed to process block: invalid proof of work
Mining block at height 1...
✓ Found nonce: 37633
Failed to process block: invalid proof of work
Mining block at height 1...
✓ Found nonce: 48511
Failed to process block: invalid proof of work
Mining block at height 1...
✓ Found nonce: 134726
Failed to process block: invalid proof of work
Mining block at height 1...
✓ Found nonce: 26670
Failed to process block: invalid proof of work
Mining block at height 1...
✓ Found nonce: 37062
Failed to process block: invalid proof of work
Mining block at height 1...
✓ Found nonce: 42717
Failed to process block: invalid proof of work
Mining block at height 1...
✓ Found nonce: 5807
Failed to process block: invalid proof of work
Mining block at height 1...
✓ Found nonce: 2566
Failed to process block: invalid proof of work
Mining block at height 1...
✓ Found nonce: 30612
Failed to process block: invalid proof of work
Mining block at height 1...
✓ Found nonce: 23168
Failed to process block: invalid proof of work
Mining block at height 1...
✓ Found nonce: 56120
Failed to process block: invalid proof of work
Mining block at height 1...
✓ Found nonce: 7021
Failed to process block: invalid proof of work
Mining block at height 1...
✓ Found nonce: 82509
Failed to process block: invalid proof of work
Mining block at height 1...
✓ Found nonce: 59673
Failed to process block: invalid proof of work
Mining block at height 1...
✓ Found nonce: 89432
Failed to process block: invalid proof of work
Mining block at height 1...
✓ Found nonce: 21719
Failed to process block: invalid proof of work
Mining block at height 1...
✓ Found nonce: 58284
Failed to process block: invalid proof of work
Mining block at height 1...
✓ Found nonce: 20465
Failed to process block: invalid proof of work
Mining block at height 1...
✓ Found nonce: 24522
Failed to process block: invalid proof of work
Mining block at height 1...
✓ Found nonce: 66719
Failed to process block: invalid proof of work
Mining block at height 1...
✓ Found nonce: 20492
Failed to process block: invalid proof of work
Mining block at height 1...
✓ Found nonce: 12016
Failed to process block: invalid proof of work
Mining block at height 1...
✓ Found nonce: 177227
Failed to process block: invalid proof of work
Mining block at height 1...
✓ Found nonce: 300070
Failed to process block: invalid proof of work
Mining block at height 1...
✓ Found nonce: 104209
Failed to process block: invalid proof of work
Mining block at height 1...
✓ Found nonce: 1755
Failed to process block: invalid proof of work
Mining block at height 1...
✓ Found nonce: 79121
Failed to process block: invalid proof of work
Mining block at height 1...
✓ Found nonce: 3869
Failed to process block: invalid proof of work
Mining block at height 1...
✓ Found nonce: 13582
Failed to process block: invalid proof of work
Mining block at height 1...
✓ Found nonce: 20627
Failed to process block: invalid proof of work
Mining block at height 1...
✓ Found nonce: 6935
Failed to process block: invalid proof of work
Mining block at height 1...
✓ Found nonce: 380269
Failed to process block: invalid proof of work
Mining block at height 1...
✓ Found nonce: 11531
Failed to process block: invalid proof of work
Mining block at height 1...
✓ Found nonce: 20255
Failed to process block: invalid proof of work
Mining block at height 1...
✓ Found nonce: 28912
Failed to process block: invalid proof of work
Mining block at height 1...
✓ Found nonce: 109555
Failed to process block: invalid proof of work
Mining block at height 1...
✓ Found nonce: 116451
Failed to process block: invalid proof of work
Mining block at height 1...
✓ Found nonce: 8785
Failed to process block: invalid proof of work
Mining block at height 1...
✓ Found nonce: 20313
Failed to process block: invalid proof of work
Mining block at height 1...
✓ Found nonce: 21770
Failed to process block: invalid proof of work
Mining block at height 1...
✓ Found nonce: 15885
Failed to process block: invalid proof of work
Mining block at height 1...
✓ Found nonce: 27396
Failed to process block: invalid proof of work
Mining block at height 1...
✓ Found nonce: 76312
Failed to process block: invalid proof of work
Mining block at height 1...
✓ Found nonce: 122723
Failed to process block: invalid proof of work
Mining block at height 1...
✓ Found nonce: 54855
Failed to process block: invalid proof of work
Mining block at height 1...
✓ Found nonce: 143174
Failed to process block: invalid proof of work
Mining block at height 1...
✓ Found nonce: 2013
Failed to process block: invalid proof of work
Mining block at height 1...
✓ Found nonce: 153531
Failed to process block: invalid proof of work
Mining block at height 1...
✓ Found nonce: 98840
Failed to process block: invalid proof of work
Mining block at height 1...
✓ Found nonce: 74109
Failed to process block: invalid proof of work
Mining block at height 1...
✓ Found nonce: 74769
Failed to process block: invalid proof of work
Mining block at height 1...
✓ Found nonce: 121000
Failed to process block: invalid proof of work
Mining block at height 1...
✓ Found nonce: 49653
Failed to process block: invalid proof of work
Mining block at height 1...
✓ Found nonce: 45454
Failed to process block: invalid proof of work
Mining block at height 1...
✓ Found nonce: 95591
Failed to process block: invalid proof of work
Mining block at height 1...
✓ Found nonce: 117126
Failed to process block: invalid proof of work
Mining block at height 1...
✓ Found nonce: 34801
Failed to process block: invalid proof of work
Mining block at height 1...
✓ Found nonce: 53495
Failed to process block: invalid proof of work
Mining block at height 1...
✓ Found nonce: 5431
Failed to process block: invalid proof of work
Mining block at height 1...
✓ Found nonce: 20746
Failed to process block: invalid proof of work
Mining block at height 1...
✓ Found nonce: 63572
Failed to process block: invalid proof of work
Mining block at height 1...
✓ Found nonce: 39315
Failed to process block: invalid proof of work
Mining block at height 1...
✓ Found nonce: 114465
Failed to process block: invalid proof of work
Mining block at height 1...
✓ Found nonce: 82186
Failed to process block: invalid proof of work
Mining block at height 1...
✓ Found nonce: 8037
Failed to process block: invalid proof of work
Mining block at height 1...
✓ Found nonce: 18699
Failed to process block: invalid proof of work
Mining block at height 1...
✓ Found nonce: 1264
Failed to process block: invalid proof of work
Mining block at height 1...
✓ Found nonce: 49741
Failed to process block: invalid proof of work
Mining block at height 1...
✓ Found nonce: 2228
Failed to process block: invalid proof of work
Mining block at height 1...
✓ Found nonce: 34341
Failed to process block: invalid proof of work
Mining block at height 1...
✓ Found nonce: 36549
Failed to process block: invalid proof of work
Mining block at height 1...
✓ Found nonce: 9712
Failed to process block: invalid proof of work
Mining block at height 1...
✓ Found nonce: 5696
Failed to process block: invalid proof of work
Mining block at height 1...
✓ Found nonce: 113114
Failed to process block: invalid proof of work
Mining block at height 1...
✓ Found nonce: 12696
Failed to process block: invalid proof of work
Mining block at height 1...
✓ Found nonce: 75712
Failed to process block: invalid proof of work
Mining block at height 1...
✓ Found nonce: 25615
Failed to process block: invalid proof of work
Mining block at height 1...
✓ Found nonce: 8832
Failed to process block: invalid proof of work
Mining block at height 1...
✓ Found nonce: 27929
Failed to process block: invalid proof of work
Mining block at height 1...
✓ Found nonce: 10472
Failed to process block: invalid proof of work
Mining block at height 1...
✓ Found nonce: 111016
Failed to process block: invalid proof of work
Mining block at height 1...
✓ Found nonce: 32982
Failed to process block: invalid proof of work
Mining block at height 1...
✓ Found nonce: 64765
Failed to process block: invalid proof of work
Mining block at height 1...
✓ Found nonce: 40979
Failed to process block: invalid proof of work
Mining block at height 1...
✓ Found nonce: 43710
Failed to process block: invalid proof of work
Mining block at height 1...
✓ Found nonce: 105514
Failed to process block: invalid proof of work
Mining block at height 1...
✓ Found nonce: 51190
Failed to process block: invalid proof of work
Mining block at height 1...
✓ Found nonce: 20565
Failed to process block: invalid proof of work
Mining block at height 1...
✓ Found nonce: 30865
Failed to process block: invalid proof of work
Mining block at height 1...
✓ Found nonce: 51743
Failed to process block: invalid proof of work
Mining block at height 1...
✓ Found nonce: 114552
Failed to process block: invalid proof of work
Mining block at height 1...
✓ Found nonce: 73291
Failed to process block: invalid proof of work
Mining block at height 1...
✓ Found nonce: 73309
Failed to process block: invalid proof of work
Mining block at height 1...
✓ Found nonce: 74310
Failed to process block: invalid proof of work
Mining block at height 1...
✓ Found nonce: 90046
Failed to process block: invalid proof of work
Mining block at height 1...
✓ Found nonce: 130628
Failed to process block: invalid proof of work
Mining block at height 1...
✓ Found nonce: 69175
Failed to process block: invalid proof of work
Mining block at height 1...
✓ Found nonce: 2988
Failed to process block: invalid proof of work
Mining block at height 1...
✓ Found nonce: 230715
Failed to process block: invalid proof of work
Mining block at height 1...
✓ Found nonce: 1244
Failed to process block: invalid proof of work
Mining block at height 1...
✓ Found nonce: 91076
Failed to process block: invalid proof of work
Mining block at height 1...
✓ Found nonce: 91117
Failed to process block: invalid proof of work
Mining block at height 1...
✓ Found nonce: 8021
Failed to process block: invalid proof of work
Mining block at height 1...
✓ Found nonce: 48370
Failed to process block: invalid proof of work
Mining block at height 1...
✓ Found nonce: 129964
Failed to process block: invalid proof of work
Mining block at height 1...
✓ Found nonce: 2851
Failed to process block: invalid proof of work
Mining block at height 1...
✓ Found nonce: 142626
Failed to process block: invalid proof of work
Mining block at height 1...
✓ Found nonce: 7131
Failed to process block: invalid proof of work
Mining block at height 1...
✓ Found nonce: 59312
Failed to process block: invalid proof of work
Mining block at height 1...
✓ Found nonce: 106816
Failed to process block: invalid proof of work
Mining block at height 1...
✓ Found nonce: 58263
Failed to process block: invalid proof of work
Mining block at height 1...
✓ Found nonce: 27951
Failed to process block: invalid proof of work
Mining block at height 1...
✓ Found nonce: 78318
Failed to process block: invalid proof of work
Mining block at height 1...
✓ Found nonce: 13655
Failed to process block: invalid proof of work
Mining block at height 1...
✓ Found nonce: 12703
Failed to process block: invalid proof of work
Mining block at height 1...
✓ Found nonce: 73330
Failed to process block: invalid proof of work
Mining block at height 1...
✓ Found nonce: 5271
Failed to process block: invalid proof of work
Mining block at height 1...
✓ Found nonce: 52418
Failed to process block: invalid proof of work
Mining block at height 1...
✓ Found nonce: 46906
Failed to process block: invalid proof of work
Mining block at height 1...
✓ Found nonce: 147484
Failed to process block: invalid proof of work
Mining block at height 1...
✓ Found nonce: 94646
Failed to process block: invalid proof of work
Mining block at height 1...
✓ Found nonce: 730
Failed to process block: invalid proof of work
Mining block at height 1...
✓ Found nonce: 74616
Failed to process block: invalid proof of work
Mining block at height 1...
✓ Found nonce: 23720
Failed to process block: invalid proof of work
Mining block at height 1...
✓ Found nonce: 195811
Failed to process block: invalid proof of work
Mining block at height 1...
✓ Found nonce: 20784
Failed to process block: invalid proof of work
Mining block at height 1...
✓ Found nonce: 57446
Failed to process block: invalid proof of work
Mining block at height 1...
✓ Found nonce: 19723
Failed to process block: invalid proof of work
Mining block at height 1...
✓ Found nonce: 76260
Failed to process block: invalid proof of work
Mining block at height 1...
✓ Found nonce: 34351
Failed to process block: invalid proof of work
Mining block at height 1...
✓ Found nonce: 11543
Failed to process block: invalid proof of work
Mining block at height 1...
✓ Found nonce: 17110
Failed to process block: invalid proof of work
Mining block at height 1...
✓ Found nonce: 38182
Failed to process block: invalid proof of work
Mining block at height 1...
✓ Found nonce: 53300
Failed to process block: invalid proof of work
Mining block at height 1...
✓ Found nonce: 94968
Failed to process block: invalid proof of work
Mining block at height 1...
✓ Found nonce: 69189
Failed to process block: invalid proof of work
Mining block at height 1...
✓ Found nonce: 18087
Failed to process block: invalid proof of work
Mining block at height 1...
✓ Found nonce: 424
Failed to process block: invalid proof of work
Mining block at height 1...
✓ Found nonce: 48992
Failed to process block: invalid proof of work
Mining block at height 1...
✓ Found nonce: 89051
Failed to process block: invalid proof of work
Mining block at height 1...
✓ Found nonce: 95915
Failed to process block: invalid proof of work
Mining block at height 1...
✓ Found nonce: 30393
Failed to process block: invalid proof of work
Mining block at height 1...
✓ Found nonce: 36416
Failed to process block: invalid proof of work
Mining block at height 1...
✓ Found nonce: 159844
Failed to process block: invalid proof of work
Mining block at height 1...
✓ Found nonce: 87440
Failed to process block: invalid proof of work
Mining block at height 1...
✓ Found nonce: 15295
Failed to process block: invalid proof of work
Mining block at height 1...
✓ Found nonce: 86648
Failed to process block: invalid proof of work
Mining block at height 1...
✓ Found nonce: 9147
Failed to process block: invalid proof of work
Mining block at height 1...
✓ Found nonce: 203647
Failed to process block: invalid proof of work
Mining block at height 1...
✓ Found nonce: 279792
Failed to process block: invalid proof of work
Mining block at height 1...
✓ Found nonce: 197857
Failed to process block: invalid proof of work
Mining block at height 1...
✓ Found nonce: 2191
Failed to process block: invalid proof of work
Mining block at height 1...
✓ Found nonce: 141596
Failed to process block: invalid proof of work
Mining block at height 1...
✓ Found nonce: 60393
Failed to process block: invalid proof of work
Mining block at height 1...
✓ Found nonce: 49248
Failed to process block: invalid proof of work
Mining block at height 1...
✓ Found nonce: 188863
Failed to process block: invalid proof of work
Mining block at height 1...
✓ Found nonce: 152890
Failed to process block: invalid proof of work
Mining block at height 1...
✓ Found nonce: 38379
Failed to process block: invalid proof of work
Mining block at height 1...
✓ Found nonce: 21696
Failed to process block: invalid proof of work
Mining block at height 1...
✓ Found nonce: 23902
Failed to process block: invalid proof of work
Mining block at height 1...
✓ Found nonce: 46272
Failed to process block: invalid proof of work
Mining block at height 1...
✓ Found nonce: 81079
Failed to process block: invalid proof of work
Mining block at height 1...
✓ Found nonce: 20847
Failed to process block: invalid proof of work
Mining block at height 1...
✓ Found nonce: 10886
Failed to process block: invalid proof of work
Mining block at height 1...
✓ Found nonce: 471
Failed to process block: invalid proof of work
Mining block at height 1...
✓ Found nonce: 4590
Failed to process block: invalid proof of work
Mining block at height 1...
✓ Found nonce: 44261
Failed to process block: invalid proof of work
Mining block at height 1...
✓ Found nonce: 31107
Failed to process block: invalid proof of work
Mining block at height 1...
✓ Found nonce: 12400
Failed to process block: invalid proof of work
Mining block at height 1...
✓ Found nonce: 6786
Failed to process block: invalid proof of work
Mining block at height 1...
✓ Found nonce: 2582
Failed to process block: invalid proof of work
Mining block at height 1...
✓ Found nonce: 1333
Failed to process block: invalid proof of work
Mining block at height 1...
✓ Found nonce: 14726
Failed to process block: invalid proof of work
Mining block at height 1...
✓ Found nonce: 29143
Failed to process block: invalid proof of work
Mining block at height 1...
✓ Found nonce: 125831
Failed to process block: invalid proof of work
Mining block at height 1...
✓ Found nonce: 60781
Failed to process block: invalid proof of work
Mining block at height 1...
✓ Found nonce: 153720
Failed to process block: invalid proof of work
Mining block at height 1...
✓ Found nonce: 72193
Failed to process block: invalid proof of work
Mining block at height 1...
✓ Found nonce: 94482
Failed to process block: invalid proof of work
Mining block at height 1...
✓ Found nonce: 2334
Failed to process block: invalid proof of work
Mining block at height 1...
✓ Found nonce: 7914
Failed to process block: invalid proof of work
Mining block at height 1...
✓ Found nonce: 15869
Failed to process block: invalid proof of work
Mining block at height 1...
✓ Found nonce: 38528
Failed to process block: invalid proof of work
Mining block at height 1...
✓ Found nonce: 61745
Failed to process block: invalid proof of work
Mining block at height 1...
✓ Found nonce: 15426
Failed to process block: invalid proof of work
Mining block at height 1...
✓ Found nonce: 12656
Failed to process block: invalid proof of work
Mining block at height 1...
✓ Found nonce: 29866
Failed to process block: invalid proof of work
Mining block at height 1...
✓ Found nonce: 207734
Failed to process block: invalid proof of work
Mining block at height 1...
✓ Found nonce: 50833
Failed to process block: invalid proof of work
Mining block at height 1...
✓ Found nonce: 13680
Failed to process block: invalid proof of work
Mining block at height 1...
✓ Found nonce: 122974
Failed to process block: invalid proof of work
Mining block at height 1...
✓ Found nonce: 13302
Failed to process block: invalid proof of work
Mining block at height 1...
✓ Found nonce: 4614
Failed to process block: invalid proof of work
Mining block at height 1...
✓ Found nonce: 4743
Failed to process block: invalid proof of work
Mining block at height 1...
✓ Found nonce: 11180
Failed to process block: invalid proof of work
Mining block at height 1...
✓ Found nonce: 4279
Failed to process block: invalid proof of work
Mining block at height 1...
✓ Found nonce: 19967
Failed to process block: invalid proof of work
Mining block at height 1...
✓ Found nonce: 55203
Failed to process block: invalid proof of work
Mining block at height 1...
✓ Found nonce: 6084
Failed to process block: invalid proof of work
Mining block at height 1...
✓ Found nonce: 72875
Failed to process block: invalid proof of work
Mining block at height 1...
✓ Found nonce: 35459
Failed to process block: invalid proof of work
Mining block at height 1...
✓ Found nonce: 16757
Failed to process block: invalid proof of work
Mining block at height 1...
✓ Found nonce: 249133
Failed to process block: invalid proof of work
Mining block at height 1...
✓ Found nonce: 34824
Failed to process block: invalid proof of work
Mining block at height 1...
✓ Found nonce: 53092
Failed to process block: invalid proof of work
Mining block at height 1...
✓ Found nonce: 19954
Failed to process block: invalid proof of work
Mining block at height 1...
✓ Found nonce: 37774
Failed to process block: invalid proof of work
Mining block at height 1...
✓ Found nonce: 28432
Failed to process block: invalid proof of work
Mining block at height 1...
✓ Found nonce: 188210
Failed to process block: invalid proof of work
Mining block at height 1...
✓ Found nonce: 10236
Failed to process block: invalid proof of work
Mining block at height 1...
✓ Found nonce: 83249
Failed to process block: invalid proof of work
Mining block at height 1...
✓ Found nonce: 15191
Failed to process block: invalid proof of work
Mining block at height 1...
✓ Found nonce: 10589
Failed to process block: invalid proof of work
Mining block at height 1...
✓ Found nonce: 146538
Failed to process block: invalid proof of work
Mining block at height 1...
✓ Found nonce: 24883
Failed to process block: invalid proof of work
Mining block at height 1...
✓ Found nonce: 59757
Failed to process block: invalid proof of work
Mining block at height 1...
✓ Found nonce: 39201
Failed to process block: invalid proof of work
Mining block at height 1...
✓ Found nonce: 3686
Failed to process block: invalid proof of work
Mining block at height 1...
✓ Found nonce: 92655
Failed to process block: invalid proof of work
Mining block at height 1...
✓ Found nonce: 10245
Failed to process block: invalid proof of work
Mining block at height 1...
✓ Found nonce: 169586
Failed to process block: invalid proof of work
Mining block at height 1...
✓ Found nonce: 12964
Failed to process block: invalid proof of work
Mining block at height 1...
✓ Found nonce: 136130
Failed to process block: invalid proof of work
Mining block at height 1...
✓ Found nonce: 49278
Failed to process block: invalid proof of work
Mining block at height 1...
✓ Found nonce: 110068
Failed to process block: invalid proof of work
Mining block at height 1...
✓ Found nonce: 982
Failed to process block: invalid proof of work
Mining block at height 1...
✓ Found nonce: 11890
Failed to process block: invalid proof of work
Mining block at height 1...
✓ Found nonce: 62698
Failed to process block: invalid proof of work
Mining block at height 1...
✓ Found nonce: 22767
Failed to process block: invalid proof of work
Mining block at height 1...
✓ Found nonce: 431638
Failed to process block: invalid proof of work
Mining block at height 1...
✓ Found nonce: 331881
Failed to process block: invalid proof of work
Mining block at height 1...
✓ Found nonce: 20550
Failed to process block: invalid proof of work
Mining block at height 1...
✓ Found nonce: 87626
Failed to process block: invalid proof of work
Mining block at height 1...
✓ Found nonce: 95758
Failed to process block: invalid proof of work
Mining block at height 1...
✓ Found nonce: 90109
Failed to process block: invalid proof of work
Mining block at height 1...
✓ Found nonce: 93508
Failed to process block: invalid proof of work
Mining block at height 1...
✓ Found nonce: 147348
Failed to process block: invalid proof of work
Mining block at height 1...
✓ Found nonce: 20772
Failed to process block: invalid proof of work
Mining block at height 1...
✓ Found nonce: 152581
Failed to process block: invalid proof of work
Mining block at height 1...
✓ Found nonce: 51703
Failed to process block: invalid proof of work
Mining block at height 1...
✓ Found nonce: 4960
Failed to process block: invalid proof of work
Mining block at height 1...
✓ Found nonce: 9055
Failed to process block: invalid proof of work
Mining block at height 1...
✓ Found nonce: 242821
Failed to process block: invalid proof of work
Mining block at height 1...
✓ Found nonce: 14057
Failed to process block: invalid proof of work
Mining block at height 1...
✓ Found nonce: 150181
Failed to process block: invalid proof of work
Mining block at height 1...
✓ Found nonce: 15240
Failed to process block: invalid proof of work
Mining block at height 1...
✓ Found nonce: 62730
Failed to process block: invalid proof of work
Mining block at height 1...
✓ Found nonce: 17400
Failed to process block: invalid proof of work
Mining block at height 1...
✓ Found nonce: 39260
Failed to process block: invalid proof of work
Mining block at height 1...
✓ Found nonce: 1720
Failed to process block: invalid proof of work
Mining block at height 1...
✓ Found nonce: 3933
Failed to process block: invalid proof of work
Mining block at height 1...
✓ Found nonce: 209206
Failed to process block: invalid proof of work
Mining block at height 1...
✓ Found nonce: 40934
Failed to process block: invalid proof of work
Mining block at height 1...
✓ Found nonce: 50389
Failed to process block: invalid proof of work
Mining block at height 1...
✓ Found nonce: 126620
Failed to process block: invalid proof of work
Mining block at height 1...
✓ Found nonce: 22299
Failed to process block: invalid proof of work
Mining block at height 1...
✓ Found nonce: 52607
Failed to process block: invalid proof of work
Mining block at height 1...
✓ Found nonce: 98221
Failed to process block: invalid proof of work
Mining block at height 1...
✓ Found nonce: 42139
Failed to process block: invalid proof of work
Mining block at height 1...
✓ Found nonce: 28680
Failed to process block: invalid proof of work
Mining block at height 1...
✓ Found nonce: 1511
Failed to process block: invalid proof of work
Mining block at height 1...
✓ Found nonce: 103316
Failed to process block: invalid proof of work
Mining block at height 1...
✓ Found nonce: 39178
Failed to process block: invalid proof of work
Mining block at height 1...
✓ Found nonce: 84206
Failed to process block: invalid proof of work
Mining block at height 1...
✓ Found nonce: 155433
Failed to process block: invalid proof of work
Mining block at height 1...
✓ Found nonce: 29684
Failed to process block: invalid proof of work
Mining block at height 1...
✓ Found nonce: 197478
Failed to process block: invalid proof of work
Mining block at height 1...
✓ Found nonce: 63369
Failed to process block: invalid proof of work
Mining block at height 1...
✓ Found nonce: 53744
Failed to process block: invalid proof of work
Mining block at height 1...
✓ Found nonce: 27236
Failed to process block: invalid proof of work
Mining block at height 1...
✓ Found nonce: 11519
Failed to process block: invalid proof of work
Mining block at height 1...
✓ Found nonce: 5154
Failed to process block: invalid proof of work
Mining block at height 1...
✓ Found nonce: 53729
Failed to process block: invalid proof of work
Mining block at height 1...
✓ Found nonce: 11491
Failed to process block: invalid proof of work
Mining block at height 1...
✓ Found nonce: 46658
Failed to process block: invalid proof of work
Mining block at height 1...
✓ Found nonce: 1253
Failed to process block: invalid proof of work
Mining block at height 1...
✓ Found nonce: 91559
Failed to process block: invalid proof of work
Mining block at height 1...
✓ Found nonce: 23741
Failed to process block: invalid proof of work
Mining block at height 1...
✓ Found nonce: 37562
Failed to process block: invalid proof of work
Mining block at height 1...
✓ Found nonce: 22452
Failed to process block: invalid proof of work
Mining block at height 1...
✓ Found nonce: 66553
Failed to process block: invalid proof of work
Mining block at height 1...
✓ Found nonce: 62747
Failed to process block: invalid proof of work
Mining block at height 1...
✓ Found nonce: 49829
Failed to process block: invalid proof of work
Mining block at height 1...
✓ Found nonce: 87291
Failed to process block: invalid proof of work
Mining block at height 1...
✓ Found nonce: 4250
Failed to process block: invalid proof of work
Mining block at height 1...
✓ Found nonce: 78036
Failed to process block: invalid proof of work
Mining block at height 1...
✓ Found nonce: 94108
Failed to process block: invalid proof of work
Mining block at height 1...
✓ Found nonce: 2778
Failed to process block: invalid proof of work
Mining block at height 1...
✓ Found nonce: 234011
Failed to process block: invalid proof of work
Mining block at height 1...
✓ Found nonce: 12
Failed to process block: invalid proof of work
Mining block at height 1...
✓ Found nonce: 59045
Failed to process block: invalid proof of work
Mining block at height 1...
✓ Found nonce: 60178
Failed to process block: invalid proof of work
Mining block at height 1...
✓ Found nonce: 31648
Failed to process block: invalid proof of work
Mining block at height 1...
✓ Found nonce: 114566
Failed to process block: invalid proof of work
Mining block at height 1...
✓ Found nonce: 32571
Failed to process block: invalid proof of work
Mining block at height 1...
✓ Found nonce: 5952
Failed to process block: invalid proof of work
Mining block at height 1...
✓ Found nonce: 44704
Failed to process block: invalid proof of work
Mining block at height 1...
✓ Found nonce: 70043
Failed to process block: invalid proof of work
Mining block at height 1...
✓ Found nonce: 53820
Failed to process block: invalid proof of work
Mining block at height 1...
✓ Found nonce: 13886
Failed to process block: invalid proof of work
Mining block at height 1...
✓ Found nonce: 246012
Failed to process block: invalid proof of work
Mining block at height 1...
✓ Found nonce: 41569
Failed to process block: invalid proof of work
Mining block at height 1...
✓ Found nonce: 24664
Failed to process block: invalid proof of work
Mining block at height 1...
✓ Found nonce: 14835
Failed to process block: invalid proof of work
Mining block at height 1...
✓ Found nonce: 44440
Failed to process block: invalid proof of work
Mining block at height 1...
✓ Found nonce: 8559
Failed to process block: invalid proof of work
Mining block at height 1...
✓ Found nonce: 41861
Failed to process block: invalid proof of work
Mining block at height 1...
✓ Found nonce: 44648
Failed to process block: invalid proof of work
Mining block at height 1...
✓ Found nonce: 39863
Failed to process block: invalid proof of work
Mining block at height 1...
✓ Found nonce: 30346
Failed to process block: invalid proof of work
Mining block at height 1...
✓ Found nonce: 34018
Failed to process block: invalid proof of work
Mining block at height 1...
✓ Found nonce: 95698
Failed to process block: invalid proof of work
Mining block at height 1...
✓ Found nonce: 13982
Failed to process block: invalid proof of work
Mining block at height 1...
✓ Found nonce: 107702
Failed to process block: invalid proof of work
Mining block at height 1...
✓ Found nonce: 16024
Failed to process block: invalid proof of work
Mining block at height 1...
✓ Found nonce: 17872
Failed to process block: invalid proof of work
Mining block at height 1...
✓ Found nonce: 89803
Failed to process block: invalid proof of work
Mining block at height 1...
✓ Found nonce: 176844
Failed to process block: invalid proof of work
Mining block at height 1...
✓ Found nonce: 239790
Failed to process block: invalid proof of work
Mining block at height 1...
✓ Found nonce: 12658
Failed to process block: invalid proof of work
Mining block at height 1...
✓ Found nonce: 16784
Failed to process block: invalid proof of work
Mining block at height 1...
✓ Found nonce: 91785
Failed to process block: invalid proof of work
Mining block at height 1...
✓ Found nonce: 70842
Failed to process block: invalid proof of work
Mining block at height 1...
✓ Found nonce: 172677
Failed to process block: invalid proof of work
Mining block at height 1...
✓ Found nonce: 17150
Failed to process block: invalid proof of work
Mining block at height 1...
✓ Found nonce: 37507
Failed to process block: invalid proof of work
Mining block at height 1...
✓ Found nonce: 222248
Failed to process block: invalid proof of work
Mining block at height 1...
✓ Found nonce: 1758
Failed to process block: invalid proof of work
Mining block at height 1...
✓ Found nonce: 38957
Failed to process block: invalid proof of work
Mining block at height 1...
✓ Found nonce: 119282
Failed to process block: invalid proof of work
Mining block at height 1...
✓ Found nonce: 50375
Failed to process block: invalid proof of work
Mining block at height 1...
✓ Found nonce: 37483
Failed to process block: invalid proof of work
Mining block at height 1...
✓ Found nonce: 50838
Failed to process block: invalid proof of work
Mining block at height 1...
✓ Found nonce: 4791
Failed to process block: invalid proof of work
Mining block at height 1...
✓ Found nonce: 116613
Failed to process block: invalid proof of work
Mining block at height 1...
✓ Found nonce: 29514
Failed to process block: invalid proof of work
Mining block at height 1...
✓ Found nonce: 15071
Failed to process block: invalid proof of work
Mining block at height 1...
✓ Found nonce: 34987
Failed to process block: invalid proof of work
Mining block at height 1...
✓ Found nonce: 13314
Failed to process block: invalid proof of work
Mining block at height 1...
✓ Found nonce: 38114
Failed to process block: invalid proof of work
Mining block at height 1...
✓ Found nonce: 20470
Failed to process block: invalid proof of work
Mining block at height 1...
✓ Found nonce: 46271
Failed to process block: invalid proof of work
Mining block at height 1...
✓ Found nonce: 24196
Failed to process block: invalid proof of work
Mining block at height 1...
✓ Found nonce: 73345
Failed to process block: invalid proof of work
Mining block at height 1...
✓ Found nonce: 101096
Failed to process block: invalid proof of work
Mining block at height 1...
✓ Found nonce: 239676
Failed to process block: invalid proof of work
Mining block at height 1...
✓ Found nonce: 23305
Failed to process block: invalid proof of work
Mining block at height 1...
✓ Found nonce: 82985
Failed to process block: invalid proof of work
Mining block at height 1...
✓ Found nonce: 183787
Failed to process block: invalid proof of work
Mining block at height 1...
✓ Found nonce: 83708
Failed to process block: invalid proof of work
Mining block at height 1...
✓ Found nonce: 55150
Failed to process block: invalid proof of work
Mining block at height 1...
✓ Found nonce: 12017
Failed to process block: invalid proof of work
Mining block at height 1...
✓ Found nonce: 4017
Failed to process block: invalid proof of work
Mining block at height 1...
✓ Found nonce: 85436
Failed to process block: invalid proof of work
Mining block at height 1...
✓ Found nonce: 108527
Failed to process block: invalid proof of work
Mining block at height 1...
✓ Found nonce: 48202
Failed to process block: invalid proof of work
Mining block at height 1...
✓ Found nonce: 12400
Failed to process block: invalid proof of work
Mining block at height 1...
✓ Found nonce: 73787
Failed to process block: invalid proof of work
Mining block at height 1...
✓ Found nonce: 56908
Failed to process block: invalid proof of work
Mining block at height 1...
✓ Found nonce: 22225
Failed to process block: invalid proof of work
Mining block at height 1...
✓ Found nonce: 11968
Failed to process block: invalid proof of work
Mining block at height 1...
✓ Found nonce: 75411
Failed to process block: invalid proof of work
Mining block at height 1...
✓ Found nonce: 104542
Failed to process block: invalid proof of work
Mining block at height 1...
✓ Found nonce: 1039
Failed to process block: invalid proof of work
Mining block at height 1...
✓ Found nonce: 34578
Failed to process block: invalid proof of work
Mining block at height 1...
✓ Found nonce: 104193
Failed to process block: invalid proof of work
Mining block at height 1...
✓ Found nonce: 11120
Failed to process block: invalid proof of work
Mining block at height 1...
✓ Found nonce: 19556
Failed to process block: invalid proof of work
Mining block at height 1...
✓ Found nonce: 110641
Failed to process block: invalid proof of work
Mining block at height 1...
✓ Found nonce: 4323
Failed to process block: invalid proof of work
Mining block at height 1...
✓ Found nonce: 33571
Failed to process block: invalid proof of work
Mining block at height 1...
✓ Found nonce: 59641
Failed to process block: invalid proof of work
Mining block at height 1...
✓ Found nonce: 130403
Failed to process block: invalid proof of work
Mining block at height 1...
✓ Found nonce: 32701
Failed to process block: invalid proof of work
Mining block at height 1...
✓ Found nonce: 6172
Failed to process block: invalid proof of work
Mining block at height 1...
✓ Found nonce: 67527
Failed to process block: invalid proof of work
Mining block at height 1...
✓ Found nonce: 117043
Failed to process block: invalid proof of work
Mining block at height 1...
✓ Found nonce: 1972
Failed to process block: invalid proof of work
Mining block at height 1...
✓ Found nonce: 299318
Failed to process block: invalid proof of work
Mining block at height 1...
✓ Found nonce: 5019
Failed to process block: invalid proof of work
Mining block at height 1...
✓ Found nonce: 7884
Failed to process block: invalid proof of work
Mining block at height 1...
✓ Found nonce: 2628
Failed to process block: invalid proof of work
Mining block at height 1...
✓ Found nonce: 73807
Failed to process block: invalid proof of work
Mining block at height 1...
✓ Found nonce: 17924
Failed to process block: invalid proof of work
Mining block at height 1...
✓ Found nonce: 16071
Failed to process block: invalid proof of work
Mining block at height 1...
✓ Found nonce: 59230
Failed to process block: invalid proof of work
Mining block at height 1...
✓ Found nonce: 17529
Failed to process block: invalid proof of work
Mining block at height 1...
✓ Found nonce: 8776
Failed to process block: invalid proof of work
Mining block at height 1...
✓ Found nonce: 111673
Failed to process block: invalid proof of work
Mining block at height 1...
✓ Found nonce: 130400
Failed to process block: invalid proof of work
Mining block at height 1...
✓ Found nonce: 11345
Failed to process block: invalid proof of work
Mining block at height 1...
✓ Found nonce: 22510
Failed to process block: invalid proof of work
Mining block at height 1...
✓ Found nonce: 97653
Failed to process block: invalid proof of work
Mining block at height 1...
✓ Found nonce: 13789
Failed to process block: invalid proof of work
Mining block at height 1...
✓ Found nonce: 70163
Failed to process block: invalid proof of work
Mining block at height 1...
✓ Found nonce: 1735
Failed to process block: invalid proof of work
Mining block at height 1...
✓ Found nonce: 9528
Failed to process block: invalid proof of work
Mining block at height 1...
✓ Found nonce: 97775
Failed to process block: invalid proof of work
Mining block at height 1...
✓ Found nonce: 38923
Failed to process block: invalid proof of work
Mining block at height 1...
✓ Found nonce: 10848
Failed to process block: invalid proof of work
Mining block at height 1...
✓ Found nonce: 68991
Failed to process block: invalid proof of work
Mining block at height 1...
✓ Found nonce: 28677
Failed to process block: invalid proof of work
Mining block at height 1...
✓ Found nonce: 52137
Failed to process block: invalid proof of work
Mining block at height 1...
✓ Found nonce: 20350
Failed to process block: invalid proof of work
Mining block at height 1...
✓ Found nonce: 17091
Failed to process block: invalid proof of work
Mining block at height 1...
✓ Found nonce: 41810
Failed to process block: invalid proof of work
Mining block at height 1...
✓ Found nonce: 16087
Failed to process block: invalid proof of work
Mining block at height 1...
✓ Found nonce: 49550
Failed to process block: invalid proof of work
Mining block at height 1...
✓ Found nonce: 64595
Failed to process block: invalid proof of work
Mining block at height 1...
✓ Found nonce: 25574
Failed to process block: invalid proof of work
Mining block at height 1...
✓ Found nonce: 87946
Failed to process block: invalid proof of work
Mining block at height 1...
✓ Found nonce: 177852
Failed to process block: invalid proof of work
Mining block at height 1...
✓ Found nonce: 96181
Failed to process block: invalid proof of work
Mining block at height 1...
✓ Found nonce: 30202
Failed to process block: invalid proof of work
Mining block at height 1...
✓ Found nonce: 2893
Failed to process block: invalid proof of work
Mining block at height 1...
✓ Found nonce: 66959
Failed to process block: invalid proof of work
Mining block at height 1...
✓ Found nonce: 44964
Failed to process block: invalid proof of work
Mining block at height 1...
✓ Found nonce: 56589
Failed to process block: invalid proof of work
Mining block at height 1...
✓ Found nonce: 49580
Failed to process block: invalid proof of work
Mining block at height 1...
✓ Found nonce: 119385
Failed to process block: invalid proof of work
Mining block at height 1...
✓ Found nonce: 42523
Failed to process block: invalid proof of work
Mining block at height 1...
✓ Found nonce: 4422
Failed to process block: invalid proof of work
Mining block at height 1...
✓ Found nonce: 15081
Failed to process block: invalid proof of work
Mining block at height 1...
✓ Found nonce: 5963
Failed to process block: invalid proof of work
Mining block at height 1...
✓ Found nonce: 81151
Failed to process block: invalid proof of work
Mining block at height 1...
✓ Found nonce: 64390
Failed to process block: invalid proof of work
Mining block at height 1...
✓ Found nonce: 303968
Failed to process block: invalid proof of work
Mining block at height 1...
✓ Found nonce: 26662
Failed to process block: invalid proof of work
Mining block at height 1...
✓ Found nonce: 35669
Failed to process block: invalid proof of work
Mining block at height 1...
✓ Found nonce: 8394
Failed to process block: invalid proof of work
Mining block at height 1...
✓ Found nonce: 36217
Failed to process block: invalid proof of work
Mining block at height 1...
✓ Found nonce: 10024
Failed to process block: invalid proof of work
Mining block at height 1...
✓ Found nonce: 820
Failed to process block: invalid proof of work
Mining block at height 1...
✓ Found nonce: 234854
Failed to process block: invalid proof of work
Mining block at height 1...
✓ Found nonce: 32452
Failed to process block: invalid proof of work
Mining block at height 1...
✓ Found nonce: 96739
Failed to process block: invalid proof of work
Mining block at height 1...
✓ Found nonce: 30224
Failed to process block: invalid proof of work
Mining block at height 1...
✓ Found nonce: 159809
Failed to process block: invalid proof of work
Mining block at height 1...
✓ Found nonce: 29119
Failed to process block: invalid proof of work
Mining block at height 1...
✓ Found nonce: 89632
Failed to process block: invalid proof of work
Mining block at height 1...
✓ Found nonce: 6270
Failed to process block: invalid proof of work
Mining block at height 1...
✓ Found nonce: 195540
Failed to process block: invalid proof of work
Mining block at height 1...
✓ Found nonce: 39052
Failed to process block: invalid proof of work
Mining block at height 1...
✓ Found nonce: 38614
Failed to process block: invalid proof of work
Mining block at height 1...
✓ Found nonce: 136561
Failed to process block: invalid proof of work
Mining block at height 1...
✓ Found nonce: 100527
Failed to process block: invalid proof of work
Mining block at height 1...
✓ Found nonce: 120488
Failed to process block: invalid proof of work
Mining block at height 1...
✓ Found nonce: 12119
Failed to process block: invalid proof of work
Mining block at height 1...
✓ Found nonce: 86823
Failed to process block: invalid proof of work
Mining block at height 1...
✓ Found nonce: 4210
Failed to process block: invalid proof of work
Mining block at height 1...
✓ Found nonce: 4876
Failed to process block: invalid proof of work
Mining block at height 1...
✓ Found nonce: 1321
Failed to process block: invalid proof of work
Mining block at height 1...
✓ Found nonce: 31314
Failed to process block: invalid proof of work
Mining block at height 1...
✓ Found nonce: 58576
Failed to process block: invalid proof of work
Mining block at height 1...
✓ Found nonce: 13135
Failed to process block: invalid proof of work
Mining block at height 1...
✓ Found nonce: 42135
Failed to process block: invalid proof of work
Mining block at height 1...
✓ Found nonce: 153282
Failed to process block: invalid proof of work
Mining block at height 1...
✓ Found nonce: 31947
Failed to process block: invalid proof of work
Mining block at height 1...
✓ Found nonce: 51874
Failed to process block: invalid proof of work
Mining block at height 1...
✓ Found nonce: 50758
Failed to process block: invalid proof of work
Mining block at height 1...
✓ Found nonce: 44500
Failed to process block: invalid proof of work
Mining block at height 1...
✓ Found nonce: 3599
Failed to process block: invalid proof of work
Mining block at height 1...
✓ Found nonce: 148547
Failed to process block: invalid proof of work
Mining block at height 1...
✓ Found nonce: 20193
Failed to process block: invalid proof of work
Mining block at height 1...
✓ Found nonce: 56663
Failed to process block: invalid proof of work
Mining block at height 1...
✓ Found nonce: 27843
Failed to process block: invalid proof of work
Mining block at height 1...
✓ Found nonce: 189754
Failed to process block: invalid proof of work
Mining block at height 1...
✓ Found nonce: 34913
Failed to process block: invalid proof of work
Mining block at height 1...
✓ Found nonce: 50419
Failed to process block: invalid proof of work
Mining block at height 1...
✓ Found nonce: 10123
Failed to process block: invalid proof of work
Mining block at height 1...
✓ Found nonce: 41885
Failed to process block: invalid proof of work
Mining block at height 1...
✓ Found nonce: 212031
Failed to process block: invalid proof of work
Mining block at height 1...
✓ Found nonce: 74193
Failed to process block: invalid proof of work
Mining block at height 1...
✓ Found nonce: 258303
Failed to process block: invalid proof of work
Mining block at height 1...
✓ Found nonce: 18574
Failed to process block: invalid proof of work
Mining block at height 1...
✓ Found nonce: 31528
Failed to process block: invalid proof of work
Mining block at height 1...
✓ Found nonce: 32011
Failed to process block: invalid proof of work
Mining block at height 1...
✓ Found nonce: 878
Failed to process block: invalid proof of work
Mining block at height 1...
✓ Found nonce: 71700
Failed to process block: invalid proof of work
Mining block at height 1...
✓ Found nonce: 35878
Failed to process block: invalid proof of work
Mining block at height 1...
✓ Found nonce: 12322
Failed to process block: invalid proof of work
Mining block at height 1...
✓ Found nonce: 126347
Failed to process block: invalid proof of work
Mining block at height 1...
✓ Found nonce: 1341
Failed to process block: invalid proof of work
Mining block at height 1...
✓ Found nonce: 40320
Failed to process block: invalid proof of work
Mining block at height 1...
✓ Found nonce: 20499
Failed to process block: invalid proof of work
Mining block at height 1...
✓ Found nonce: 31872
Failed to process block: invalid proof of work
Mining block at height 1...
✓ Found nonce: 7138
Failed to process block: invalid proof of work
Mining block at height 1...
✓ Found nonce: 1713
Failed to process block: invalid proof of work
Mining block at height 1...
✓ Found nonce: 145535
Failed to process block: invalid proof of work
Mining block at height 1...
✓ Found nonce: 31916
Failed to process block: invalid proof of work
Mining block at height 1...
✓ Found nonce: 294220
Failed to process block: invalid proof of work
Mining block at height 1...
✓ Found nonce: 105078
Failed to process block: invalid proof of work
Mining block at height 1...
✓ Found nonce: 197833
Failed to process block: invalid proof of work
Mining block at height 1...
✓ Found nonce: 93532
Failed to process block: invalid proof of work
Mining block at height 1...
✓ Found nonce: 37682
Failed to process block: invalid proof of work
Mining block at height 1...
✓ Found nonce: 11133
Failed to process block: invalid proof of work
Mining block at height 1...
✓ Found nonce: 14366
Failed to process block: invalid proof of work
Mining block at height 1...
✓ Found nonce: 107948
Failed to process block: invalid proof of work
Mining block at height 1...
✓ Found nonce: 3036
Failed to process block: invalid proof of work
Mining block at height 1...
✓ Found nonce: 32823
Failed to process block: invalid proof of work
Mining block at height 1...
✓ Found nonce: 33952
Failed to process block: invalid proof of work
Mining block at height 1...
✓ Found nonce: 209919
Failed to process block: invalid proof of work
Mining block at height 1...
✓ Found nonce: 23564
Failed to process block: invalid proof of work
Mining block at height 1...
✓ Found nonce: 42293
Failed to process block: invalid proof of work
Mining block at height 1...
✓ Found nonce: 147187
Failed to process block: invalid proof of work
Mining block at height 1...
✓ Found nonce: 49725
Failed to process block: invalid proof of work
Mining block at height 1...
✓ Found nonce: 172761
Failed to process block: invalid proof of work
Mining block at height 1...
✓ Found nonce: 39446
Failed to process block: invalid proof of work
Mining block at height 1...
✓ Found nonce: 31784
Failed to process block: invalid proof of work
Mining block at height 1...
✓ Found nonce: 21609
Failed to process block: invalid proof of work
Mining block at height 1...
✓ Found nonce: 24461
Failed to process block: invalid proof of work
Mining block at height 1...
✓ Found nonce: 10690
Failed to process block: invalid proof of work
Mining block at height 1...
✓ Found nonce: 21246
Failed to process block: invalid proof of work
Mining block at height 1...
✓ Found nonce: 120197
Failed to process block: invalid proof of work
Mining block at height 1...
✓ Found nonce: 1252
Failed to process block: invalid proof of work
Mining block at height 1...
✓ Found nonce: 47849
Failed to process block: invalid proof of work
Mining block at height 1...
✓ Found nonce: 137276
Failed to process block: invalid proof of work
Mining block at height 1...
✓ Found nonce: 22808
Failed to process block: invalid proof of work
Mining block at height 1...
✓ Found nonce: 117643
Failed to process block: invalid proof of work
Mining block at height 1...
✓ Found nonce: 19826
Failed to process block: invalid proof of work
Mining block at height 1...
✓ Found nonce: 20891
Failed to process block: invalid proof of work
Mining block at height 1...
✓ Found nonce: 30856
Failed to process block: invalid proof of work
Mining block at height 1...
✓ Found nonce: 287915
Failed to process block: invalid proof of work
Mining block at height 1...
✓ Found nonce: 35069
Failed to process block: invalid proof of work
Mining block at height 1...
✓ Found nonce: 62006
Failed to process block: invalid proof of work
Mining block at height 1...
✓ Found nonce: 76618
Failed to process block: invalid proof of work
Mining block at height 1...
✓ Found nonce: 112321
Failed to process block: invalid proof of work
Mining block at height 1...
✓ Found nonce: 25342
Failed to process block: invalid proof of work
Mining block at height 1...
✓ Found nonce: 108057
Failed to process block: invalid proof of work
Mining block at height 1...
✓ Found nonce: 70116
Failed to process block: invalid proof of work
Mining block at height 1...
✓ Found nonce: 106003
Failed to process block: invalid proof of work
Mining block at height 1...
✓ Found nonce: 81415
Failed to process block: invalid proof of work
Mining block at height 1...
✓ Found nonce: 63964
Failed to process block: invalid proof of work
Mining block at height 1...
✓ Found nonce: 125842
Failed to process block: invalid proof of work
Mining block at height 1...
✓ Found nonce: 20488
Failed to process block: invalid proof of work
Mining block at height 1...
✓ Found nonce: 4269
Failed to process block: invalid proof of work
Mining block at height 1...
✓ Found nonce: 38324
Failed to process block: invalid proof of work
Mining block at height 1...
✓ Found nonce: 17658
Failed to process block: invalid proof of work
Mining block at height 1...
✓ Found nonce: 30457
Failed to process block: invalid proof of work
Mining block at height 1...
✓ Found nonce: 65354
Failed to process block: invalid proof of work
Mining block at height 1...
✓ Found nonce: 80149
Failed to process block: invalid proof of work
Mining block at height 1...
✓ Found nonce: 235637
Failed to process block: invalid proof of work
Mining block at height 1...
✓ Found nonce: 92785
Failed to process block: invalid proof of work
Mining block at height 1...
✓ Found nonce: 127305
Failed to process block: invalid proof of work
Mining block at height 1...
✓ Found nonce: 89180
Failed to process block: invalid proof of work
Mining block at height 1...
✓ Found nonce: 109243
Failed to process block: invalid proof of work
Mining block at height 1...
✓ Found nonce: 25250
Failed to process block: invalid proof of work
Mining block at height 1...
✓ Found nonce: 66427
Failed to process block: invalid proof of work
Mining block at height 1...
✓ Found nonce: 159102
Failed to process block: invalid proof of work
Mining block at height 1...
✓ Found nonce: 22986
Failed to process block: invalid proof of work
Mining block at height 1...
✓ Found nonce: 130890
Failed to process block: invalid proof of work
Mining block at height 1...
✓ Found nonce: 84067
Failed to process block: invalid proof of work
Mining block at height 1...
✓ Found nonce: 73909
Failed to process block: invalid proof of work
Mining block at height 1...
✓ Found nonce: 258819
Failed to process block: invalid proof of work
Mining block at height 1...
✓ Found nonce: 45679
Failed to process block: invalid proof of work
Mining block at height 1...
✓ Found nonce: 40392
Failed to process block: invalid proof of work
Mining block at height 1...
✓ Found nonce: 56266
Failed to process block: invalid proof of work
Mining block at height 1...
✓ Found nonce: 203997
Failed to process block: invalid proof of work
Mining block at height 1...
✓ Found nonce: 93341
Failed to process block: invalid proof of work
Mining block at height 1...
✓ Found nonce: 68132
Failed to process block: invalid proof of work
Mining block at height 1...
✓ Found nonce: 79208
Failed to process block: invalid proof of work
Mining block at height 1...
✓ Found nonce: 144686
Failed to process block: invalid proof of work
Mining block at height 1...
✓ Found nonce: 49344
Failed to process block: invalid proof of work
Mining block at height 1...
✓ Found nonce: 1277
Failed to process block: invalid proof of work
Mining block at height 1...
✓ Found nonce: 18044
Failed to process block: invalid proof of work
Mining block at height 1...
✓ Found nonce: 30409
Failed to process block: invalid proof of work
Mining block at height 1...
✓ Found nonce: 61086
Failed to process block: invalid proof of work
Mining block at height 1...
✓ Found nonce: 77517
Failed to process block: invalid proof of work
Mining block at height 1...
✓ Found nonce: 9155
Failed to process block: invalid proof of work
Mining block at height 1...
✓ Found nonce: 6107
Failed to process block: invalid proof of work
Mining block at height 1...
✓ Found nonce: 27581
Failed to process block: invalid proof of work
Mining block at height 1...
✓ Found nonce: 113858
Failed to process block: invalid proof of work
Mining block at height 1...
✓ Found nonce: 281339
Failed to process block: invalid proof of work
Mining block at height 1...
✓ Found nonce: 22465
Failed to process block: invalid proof of work
Mining block at height 1...
✓ Found nonce: 8412
Failed to process block: invalid proof of work
Mining block at height 1...
✓ Found nonce: 1803
Failed to process block: invalid proof of work
Mining block at height 1...
✓ Found nonce: 200300
Failed to process block: invalid proof of work
Mining block at height 1...
✓ Found nonce: 17815
Failed to process block: invalid proof of work
Mining block at height 1...
✓ Found nonce: 6236
Failed to process block: invalid proof of work
Mining block at height 1...
✓ Found nonce: 37818
Failed to process block: invalid proof of work
Mining block at height 1...
✓ Found nonce: 26302
Failed to process block: invalid proof of work
Mining block at height 1...
✓ Found nonce: 86963
Failed to process block: invalid proof of work
Mining block at height 1...
✓ Found nonce: 93177
Failed to process block: invalid proof of work
Mining block at height 1...
✓ Found nonce: 13164
Failed to process block: invalid proof of work
Mining block at height 1...
✓ Found nonce: 34322
Failed to process block: invalid proof of work
Mining block at height 1...
✓ Found nonce: 49260
Failed to process block: invalid proof of work
Mining block at height 1...
✓ Found nonce: 66784
Failed to process block: invalid proof of work
Mining block at height 1...
✓ Found nonce: 107920
Failed to process block: invalid proof of work
Mining block at height 1...
✓ Found nonce: 3841
Failed to process block: invalid proof of work
Mining block at height 1...
✓ Found nonce: 81420
Failed to process block: invalid proof of work
Mining block at height 1...
✓ Found nonce: 97823
Failed to process block: invalid proof of work
Mining block at height 1...
✓ Found nonce: 12946
Failed to process block: invalid proof of work
Mining block at height 1...
✓ Found nonce: 13981
Failed to process block: invalid proof of work
Mining block at height 1...
✓ Found nonce: 32284
Failed to process block: invalid proof of work
Mining block at height 1...
✓ Found nonce: 156807
Failed to process block: invalid proof of work
Mining block at height 1...
✓ Found nonce: 71181
Failed to process block: invalid proof of work
Mining block at height 1...
✓ Found nonce: 49103
Failed to process block: invalid proof of work
Mining block at height 1...
✓ Found nonce: 24917
Failed to process block: invalid proof of work
Mining block at height 1...
✓ Found nonce: 116748
Failed to process block: invalid proof of work
Mining block at height 1...
✓ Found nonce: 13586
Failed to process block: invalid proof of work
Mining block at height 1...
✓ Found nonce: 19139
Failed to process block: invalid proof of work
Mining block at height 1...
✓ Found nonce: 90195
Failed to process block: invalid proof of work
Mining block at height 1...
✓ Found nonce: 8697
Failed to process block: invalid proof of work
Mining block at height 1...
✓ Found nonce: 39794
Failed to process block: invalid proof of work
Mining block at height 1...
✓ Found nonce: 8414
Failed to process block: invalid proof of work
Mining block at height 1...
✓ Found nonce: 21403
Failed to process block: invalid proof of work
Mining block at height 1...
✓ Found nonce: 22888
Failed to process block: invalid proof of work
Mining block at height 1...
✓ Found nonce: 27960
Failed to process block: invalid proof of work
Mining block at height 1...
✓ Found nonce: 711
Failed to process block: invalid proof of work
Mining block at height 1...
✓ Found nonce: 821
Failed to process block: invalid proof of work
Mining block at height 1...
✓ Found nonce: 14661
Failed to process block: invalid proof of work
Mining block at height 1...
✓ Found nonce: 50697
Failed to process block: invalid proof of work
Mining block at height 1...
✓ Found nonce: 103716
Failed to process block: invalid proof of work
Mining block at height 1...
✓ Found nonce: 79253
Failed to process block: invalid proof of work
Mining block at height 1...
✓ Found nonce: 26277
Failed to process block: invalid proof of work
Mining block at height 1...
✓ Found nonce: 44805
Failed to process block: invalid proof of work
Mining block at height 1...
✓ Found nonce: 66268
Failed to process block: invalid proof of work
Mining block at height 1...
✓ Found nonce: 16177
Failed to process block: invalid proof of work
Mining block at height 1...
✓ Found nonce: 13757
Failed to process block: invalid proof of work
Mining block at height 1...
✓ Found nonce: 19598
Failed to process block: invalid proof of work
Mining block at height 1...
✓ Found nonce: 16650
Failed to process block: invalid proof of work
Mining block at height 1...
✓ Found nonce: 72270
Failed to process block: invalid proof of work
Mining block at height 1...
✓ Found nonce: 55441
Failed to process block: invalid proof of work
Mining block at height 1...
✓ Found nonce: 48709
Failed to process block: invalid proof of work
Mining block at height 1...
✓ Found nonce: 11040
Failed to process block: invalid proof of work
Mining block at height 1...
✓ Found nonce: 40854
Failed to process block: invalid proof of work
Mining block at height 1...
✓ Found nonce: 4604
Failed to process block: invalid proof of work
Mining block at height 1...
✓ Found nonce: 57278
Failed to process block: invalid proof of work
Mining block at height 1...
✓ Found nonce: 16364
Failed to process block: invalid proof of work
Mining block at height 1...
✓ Found nonce: 62513
Failed to process block: invalid proof of work
Mining block at height 1...
✓ Found nonce: 10083
Failed to process block: invalid proof of work
Mining block at height 1...
✓ Found nonce: 118003
Failed to process block: invalid proof of work
Mining block at height 1...
✓ Found nonce: 37887
Failed to process block: invalid proof of work
Mining block at height 1...
✓ Found nonce: 47594
Failed to process block: invalid proof of work
Mining block at height 1...
✓ Found nonce: 48409
Failed to process block: invalid proof of work
Mining block at height 1...
✓ Found nonce: 17801
Failed to process block: invalid proof of work
Mining block at height 1...
✓ Found nonce: 107169
Failed to process block: invalid proof of work
Mining block at height 1...
✓ Found nonce: 64952
Failed to process block: invalid proof of work
Mining block at height 1...
✓ Found nonce: 11519
Failed to process block: invalid proof of work
Mining block at height 1...
✓ Found nonce: 235057
Failed to process block: invalid proof of work
Mining block at height 1...
✓ Found nonce: 186972
Failed to process block: invalid proof of work
Mining block at height 1...
✓ Found nonce: 63031
Failed to process block: invalid proof of work
Mining block at height 1...
✓ Found nonce: 109774
Failed to process block: invalid proof of work
Mining block at height 1...
✓ Found nonce: 11689
Failed to process block: invalid proof of work
Mining block at height 1...
✓ Found nonce: 27701
Failed to process block: invalid proof of work
Mining block at height 1...
✓ Found nonce: 10139
Failed to process block: invalid proof of work
Mining block at height 1...
✓ Found nonce: 2151
Failed to process block: invalid proof of work
Mining block at height 1...
✓ Found nonce: 74510
Failed to process block: invalid proof of work
Mining block at height 1...
✓ Found nonce: 188275
Failed to process block: invalid proof of work
Mining block at height 1...
✓ Found nonce: 683
Failed to process block: invalid proof of work
Mining block at height 1...
✓ Found nonce: 135111
Failed to process block: invalid proof of work
Mining block at height 1...
✓ Found nonce: 104695
Failed to process block: invalid proof of work
Mining block at height 1...
✓ Found nonce: 94972
Failed to process block: invalid proof of work
Mining block at height 1...
✓ Found nonce: 94478
Failed to process block: invalid proof of work
Mining block at height 1...
✓ Found nonce: 36593
Failed to process block: invalid proof of work
Mining block at height 1...
✓ Found nonce: 112645
Failed to process block: invalid proof of work
Mining block at height 1...
✓ Found nonce: 18661
Failed to process block: invalid proof of work
Mining block at height 1...
✓ Found nonce: 233383
Failed to process block: invalid proof of work
Mining block at height 1...
✓ Found nonce: 28121
Failed to process block: invalid proof of work
Mining block at height 1...
✓ Found nonce: 123465
Failed to process block: invalid proof of work
Mining block at height 1...
✓ Found nonce: 92841
Failed to process block: invalid proof of work
Mining block at height 1...
✓ Found nonce: 98312
Failed to process block: invalid proof of work
Mining block at height 1...
✓ Found nonce: 94685
Failed to process block: invalid proof of work
Mining block at height 1...
✓ Found nonce: 75614
Failed to process block: invalid proof of work
Mining block at height 1...
✓ Found nonce: 136482
Failed to process block: invalid proof of work
Mining block at height 1...
✓ Found nonce: 41003
Failed to process block: invalid proof of work
Mining block at height 1...
✓ Found nonce: 27851
Failed to process block: invalid proof of work
Mining block at height 1...
✓ Found nonce: 95591
Failed to process block: invalid proof of work
Mining block at height 1...
✓ Found nonce: 46226
Failed to process block: invalid proof of work
Mining block at height 1...
✓ Found nonce: 4702
Failed to process block: invalid proof of work
Mining block at height 1...
✓ Found nonce: 36487
Failed to process block: invalid proof of work
Mining block at height 1...
✓ Found nonce: 64596
Failed to process block: invalid proof of work
Mining block at height 1...
✓ Found nonce: 54251
Failed to process block: invalid proof of work
Mining block at height 1...
✓ Found nonce: 33011
Failed to process block: invalid proof of work
Mining block at height 1...
✓ Found nonce: 50764
Failed to process block: invalid proof of work
Mining block at height 1...
✓ Found nonce: 51813
Failed to process block: invalid proof of work
Mining block at height 1...
✓ Found nonce: 120341
Failed to process block: invalid proof of work
Mining block at height 1...
✓ Found nonce: 101270
Failed to process block: invalid proof of work
Mining block at height 1...
✓ Found nonce: 217085
Failed to process block: invalid proof of work
Mining block at height 1...
✓ Found nonce: 34459
Failed to process block: invalid proof of work
Mining block at height 1...
✓ Found nonce: 704
Failed to process block: invalid proof of work
Mining block at height 1...
✓ Found nonce: 6849
Failed to process block: invalid proof of work
Mining block at height 1...
✓ Found nonce: 113463
Failed to process block: invalid proof of work
Mining block at height 1...
✓ Found nonce: 12156
Failed to process block: invalid proof of work
Mining block at height 1...
✓ Found nonce: 337323
Failed to process block: invalid proof of work
Mining block at height 1...
✓ Found nonce: 1297
Failed to process block: invalid proof of work
Mining block at height 1...
✓ Found nonce: 97318
Failed to process block: invalid proof of work
Mining block at height 1...
✓ Found nonce: 244211
Failed to process block: invalid proof of work
Mining block at height 1...
✓ Found nonce: 43908
Failed to process block: invalid proof of work
Mining block at height 1...
✓ Found nonce: 21838
Failed to process block: invalid proof of work
Mining block at height 1...
✓ Found nonce: 10964
Failed to process block: invalid proof of work
Mining block at height 1...
✓ Found nonce: 10917
Failed to process block: invalid proof of work
Mining block at height 1...
✓ Found nonce: 22724
Failed to process block: invalid proof of work
Mining block at height 1...
✓ Found nonce: 155932
Failed to process block: invalid proof of work
Mining block at height 1...
✓ Found nonce: 86844
Failed to process block: invalid proof of work
Mining block at height 1...
✓ Found nonce: 68995
Failed to process block: invalid proof of work
Mining block at height 1...
✓ Found nonce: 16152
Failed to process block: invalid proof of work
Mining block at height 1...
✓ Found nonce: 26465
Failed to process block: invalid proof of work
Mining block at height 1...
✓ Found nonce: 10087
Failed to process block: invalid proof of work
Mining block at height 1...
✓ Found nonce: 88326
Failed to process block: invalid proof of work
Mining block at height 1...
✓ Found nonce: 24768
Failed to process block: invalid proof of work
Mining block at height 1...
✓ Found nonce: 7815
Failed to process block: invalid proof of work
Mining block at height 1...
✓ Found nonce: 212571
Failed to process block: invalid proof of work
Mining block at height 1...
✓ Found nonce: 22807
Failed to process block: invalid proof of work
Mining block at height 1...
✓ Found nonce: 27462
Failed to process block: invalid proof of work
Mining block at height 1...
✓ Found nonce: 52092
Failed to process block: invalid proof of work
Mining block at height 1...
✓ Found nonce: 131452
Failed to process block: invalid proof of work
Mining block at height 1...
✓ Found nonce: 5896
Failed to process block: invalid proof of work
Mining block at height 1...
✓ Found nonce: 40735
Failed to process block: invalid proof of work
Mining block at height 1...
✓ Found nonce: 128118
Failed to process block: invalid proof of work
Mining block at height 1...
✓ Found nonce: 43434
Failed to process block: invalid proof of work
Mining block at height 1...
✓ Found nonce: 40058
Failed to process block: invalid proof of work
Mining block at height 1...
✓ Found nonce: 11490
Failed to process block: invalid proof of work
Mining block at height 1...
✓ Found nonce: 97052
Failed to process block: invalid proof of work
Mining block at height 1...
✓ Found nonce: 16772
Failed to process block: invalid proof of work
Mining block at height 1...
✓ Found nonce: 129614
Failed to process block: invalid proof of work
Mining block at height 1...
✓ Found nonce: 16239
Failed to process block: invalid proof of work
Mining block at height 1...
✓ Found nonce: 15103
Failed to process block: invalid proof of work
Mining block at height 1...
✓ Found nonce: 35391
Failed to process block: invalid proof of work
Mining block at height 1...
✓ Found nonce: 19830
Failed to process block: invalid proof of work
Mining block at height 1...
✓ Found nonce: 3556
Failed to process block: invalid proof of work
Mining block at height 1...
✓ Found nonce: 140146
Failed to process block: invalid proof of work
Mining block at height 1...
✓ Found nonce: 855
Failed to process block: invalid proof of work
Mining block at height 1...
✓ Found nonce: 18682
Failed to process block: invalid proof of work
Mining block at height 1...
✓ Found nonce: 10267
Failed to process block: invalid proof of work
Mining block at height 1...
✓ Found nonce: 34127
Failed to process block: invalid proof of work
Mining block at height 1...
✓ Found nonce: 85574
Failed to process block: invalid proof of work
Mining block at height 1...
✓ Found nonce: 194202
Failed to process block: invalid proof of work
Mining block at height 1...
✓ Found nonce: 19340
Failed to process block: invalid proof of work
Mining block at height 1...
✓ Found nonce: 121838
Failed to process block: invalid proof of work
Mining block at height 1...
✓ Found nonce: 31790
Failed to process block: invalid proof of work
Mining block at height 1...
✓ Found nonce: 38548
Failed to process block: invalid proof of work
Mining block at height 1...
✓ Found nonce: 73055
Failed to process block: invalid proof of work
Mining block at height 1...
✓ Found nonce: 88186
Failed to process block: invalid proof of work
Mining block at height 1...
✓ Found nonce: 248793
Failed to process block: invalid proof of work
Mining block at height 1...
✓ Found nonce: 525
Failed to process block: invalid proof of work
Mining block at height 1...
✓ Found nonce: 28531
Failed to process block: invalid proof of work
Mining block at height 1...
✓ Found nonce: 114205
Failed to process block: invalid proof of work
Mining block at height 1...
✓ Found nonce: 48560
Failed to process block: invalid proof of work
Mining block at height 1...
✓ Found nonce: 23445
Failed to process block: invalid proof of work
Mining block at height 1...
✓ Found nonce: 31554
Failed to process block: invalid proof of work
Mining block at height 1...
✓ Found nonce: 76994
Failed to process block: invalid proof of work
Mining block at height 1...
✓ Found nonce: 1299
Failed to process block: invalid proof of work
Mining block at height 1...
✓ Found nonce: 64750
Failed to process block: invalid proof of work
Mining block at height 1...
✓ Found nonce: 168396
Failed to process block: invalid proof of work
Mining block at height 1...
✓ Found nonce: 21594
Failed to process block: invalid proof of work
Mining block at height 1...
✓ Found nonce: 38780
Failed to process block: invalid proof of work
Mining block at height 1...
✓ Found nonce: 392759
Failed to process block: invalid proof of work
Mining block at height 1...
✓ Found nonce: 164012
Failed to process block: invalid proof of work
Mining block at height 1...
✓ Found nonce: 15425
Failed to process block: invalid proof of work
Mining block at height 1...
✓ Found nonce: 125847
Failed to process block: invalid proof of work
Mining block at height 1...
✓ Found nonce: 33779
Failed to process block: invalid proof of work
Mining block at height 1...
✓ Found nonce: 20467
Failed to process block: invalid proof of work
Mining block at height 1...
✓ Found nonce: 86
Failed to process block: invalid proof of work
Mining block at height 1...
✓ Found nonce: 44522
Failed to process block: invalid proof of work
Mining block at height 1...
✓ Found nonce: 19739
Failed to process block: invalid proof of work
Mining block at height 1...
✓ Found nonce: 27104
Failed to process block: invalid proof of work
Mining block at height 1...
✓ Found nonce: 110830
Failed to process block: invalid proof of work
Mining block at height 1...
✓ Found nonce: 17692
Failed to process block: invalid proof of work
Mining block at height 1...
✓ Found nonce: 46787
Failed to process block: invalid proof of work
Mining block at height 1...
✓ Found nonce: 884
Failed to process block: invalid proof of work
Mining block at height 1...
✓ Found nonce: 50420
Failed to process block: invalid proof of work
Mining block at height 1...
✓ Found nonce: 3574
Failed to process block: invalid proof of work
Mining block at height 1...
✓ Found nonce: 17455
Failed to process block: invalid proof of work
Mining block at height 1...
✓ Found nonce: 44102
Failed to process block: invalid proof of work
Mining block at height 1...
✓ Found nonce: 23756
Failed to process block: invalid proof of work
Mining block at height 1...
✓ Found nonce: 152558
Failed to process block: invalid proof of work
Mining block at height 1...
✓ Found nonce: 4893
Failed to process block: invalid proof of work
Mining block at height 1...
✓ Found nonce: 7896
Failed to process block: invalid proof of work
Mining block at height 1...
✓ Found nonce: 40490
Failed to process block: invalid proof of work
Mining block at height 1...
✓ Found nonce: 45562
Failed to process block: invalid proof of work
Mining block at height 1...
✓ Found nonce: 49881
Failed to process block: invalid proof of work
Mining block at height 1...
✓ Found nonce: 16943
Failed to process block: invalid proof of work
Mining block at height 1...
✓ Found nonce: 50880
Failed to process block: invalid proof of work
Mining block at height 1...
✓ Found nonce: 82188
Failed to process block: invalid proof of work
Mining block at height 1...
✓ Found nonce: 83315
Failed to process block: invalid proof of work
Mining block at height 1...
✓ Found nonce: 79838
Failed to process block: invalid proof of work
Mining block at height 1...
✓ Found nonce: 56399
Failed to process block: invalid proof of work
Mining block at height 1...
✓ Found nonce: 29797
Failed to process block: invalid proof of work
Mining block at height 1...
✓ Found nonce: 20277
Failed to process block: invalid proof of work
Mining block at height 1...
✓ Found nonce: 45171
Failed to process block: invalid proof of work
Mining block at height 1...
✓ Found nonce: 59420
Failed to process block: invalid proof of work
Mining block at height 1...
✓ Found nonce: 8599
Failed to process block: invalid proof of work
Mining block at height 1...
✓ Found nonce: 11721
Failed to process block: invalid proof of work
Mining block at height 1...
✓ Found nonce: 183551
Failed to process block: invalid proof of work
Mining block at height 1...
✓ Found nonce: 38596
Failed to process block: invalid proof of work
Mining block at height 1...
✓ Found nonce: 70046
Failed to process block: invalid proof of work
Mining block at height 1...
✓ Found nonce: 11417
Failed to process block: invalid proof of work
Mining block at height 1...
✓ Found nonce: 25075
Failed to process block: invalid proof of work
Mining block at height 1...
✓ Found nonce: 54280
Failed to process block: invalid proof of work
Mining block at height 1...
✓ Found nonce: 16039
Failed to process block: invalid proof of work
Mining block at height 1...
✓ Found nonce: 97286
Failed to process block: invalid proof of work
Mining block at height 1...
✓ Found nonce: 16476
Failed to process block: invalid proof of work
Mining block at height 1...
✓ Found nonce: 22269
Failed to process block: invalid proof of work
Mining block at height 1...
✓ Found nonce: 6581
Failed to process block: invalid proof of work
Mining block at height 1...
✓ Found nonce: 9609
Failed to process block: invalid proof of work
Mining block at height 1...
✓ Found nonce: 25184
Failed to process block: invalid proof of work
Mining block at height 1...
✓ Found nonce: 188637
Failed to process block: invalid proof of work
Mining block at height 1...
✓ Found nonce: 8266
Failed to process block: invalid proof of work
Mining block at height 1...
✓ Found nonce: 52607
Failed to process block: invalid proof of work
Mining block at height 1...
✓ Found nonce: 43663
Failed to process block: invalid proof of work
Mining block at height 1...
✓ Found nonce: 37747
Failed to process block: invalid proof of work
Mining block at height 1...
✓ Found nonce: 112233
Failed to process block: invalid proof of work
Mining block at height 1...
✓ Found nonce: 38599
Failed to process block: invalid proof of work
Mining block at height 1...
✓ Found nonce: 81157
Failed to process block: invalid proof of work
Mining block at height 1...
✓ Found nonce: 26980
Failed to process block: invalid proof of work
Mining block at height 1...
✓ Found nonce: 94465
Failed to process block: invalid proof of work
Mining block at height 1...
✓ Found nonce: 45902
Failed to process block: invalid proof of work
Mining block at height 1...
✓ Found nonce: 96457
Failed to process block: invalid proof of work
Mining block at height 1...
✓ Found nonce: 43252
Failed to process block: invalid proof of work
Mining block at height 1...
✓ Found nonce: 26398
Failed to process block: invalid proof of work
Mining block at height 1...
✓ Found nonce: 27498
Failed to process block: invalid proof of work
Mining block at height 1...
✓ Found nonce: 130656
Failed to process block: invalid proof of work
Mining block at height 1...
✓ Found nonce: 76937
Failed to process block: invalid proof of work
Mining block at height 1...
✓ Found nonce: 52326
Failed to process block: invalid proof of work
Mining block at height 1...
✓ Found nonce: 21814
Failed to process block: invalid proof of work
Mining block at height 1...
✓ Found nonce: 43191
Failed to process block: invalid proof of work
Mining block at height 1...
✓ Found nonce: 18520
Failed to process block: invalid proof of work
Mining block at height 1...
✓ Found nonce: 28163
Failed to process block: invalid proof of work
Mining block at height 1...
✓ Found nonce: 53781
Failed to process block: invalid proof of work
Mining block at height 1...
✓ Found nonce: 230465
Failed to process block: invalid proof of work
Mining block at height 1...
✓ Found nonce: 9586
Failed to process block: invalid proof of work
Mining block at height 1...
✓ Found nonce: 42471
Failed to process block: invalid proof of work
Mining block at height 1...
✓ Found nonce: 120751
Failed to process block: invalid proof of work
Mining block at height 1...
✓ Found nonce: 15392
Failed to process block: invalid proof of work
Mining block at height 1...
✓ Found nonce: 155687
Failed to process block: invalid proof of work
Mining block at height 1...
✓ Found nonce: 24053
Failed to process block: invalid proof of work
Mining block at height 1...
✓ Found nonce: 22387
Failed to process block: invalid proof of work
Mining block at height 1...
✓ Found nonce: 255905
Failed to process block: invalid proof of work
Mining block at height 1...
✓ Found nonce: 120281
Failed to process block: invalid proof of work
Mining block at height 1...
✓ Found nonce: 13487
Failed to process block: invalid proof of work
Mining block at height 1...
✓ Found nonce: 16335
Failed to process block: invalid proof of work
Mining block at height 1...
✓ Found nonce: 82070
Failed to process block: invalid proof of work
Mining block at height 1...
✓ Found nonce: 182667
Failed to process block: invalid proof of work
Mining block at height 1...
✓ Found nonce: 14259
Failed to process block: invalid proof of work
Mining block at height 1...
✓ Found nonce: 10686
Failed to process block: invalid proof of work
Mining block at height 1...
✓ Found nonce: 50259
Failed to process block: invalid proof of work
Mining block at height 1...
✓ Found nonce: 30828
Failed to process block: invalid proof of work
Mining block at height 1...
✓ Found nonce: 37180
Failed to process block: invalid proof of work
Mining block at height 1...
✓ Found nonce: 25848
Failed to process block: invalid proof of work
Mining block at height 1...
✓ Found nonce: 43372
Failed to process block: invalid proof of work
Mining block at height 1...
✓ Found nonce: 7360
Failed to process block: invalid proof of work
Mining block at height 1...
✓ Found nonce: 10644
Failed to process block: invalid proof of work
Mining block at height 1...
✓ Found nonce: 59302
Failed to process block: invalid proof of work
Mining block at height 1...
✓ Found nonce: 130872
Failed to process block: invalid proof of work
Mining block at height 1...
✓ Found nonce: 20627
Failed to process block: invalid proof of work
Mining block at height 1...
✓ Found nonce: 38099
Failed to process block: invalid proof of work
Mining block at height 1...
✓ Found nonce: 117942
Failed to process block: invalid proof of work
Mining block at height 1...
✓ Found nonce: 1481
Failed to process block: invalid proof of work
Mining block at height 1...
✓ Found nonce: 126447
Failed to process block: invalid proof of work
Mining block at height 1...
✓ Found nonce: 578
Failed to process block: invalid proof of work
Mining block at height 1...
✓ Found nonce: 20049
Failed to process block: invalid proof of work
Mining block at height 1...
✓ Found nonce: 26051
Failed to process block: invalid proof of work
Mining block at height 1...
✓ Found nonce: 1970
Failed to process block: invalid proof of work
Mining block at height 1...
✓ Found nonce: 4354
Failed to process block: invalid proof of work
Mining block at height 1...
✓ Found nonce: 32610
Failed to process block: invalid proof of work
Mining block at height 1...
✓ Found nonce: 75529
Failed to process block: invalid proof of work
Mining block at height 1...
✓ Found nonce: 11443
Failed to process block: invalid proof of work
Mining block at height 1...
✓ Found nonce: 114782
Failed to process block: invalid proof of work
Mining block at height 1...
✓ Found nonce: 28185
Failed to process block: invalid proof of work
Mining block at height 1...
✓ Found nonce: 49622
Failed to process block: invalid proof of work
Mining block at height 1...
✓ Found nonce: 147111
Failed to process block: invalid proof of work
Mining block at height 1...
✓ Found nonce: 47056
Failed to process block: invalid proof of work
Mining block at height 1...
✓ Found nonce: 6649
Failed to process block: invalid proof of work
Mining block at height 1...
✓ Found nonce: 14725
Failed to process block: invalid proof of work
Mining block at height 1...
✓ Found nonce: 13613
Failed to process block: invalid proof of work
Mining block at height 1...
✓ Found nonce: 44305
Failed to process block: invalid proof of work
Mining block at height 1...
✓ Found nonce: 50861
Failed to process block: invalid proof of work
Mining block at height 1...
✓ Found nonce: 1107
Failed to process block: invalid proof of work
Mining block at height 1...
✓ Found nonce: 130690
Failed to process block: invalid proof of work
Mining block at height 1...
✓ Found nonce: 39491
Failed to process block: invalid proof of work
Mining block at height 1...
✓ Found nonce: 16836
Failed to process block: invalid proof of work
Mining block at height 1...
✓ Found nonce: 31292
Failed to process block: invalid proof of work
Mining block at height 1...
✓ Found nonce: 14265
Failed to process block: invalid proof of work
Mining block at height 1...
✓ Found nonce: 115310
Failed to process block: invalid proof of work
Mining block at height 1...
✓ Found nonce: 35948
Failed to process block: invalid proof of work
Mining block at height 1...
✓ Found nonce: 9424
Failed to process block: invalid proof of work
Mining block at height 1...
✓ Found nonce: 114872
Failed to process block: invalid proof of work
Mining block at height 1...
✓ Found nonce: 29752
Failed to process block: invalid proof of work
Mining block at height 1...
✓ Found nonce: 68563
Failed to process block: invalid proof of work
Mining block at height 1...
✓ Found nonce: 4725
Failed to process block: invalid proof of work
Mining block at height 1...
✓ Found nonce: 152116
Failed to process block: invalid proof of work
Mining block at height 1...
✓ Found nonce: 18595
Failed to process block: invalid proof of work
Mining block at height 1...
✓ Found nonce: 53695
Failed to process block: invalid proof of work
Mining block at height 1...
✓ Found nonce: 24319
Failed to process block: invalid proof of work
Mining block at height 1...
✓ Found nonce: 631
Failed to process block: invalid proof of work
Mining block at height 1...
✓ Found nonce: 18115
Failed to process block: invalid proof of work
Mining block at height 1...
✓ Found nonce: 95977
Failed to process block: invalid proof of work
Mining block at height 1...
✓ Found nonce: 104126
Failed to process block: invalid proof of work
Mining block at height 1...
✓ Found nonce: 16287
Failed to process block: invalid proof of work
Mining block at height 1...
✓ Found nonce: 37194
Failed to process block: invalid proof of work
Mining block at height 1...
✓ Found nonce: 1782
Failed to process block: invalid proof of work
Mining block at height 1...
✓ Found nonce: 53241
Failed to process block: invalid proof of work
Mining block at height 1...
✓ Found nonce: 109902
Failed to process block: invalid proof of work
Mining block at height 1...
✓ Found nonce: 11004
Failed to process block: invalid proof of work
Mining block at height 1...
✓ Found nonce: 62984
Failed to process block: invalid proof of work
Mining block at height 1...
✓ Found nonce: 34270
Failed to process block: invalid proof of work
Mining block at height 1...
✓ Found nonce: 121014
Failed to process block: invalid proof of work
Mining block at height 1...
✓ Found nonce: 70891
Failed to process block: invalid proof of work
Mining block at height 1...
✓ Found nonce: 2557
Failed to process block: invalid proof of work
Mining block at height 1...
✓ Found nonce: 118676
Failed to process block: invalid proof of work
Mining block at height 1...
✓ Found nonce: 16398
Failed to process block: invalid proof of work
Mining block at height 1...
✓ Found nonce: 10640
Failed to process block: invalid proof of work
Mining block at height 1...
✓ Found nonce: 123725
Failed to process block: invalid proof of work
Mining block at height 1...
✓ Found nonce: 42415
Failed to process block: invalid proof of work
Mining block at height 1...
✓ Found nonce: 63783
Failed to process block: invalid proof of work
Mining block at height 1...
✓ Found nonce: 108133
Failed to process block: invalid proof of work
Mining block at height 1...
✓ Found nonce: 156016
Failed to process block: invalid proof of work
Mining block at height 1...
✓ Found nonce: 57741
Failed to process block: invalid proof of work
Mining block at height 1...
✓ Found nonce: 140617
Failed to process block: invalid proof of work
Mining block at height 1...
✓ Found nonce: 85233
Failed to process block: invalid proof of work
Mining block at height 1...
✓ Found nonce: 15861
Failed to process block: invalid proof of work
Mining block at height 1...
✓ Found nonce: 119822
Failed to process block: invalid proof of work
Mining block at height 1...
✓ Found nonce: 347429
Failed to process block: invalid proof of work
Mining block at height 1...
✓ Found nonce: 64087
Failed to process block: invalid proof of work
Mining block at height 1...
✓ Found nonce: 2591
Failed to process block: invalid proof of work
Mining block at height 1...
✓ Found nonce: 36906
Failed to process block: invalid proof of work
Mining block at height 1...
✓ Found nonce: 2814
Failed to process block: invalid proof of work
Mining block at height 1...
✓ Found nonce: 9883
Failed to process block: invalid proof of work
Mining block at height 1...
✓ Found nonce: 4967
Failed to process block: invalid proof of work
Mining block at height 1...
✓ Found nonce: 80235
Failed to process block: invalid proof of work
Mining block at height 1...
✓ Found nonce: 163362
Failed to process block: invalid proof of work
Mining block at height 1...
✓ Found nonce: 12013
Failed to process block: invalid proof of work
Mining block at height 1...
✓ Found nonce: 1876
Failed to process block: invalid proof of work
Mining block at height 1...
✓ Found nonce: 9497
Failed to process block: invalid proof of work
Mining block at height 1...
✓ Found nonce: 15281
Failed to process block: invalid proof of work
Mining block at height 1...
✓ Found nonce: 6263
Failed to process block: invalid proof of work
Mining block at height 1...
✓ Found nonce: 39855
Failed to process block: invalid proof of work
Mining block at height 1...
✓ Found nonce: 37262
Failed to process block: invalid proof of work
Mining block at height 1...
✓ Found nonce: 58264
Failed to process block: invalid proof of work
Mining block at height 1...
✓ Found nonce: 96106
Failed to process block: invalid proof of work
Mining block at height 1...
✓ Found nonce: 6563
Failed to process block: invalid proof of work
Mining block at height 1...
✓ Found nonce: 55373
Failed to process block: invalid proof of work
Mining block at height 1...
✓ Found nonce: 69807
Failed to process block: invalid proof of work
Mining block at height 1...
✓ Found nonce: 13097
Failed to process block: invalid proof of work
Mining block at height 1...
✓ Found nonce: 163287
Failed to process block: invalid proof of work
Mining block at height 1...
✓ Found nonce: 92763
Failed to process block: invalid proof of work
Mining block at height 1...
✓ Found nonce: 40777
Failed to process block: invalid proof of work
Mining block at height 1...
✓ Found nonce: 165757
Failed to process block: invalid proof of work
Mining block at height 1...
✓ Found nonce: 68212
Failed to process block: invalid proof of work
Mining block at height 1...
✓ Found nonce: 22571
Failed to process block: invalid proof of work
Mining block at height 1...
✓ Found nonce: 27720
Failed to process block: invalid proof of work
Mining block at height 1...
✓ Found nonce: 91246
Failed to process block: invalid proof of work
Mining block at height 1...
✓ Found nonce: 21441
Failed to process block: invalid proof of work
Mining block at height 1...
✓ Found nonce: 101159
Failed to process block: invalid proof of work
Mining block at height 1...
✓ Found nonce: 45777
Failed to process block: invalid proof of work
Mining block at height 1...
✓ Found nonce: 36512
Failed to process block: invalid proof of work
Mining block at height 1...
✓ Found nonce: 222569
Failed to process block: invalid proof of work
Mining block at height 1...
✓ Found nonce: 167077
Failed to process block: invalid proof of work
Mining block at height 1...
✓ Found nonce: 70401
Failed to process block: invalid proof of work
Mining block at height 1...
✓ Found nonce: 70580
Failed to process block: invalid proof of work
Mining block at height 1...
✓ Found nonce: 3866
Failed to process block: invalid proof of work
Mining block at height 1...
✓ Found nonce: 29797
Failed to process block: invalid proof of work
Mining block at height 1...
✓ Found nonce: 126663
Failed to process block: invalid proof of work
Mining block at height 1...
✓ Found nonce: 15385
Failed to process block: invalid proof of work
Mining block at height 1...
✓ Found nonce: 150931
Failed to process block: invalid proof of work
Mining block at height 1...
✓ Found nonce: 19852
Failed to process block: invalid proof of work
Mining block at height 1...
✓ Found nonce: 4516
Failed to process block: invalid proof of work
Mining block at height 1...
✓ Found nonce: 17208
Failed to process block: invalid proof of work
Mining block at height 1...
✓ Found nonce: 376267
Failed to process block: invalid proof of work
Mining block at height 1...
✓ Found nonce: 23979
Failed to process block: invalid proof of work
Mining block at height 1...
✓ Found nonce: 19041
Failed to process block: invalid proof of work
Mining block at height 1...
✓ Found nonce: 13971
Failed to process block: invalid proof of work
Mining block at height 1...
✓ Found nonce: 24263
Failed to process block: invalid proof of work
Mining block at height 1...
✓ Found nonce: 78188
Failed to process block: invalid proof of work
Mining block at height 1...
✓ Found nonce: 120222
Failed to process block: invalid proof of work
Mining block at height 1...
✓ Found nonce: 28043
Failed to process block: invalid proof of work
Mining block at height 1...
✓ Found nonce: 137694
Failed to process block: invalid proof of work
Mining block at height 1...
✓ Found nonce: 158474
Failed to process block: invalid proof of work
Mining block at height 1...
✓ Found nonce: 122495
Failed to process block: invalid proof of work
Mining block at height 1...
✓ Found nonce: 102913
Failed to process block: invalid proof of work
Mining block at height 1...
✓ Found nonce: 155876
Failed to process block: invalid proof of work
Mining block at height 1...
✓ Found nonce: 6514
Failed to process block: invalid proof of work
Mining block at height 1...
✓ Found nonce: 33784
Failed to process block: invalid proof of work
Mining block at height 1...
✓ Found nonce: 17446
Failed to process block: invalid proof of work
Mining block at height 1...
✓ Found nonce: 24971
Failed to process block: invalid proof of work
Mining block at height 1...
✓ Found nonce: 1675
Failed to process block: invalid proof of work
Mining block at height 1...
✓ Found nonce: 46901
Failed to process block: invalid proof of work
Mining block at height 1...
✓ Found nonce: 955
Failed to process block: invalid proof of work
Mining block at height 1...
✓ Found nonce: 33569
Failed to process block: invalid proof of work
Mining block at height 1...
✓ Found nonce: 19345
Failed to process block: invalid proof of work
Mining block at height 1...
✓ Found nonce: 35849
Failed to process block: invalid proof of work
Mining block at height 1...
✓ Found nonce: 80910
Failed to process block: invalid proof of work
Mining block at height 1...
✓ Found nonce: 83304
Failed to process block: invalid proof of work
Mining block at height 1...
✓ Found nonce: 5534
Failed to process block: invalid proof of work
Mining block at height 1...
✓ Found nonce: 64311
Failed to process block: invalid proof of work
Mining block at height 1...
✓ Found nonce: 108117
Failed to process block: invalid proof of work
Mining block at height 1...
✓ Found nonce: 173593
Failed to process block: invalid proof of work
Mining block at height 1...
✓ Found nonce: 193124
Failed to process block: invalid proof of work
Mining block at height 1...
✓ Found nonce: 10649
Failed to process block: invalid proof of work
Mining block at height 1...
✓ Found nonce: 8232
Failed to process block: invalid proof of work
Mining block at height 1...
✓ Found nonce: 119044
Failed to process block: invalid proof of work
Mining block at height 1...
✓ Found nonce: 80064
Failed to process block: invalid proof of work
Mining block at height 1...
✓ Found nonce: 74041
Failed to process block: invalid proof of work
Mining block at height 1...
✓ Found nonce: 4900
Failed to process block: invalid proof of work
Mining block at height 1...
✓ Found nonce: 88257
Failed to process block: invalid proof of work
Mining block at height 1...
✓ Found nonce: 17219
Failed to process block: invalid proof of work
Mining block at height 1...
✓ Found nonce: 63046
Failed to process block: invalid proof of work
Mining block at height 1...
✓ Found nonce: 55192
Failed to process block: invalid proof of work
Mining block at height 1...
✓ Found nonce: 16232
Failed to process block: invalid proof of work
Mining block at height 1...
✓ Found nonce: 11854
Failed to process block: invalid proof of work
Mining block at height 1...
✓ Found nonce: 172405
Failed to process block: invalid proof of work
Mining block at height 1...
✓ Found nonce: 2127
Failed to process block: invalid proof of work
Mining block at height 1...
✓ Found nonce: 7198
Failed to process block: invalid proof of work
Mining block at height 1...
✓ Found nonce: 105178
Failed to process block: invalid proof of work
Mining block at height 1...
✓ Found nonce: 266987
Failed to process block: invalid proof of work
Mining block at height 1...
✓ Found nonce: 19561
Failed to process block: invalid proof of work
Mining block at height 1...
✓ Found nonce: 157149
Failed to process block: invalid proof of work
Mining block at height 1...
✓ Found nonce: 5197
Failed to process block: invalid proof of work
Mining block at height 1...
✓ Found nonce: 34055
Failed to process block: invalid proof of work
Mining block at height 1...
✓ Found nonce: 43152
Failed to process block: invalid proof of work
Mining block at height 1...
✓ Found nonce: 29309
Failed to process block: invalid proof of work
Mining block at height 1...
✓ Found nonce: 75613
Failed to process block: invalid proof of work
Mining block at height 1...
✓ Found nonce: 13156
Failed to process block: invalid proof of work
Mining block at height 1...
✓ Found nonce: 3318
Failed to process block: invalid proof of work
Mining block at height 1...
✓ Found nonce: 30833
Failed to process block: invalid proof of work
Mining block at height 1...
✓ Found nonce: 11471
Failed to process block: invalid proof of work
Mining block at height 1...
✓ Found nonce: 19303
Failed to process block: invalid proof of work
Mining block at height 1...
✓ Found nonce: 110
Failed to process block: invalid proof of work
Mining block at height 1...
✓ Found nonce: 71994
Failed to process block: invalid proof of work
Mining block at height 1...
✓ Found nonce: 10999
Failed to process block: invalid proof of work
Mining block at height 1...
✓ Found nonce: 15919
Failed to process block: invalid proof of work
Mining block at height 1...
✓ Found nonce: 8444
Failed to process block: invalid proof of work
Mining block at height 1...
✓ Found nonce: 77238
Failed to process block: invalid proof of work
Mining block at height 1...
✓ Found nonce: 120239
Failed to process block: invalid proof of work
Mining block at height 1...
✓ Found nonce: 136781
Failed to process block: invalid proof of work
Mining block at height 1...
✓ Found nonce: 100386
Failed to process block: invalid proof of work
Mining block at height 1...
✓ Found nonce: 114654
Failed to process block: invalid proof of work
Mining block at height 1...
✓ Found nonce: 76926
Failed to process block: invalid proof of work
Mining block at height 1...
✓ Found nonce: 11045
Failed to process block: invalid proof of work
Mining block at height 1...
✓ Found nonce: 49395
Failed to process block: invalid proof of work
Mining block at height 1...
✓ Found nonce: 86108
Failed to process block: invalid proof of work
Mining block at height 1...
✓ Found nonce: 26864
Failed to process block: invalid proof of work
Mining block at height 1...
✓ Found nonce: 115996
Failed to process block: invalid proof of work
Mining block at height 1...
✓ Found nonce: 3844
Failed to process block: invalid proof of work
Mining block at height 1...
✓ Found nonce: 41707
Failed to process block: invalid proof of work
Mining block at height 1...
✓ Found nonce: 79585
Failed to process block: invalid proof of work
Mining block at height 1...
✓ Found nonce: 22388
Failed to process block: invalid proof of work
Mining block at height 1...
✓ Found nonce: 14593
Failed to process block: invalid proof of work
Mining block at height 1...
✓ Found nonce: 183511
Failed to process block: invalid proof of work
Mining block at height 1...
✓ Found nonce: 50204
Failed to process block: invalid proof of work
Mining block at height 1...
✓ Found nonce: 25215
Failed to process block: invalid proof of work
Mining block at height 1...
✓ Found nonce: 49808
Failed to process block: invalid proof of work
Mining block at height 1...
✓ Found nonce: 55447
Failed to process block: invalid proof of work
Mining block at height 1...
✓ Found nonce: 59192
Failed to process block: invalid proof of work
Mining block at height 1...
✓ Found nonce: 40524
Failed to process block: invalid proof of work
Mining block at height 1...
✓ Found nonce: 26778
Failed to process block: invalid proof of work
Mining block at height 1...
✓ Found nonce: 5218
Failed to process block: invalid proof of work
Mining block at height 1...
✓ Found nonce: 20112
Failed to process block: invalid proof of work
Mining block at height 1...
✓ Found nonce: 251432
Failed to process block: invalid proof of work
Mining block at height 1...
✓ Found nonce: 54294
Failed to process block: invalid proof of work
Mining block at height 1...
✓ Found nonce: 56043
Failed to process block: invalid proof of work
Mining block at height 1...
✓ Found nonce: 210145
Failed to process block: invalid proof of work
Mining block at height 1...
✓ Found nonce: 21819
Failed to process block: invalid proof of work
Mining block at height 1...
✓ Found nonce: 66168
Failed to process block: invalid proof of work
Mining block at height 1...
✓ Found nonce: 55069
Failed to process block: invalid proof of work
Mining block at height 1...
✓ Found nonce: 268832
Failed to process block: invalid proof of work
Mining block at height 1...
✓ Found nonce: 24127
Failed to process block: invalid proof of work
Mining block at height 1...
✓ Found nonce: 182683
Failed to process block: invalid proof of work
Mining block at height 1...
✓ Found nonce: 41646
Failed to process block: invalid proof of work
Mining block at height 1...
✓ Found nonce: 36753
Failed to process block: invalid proof of work
Mining block at height 1...
✓ Found nonce: 351
Failed to process block: invalid proof of work
Mining block at height 1...
✓ Found nonce: 48026
Failed to process block: invalid proof of work
Mining block at height 1...
✓ Found nonce: 54548
Failed to process block: invalid proof of work
Mining block at height 1...
✓ Found nonce: 2078
Failed to process block: invalid proof of work
Mining block at height 1...
✓ Found nonce: 16537
Failed to process block: invalid proof of work
Mining block at height 1...
✓ Found nonce: 226685
Failed to process block: invalid proof of work
Mining block at height 1...
✓ Found nonce: 58471
Failed to process block: invalid proof of work
Mining block at height 1...
✓ Found nonce: 32815
Failed to process block: invalid proof of work
Mining block at height 1...
✓ Found nonce: 32674
Failed to process block: invalid proof of work
Mining block at height 1...
✓ Found nonce: 120055
Failed to process block: invalid proof of work
Mining block at height 1...
✓ Found nonce: 29377
Failed to process block: invalid proof of work
Mining block at height 1...
✓ Found nonce: 230384
Failed to process block: invalid proof of work
Mining block at height 1...
✓ Found nonce: 12460
Failed to process block: invalid proof of work
Mining block at height 1...
✓ Found nonce: 145361
Failed to process block: invalid proof of work
Mining block at height 1...
✓ Found nonce: 108868
Failed to process block: invalid proof of work
Mining block at height 1...
✓ Found nonce: 136666
Failed to process block: invalid proof of work
Mining block at height 1...
✓ Found nonce: 23107
Failed to process block: invalid proof of work
Mining block at height 1...
✓ Found nonce: 87740
Failed to process block: invalid proof of work
Mining block at height 1...
✓ Found nonce: 22630
Failed to process block: invalid proof of work
Mining block at height 1...
✓ Found nonce: 98828
Failed to process block: invalid proof of work
Mining block at height 1...
✓ Found nonce: 26618
Failed to process block: invalid proof of work
Mining block at height 1...
✓ Found nonce: 3134
Failed to process block: invalid proof of work
Mining block at height 1...
✓ Found nonce: 12871
Failed to process block: invalid proof of work
Mining block at height 1...
✓ Found nonce: 136554
Failed to process block: invalid proof of work
Mining block at height 1...
✓ Found nonce: 9661
Failed to process block: invalid proof of work
Mining block at height 1...
✓ Found nonce: 121321
Failed to process block: invalid proof of work
Mining block at height 1...
✓ Found nonce: 3445
Failed to process block: invalid proof of work
Mining block at height 1...
✓ Found nonce: 36320
Failed to process block: invalid proof of work
Mining block at height 1...
✓ Found nonce: 82583
Failed to process block: invalid proof of work
Mining block at height 1...
✓ Found nonce: 175972
Failed to process block: invalid proof of work
Mining block at height 1...
✓ Found nonce: 31904
Failed to process block: invalid proof of work
Mining block at height 1...
✓ Found nonce: 192322
Failed to process block: invalid proof of work
Mining block at height 1...
✓ Found nonce: 9548
Failed to process block: invalid proof of work
Mining block at height 1...
✓ Found nonce: 18317
Failed to process block: invalid proof of work
Mining block at height 1...
✓ Found nonce: 317181
Failed to process block: invalid proof of work
Mining block at height 1...
✓ Found nonce: 33421
Failed to process block: invalid proof of work
Mining block at height 1...
✓ Found nonce: 86642
Failed to process block: invalid proof of work
Mining block at height 1...
✓ Found nonce: 30526
Failed to process block: invalid proof of work
Mining block at height 1...
✓ Found nonce: 6914
Failed to process block: invalid proof of work
Mining block at height 1...
✓ Found nonce: 20049
Failed to process block: invalid proof of work
Mining block at height 1...
✓ Found nonce: 247082
Failed to process block: invalid proof of work
Mining block at height 1...
✓ Found nonce: 28398
Failed to process block: invalid proof of work
Mining block at height 1...
✓ Found nonce: 78829
Failed to process block: invalid proof of work
Mining block at height 1...
✓ Found nonce: 78
Failed to process block: invalid proof of work
Mining block at height 1...
✓ Found nonce: 58668
Failed to process block: invalid proof of work
Mining block at height 1...
✓ Found nonce: 120266
Failed to process block: invalid proof of work
Mining block at height 1...
✓ Found nonce: 213
Failed to process block: invalid proof of work
Mining block at height 1...
✓ Found nonce: 51555
Failed to process block: invalid proof of work
Mining block at height 1...
✓ Found nonce: 46449
Failed to process block: invalid proof of work
Mining block at height 1...
✓ Found nonce: 62629
Failed to process block: invalid proof of work
Mining block at height 1...
✓ Found nonce: 9984
Failed to process block: invalid proof of work
Mining block at height 1...
✓ Found nonce: 47895
Failed to process block: invalid proof of work
Mining block at height 1...
✓ Found nonce: 18905
Failed to process block: invalid proof of work
Mining block at height 1...
✓ Found nonce: 91138
Failed to process block: invalid proof of work
Mining block at height 1...
✓ Found nonce: 101976
Failed to process block: invalid proof of work
Mining block at height 1...
✓ Found nonce: 65122
Failed to process block: invalid proof of work
Mining block at height 1...
✓ Found nonce: 20496
Failed to process block: invalid proof of work
Mining block at height 1...
✓ Found nonce: 247494
Failed to process block: invalid proof of work
Mining block at height 1...
✓ Found nonce: 161561
Failed to process block: invalid proof of work
Mining block at height 1...
✓ Found nonce: 40307
Failed to process block: invalid proof of work
Mining block at height 1...
✓ Found nonce: 50498
Failed to process block: invalid proof of work
Mining block at height 1...
✓ Found nonce: 32973
Failed to process block: invalid proof of work
Mining block at height 1...
✓ Found nonce: 158411
Failed to process block: invalid proof of work
Mining block at height 1...
✓ Found nonce: 20405
Failed to process block: invalid proof of work
Mining block at height 1...
✓ Found nonce: 41676
Failed to process block: invalid proof of work
Mining block at height 1...
✓ Found nonce: 139989
Failed to process block: invalid proof of work
Mining block at height 1...
✓ Found nonce: 54526
Failed to process block: invalid proof of work
Mining block at height 1...
✓ Found nonce: 36126
Failed to process block: invalid proof of work
Mining block at height 1...
✓ Found nonce: 67355
Failed to process block: invalid proof of work
Mining block at height 1...
✓ Found nonce: 330544
Failed to process block: invalid proof of work
Mining block at height 1...
✓ Found nonce: 79658
Failed to process block: invalid proof of work
Mining block at height 1...
✓ Found nonce: 197653
Failed to process block: invalid proof of work
Mining block at height 1...
✓ Found nonce: 69162
Failed to process block: invalid proof of work
Mining block at height 1...
✓ Found nonce: 728
Failed to process block: invalid proof of work
Mining block at height 1...
✓ Found nonce: 62861
Failed to process block: invalid proof of work
Mining block at height 1...
✓ Found nonce: 60397
Failed to process block: invalid proof of work
Mining block at height 1...
✓ Found nonce: 88188
Failed to process block: invalid proof of work
Mining block at height 1...
✓ Found nonce: 52460
Failed to process block: invalid proof of work
Mining block at height 1...
✓ Found nonce: 9866
Failed to process block: invalid proof of work
Mining block at height 1...
✓ Found nonce: 77276
Failed to process block: invalid proof of work
Mining block at height 1...
✓ Found nonce: 44541
Failed to process block: invalid proof of work
Mining block at height 1...
✓ Found nonce: 18378
Failed to process block: invalid proof of work
Mining block at height 1...
✓ Found nonce: 99732
Failed to process block: invalid proof of work
Mining block at height 1...
✓ Found nonce: 117568
Failed to process block: invalid proof of work
Mining block at height 1...
✓ Found nonce: 157577
Failed to process block: invalid proof of work
Mining block at height 1...
✓ Found nonce: 133042
Failed to process block: invalid proof of work
Mining block at height 1...
✓ Found nonce: 33341
Failed to process block: invalid proof of work
Mining block at height 1...
✓ Found nonce: 8146
Failed to process block: invalid proof of work
Mining block at height 1...
✓ Found nonce: 158030
Failed to process block: invalid proof of work
Mining block at height 1...
✓ Found nonce: 143835
Failed to process block: invalid proof of work
Mining block at height 1...
✓ Found nonce: 29012
Failed to process block: invalid proof of work
Mining block at height 1...
✓ Found nonce: 91031
Failed to process block: invalid proof of work
Mining block at height 1...
✓ Found nonce: 16243
Failed to process block: invalid proof of work
Mining block at height 1...
✓ Found nonce: 89792
Failed to process block: invalid proof of work
Mining block at height 1...
✓ Found nonce: 39111
Failed to process block: invalid proof of work
Mining block at height 1...
✓ Found nonce: 55834
Failed to process block: invalid proof of work
Mining block at height 1...
✓ Found nonce: 92643
Failed to process block: invalid proof of work
Mining block at height 1...
✓ Found nonce: 36975
Failed to process block: invalid proof of work
Mining block at height 1...
✓ Found nonce: 90733
Failed to process block: invalid proof of work
Mining block at height 1...
✓ Found nonce: 28697
Failed to process block: invalid proof of work
Mining block at height 1...
✓ Found nonce: 5641
Failed to process block: invalid proof of work
Mining block at height 1...
✓ Found nonce: 17071
Failed to process block: invalid proof of work
Mining block at height 1...
✓ Found nonce: 210866
Failed to process block: invalid proof of work
Mining block at height 1...
✓ Found nonce: 50688
Failed to process block: invalid proof of work
Mining block at height 1...
✓ Found nonce: 38936
Failed to process block: invalid proof of work
Mining block at height 1...
✓ Found nonce: 28760
Failed to process block: invalid proof of work
Mining block at height 1...
✓ Found nonce: 24692
Failed to process block: invalid proof of work
Mining block at height 1...
✓ Found nonce: 16457
Failed to process block: invalid proof of work
Mining block at height 1...
✓ Found nonce: 90202
Failed to process block: invalid proof of work
Mining block at height 1...
✓ Found nonce: 295220
Failed to process block: invalid proof of work
Mining block at height 1...
✓ Found nonce: 180240
Failed to process block: invalid proof of work
Mining block at height 1...
✓ Found nonce: 30174
Failed to process block: invalid proof of work
Mining block at height 1...
✓ Found nonce: 74019
Failed to process block: invalid proof of work
Mining block at height 1...
✓ Found nonce: 11438
Failed to process block: invalid proof of work
Mining block at height 1...
✓ Found nonce: 319518
Failed to process block: invalid proof of work
Mining block at height 1...
✓ Found nonce: 38174
Failed to process block: invalid proof of work
Mining block at height 1...
✓ Found nonce: 84244
Failed to process block: invalid proof of work
Mining block at height 1...
✓ Found nonce: 15497
Failed to process block: invalid proof of work
Mining block at height 1...
✓ Found nonce: 18428
Failed to process block: invalid proof of work
Mining block at height 1...
✓ Found nonce: 92587
Failed to process block: invalid proof of work
Mining block at height 1...
✓ Found nonce: 68059
Failed to process block: invalid proof of work
Mining block at height 1...
✓ Found nonce: 172147
Failed to process block: invalid proof of work
Mining block at height 1...
✓ Found nonce: 81317
Failed to process block: invalid proof of work
Mining block at height 1...
✓ Found nonce: 13430
Failed to process block: invalid proof of work
Mining block at height 1...
✓ Found nonce: 68857
Failed to process block: invalid proof of work
Mining block at height 1...
✓ Found nonce: 333701
Failed to process block: invalid proof of work
Mining block at height 1...
✓ Found nonce: 4462
Failed to process block: invalid proof of work
Mining block at height 1...
✓ Found nonce: 63562
Failed to process block: invalid proof of work
Mining block at height 1...
✓ Found nonce: 29766
Failed to process block: invalid proof of work
Mining block at height 1...
✓ Found nonce: 61390
Failed to process block: invalid proof of work
Mining block at height 1...
✓ Found nonce: 38451
Failed to process block: invalid proof of work
Mining block at height 1...
✓ Found nonce: 20967
Failed to process block: invalid proof of work
Mining block at height 1...
✓ Found nonce: 19399
Failed to process block: invalid proof of work
Mining block at height 1...
✓ Found nonce: 12172
Failed to process block: invalid proof of work
Mining block at height 1...
✓ Found nonce: 67490
Failed to process block: invalid proof of work
Mining block at height 1...
✓ Found nonce: 246051
Failed to process block: invalid proof of work
Mining block at height 1...
✓ Found nonce: 121197
Failed to process block: invalid proof of work
Mining block at height 1...
✓ Found nonce: 45614
Failed to process block: invalid proof of work
Mining block at height 1...
✓ Found nonce: 117369
Failed to process block: invalid proof of work
Mining block at height 1...
✓ Found nonce: 33036
Failed to process block: invalid proof of work
Mining block at height 1...
✓ Found nonce: 14346
Failed to process block: invalid proof of work
Mining block at height 1...
✓ Found nonce: 18925
Failed to process block: invalid proof of work
Mining block at height 1...
✓ Found nonce: 8069
Failed to process block: invalid proof of work
Mining block at height 1...
✓ Found nonce: 14855
Failed to process block: invalid proof of work
Mining block at height 1...
✓ Found nonce: 93253
Failed to process block: invalid proof of work
Mining block at height 1...
✓ Found nonce: 98749
Failed to process block: invalid proof of work
Mining block at height 1...
✓ Found nonce: 30073
Failed to process block: invalid proof of work
Mining block at height 1...
✓ Found nonce: 134646
Failed to process block: invalid proof of work
Mining block at height 1...
✓ Found nonce: 15877
Failed to process block: invalid proof of work
Mining block at height 1...
✓ Found nonce: 82491
Failed to process block: invalid proof of work
Mining block at height 1...
✓ Found nonce: 126858
Failed to process block: invalid proof of work
Mining block at height 1...
✓ Found nonce: 15889
Failed to process block: invalid proof of work
Mining block at height 1...
✓ Found nonce: 33741
Failed to process block: invalid proof of work
Mining block at height 1...
✓ Found nonce: 506
Failed to process block: invalid proof of work
Mining block at height 1...
✓ Found nonce: 24967
Failed to process block: invalid proof of work
Mining block at height 1...
✓ Found nonce: 149733
Failed to process block: invalid proof of work
Mining block at height 1...
✓ Found nonce: 57182
Failed to process block: invalid proof of work
Mining block at height 1...
✓ Found nonce: 9242
Failed to process block: invalid proof of work
Mining block at height 1...
✓ Found nonce: 842
Failed to process block: invalid proof of work
Mining block at height 1...
✓ Found nonce: 214472
Failed to process block: invalid proof of work
Mining block at height 1...
✓ Found nonce: 73395
Failed to process block: invalid proof of work
Mining block at height 1...
✓ Found nonce: 43906
Failed to process block: invalid proof of work
Mining block at height 1...
✓ Found nonce: 142558
Failed to process block: invalid proof of work
Mining block at height 1...
✓ Found nonce: 130231
Failed to process block: invalid proof of work
Mining block at height 1...
✓ Found nonce: 49599
Failed to process block: invalid proof of work
Mining block at height 1...
✓ Found nonce: 247033
Failed to process block: invalid proof of work
Mining block at height 1...
✓ Found nonce: 27705
Failed to process block: invalid proof of work
Mining block at height 1...
✓ Found nonce: 20421
Failed to process block: invalid proof of work
Mining block at height 1...
✓ Found nonce: 238282
Failed to process block: invalid proof of work
Mining block at height 1...
✓ Found nonce: 79697
Failed to process block: invalid proof of work
Mining block at height 1...
✓ Found nonce: 8957
Failed to process block: invalid proof of work
Mining block at height 1...
✓ Found nonce: 68577
Failed to process block: invalid proof of work
Mining block at height 1...
✓ Found nonce: 60020
Failed to process block: invalid proof of work
Mining block at height 1...
✓ Found nonce: 23447
Failed to process block: invalid proof of work
Mining block at height 1...
✓ Found nonce: 73812
Failed to process block: invalid proof of work
Mining block at height 1...
✓ Found nonce: 89594
Failed to process block: invalid proof of work
Mining block at height 1...
✓ Found nonce: 108667
Failed to process block: invalid proof of work
Mining block at height 1...
✓ Found nonce: 10464
Failed to process block: invalid proof of work
Mining block at height 1...
✓ Found nonce: 39146
Failed to process block: invalid proof of work
Mining block at height 1...
✓ Found nonce: 14603
Failed to process block: invalid proof of work
Mining block at height 1...
✓ Found nonce: 185807
Failed to process block: invalid proof of work
Mining block at height 1...
✓ Found nonce: 173693
Failed to process block: invalid proof of work
Mining block at height 1...
✓ Found nonce: 18586
Failed to process block: invalid proof of work
Mining block at height 1...
✓ Found nonce: 67991
Failed to process block: invalid proof of work
Mining block at height 1...
✓ Found nonce: 57976
Failed to process block: invalid proof of work
Mining block at height 1...
✓ Found nonce: 6268
Failed to process block: invalid proof of work
Mining block at height 1...
✓ Found nonce: 235045
Failed to process block: invalid proof of work
Mining block at height 1...
✓ Found nonce: 1403
Failed to process block: invalid proof of work
Mining block at height 1...
✓ Found nonce: 7929
Failed to process block: invalid proof of work
Mining block at height 1...
✓ Found nonce: 133253
Failed to process block: invalid proof of work
Mining block at height 1...
✓ Found nonce: 68678
Failed to process block: invalid proof of work
Mining block at height 1...
✓ Found nonce: 75696
Failed to process block: invalid proof of work
Mining block at height 1...
✓ Found nonce: 68843
Failed to process block: invalid proof of work
Mining block at height 1...
✓ Found nonce: 10600
Failed to process block: invalid proof of work
Mining block at height 1...
✓ Found nonce: 60090
Failed to process block: invalid proof of work
Mining block at height 1...
✓ Found nonce: 48809
Failed to process block: invalid proof of work
Mining block at height 1...
✓ Found nonce: 86283
Failed to process block: invalid proof of work
Mining block at height 1...
✓ Found nonce: 15678
Failed to process block: invalid proof of work
Mining block at height 1...
✓ Found nonce: 40288
Failed to process block: invalid proof of work
Mining block at height 1...
✓ Found nonce: 157326
Failed to process block: invalid proof of work
Mining block at height 1...
✓ Found nonce: 73869
Failed to process block: invalid proof of work
Mining block at height 1...
✓ Found nonce: 178220
Failed to process block: invalid proof of work
Mining block at height 1...
✓ Found nonce: 261880
Failed to process block: invalid proof of work
Mining block at height 1...
✓ Found nonce: 41097
Failed to process block: invalid proof of work
Mining block at height 1...
✓ Found nonce: 2822
Failed to process block: invalid proof of work
Mining block at height 1...
✓ Found nonce: 34318
Failed to process block: invalid proof of work
Mining block at height 1...
✓ Found nonce: 46029
Failed to process block: invalid proof of work
Mining block at height 1...
✓ Found nonce: 208184
Failed to process block: invalid proof of work
Mining block at height 1...
✓ Found nonce: 38500
Failed to process block: invalid proof of work
Mining block at height 1...
✓ Found nonce: 43391
Failed to process block: invalid proof of work
Mining block at height 1...
✓ Found nonce: 116288
Failed to process block: invalid proof of work
Mining block at height 1...
✓ Found nonce: 108891
Failed to process block: invalid proof of work
Mining block at height 1...
✓ Found nonce: 5055
Failed to process block: invalid proof of work
Mining block at height 1...
✓ Found nonce: 24178
Failed to process block: invalid proof of work
Mining block at height 1...
✓ Found nonce: 12315
Failed to process block: invalid proof of work
Mining block at height 1...
✓ Found nonce: 2845
Failed to process block: invalid proof of work
Mining block at height 1...
✓ Found nonce: 3152
Failed to process block: invalid proof of work
Mining block at height 1...
✓ Found nonce: 62720
Failed to process block: invalid proof of work
Mining block at height 1...
✓ Found nonce: 22262
Failed to process block: invalid proof of work
Mining block at height 1...
✓ Found nonce: 41023
Failed to process block: invalid proof of work
Mining block at height 1...
✓ Found nonce: 104290
Failed to process block: invalid proof of work
Mining block at height 1...
✓ Found nonce: 156590
Failed to process block: invalid proof of work
Mining block at height 1...
✓ Found nonce: 2507
Failed to process block: invalid proof of work
Mining block at height 1...
✓ Found nonce: 27266
Failed to process block: invalid proof of work
Mining block at height 1...
✓ Found nonce: 188550
Failed to process block: invalid proof of work
Mining block at height 1...
✓ Found nonce: 9823
Failed to process block: invalid proof of work
Mining block at height 1...
✓ Found nonce: 5599
Failed to process block: invalid proof of work
Mining block at height 1...
✓ Found nonce: 5900
Failed to process block: invalid proof of work
Mining block at height 1...
✓ Found nonce: 154737
Failed to process block: invalid proof of work
Mining block at height 1...
✓ Found nonce: 18637
Failed to process block: invalid proof of work
Mining block at height 1...
✓ Found nonce: 178297
Failed to process block: invalid proof of work
Mining block at height 1...
✓ Found nonce: 92473
Failed to process block: invalid proof of work
Mining block at height 1...
✓ Found nonce: 147905
Failed to process block: invalid proof of work
Mining block at height 1...
✓ Found nonce: 16770
Failed to process block: invalid proof of work
Mining block at height 1...
✓ Found nonce: 65086
Failed to process block: invalid proof of work
Mining block at height 1...
✓ Found nonce: 42993
Failed to process block: invalid proof of work
Mining block at height 1...
✓ Found nonce: 13295
Failed to process block: invalid proof of work
Mining block at height 1...
✓ Found nonce: 156525
Failed to process block: invalid proof of work
Mining block at height 1...
✓ Found nonce: 23023
Failed to process block: invalid proof of work
Mining block at height 1...
✓ Found nonce: 9339
Failed to process block: invalid proof of work
Mining block at height 1...
✓ Found nonce: 37511
Failed to process block: invalid proof of work
Mining block at height 1...
✓ Found nonce: 57353
Failed to process block: invalid proof of work
Mining block at height 1...
✓ Found nonce: 156495
Failed to process block: invalid proof of work
Mining block at height 1...
✓ Found nonce: 122291
Failed to process block: invalid proof of work
Mining block at height 1...
✓ Found nonce: 10871
Failed to process block: invalid proof of work
Mining block at height 1...
✓ Found nonce: 3124
Failed to process block: invalid proof of work
Mining block at height 1...
✓ Found nonce: 38501
Failed to process block: invalid proof of work
Mining block at height 1...
✓ Found nonce: 220586
Failed to process block: invalid proof of work
Mining block at height 1...
✓ Found nonce: 29605
Failed to process block: invalid proof of work
Mining block at height 1...
✓ Found nonce: 17017
Failed to process block: invalid proof of work
Mining block at height 1...
✓ Found nonce: 83996
Failed to process block: invalid proof of work
Mining block at height 1...
✓ Found nonce: 12729
Failed to process block: invalid proof of work
Mining block at height 1...
✓ Found nonce: 49517
Failed to process block: invalid proof of work
Mining block at height 1...
✓ Found nonce: 21260
Failed to process block: invalid proof of work
Mining block at height 1...
✓ Found nonce: 71587
Failed to process block: invalid proof of work
Mining block at height 1...
✓ Found nonce: 21527
Failed to process block: invalid proof of work
Mining block at height 1...
✓ Found nonce: 50277
Failed to process block: invalid proof of work
Mining block at height 1...
✓ Found nonce: 42950
Failed to process block: invalid proof of work
Mining block at height 1...
✓ Found nonce: 11922
Failed to process block: invalid proof of work
Mining block at height 1...
✓ Found nonce: 8292
Failed to process block: invalid proof of work
Mining block at height 1...
✓ Found nonce: 15547
Failed to process block: invalid proof of work
Mining block at height 1...
✓ Found nonce: 15666
Failed to process block: invalid proof of work
Mining block at height 1...
✓ Found nonce: 99565
Failed to process block: invalid proof of work
Mining block at height 1...
✓ Found nonce: 124131
Failed to process block: invalid proof of work
Mining block at height 1...
✓ Found nonce: 134181
Failed to process block: invalid proof of work
Mining block at height 1...
✓ Found nonce: 266334
Failed to process block: invalid proof of work
Mining block at height 1...
✓ Found nonce: 7869
Failed to process block: invalid proof of work
Mining block at height 1...
✓ Found nonce: 203725
Failed to process block: invalid proof of work
Mining block at height 1...
✓ Found nonce: 36443
Failed to process block: invalid proof of work
Mining block at height 1...
✓ Found nonce: 48671
Failed to process block: invalid proof of work
Mining block at height 1...
✓ Found nonce: 5509
Failed to process block: invalid proof of work
Mining block at height 1...
✓ Found nonce: 59075
Failed to process block: invalid proof of work
Mining block at height 1...
✓ Found nonce: 33462
Failed to process block: invalid proof of work
Mining block at height 1...
✓ Found nonce: 2148
Failed to process block: invalid proof of work
Mining block at height 1...
✓ Found nonce: 19733
Failed to process block: invalid proof of work
Mining block at height 1...
✓ Found nonce: 161847
Failed to process block: invalid proof of work
Mining block at height 1...
✓ Found nonce: 10837
Failed to process block: invalid proof of work
Mining block at height 1...
✓ Found nonce: 47123
Failed to process block: invalid proof of work
Mining block at height 1...
✓ Found nonce: 23352
Failed to process block: invalid proof of work
Mining block at height 1...
✓ Found nonce: 108188
Failed to process block: invalid proof of work
Mining block at height 1...
✓ Found nonce: 19559
Failed to process block: invalid proof of work
Mining block at height 1...
✓ Found nonce: 2327
Failed to process block: invalid proof of work
Mining block at height 1...
✓ Found nonce: 51483
Failed to process block: invalid proof of work
Mining block at height 1...
✓ Found nonce: 107254
Failed to process block: invalid proof of work
Mining block at height 1...
✓ Found nonce: 15896
Failed to process block: invalid proof of work
Mining block at height 1...
✓ Found nonce: 165781
Failed to process block: invalid proof of work
Mining block at height 1...
✓ Found nonce: 20712
Failed to process block: invalid proof of work
Mining block at height 1...
✓ Found nonce: 658
Failed to process block: invalid proof of work
Mining block at height 1...
✓ Found nonce: 31348
Failed to process block: invalid proof of work
Mining block at height 1...
✓ Found nonce: 59299
Failed to process block: invalid proof of work
Mining block at height 1...
✓ Found nonce: 40354
Failed to process block: invalid proof of work
Mining block at height 1...
✓ Found nonce: 11880
Failed to process block: invalid proof of work
Mining block at height 1...
✓ Found nonce: 9009
Failed to process block: invalid proof of work
Mining block at height 1...
✓ Found nonce: 46520
Failed to process block: invalid proof of work
Mining block at height 1...
✓ Found nonce: 118062
Failed to process block: invalid proof of work
Mining block at height 1...
✓ Found nonce: 13034
Failed to process block: invalid proof of work
Mining block at height 1...
✓ Found nonce: 13107
Failed to process block: invalid proof of work
Mining block at height 1...
✓ Found nonce: 193014
Failed to process block: invalid proof of work
Mining block at height 1...
✓ Found nonce: 130
Failed to process block: invalid proof of work
Mining block at height 1...
✓ Found nonce: 197156
Failed to process block: invalid proof of work
Mining block at height 1...
✓ Found nonce: 25694
Failed to process block: invalid proof of work
Mining block at height 1...
✓ Found nonce: 3145
Failed to process block: invalid proof of work
Mining block at height 1...
✓ Found nonce: 34513
Failed to process block: invalid proof of work
Mining block at height 1...
✓ Found nonce: 4812
Failed to process block: invalid proof of work
Mining block at height 1...
✓ Found nonce: 5779
Failed to process block: invalid proof of work
Mining block at height 1...
✓ Found nonce: 101680
Failed to process block: invalid proof of work
Mining block at height 1...
✓ Found nonce: 159381
Failed to process block: invalid proof of work
Mining block at height 1...
✓ Found nonce: 46206
Failed to process block: invalid proof of work
Mining block at height 1...
✓ Found nonce: 36765
Failed to process block: invalid proof of work
Mining block at height 1...
✓ Found nonce: 61284
Failed to process block: invalid proof of work
Mining block at height 1...
✓ Found nonce: 80663
Failed to process block: invalid proof of work
Mining block at height 1...
✓ Found nonce: 78595
Failed to process block: invalid proof of work
Mining block at height 1...
✓ Found nonce: 26656
Failed to process block: invalid proof of work
Mining block at height 1...
✓ Found nonce: 42024
Failed to process block: invalid proof of work
Mining block at height 1...
✓ Found nonce: 116873
Failed to process block: invalid proof of work
Mining block at height 1...
✓ Found nonce: 72208
Failed to process block: invalid proof of work
Mining block at height 1...
✓ Found nonce: 92867
Failed to process block: invalid proof of work
Mining block at height 1...
✓ Found nonce: 861
Failed to process block: invalid proof of work
Mining block at height 1...
✓ Found nonce: 48108
Failed to process block: invalid proof of work
Mining block at height 1...
✓ Found nonce: 66034
Failed to process block: invalid proof of work
Mining block at height 1...
✓ Found nonce: 29366
Failed to process block: invalid proof of work
Mining block at height 1...
✓ Found nonce: 19052
Failed to process block: invalid proof of work
Mining block at height 1...
✓ Found nonce: 92823
Failed to process block: invalid proof of work
Mining block at height 1...
✓ Found nonce: 104115
Failed to process block: invalid proof of work
Mining block at height 1...
✓ Found nonce: 305053
Failed to process block: invalid proof of work
Mining block at height 1...
✓ Found nonce: 29147
Failed to process block: invalid proof of work
Mining block at height 1...
✓ Found nonce: 134657
Failed to process block: invalid proof of work
Mining block at height 1...
✓ Found nonce: 62676
Failed to process block: invalid proof of work
Mining block at height 1...
✓ Found nonce: 571
Failed to process block: invalid proof of work
Mining block at height 1...
✓ Found nonce: 60697
Failed to process block: invalid proof of work
Mining block at height 1...
✓ Found nonce: 42481
Failed to process block: invalid proof of work
Mining block at height 1...
✓ Found nonce: 120777
Failed to process block: invalid proof of work
Mining block at height 1...
✓ Found nonce: 100416
Failed to process block: invalid proof of work
Mining block at height 1...
✓ Found nonce: 111526
Failed to process block: invalid proof of work
Mining block at height 1...
✓ Found nonce: 15045
Failed to process block: invalid proof of work
Mining block at height 1...
✓ Found nonce: 54774
Failed to process block: invalid proof of work
Mining block at height 1...
✓ Found nonce: 29805
Failed to process block: invalid proof of work
Mining block at height 1...
✓ Found nonce: 21721
Failed to process block: invalid proof of work
Mining block at height 1...
✓ Found nonce: 70888
Failed to process block: invalid proof of work
Mining block at height 1...
✓ Found nonce: 190370
Failed to process block: invalid proof of work
Mining block at height 1...
✓ Found nonce: 182815
Failed to process block: invalid proof of work
Mining block at height 1...
✓ Found nonce: 135528
Failed to process block: invalid proof of work
Mining block at height 1...
✓ Found nonce: 273602
Failed to process block: invalid proof of work
Mining block at height 1...
✓ Found nonce: 103049
Failed to process block: invalid proof of work
Mining block at height 1...
✓ Found nonce: 104703
Failed to process block: invalid proof of work
Mining block at height 1...
✓ Found nonce: 73171
Failed to process block: invalid proof of work
Mining block at height 1...
✓ Found nonce: 130373
Failed to process block: invalid proof of work
Mining block at height 1...
✓ Found nonce: 70597
Failed to process block: invalid proof of work
Mining block at height 1...
✓ Found nonce: 139351
Failed to process block: invalid proof of work
Mining block at height 1...
✓ Found nonce: 33720
Failed to process block: invalid proof of work
Mining block at height 1...
✓ Found nonce: 76426
Failed to process block: invalid proof of work
Mining block at height 1...
✓ Found nonce: 134954
Failed to process block: invalid proof of work
Mining block at height 1...
✓ Found nonce: 35824
Failed to process block: invalid proof of work
Mining block at height 1...
✓ Found nonce: 19327
Failed to process block: invalid proof of work
Mining block at height 1...
✓ Found nonce: 84393
Failed to process block: invalid proof of work
Mining block at height 1...
✓ Found nonce: 56894
Failed to process block: invalid proof of work
Mining block at height 1...
✓ Found nonce: 79313
Failed to process block: invalid proof of work
Mining block at height 1...
✓ Found nonce: 126746
Failed to process block: invalid proof of work
Mining block at height 1...
✓ Found nonce: 153410
Failed to process block: invalid proof of work
Mining block at height 1...
✓ Found nonce: 13156
Failed to process block: invalid proof of work
Mining block at height 1...
✓ Found nonce: 12320
Failed to process block: invalid proof of work
Mining block at height 1...
✓ Found nonce: 32409
Failed to process block: invalid proof of work
Mining block at height 1...
✓ Found nonce: 348933
Failed to process block: invalid proof of work
Mining block at height 1...
✓ Found nonce: 274
Failed to process block: invalid proof of work
Mining block at height 1...
✓ Found nonce: 18700
Failed to process block: invalid proof of work
Mining block at height 1...
✓ Found nonce: 7748
Failed to process block: invalid proof of work
Mining block at height 1...
✓ Found nonce: 69200
Failed to process block: invalid proof of work
Mining block at height 1...
✓ Found nonce: 43550
Failed to process block: invalid proof of work
Mining block at height 1...
✓ Found nonce: 35384
Failed to process block: invalid proof of work
Mining block at height 1...
✓ Found nonce: 61202
Failed to process block: invalid proof of work
Mining block at height 1...
✓ Found nonce: 51032
Failed to process block: invalid proof of work
Mining block at height 1...
✓ Found nonce: 52783
Failed to process block: invalid proof of work
Mining block at height 1...
✓ Found nonce: 146212
Failed to process block: invalid proof of work
Mining block at height 1...
✓ Found nonce: 33708
Failed to process block: invalid proof of work
Mining block at height 1...
✓ Found nonce: 6204
Failed to process block: invalid proof of work
Mining block at height 1...
✓ Found nonce: 34326
Failed to process block: invalid proof of work
Mining block at height 1...
✓ Found nonce: 50320
Failed to process block: invalid proof of work
Mining block at height 1...
✓ Found nonce: 29096
Failed to process block: invalid proof of work
Mining block at height 1...
✓ Found nonce: 4106
Failed to process block: invalid proof of work
Mining block at height 1...
✓ Found nonce: 61286
Failed to process block: invalid proof of work
Mining block at height 1...
✓ Found nonce: 26925
Failed to process block: invalid proof of work
Mining block at height 1...
✓ Found nonce: 141852
Failed to process block: invalid proof of work
Mining block at height 1...
✓ Found nonce: 8732
Failed to process block: invalid proof of work
Mining block at height 1...
✓ Found nonce: 1438
Failed to process block: invalid proof of work
Mining block at height 1...
✓ Found nonce: 66687
Failed to process block: invalid proof of work
Mining block at height 1...
✓ Found nonce: 232545
Failed to process block: invalid proof of work
Mining block at height 1...
✓ Found nonce: 12308
Failed to process block: invalid proof of work
Mining block at height 1...
✓ Found nonce: 103329
Failed to process block: invalid proof of work
Mining block at height 1...
✓ Found nonce: 162451
Failed to process block: invalid proof of work
Mining block at height 1...
✓ Found nonce: 22066
Failed to process block: invalid proof of work
Mining block at height 1...
✓ Found nonce: 21939
Failed to process block: invalid proof of work
Mining block at height 1...
✓ Found nonce: 62401
Failed to process block: invalid proof of work
Mining block at height 1...
✓ Found nonce: 1065
Failed to process block: invalid proof of work
Mining block at height 1...
✓ Found nonce: 105679
Failed to process block: invalid proof of work
Mining block at height 1...
✓ Found nonce: 21950
Failed to process block: invalid proof of work
Mining block at height 1...
✓ Found nonce: 35827
Failed to process block: invalid proof of work
Mining block at height 1...
✓ Found nonce: 130963
Failed to process block: invalid proof of work
Mining block at height 1...
✓ Found nonce: 13204
Failed to process block: invalid proof of work
Mining block at height 1...
✓ Found nonce: 10815
Failed to process block: invalid proof of work
Mining block at height 1...
✓ Found nonce: 67509
Failed to process block: invalid proof of work
Mining block at height 1...
✓ Found nonce: 72643
Failed to process block: invalid proof of work
Mining block at height 1...
✓ Found nonce: 130948
Failed to process block: invalid proof of work
Mining block at height 1...
✓ Found nonce: 117417
Failed to process block: invalid proof of work
Mining block at height 1...
✓ Found nonce: 153085
Failed to process block: invalid proof of work
Mining block at height 1...
✓ Found nonce: 181763
Failed to process block: invalid proof of work
Mining block at height 1...
✓ Found nonce: 237998
Failed to process block: invalid proof of work
Mining block at height 1...
✓ Found nonce: 129236
Failed to process block: invalid proof of work
Mining block at height 1...
✓ Found nonce: 209861
Failed to process block: invalid proof of work
Mining block at height 1...
✓ Found nonce: 14624
Failed to process block: invalid proof of work
Mining block at height 1...
✓ Found nonce: 45121
Failed to process block: invalid proof of work
Mining block at height 1...
✓ Found nonce: 3544
Failed to process block: invalid proof of work
Mining block at height 1...
✓ Found nonce: 20326
Failed to process block: invalid proof of work
Mining block at height 1...
✓ Found nonce: 56578
Failed to process block: invalid proof of work
Mining block at height 1...
✓ Found nonce: 63935
Failed to process block: invalid proof of work
Mining block at height 1...
✓ Found nonce: 2952
Failed to process block: invalid proof of work
Mining block at height 1...
✓ Found nonce: 26633
Failed to process block: invalid proof of work
Mining block at height 1...
✓ Found nonce: 14716
Failed to process block: invalid proof of work
Mining block at height 1...
✓ Found nonce: 130893
Failed to process block: invalid proof of work
Mining block at height 1...
✓ Found nonce: 6722
Failed to process block: invalid proof of work
Mining block at height 1...
✓ Found nonce: 189118
Failed to process block: invalid proof of work
Mining block at height 1...
✓ Found nonce: 52332
Failed to process block: invalid proof of work
Mining block at height 1...
✓ Found nonce: 2342
Failed to process block: invalid proof of work
Mining block at height 1...
✓ Found nonce: 1062
Failed to process block: invalid proof of work
Mining block at height 1...
✓ Found nonce: 7594
Failed to process block: invalid proof of work
Mining block at height 1...
✓ Found nonce: 27547
Failed to process block: invalid proof of work
Mining block at height 1...
✓ Found nonce: 34965
Failed to process block: invalid proof of work
Mining block at height 1...
✓ Found nonce: 19738
Failed to process block: invalid proof of work
Mining block at height 1...
✓ Found nonce: 21703
Failed to process block: invalid proof of work
Mining block at height 1...
✓ Found nonce: 14250
Failed to process block: invalid proof of work
Mining block at height 1...
✓ Found nonce: 128559
Failed to process block: invalid proof of work
Mining block at height 1...
✓ Found nonce: 16825
Failed to process block: invalid proof of work
Mining block at height 1...
✓ Found nonce: 39210
Failed to process block: invalid proof of work
Mining block at height 1...
✓ Found nonce: 61966
Failed to process block: invalid proof of work
Mining block at height 1...
✓ Found nonce: 178127
Failed to process block: invalid proof of work
Mining block at height 1...
✓ Found nonce: 96779
Failed to process block: invalid proof of work
Mining block at height 1...
✓ Found nonce: 125686
Failed to process block: invalid proof of work
Mining block at height 1...
✓ Found nonce: 56516
Failed to process block: invalid proof of work
Mining block at height 1...
✓ Found nonce: 65286
Failed to process block: invalid proof of work
Mining block at height 1...
✓ Found nonce: 112262
Failed to process block: invalid proof of work
Mining block at height 1...
✓ Found nonce: 21889
Failed to process block: invalid proof of work
Mining block at height 1...
✓ Found nonce: 110740
Failed to process block: invalid proof of work
Mining block at height 1...
✓ Found nonce: 62837
Failed to process block: invalid proof of work
Mining block at height 1...
✓ Found nonce: 155724
Failed to process block: invalid proof of work
Mining block at height 1...
✓ Found nonce: 138879
Failed to process block: invalid proof of work
Mining block at height 1...
✓ Found nonce: 18217
Failed to process block: invalid proof of work
Mining block at height 1...
✓ Found nonce: 273805
Failed to process block: invalid proof of work
Mining block at height 1...
✓ Found nonce: 25566
Failed to process block: invalid proof of work
Mining block at height 1...
✓ Found nonce: 120904
Failed to process block: invalid proof of work
Mining block at height 1...
✓ Found nonce: 139525
Failed to process block: invalid proof of work
Mining block at height 1...
✓ Found nonce: 5996
Failed to process block: invalid proof of work
Mining block at height 1...
✓ Found nonce: 34813
Failed to process block: invalid proof of work
Mining block at height 1...
✓ Found nonce: 180369
Failed to process block: invalid proof of work
Mining block at height 1...
✓ Found nonce: 109121
Failed to process block: invalid proof of work
Mining block at height 1...
✓ Found nonce: 84531
Failed to process block: invalid proof of work
Mining block at height 1...
✓ Found nonce: 3375
Failed to process block: invalid proof of work
Mining block at height 1...
✓ Found nonce: 6670
Failed to process block: invalid proof of work
Mining block at height 1...
✓ Found nonce: 81644
Failed to process block: invalid proof of work
Mining block at height 1...
✓ Found nonce: 69459
Failed to process block: invalid proof of work
Mining block at height 1...
✓ Found nonce: 25826
Failed to process block: invalid proof of work
Mining block at height 1...
✓ Found nonce: 45453
Failed to process block: invalid proof of work
Mining block at height 1...
✓ Found nonce: 27949
Failed to process block: invalid proof of work
Mining block at height 1...
✓ Found nonce: 52615
Failed to process block: invalid proof of work
Mining block at height 1...
✓ Found nonce: 96123
Failed to process block: invalid proof of work
Mining block at height 1...
✓ Found nonce: 11894
Failed to process block: invalid proof of work
Mining block at height 1...
✓ Found nonce: 6602
Failed to process block: invalid proof of work
Mining block at height 1...
✓ Found nonce: 63977
Failed to process block: invalid proof of work
Mining block at height 1...
✓ Found nonce: 176442
Failed to process block: invalid proof of work
Mining block at height 1...
✓ Found nonce: 6952
Failed to process block: invalid proof of work
Mining block at height 1...
✓ Found nonce: 3009
Failed to process block: invalid proof of work
Mining block at height 1...
✓ Found nonce: 34224
Failed to process block: invalid proof of work
Mining block at height 1...
✓ Found nonce: 138448
Failed to process block: invalid proof of work
Mining block at height 1...
✓ Found nonce: 62632
Failed to process block: invalid proof of work
Mining block at height 1...
✓ Found nonce: 316624
Failed to process block: invalid proof of work
Mining block at height 1...
✓ Found nonce: 31537
Failed to process block: invalid proof of work
Mining block at height 1...
✓ Found nonce: 26884
Failed to process block: invalid proof of work
Mining block at height 1...
✓ Found nonce: 118477
Failed to process block: invalid proof of work
Mining block at height 1...
✓ Found nonce: 30793
Failed to process block: invalid proof of work
Mining block at height 1...
✓ Found nonce: 147810
Failed to process block: invalid proof of work
Mining block at height 1...
✓ Found nonce: 18552
Failed to process block: invalid proof of work
Mining block at height 1...
✓ Found nonce: 129581
Failed to process block: invalid proof of work
Mining block at height 1...
✓ Found nonce: 134043
Failed to process block: invalid proof of work
Mining block at height 1...
✓ Found nonce: 23582
Failed to process block: invalid proof of work
Mining block at height 1...
✓ Found nonce: 67267
Failed to process block: invalid proof of work
Mining block at height 1...
✓ Found nonce: 10404
Failed to process block: invalid proof of work
Mining block at height 1...
✓ Found nonce: 71891
Failed to process block: invalid proof of work
Mining block at height 1...
✓ Found nonce: 190165
Failed to process block: invalid proof of work
Mining block at height 1...
✓ Found nonce: 131763
Failed to process block: invalid proof of work
Mining block at height 1...
✓ Found nonce: 34430
Failed to process block: invalid proof of work
Mining block at height 1...
✓ Found nonce: 29753
Failed to process block: invalid proof of work
Mining block at height 1...
✓ Found nonce: 17546
Failed to process block: invalid proof of work
Mining block at height 1...
✓ Found nonce: 12867
Failed to process block: invalid proof of work
Mining block at height 1...
✓ Found nonce: 32310
Failed to process block: invalid proof of work
Mining block at height 1...
✓ Found nonce: 63349
Failed to process block: invalid proof of work
Mining block at height 1...
✓ Found nonce: 1949
Failed to process block: invalid proof of work
Mining block at height 1...
✓ Found nonce: 114138
Failed to process block: invalid proof of work
Mining block at height 1...
✓ Found nonce: 52890
Failed to process block: invalid proof of work
Mining block at height 1...
✓ Found nonce: 73899
Failed to process block: invalid proof of work
Mining block at height 1...
✓ Found nonce: 63062
Failed to process block: invalid proof of work
Mining block at height 1...
✓ Found nonce: 588
Failed to process block: invalid proof of work
Mining block at height 1...
✓ Found nonce: 3141
Failed to process block: invalid proof of work
Mining block at height 1...
✓ Found nonce: 215633
Failed to process block: invalid proof of work
Mining block at height 1...
✓ Found nonce: 24860
Failed to process block: invalid proof of work
Mining block at height 1...
✓ Found nonce: 147451
Failed to process block: invalid proof of work
Mining block at height 1...
✓ Found nonce: 46679
Failed to process block: invalid proof of work
Mining block at height 1...
✓ Found nonce: 12201
Failed to process block: invalid proof of work
Mining block at height 1...
✓ Found nonce: 24333
Failed to process block: invalid proof of work
Mining block at height 1...
✓ Found nonce: 115469
Failed to process block: invalid proof of work
Mining block at height 1...
✓ Found nonce: 21335
Failed to process block: invalid proof of work
Mining block at height 1...
✓ Found nonce: 62020
Failed to process block: invalid proof of work
Mining block at height 1...
✓ Found nonce: 77936
Failed to process block: invalid proof of work
Mining block at height 1...
✓ Found nonce: 94527
Failed to process block: invalid proof of work
Mining block at height 1...
✓ Found nonce: 33840
Failed to process block: invalid proof of work
Mining block at height 1...
✓ Found nonce: 95141
Failed to process block: invalid proof of work
Mining block at height 1...
✓ Found nonce: 40161
Failed to process block: invalid proof of work
Mining block at height 1...
✓ Found nonce: 8817
Failed to process block: invalid proof of work
Mining block at height 1...
✓ Found nonce: 232748
Failed to process block: invalid proof of work
Mining block at height 1...
✓ Found nonce: 31354
Failed to process block: invalid proof of work
Mining block at height 1...
✓ Found nonce: 902
Failed to process block: invalid proof of work
Mining block at height 1...
✓ Found nonce: 72665
Failed to process block: invalid proof of work
Mining block at height 1...
✓ Found nonce: 17344
Failed to process block: invalid proof of work
Mining block at height 1...
✓ Found nonce: 67643
Failed to process block: invalid proof of work
Mining block at height 1...
✓ Found nonce: 41761
Failed to process block: invalid proof of work
Mining block at height 1...
✓ Found nonce: 52050
Failed to process block: invalid proof of work
Mining block at height 1...
✓ Found nonce: 34572
Failed to process block: invalid proof of work
Mining block at height 1...
✓ Found nonce: 64864
Failed to process block: invalid proof of work
Mining block at height 1...
✓ Found nonce: 40032
Failed to process block: invalid proof of work
Mining block at height 1...
✓ Found nonce: 166780
Failed to process block: invalid proof of work
Mining block at height 1...
✓ Found nonce: 32824
Failed to process block: invalid proof of work
Mining block at height 1...
✓ Found nonce: 20172
Failed to process block: invalid proof of work
Mining block at height 1...
✓ Found nonce: 39278
Failed to process block: invalid proof of work
Mining block at height 1...
✓ Found nonce: 19661
Failed to process block: invalid proof of work
Mining block at height 1...
✓ Found nonce: 52165
Failed to process block: invalid proof of work
Mining block at height 1...
✓ Found nonce: 3244
Failed to process block: invalid proof of work
Mining block at height 1...
✓ Found nonce: 14112
Failed to process block: invalid proof of work
Mining block at height 1...
✓ Found nonce: 31804
Failed to process block: invalid proof of work
Mining block at height 1...
✓ Found nonce: 283578
Failed to process block: invalid proof of work
Mining block at height 1...
✓ Found nonce: 3650
Failed to process block: invalid proof of work
Mining block at height 1...
✓ Found nonce: 14001
Failed to process block: invalid proof of work
Mining block at height 1...
✓ Found nonce: 103821
Failed to process block: invalid proof of work
Mining block at height 1...
✓ Found nonce: 27361
Failed to process block: invalid proof of work
Mining block at height 1...
✓ Found nonce: 53868
Failed to process block: invalid proof of work
Mining block at height 1...
✓ Found nonce: 14994
Failed to process block: invalid proof of work
Mining block at height 1...
✓ Found nonce: 22783
Failed to process block: invalid proof of work
Mining block at height 1...
✓ Found nonce: 9936
Failed to process block: invalid proof of work
Mining block at height 1...
✓ Found nonce: 67659
Failed to process block: invalid proof of work
Mining block at height 1...
✓ Found nonce: 44173
Failed to process block: invalid proof of work
Mining block at height 1...
✓ Found nonce: 74048
Failed to process block: invalid proof of work
Mining block at height 1...
✓ Found nonce: 16052
Failed to process block: invalid proof of work
Mining block at height 1...
✓ Found nonce: 13091
Failed to process block: invalid proof of work
Mining block at height 1...
✓ Found nonce: 70439
Failed to process block: invalid proof of work
Mining block at height 1...
✓ Found nonce: 32347
Failed to process block: invalid proof of work
Mining block at height 1...
✓ Found nonce: 48277
Failed to process block: invalid proof of work
Mining block at height 1...
✓ Found nonce: 169123
Failed to process block: invalid proof of work
Mining block at height 1...
✓ Found nonce: 35077
Failed to process block: invalid proof of work
Mining block at height 1...
✓ Found nonce: 40961
Failed to process block: invalid proof of work
Mining block at height 1...
✓ Found nonce: 65793
Failed to process block: invalid proof of work
Mining block at height 1...
✓ Found nonce: 192794
Failed to process block: invalid proof of work
Mining block at height 1...
✓ Found nonce: 6525
Failed to process block: invalid proof of work
Mining block at height 1...
✓ Found nonce: 103912
Failed to process block: invalid proof of work
Mining block at height 1...
✓ Found nonce: 10893
Failed to process block: invalid proof of work
Mining block at height 1...
✓ Found nonce: 5393
Failed to process block: invalid proof of work
Mining block at height 1...
✓ Found nonce: 31930
Failed to process block: invalid proof of work
Mining block at height 1...
✓ Found nonce: 149912
Failed to process block: invalid proof of work
Mining block at height 1...
✓ Found nonce: 16039
Failed to process block: invalid proof of work
Mining block at height 1...
✓ Found nonce: 16345
Failed to process block: invalid proof of work
Mining block at height 1...
✓ Found nonce: 56159
Failed to process block: invalid proof of work
Mining block at height 1...
✓ Found nonce: 64867
Failed to process block: invalid proof of work
Mining block at height 1...
✓ Found nonce: 9234
Failed to process block: invalid proof of work
Mining block at height 1...
✓ Found nonce: 6747
Failed to process block: invalid proof of work
Mining block at height 1...
✓ Found nonce: 3568
Failed to process block: invalid proof of work
Mining block at height 1...
✓ Found nonce: 150203
Failed to process block: invalid proof of work
Mining block at height 1...
✓ Found nonce: 419440
Failed to process block: invalid proof of work
Mining block at height 1...
✓ Found nonce: 47457
Failed to process block: invalid proof of work
Mining block at height 1...
✓ Found nonce: 107049
Failed to process block: invalid proof of work
Mining block at height 1...
✓ Found nonce: 106087
Failed to process block: invalid proof of work
Mining block at height 1...
✓ Found nonce: 2892
Failed to process block: invalid proof of work
Mining block at height 1...
✓ Found nonce: 10740
Failed to process block: invalid proof of work
Mining block at height 1...
✓ Found nonce: 60647
Failed to process block: invalid proof of work
Mining block at height 1...
✓ Found nonce: 102979
Failed to process block: invalid proof of work
Mining block at height 1...
✓ Found nonce: 151218
Failed to process block: invalid proof of work
Mining block at height 1...
✓ Found nonce: 41011
Failed to process block: invalid proof of work
Mining block at height 1...
✓ Found nonce: 51915
Failed to process block: invalid proof of work
Mining block at height 1...
✓ Found nonce: 4030
Failed to process block: invalid proof of work
Mining block at height 1...
✓ Found nonce: 146913
Failed to process block: invalid proof of work
Mining block at height 1...
✓ Found nonce: 54261
Failed to process block: invalid proof of work
Mining block at height 1...
✓ Found nonce: 37721
Failed to process block: invalid proof of work
Mining block at height 1...
✓ Found nonce: 57418
Failed to process block: invalid proof of work
Mining block at height 1...
✓ Found nonce: 44670
Failed to process block: invalid proof of work
Mining block at height 1...
✓ Found nonce: 144158
Failed to process block: invalid proof of work
Mining block at height 1...
✓ Found nonce: 110833
Failed to process block: invalid proof of work
Mining block at height 1...
✓ Found nonce: 59133
Failed to process block: invalid proof of work
Mining block at height 1...
✓ Found nonce: 65950
Failed to process block: invalid proof of work
Mining block at height 1...
✓ Found nonce: 153299
Failed to process block: invalid proof of work
Mining block at height 1...
✓ Found nonce: 77234
Failed to process block: invalid proof of work
Mining block at height 1...
✓ Found nonce: 25924
Failed to process block: invalid proof of work
Mining block at height 1...
✓ Found nonce: 10367
Failed to process block: invalid proof of work
Mining block at height 1...
✓ Found nonce: 61731
Failed to process block: invalid proof of work
Mining block at height 1...
✓ Found nonce: 5644
Failed to process block: invalid proof of work
Mining block at height 1...
✓ Found nonce: 71161
Failed to process block: invalid proof of work
Mining block at height 1...
✓ Found nonce: 12730
Failed to process block: invalid proof of work
Mining block at height 1...
✓ Found nonce: 43724
Failed to process block: invalid proof of work
Mining block at height 1...
✓ Found nonce: 13897
Failed to process block: invalid proof of work
Mining block at height 1...
✓ Found nonce: 12841
Failed to process block: invalid proof of work
Mining block at height 1...
✓ Found nonce: 62493
Failed to process block: invalid proof of work
Mining block at height 1...
✓ Found nonce: 171545
Failed to process block: invalid proof of work
Mining block at height 1...
✓ Found nonce: 17333
Failed to process block: invalid proof of work
Mining block at height 1...
✓ Found nonce: 3407
Failed to process block: invalid proof of work
Mining block at height 1...
✓ Found nonce: 41210
Failed to process block: invalid proof of work
Mining block at height 1...
✓ Found nonce: 97576
Failed to process block: invalid proof of work
Mining block at height 1...
✓ Found nonce: 53434
Failed to process block: invalid proof of work
Mining block at height 1...
✓ Found nonce: 3677
Failed to process block: invalid proof of work
Mining block at height 1...
✓ Found nonce: 193724
Failed to process block: invalid proof of work
Mining block at height 1...
✓ Found nonce: 3929
Failed to process block: invalid proof of work
Mining block at height 1...
✓ Found nonce: 1750
Failed to process block: invalid proof of work
Mining block at height 1...
✓ Found nonce: 164800
Failed to process block: invalid proof of work
Mining block at height 1...
✓ Found nonce: 62442
Failed to process block: invalid proof of work
Mining block at height 1...
✓ Found nonce: 73441
Failed to process block: invalid proof of work
Mining block at height 1...
✓ Found nonce: 103498
Failed to process block: invalid proof of work
Mining block at height 1...
✓ Found nonce: 9201
Failed to process block: invalid proof of work
Mining block at height 1...
✓ Found nonce: 107268
Failed to process block: invalid proof of work
Mining block at height 1...
✓ Found nonce: 245186
Failed to process block: invalid proof of work
Mining block at height 1...
✓ Found nonce: 30300
Failed to process block: invalid proof of work
Mining block at height 1...
✓ Found nonce: 52138
Failed to process block: invalid proof of work
Mining block at height 1...
✓ Found nonce: 39804
Failed to process block: invalid proof of work
Mining block at height 1...
✓ Found nonce: 18032
Failed to process block: invalid proof of work
Mining block at height 1...
✓ Found nonce: 123525
Failed to process block: invalid proof of work
Mining block at height 1...
✓ Found nonce: 10208
Failed to process block: invalid proof of work
Mining block at height 1...
✓ Found nonce: 2280
Failed to process block: invalid proof of work
Mining block at height 1...
✓ Found nonce: 105031
Failed to process block: invalid proof of work
Mining block at height 1...
✓ Found nonce: 117513
Failed to process block: invalid proof of work
Mining block at height 1...
✓ Found nonce: 31596
Failed to process block: invalid proof of work
Mining block at height 1...
✓ Found nonce: 14265
Failed to process block: invalid proof of work
Mining block at height 1...
✓ Found nonce: 15631
Failed to process block: invalid proof of work
Mining block at height 1...
✓ Found nonce: 81568
Failed to process block: invalid proof of work
Mining block at height 1...
✓ Found nonce: 77639
Failed to process block: invalid proof of work
Mining block at height 1...
✓ Found nonce: 196099
Failed to process block: invalid proof of work
Mining block at height 1...
✓ Found nonce: 40833
Failed to process block: invalid proof of work
Mining block at height 1...
✓ Found nonce: 32799
Failed to process block: invalid proof of work
Mining block at height 1...
✓ Found nonce: 95447
Failed to process block: invalid proof of work
Mining block at height 1...
✓ Found nonce: 47175
Failed to process block: invalid proof of work
Mining block at height 1...
✓ Found nonce: 138273
Failed to process block: invalid proof of work
Mining block at height 1...
✓ Found nonce: 5073
Failed to process block: invalid proof of work
Mining block at height 1...
✓ Found nonce: 65529
Failed to process block: invalid proof of work
Mining block at height 1...
✓ Found nonce: 79458
Failed to process block: invalid proof of work
Mining block at height 1...
✓ Found nonce: 51319
Failed to process block: invalid proof of work
Mining block at height 1...
✓ Found nonce: 5624
Failed to process block: invalid proof of work
Mining block at height 1...
✓ Found nonce: 143491
Failed to process block: invalid proof of work
Mining block at height 1...
✓ Found nonce: 129344
Failed to process block: invalid proof of work
Mining block at height 1...
✓ Found nonce: 50981
Failed to process block: invalid proof of work
Mining block at height 1...
✓ Found nonce: 3592
Failed to process block: invalid proof of work
Mining block at height 1...
✓ Found nonce: 1810
Failed to process block: invalid proof of work
Mining block at height 1...
✓ Found nonce: 285410
Failed to process block: invalid proof of work
Mining block at height 1...
✓ Found nonce: 74026
Failed to process block: invalid proof of work
Mining block at height 1...
✓ Found nonce: 40685
Failed to process block: invalid proof of work
Mining block at height 1...
✓ Found nonce: 9328
Failed to process block: invalid proof of work
Mining block at height 1...
✓ Found nonce: 2532
Failed to process block: invalid proof of work
Mining block at height 1...
✓ Found nonce: 47684
Failed to process block: invalid proof of work
Mining block at height 1...
✓ Found nonce: 44326
Failed to process block: invalid proof of work
Mining block at height 1...
✓ Found nonce: 40715
Failed to process block: invalid proof of work
Mining block at height 1...
✓ Found nonce: 49538
Failed to process block: invalid proof of work
Mining block at height 1...
✓ Found nonce: 86183
Failed to process block: invalid proof of work
Mining block at height 1...
✓ Found nonce: 38400
Failed to process block: invalid proof of work
Mining block at height 1...
✓ Found nonce: 55551
Failed to process block: invalid proof of work
Mining block at height 1...
✓ Found nonce: 60764
Failed to process block: invalid proof of work
Mining block at height 1...
✓ Found nonce: 117916
Failed to process block: invalid proof of work
Mining block at height 1...
✓ Found nonce: 6601
Failed to process block: invalid proof of work
Mining block at height 1...
✓ Found nonce: 915
Failed to process block: invalid proof of work
Mining block at height 1...
✓ Found nonce: 1741
Failed to process block: invalid proof of work
Mining block at height 1...
✓ Found nonce: 89173
Failed to process block: invalid proof of work
Mining block at height 1...
✓ Found nonce: 163813
Failed to process block: invalid proof of work
Mining block at height 1...
✓ Found nonce: 41296
Failed to process block: invalid proof of work
Mining block at height 1...
✓ Found nonce: 48998
Failed to process block: invalid proof of work
Mining block at height 1...
✓ Found nonce: 196634
Failed to process block: invalid proof of work
Mining block at height 1...
✓ Found nonce: 7293
Failed to process block: invalid proof of work
Mining block at height 1...
✓ Found nonce: 25294
Failed to process block: invalid proof of work
Mining block at height 1...
✓ Found nonce: 112846
Failed to process block: invalid proof of work
Mining block at height 1...
✓ Found nonce: 112643
Failed to process block: invalid proof of work
Mining block at height 1...
✓ Found nonce: 403
Failed to process block: invalid proof of work
Mining block at height 1...
✓ Found nonce: 3786
Failed to process block: invalid proof of work
Mining block at height 1...
✓ Found nonce: 15351
Failed to process block: invalid proof of work
Mining block at height 1...
✓ Found nonce: 102356
Failed to process block: invalid proof of work
Mining block at height 1...
✓ Found nonce: 29204
Failed to process block: invalid proof of work
Mining block at height 1...
✓ Found nonce: 19363
Failed to process block: invalid proof of work
Mining block at height 1...
✓ Found nonce: 288162
Failed to process block: invalid proof of work
Mining block at height 1...
✓ Found nonce: 4900
Failed to process block: invalid proof of work
Mining block at height 1...
✓ Found nonce: 104051
Failed to process block: invalid proof of work
Mining block at height 1...
✓ Found nonce: 1720
Failed to process block: invalid proof of work
Mining block at height 1...
✓ Found nonce: 130926
Failed to process block: invalid proof of work
Mining block at height 1...
✓ Found nonce: 29857
Failed to process block: invalid proof of work
Mining block at height 1...
✓ Found nonce: 64797
Failed to process block: invalid proof of work
Mining block at height 1...
✓ Found nonce: 86736
Failed to process block: invalid proof of work
Mining block at height 1...
✓ Found nonce: 40555
Failed to process block: invalid proof of work
Mining block at height 1...
✓ Found nonce: 54171
Failed to process block: invalid proof of work
Mining block at height 1...
✓ Found nonce: 22774
Failed to process block: invalid proof of work
Mining block at height 1...
✓ Found nonce: 153292
Failed to process block: invalid proof of work
Mining block at height 1...
✓ Found nonce: 109614
Failed to process block: invalid proof of work
Mining block at height 1...
✓ Found nonce: 49622
Failed to process block: invalid proof of work
Mining block at height 1...
✓ Found nonce: 15499
Failed to process block: invalid proof of work
Mining block at height 1...
✓ Found nonce: 3037
Failed to process block: invalid proof of work
Mining block at height 1...
✓ Found nonce: 109730
Failed to process block: invalid proof of work
Mining block at height 1...
✓ Found nonce: 22559
Failed to process block: invalid proof of work
Mining block at height 1...
✓ Found nonce: 43390
Failed to process block: invalid proof of work
Mining block at height 1...
✓ Found nonce: 975
Failed to process block: invalid proof of work
Mining block at height 1...
✓ Found nonce: 124229
Failed to process block: invalid proof of work
Mining block at height 1...
✓ Found nonce: 116915
Failed to process block: invalid proof of work
Mining block at height 1...
✓ Found nonce: 177873
Failed to process block: invalid proof of work
Mining block at height 1...
✓ Found nonce: 8058
Failed to process block: invalid proof of work
Mining block at height 1...
✓ Found nonce: 29353
Failed to process block: invalid proof of work
Mining block at height 1...
✓ Found nonce: 40258
Failed to process block: invalid proof of work
Mining block at height 1...
✓ Found nonce: 100378
Failed to process block: invalid proof of work
Mining block at height 1...
✓ Found nonce: 61890
Failed to process block: invalid proof of work
Mining block at height 1...
✓ Found nonce: 3284
Failed to process block: invalid proof of work
Mining block at height 1...
✓ Found nonce: 124548
Failed to process block: invalid proof of work
Mining block at height 1...
✓ Found nonce: 57563
Failed to process block: invalid proof of work
Mining block at height 1...
✓ Found nonce: 67542
Failed to process block: invalid proof of work
Mining block at height 1...
✓ Found nonce: 20113
Failed to process block: invalid proof of work
Mining block at height 1...
✓ Found nonce: 192024
Failed to process block: invalid proof of work
Mining block at height 1...
✓ Found nonce: 50498
Failed to process block: invalid proof of work
Mining block at height 1...
✓ Found nonce: 31906
Failed to process block: invalid proof of work
Mining block at height 1...
✓ Found nonce: 99762
Failed to process block: invalid proof of work
Mining block at height 1...
✓ Found nonce: 22272
Failed to process block: invalid proof of work
Mining block at height 1...
✓ Found nonce: 4779
Failed to process block: invalid proof of work
Mining block at height 1...
✓ Found nonce: 99927
Failed to process block: invalid proof of work
Mining block at height 1...
✓ Found nonce: 121883
Failed to process block: invalid proof of work
Mining block at height 1...
✓ Found nonce: 226979
Failed to process block: invalid proof of work
Mining block at height 1...
✓ Found nonce: 129694
Failed to process block: invalid proof of work
Mining block at height 1...
✓ Found nonce: 76850
Failed to process block: invalid proof of work
Mining block at height 1...
✓ Found nonce: 46716
Failed to process block: invalid proof of work
Mining block at height 1...
✓ Found nonce: 218069
Failed to process block: invalid proof of work
Mining block at height 1...
✓ Found nonce: 24581
Failed to process block: invalid proof of work
Mining block at height 1...
✓ Found nonce: 43830
Failed to process block: invalid proof of work
Mining block at height 1...
✓ Found nonce: 34692
Failed to process block: invalid proof of work
Mining block at height 1...
✓ Found nonce: 28570
Failed to process block: invalid proof of work
Mining block at height 1...
✓ Found nonce: 65418
Failed to process block: invalid proof of work
Mining block at height 1...
✓ Found nonce: 129047
Failed to process block: invalid proof of work
Mining block at height 1...
✓ Found nonce: 6020
Failed to process block: invalid proof of work
Mining block at height 1...
✓ Found nonce: 150664
Failed to process block: invalid proof of work
Mining block at height 1...
✓ Found nonce: 7639
Failed to process block: invalid proof of work
Mining block at height 1...
✓ Found nonce: 109439
Failed to process block: invalid proof of work
Mining block at height 1...
✓ Found nonce: 13821
Failed to process block: invalid proof of work
Mining block at height 1...
✓ Found nonce: 26551
Failed to process block: invalid proof of work
Mining block at height 1...
✓ Found nonce: 28023
Failed to process block: invalid proof of work
Mining block at height 1...
✓ Found nonce: 256110
Failed to process block: invalid proof of work
Mining block at height 1...
✓ Found nonce: 77390
Failed to process block: invalid proof of work
Mining block at height 1...
✓ Found nonce: 5638
Failed to process block: invalid proof of work
Mining block at height 1...
✓ Found nonce: 128146
Failed to process block: invalid proof of work
Mining block at height 1...
✓ Found nonce: 95175
Failed to process block: invalid proof of work
Mining block at height 1...
✓ Found nonce: 51047
Failed to process block: invalid proof of work
Mining block at height 1...
✓ Found nonce: 5189
Failed to process block: invalid proof of work
Mining block at height 1...
✓ Found nonce: 96150
Failed to process block: invalid proof of work
Mining block at height 1...
✓ Found nonce: 133912
Failed to process block: invalid proof of work
Mining block at height 1...
✓ Found nonce: 89873
Failed to process block: invalid proof of work
Mining block at height 1...
✓ Found nonce: 1396
Failed to process block: invalid proof of work
Mining block at height 1...
✓ Found nonce: 51894
Failed to process block: invalid proof of work
Mining block at height 1...
✓ Found nonce: 199948
Failed to process block: invalid proof of work
Mining block at height 1...
✓ Found nonce: 29414
Failed to process block: invalid proof of work
Mining block at height 1...
✓ Found nonce: 37974
Failed to process block: invalid proof of work
Mining block at height 1...
✓ Found nonce: 91015
Failed to process block: invalid proof of work
Mining block at height 1...
✓ Found nonce: 11715
Failed to process block: invalid proof of work
Mining block at height 1...
✓ Found nonce: 79926
Failed to process block: invalid proof of work
Mining block at height 1...
✓ Found nonce: 43341
Failed to process block: invalid proof of work
Mining block at height 1...
✓ Found nonce: 76525
Failed to process block: invalid proof of work
Mining block at height 1...
✓ Found nonce: 13515
Failed to process block: invalid proof of work
Mining block at height 1...
✓ Found nonce: 147296
Failed to process block: invalid proof of work
Mining block at height 1...
✓ Found nonce: 47574
Failed to process block: invalid proof of work
Mining block at height 1...
✓ Found nonce: 22531
Failed to process block: invalid proof of work
Mining block at height 1...
✓ Found nonce: 243179
Failed to process block: invalid proof of work
Mining block at height 1...
✓ Found nonce: 99988
Failed to process block: invalid proof of work
Mining block at height 1...
✓ Found nonce: 35372
Failed to process block: invalid proof of work
Mining block at height 1...
✓ Found nonce: 93731
Failed to process block: invalid proof of work
Mining block at height 1...
✓ Found nonce: 70968
Failed to process block: invalid proof of work
Mining block at height 1...
✓ Found nonce: 11614
Failed to process block: invalid proof of work
Mining block at height 1...
✓ Found nonce: 49737
Failed to process block: invalid proof of work
Mining block at height 1...
✓ Found nonce: 16979
Failed to process block: invalid proof of work
Mining block at height 1...
✓ Found nonce: 102350
Failed to process block: invalid proof of work
Mining block at height 1...
✓ Found nonce: 94065
Failed to process block: invalid proof of work
Mining block at height 1...
✓ Found nonce: 115448
Failed to process block: invalid proof of work
Mining block at height 1...
✓ Found nonce: 3390
Failed to process block: invalid proof of work
Mining block at height 1...
✓ Found nonce: 215121
Failed to process block: invalid proof of work
Mining block at height 1...
✓ Found nonce: 74529
Failed to process block: invalid proof of work
Mining block at height 1...
✓ Found nonce: 5936
Failed to process block: invalid proof of work
Mining block at height 1...
✓ Found nonce: 293
Failed to process block: invalid proof of work
Mining block at height 1...
✓ Found nonce: 29494
Failed to process block: invalid proof of work
Mining block at height 1...
✓ Found nonce: 136521
Failed to process block: invalid proof of work
Mining block at height 1...
✓ Found nonce: 34912
Failed to process block: invalid proof of work
Mining block at height 1...
✓ Found nonce: 43277
Failed to process block: invalid proof of work
Mining block at height 1...
✓ Found nonce: 92461
Failed to process block: invalid proof of work
Mining block at height 1...
✓ Found nonce: 144954
Failed to process block: invalid proof of work
Mining block at height 1...
✓ Found nonce: 5340
Failed to process block: invalid proof of work
Mining block at height 1...
✓ Found nonce: 15583
Failed to process block: invalid proof of work
Mining block at height 1...
✓ Found nonce: 48037
Failed to process block: invalid proof of work
Mining block at height 1...
✓ Found nonce: 95854
Failed to process block: invalid proof of work
Mining block at height 1...
✓ Found nonce: 92071
Failed to process block: invalid proof of work
Mining block at height 1...
✓ Found nonce: 65425
Failed to process block: invalid proof of work
Mining block at height 1...
✓ Found nonce: 30859
Failed to process block: invalid proof of work
Mining block at height 1...
✓ Found nonce: 52643
Failed to process block: invalid proof of work
Mining block at height 1...
✓ Found nonce: 5337
Failed to process block: invalid proof of work
Mining block at height 1...
✓ Found nonce: 1381
Failed to process block: invalid proof of work
Mining block at height 1...
✓ Found nonce: 64973
Failed to process block: invalid proof of work
Mining block at height 1...
✓ Found nonce: 734
Failed to process block: invalid proof of work
Mining block at height 1...
✓ Found nonce: 1972
Failed to process block: invalid proof of work
Mining block at height 1...
✓ Found nonce: 41872
Failed to process block: invalid proof of work
Mining block at height 1...
✓ Found nonce: 52411
Failed to process block: invalid proof of work
Mining block at height 1...
✓ Found nonce: 8335
Failed to process block: invalid proof of work
Mining block at height 1...
✓ Found nonce: 25152
Failed to process block: invalid proof of work
Mining block at height 1...
✓ Found nonce: 39793
Failed to process block: invalid proof of work
Mining block at height 1...
✓ Found nonce: 32799
Failed to process block: invalid proof of work
Mining block at height 1...
✓ Found nonce: 24544
Failed to process block: invalid proof of work
Mining block at height 1...
✓ Found nonce: 3113
Failed to process block: invalid proof of work
Mining block at height 1...
✓ Found nonce: 63709
Failed to process block: invalid proof of work
Mining block at height 1...
✓ Found nonce: 95626
Failed to process block: invalid proof of work
Mining block at height 1...
✓ Found nonce: 8116
Failed to process block: invalid proof of work
Mining block at height 1...
✓ Found nonce: 189281
Failed to process block: invalid proof of work
Mining block at height 1...
✓ Found nonce: 2029
Failed to process block: invalid proof of work
Mining block at height 1...
✓ Found nonce: 126887
Failed to process block: invalid proof of work
Mining block at height 1...
✓ Found nonce: 142530
Failed to process block: invalid proof of work
Mining block at height 1...
✓ Found nonce: 61479
Failed to process block: invalid proof of work
Mining block at height 1...
✓ Found nonce: 78635
Failed to process block: invalid proof of work
Mining block at height 1...
✓ Found nonce: 23980
Failed to process block: invalid proof of work
Mining block at height 1...
✓ Found nonce: 32671
Failed to process block: invalid proof of work
Mining block at height 1...
✓ Found nonce: 19670
Failed to process block: invalid proof of work
Mining block at height 1...
✓ Found nonce: 31163
Failed to process block: invalid proof of work
Mining block at height 1...
✓ Found nonce: 44738
Failed to process block: invalid proof of work
Mining block at height 1...
✓ Found nonce: 20665
Failed to process block: invalid proof of work
Mining block at height 1...
✓ Found nonce: 67327
Failed to process block: invalid proof of work
Mining block at height 1...
✓ Found nonce: 46327
Failed to process block: invalid proof of work
Mining block at height 1...
✓ Found nonce: 113717
Failed to process block: invalid proof of work
Mining block at height 1...
✓ Found nonce: 16440
Failed to process block: invalid proof of work
Mining block at height 1...
✓ Found nonce: 64597
Failed to process block: invalid proof of work
Mining block at height 1...
✓ Found nonce: 40350
Failed to process block: invalid proof of work
Mining block at height 1...
✓ Found nonce: 8077
Failed to process block: invalid proof of work
Mining block at height 1...
✓ Found nonce: 64869
Failed to process block: invalid proof of work
Mining block at height 1...
✓ Found nonce: 23968
Failed to process block: invalid proof of work
Mining block at height 1...
✓ Found nonce: 8573
Failed to process block: invalid proof of work
Mining block at height 1...
✓ Found nonce: 13823
Failed to process block: invalid proof of work
Mining block at height 1...
✓ Found nonce: 11675
Failed to process block: invalid proof of work
Mining block at height 1...
✓ Found nonce: 50108
Failed to process block: invalid proof of work
Mining block at height 1...
✓ Found nonce: 24951
Failed to process block: invalid proof of work
Mining block at height 1...
✓ Found nonce: 355894
Failed to process block: invalid proof of work
Mining block at height 1...
✓ Found nonce: 127602
Failed to process block: invalid proof of work
Mining block at height 1...
✓ Found nonce: 123654
Failed to process block: invalid proof of work
Mining block at height 1...
✓ Found nonce: 238796
Failed to process block: invalid proof of work
Mining block at height 1...
✓ Found nonce: 29082
Failed to process block: invalid proof of work
Mining block at height 1...
✓ Found nonce: 33213
Failed to process block: invalid proof of work
Mining block at height 1...
✓ Found nonce: 59604
Failed to process block: invalid proof of work
Mining block at height 1...
✓ Found nonce: 32369
Failed to process block: invalid proof of work
Mining block at height 1...
✓ Found nonce: 7575
Failed to process block: invalid proof of work
Mining block at height 1...
✓ Found nonce: 176428
Failed to process block: invalid proof of work
Mining block at height 1...
✓ Found nonce: 46784
Failed to process block: invalid proof of work
Mining block at height 1...
✓ Found nonce: 48094
Failed to process block: invalid proof of work
Mining block at height 1...
✓ Found nonce: 10005
Failed to process block: invalid proof of work
Mining block at height 1...
✓ Found nonce: 269509
Failed to process block: invalid proof of work
Mining block at height 1...
✓ Found nonce: 99320
Failed to process block: invalid proof of work
Mining block at height 1...
✓ Found nonce: 15170
Failed to process block: invalid proof of work
Mining block at height 1...
✓ Found nonce: 45656
Failed to process block: invalid proof of work
Mining block at height 1...
✓ Found nonce: 265079
Failed to process block: invalid proof of work
Mining block at height 1...
✓ Found nonce: 11232
Failed to process block: invalid proof of work
Mining block at height 1...
✓ Found nonce: 13914
Failed to process block: invalid proof of work
Mining block at height 1...
✓ Found nonce: 22451
Failed to process block: invalid proof of work
Mining block at height 1...
✓ Found nonce: 15067
Failed to process block: invalid proof of work
Mining block at height 1...
✓ Found nonce: 78897
Failed to process block: invalid proof of work
Mining block at height 1...
✓ Found nonce: 13419
Failed to process block: invalid proof of work
Mining block at height 1...
✓ Found nonce: 102097
Failed to process block: invalid proof of work
Mining block at height 1...
✓ Found nonce: 10420
Failed to process block: invalid proof of work
Mining block at height 1...
✓ Found nonce: 39905
Failed to process block: invalid proof of work
Mining block at height 1...
✓ Found nonce: 11385
Failed to process block: invalid proof of work
Mining block at height 1...
✓ Found nonce: 82376
Failed to process block: invalid proof of work
Mining block at height 1...
✓ Found nonce: 41923
Failed to process block: invalid proof of work
Mining block at height 1...
✓ Found nonce: 38961
Failed to process block: invalid proof of work
Mining block at height 1...
✓ Found nonce: 49422
Failed to process block: invalid proof of work
Mining block at height 1...
✓ Found nonce: 33656
Failed to process block: invalid proof of work
Mining block at height 1...
✓ Found nonce: 4764
Failed to process block: invalid proof of work
Mining block at height 1...
✓ Found nonce: 11061
Failed to process block: invalid proof of work
Mining block at height 1...
✓ Found nonce: 121592
Failed to process block: invalid proof of work
Mining block at height 1...
✓ Found nonce: 30082
Failed to process block: invalid proof of work
Mining block at height 1...
✓ Found nonce: 23508
Failed to process block: invalid proof of work
Mining block at height 1...
✓ Found nonce: 31355
Failed to process block: invalid proof of work
Mining block at height 1...
✓ Found nonce: 84055
Failed to process block: invalid proof of work
Mining block at height 1...
✓ Found nonce: 26246
Failed to process block: invalid proof of work
Mining block at height 1...
✓ Found nonce: 4487
Failed to process block: invalid proof of work
Mining block at height 1...
✓ Found nonce: 56132
Failed to process block: invalid proof of work
Mining block at height 1...
✓ Found nonce: 42028
Failed to process block: invalid proof of work
Mining block at height 1...
✓ Found nonce: 77900
Failed to process block: invalid proof of work
Mining block at height 1...
✓ Found nonce: 390097
Failed to process block: invalid proof of work
Mining block at height 1...
✓ Found nonce: 62151
Failed to process block: invalid proof of work
Mining block at height 1...
✓ Found nonce: 45507
Failed to process block: invalid proof of work
Mining block at height 1...
✓ Found nonce: 232099
Failed to process block: invalid proof of work
Mining block at height 1...
✓ Found nonce: 23264
Failed to process block: invalid proof of work
Mining block at height 1...
✓ Found nonce: 153034
Failed to process block: invalid proof of work
Mining block at height 1...
✓ Found nonce: 37221
Failed to process block: invalid proof of work
Mining block at height 1...
✓ Found nonce: 7344
Failed to process block: invalid proof of work
Mining block at height 1...
✓ Found nonce: 74365
Failed to process block: invalid proof of work
Mining block at height 1...
✓ Found nonce: 44574
Failed to process block: invalid proof of work
Mining block at height 1...
✓ Found nonce: 229517
Failed to process block: invalid proof of work
Mining block at height 1...
✓ Found nonce: 2295
Failed to process block: invalid proof of work
Mining block at height 1...
✓ Found nonce: 32427
Failed to process block: invalid proof of work
Mining block at height 1...
✓ Found nonce: 5528
Failed to process block: invalid proof of work
Mining block at height 1...
✓ Found nonce: 1812
Failed to process block: invalid proof of work
Mining block at height 1...
✓ Found nonce: 6437
Failed to process block: invalid proof of work
Mining block at height 1...
✓ Found nonce: 17529
Failed to process block: invalid proof of work
Mining block at height 1...
✓ Found nonce: 85953
Failed to process block: invalid proof of work
Mining block at height 1...
✓ Found nonce: 117268
Failed to process block: invalid proof of work
Mining block at height 1...
✓ Found nonce: 97217
Failed to process block: invalid proof of work
Mining block at height 1...
✓ Found nonce: 34870
Failed to process block: invalid proof of work
Mining block at height 1...
✓ Found nonce: 17128
Failed to process block: invalid proof of work
Mining block at height 1...
✓ Found nonce: 10131
Failed to process block: invalid proof of work
Mining block at height 1...
✓ Found nonce: 25563
Failed to process block: invalid proof of work
Mining block at height 1...
✓ Found nonce: 18456
Failed to process block: invalid proof of work
Mining block at height 1...
✓ Found nonce: 41687
Failed to process block: invalid proof of work
Mining block at height 1...
✓ Found nonce: 64287
Failed to process block: invalid proof of work
Mining block at height 1...
✓ Found nonce: 37645
Failed to process block: invalid proof of work
Mining block at height 1...
✓ Found nonce: 45070
Failed to process block: invalid proof of work
Mining block at height 1...
✓ Found nonce: 78561
Failed to process block: invalid proof of work
Mining block at height 1...
✓ Found nonce: 113208
Failed to process block: invalid proof of work
Mining block at height 1...
✓ Found nonce: 9701
Failed to process block: invalid proof of work
Mining block at height 1...
✓ Found nonce: 7786
Failed to process block: invalid proof of work
Mining block at height 1...
✓ Found nonce: 13662
Failed to process block: invalid proof of work
Mining block at height 1...
✓ Found nonce: 180249
Failed to process block: invalid proof of work
Mining block at height 1...
✓ Found nonce: 202088
Failed to process block: invalid proof of work
Mining block at height 1...
✓ Found nonce: 73898
Failed to process block: invalid proof of work
Mining block at height 1...
✓ Found nonce: 30971
Failed to process block: invalid proof of work
Mining block at height 1...
✓ Found nonce: 170509
Failed to process block: invalid proof of work
Mining block at height 1...
✓ Found nonce: 79230
Failed to process block: invalid proof of work
Mining block at height 1...
✓ Found nonce: 11175
Failed to process block: invalid proof of work
Mining block at height 1...
✓ Found nonce: 2483
Failed to process block: invalid proof of work
Mining block at height 1...
✓ Found nonce: 94895
Failed to process block: invalid proof of work
Mining block at height 1...
✓ Found nonce: 279
Failed to process block: invalid proof of work
Mining block at height 1...
✓ Found nonce: 26694
Failed to process block: invalid proof of work
Mining block at height 1...
✓ Found nonce: 4969
Failed to process block: invalid proof of work
Mining block at height 1...
✓ Found nonce: 30789
Failed to process block: invalid proof of work
Mining block at height 1...
✓ Found nonce: 143287
Failed to process block: invalid proof of work
Mining block at height 1...
✓ Found nonce: 21082
Failed to process block: invalid proof of work
Mining block at height 1...
✓ Found nonce: 64292
Failed to process block: invalid proof of work
Mining block at height 1...
✓ Found nonce: 97484
Failed to process block: invalid proof of work
Mining block at height 1...
✓ Found nonce: 171257
Failed to process block: invalid proof of work
Mining block at height 1...
✓ Found nonce: 143709
Failed to process block: invalid proof of work
Mining block at height 1...
✓ Found nonce: 2870
Failed to process block: invalid proof of work
Mining block at height 1...
✓ Found nonce: 55102
Failed to process block: invalid proof of work
Mining block at height 1...
✓ Found nonce: 47725
Failed to process block: invalid proof of work
Mining block at height 1...
✓ Found nonce: 30161
Failed to process block: invalid proof of work
Mining block at height 1...
✓ Found nonce: 59554
Failed to process block: invalid proof of work
Mining block at height 1...
✓ Found nonce: 268541
Failed to process block: invalid proof of work
Mining block at height 1...
✓ Found nonce: 23836
Failed to process block: invalid proof of work
Mining block at height 1...
✓ Found nonce: 102549
Failed to process block: invalid proof of work
Mining block at height 1...
✓ Found nonce: 896
Failed to process block: invalid proof of work
Mining block at height 1...
✓ Found nonce: 121038
Failed to process block: invalid proof of work
Mining block at height 1...
✓ Found nonce: 56518
Failed to process block: invalid proof of work
Mining block at height 1...
✓ Found nonce: 18234
Failed to process block: invalid proof of work
Mining block at height 1...
✓ Found nonce: 89967
Failed to process block: invalid proof of work
Mining block at height 1...
✓ Found nonce: 95138
Failed to process block: invalid proof of work
Mining block at height 1...
✓ Found nonce: 78013
Failed to process block: invalid proof of work
Mining block at height 1...
✓ Found nonce: 49544
Failed to process block: invalid proof of work
Mining block at height 1...
✓ Found nonce: 42178
Failed to process block: invalid proof of work
Mining block at height 1...
✓ Found nonce: 58925
Failed to process block: invalid proof of work
Mining block at height 1...
✓ Found nonce: 132203
Failed to process block: invalid proof of work
Mining block at height 1...
✓ Found nonce: 176645
Failed to process block: invalid proof of work
Mining block at height 1...
✓ Found nonce: 38987
Failed to process block: invalid proof of work
Mining block at height 1...
✓ Found nonce: 36000
Failed to process block: invalid proof of work
Mining block at height 1...
✓ Found nonce: 9228
Failed to process block: invalid proof of work
Mining block at height 1...
✓ Found nonce: 18568
Failed to process block: invalid proof of work
Mining block at height 1...
✓ Found nonce: 73813
Failed to process block: invalid proof of work
Mining block at height 1...
✓ Found nonce: 3341
Failed to process block: invalid proof of work
Mining block at height 1...
✓ Found nonce: 39598
Failed to process block: invalid proof of work
Mining block at height 1...
✓ Found nonce: 155926
Failed to process block: invalid proof of work
Mining block at height 1...
✓ Found nonce: 116199
Failed to process block: invalid proof of work
Mining block at height 1...
✓ Found nonce: 11511
Failed to process block: invalid proof of work
Mining block at height 1...
✓ Found nonce: 114053
Failed to process block: invalid proof of work
Mining block at height 1...
✓ Found nonce: 90576
Failed to process block: invalid proof of work
Mining block at height 1...
✓ Found nonce: 318578
Failed to process block: invalid proof of work
Mining block at height 1...
✓ Found nonce: 59117
Failed to process block: invalid proof of work
Mining block at height 1...
✓ Found nonce: 8261
Failed to process block: invalid proof of work
Mining block at height 1...
✓ Found nonce: 54915
Failed to process block: invalid proof of work
Mining block at height 1...
✓ Found nonce: 45375
Failed to process block: invalid proof of work
Mining block at height 1...
✓ Found nonce: 90807
Failed to process block: invalid proof of work
Mining block at height 1...
✓ Found nonce: 101720
Failed to process block: invalid proof of work
Mining block at height 1...
✓ Found nonce: 114301
Failed to process block: invalid proof of work
Mining block at height 1...
✓ Found nonce: 374406
Failed to process block: invalid proof of work
Mining block at height 1...
✓ Found nonce: 34895
Failed to process block: invalid proof of work
Mining block at height 1...
✓ Found nonce: 48618
Failed to process block: invalid proof of work
Mining block at height 1...
✓ Found nonce: 5759
Failed to process block: invalid proof of work
Mining block at height 1...
✓ Found nonce: 128190
Failed to process block: invalid proof of work
Mining block at height 1...
✓ Found nonce: 10691
Failed to process block: invalid proof of work
Mining block at height 1...
✓ Found nonce: 3799
Failed to process block: invalid proof of work
Mining block at height 1...
✓ Found nonce: 148089
Failed to process block: invalid proof of work
Mining block at height 1...
✓ Found nonce: 233547
Failed to process block: invalid proof of work
Mining block at height 1...
✓ Found nonce: 18577
Failed to process block: invalid proof of work
Mining block at height 1...
✓ Found nonce: 57904
Failed to process block: invalid proof of work
Mining block at height 1...
✓ Found nonce: 164144
Failed to process block: invalid proof of work
Mining block at height 1...
✓ Found nonce: 15532
Failed to process block: invalid proof of work
Mining block at height 1...
✓ Found nonce: 46176
Failed to process block: invalid proof of work
Mining block at height 1...
✓ Found nonce: 7658
Failed to process block: invalid proof of work
Mining block at height 1...
✓ Found nonce: 22560
Failed to process block: invalid proof of work
Mining block at height 1...
✓ Found nonce: 390142
Failed to process block: invalid proof of work
Mining block at height 1...
✓ Found nonce: 258855
Failed to process block: invalid proof of work
Mining block at height 1...
✓ Found nonce: 27898
Failed to process block: invalid proof of work
Mining block at height 1...
✓ Found nonce: 22388
Failed to process block: invalid proof of work
Mining block at height 1...
✓ Found nonce: 143630
Failed to process block: invalid proof of work
Mining block at height 1...
✓ Found nonce: 78062
Failed to process block: invalid proof of work
Mining block at height 1...
✓ Found nonce: 212698
Failed to process block: invalid proof of work
Mining block at height 1...
✓ Found nonce: 11009
Failed to process block: invalid proof of work
Mining block at height 1...
✓ Found nonce: 212694
Failed to process block: invalid proof of work
Mining block at height 1...
✓ Found nonce: 35187
Failed to process block: invalid proof of work
Mining block at height 1...
✓ Found nonce: 91246
Failed to process block: invalid proof of work
Mining block at height 1...
✓ Found nonce: 8656
Failed to process block: invalid proof of work
Mining block at height 1...
✓ Found nonce: 24547
Failed to process block: invalid proof of work
Mining block at height 1...
✓ Found nonce: 3118
Failed to process block: invalid proof of work
Mining block at height 1...
✓ Found nonce: 32572
Failed to process block: invalid proof of work
Mining block at height 1...
✓ Found nonce: 43170
Failed to process block: invalid proof of work
Mining block at height 1...
✓ Found nonce: 140709
Failed to process block: invalid proof of work
Mining block at height 1...
✓ Found nonce: 21033
Failed to process block: invalid proof of work
Mining block at height 1...
✓ Found nonce: 34394
Failed to process block: invalid proof of work
Mining block at height 1...
✓ Found nonce: 43950
Failed to process block: invalid proof of work
Mining block at height 1...
✓ Found nonce: 36131
Failed to process block: invalid proof of work
Mining block at height 1...
✓ Found nonce: 25388
Failed to process block: invalid proof of work
Mining block at height 1...
✓ Found nonce: 28606
Failed to process block: invalid proof of work
Mining block at height 1...
✓ Found nonce: 4823
Failed to process block: invalid proof of work
Mining block at height 1...
✓ Found nonce: 71774
Failed to process block: invalid proof of work
Mining block at height 1...
✓ Found nonce: 76136
Failed to process block: invalid proof of work
Mining block at height 1...
✓ Found nonce: 60635
Failed to process block: invalid proof of work
Mining block at height 1...
✓ Found nonce: 45108
Failed to process block: invalid proof of work
Mining block at height 1...
✓ Found nonce: 8095
Failed to process block: invalid proof of work
Mining block at height 1...
✓ Found nonce: 31805
Failed to process block: invalid proof of work
Mining block at height 1...
✓ Found nonce: 2103
Failed to process block: invalid proof of work
Mining block at height 1...
✓ Found nonce: 35812
Failed to process block: invalid proof of work
Mining block at height 1...
✓ Found nonce: 58402
Failed to process block: invalid proof of work
Mining block at height 1...
✓ Found nonce: 71433
Failed to process block: invalid proof of work
Mining block at height 1...
✓ Found nonce: 105902
Failed to process block: invalid proof of work
Mining block at height 1...
✓ Found nonce: 75966
Failed to process block: invalid proof of work
Mining block at height 1...
✓ Found nonce: 1396
Failed to process block: invalid proof of work
Mining block at height 1...
✓ Found nonce: 119547
Failed to process block: invalid proof of work
Mining block at height 1...
✓ Found nonce: 48397
Failed to process block: invalid proof of work
Mining block at height 1...
✓ Found nonce: 294190
Failed to process block: invalid proof of work
Mining block at height 1...
✓ Found nonce: 288564
Failed to process block: invalid proof of work
Mining block at height 1...
✓ Found nonce: 64689
Failed to process block: invalid proof of work
Mining block at height 1...
✓ Found nonce: 94743
Failed to process block: invalid proof of work
Mining block at height 1...
✓ Found nonce: 17323
Failed to process block: invalid proof of work
Mining block at height 1...
✓ Found nonce: 54587
Failed to process block: invalid proof of work
Mining block at height 1...
✓ Found nonce: 14369
Failed to process block: invalid proof of work
Mining block at height 1...
✓ Found nonce: 81123
Failed to process block: invalid proof of work
Mining block at height 1...
✓ Found nonce: 56372
Failed to process block: invalid proof of work
Mining block at height 1...
✓ Found nonce: 23954
Failed to process block: invalid proof of work
Mining block at height 1...
✓ Found nonce: 175648
Failed to process block: invalid proof of work
Mining block at height 1...
✓ Found nonce: 1099
Failed to process block: invalid proof of work
Mining block at height 1...
✓ Found nonce: 34376
Failed to process block: invalid proof of work
Mining block at height 1...
✓ Found nonce: 17884
Failed to process block: invalid proof of work
Mining block at height 1...
✓ Found nonce: 54644
Failed to process block: invalid proof of work
Mining block at height 1...
✓ Found nonce: 70696
Failed to process block: invalid proof of work
Mining block at height 1...
✓ Found nonce: 121224
Failed to process block: invalid proof of work
Mining block at height 1...
✓ Found nonce: 66953
Failed to process block: invalid proof of work
Mining block at height 1...
✓ Found nonce: 4296
Failed to process block: invalid proof of work
Mining block at height 1...
✓ Found nonce: 96516
Failed to process block: invalid proof of work
Mining block at height 1...
✓ Found nonce: 70400
Failed to process block: invalid proof of work
Mining block at height 1...
✓ Found nonce: 8353
Failed to process block: invalid proof of work
Mining block at height 1...
✓ Found nonce: 43959
Failed to process block: invalid proof of work
Mining block at height 1...
✓ Found nonce: 15544
Failed to process block: invalid proof of work
Mining block at height 1...
✓ Found nonce: 21053
Failed to process block: invalid proof of work
Mining block at height 1...
✓ Found nonce: 63951
Failed to process block: invalid proof of work
Mining block at height 1...
✓ Found nonce: 46742
Failed to process block: invalid proof of work
Mining block at height 1...
✓ Found nonce: 140709
Failed to process block: invalid proof of work
Mining block at height 1...
✓ Found nonce: 70769
Failed to process block: invalid proof of work
Mining block at height 1...
✓ Found nonce: 15516
Failed to process block: invalid proof of work
Mining block at height 1...
✓ Found nonce: 44037
Failed to process block: invalid proof of work
Mining block at height 1...
✓ Found nonce: 39746
Failed to process block: invalid proof of work
Mining block at height 1...
✓ Found nonce: 202329
Failed to process block: invalid proof of work
Mining block at height 1...
✓ Found nonce: 4758
Failed to process block: invalid proof of work
Mining block at height 1...
✓ Found nonce: 120295
Failed to process block: invalid proof of work
Mining block at height 1...
✓ Found nonce: 86029
Failed to process block: invalid proof of work
Mining block at height 1...
✓ Found nonce: 6011
Failed to process block: invalid proof of work
Mining block at height 1...
✓ Found nonce: 5331
Failed to process block: invalid proof of work
Mining block at height 1...
✓ Found nonce: 24364
Failed to process block: invalid proof of work
Mining block at height 1...
✓ Found nonce: 43327
Failed to process block: invalid proof of work
Mining block at height 1...
✓ Found nonce: 66902
Failed to process block: invalid proof of work
Mining block at height 1...
✓ Found nonce: 10472
Failed to process block: invalid proof of work
Mining block at height 1...
✓ Found nonce: 71516
Failed to process block: invalid proof of work
Mining block at height 1...
✓ Found nonce: 40956
Failed to process block: invalid proof of work
Mining block at height 1...
✓ Found nonce: 18252
Failed to process block: invalid proof of work
Mining block at height 1...
✓ Found nonce: 24577
Failed to process block: invalid proof of work
Mining block at height 1...
✓ Found nonce: 138220
Failed to process block: invalid proof of work
Mining block at height 1...
✓ Found nonce: 73693
Failed to process block: invalid proof of work
Mining block at height 1...
✓ Found nonce: 167073
Failed to process block: invalid proof of work
Mining block at height 1...
✓ Found nonce: 54978
Failed to process block: invalid proof of work
Mining block at height 1...
✓ Found nonce: 165761
Failed to process block: invalid proof of work
Mining block at height 1...
✓ Found nonce: 112998
Failed to process block: invalid proof of work
Mining block at height 1...
✓ Found nonce: 226216
Failed to process block: invalid proof of work
Mining block at height 1...
✓ Found nonce: 80873
Failed to process block: invalid proof of work
Mining block at height 1...
✓ Found nonce: 1044
Failed to process block: invalid proof of work
Mining block at height 1...
✓ Found nonce: 52324
Failed to process block: invalid proof of work
Mining block at height 1...
✓ Found nonce: 64370
Failed to process block: invalid proof of work
Mining block at height 1...
✓ Found nonce: 22241
Failed to process block: invalid proof of work
Mining block at height 1...
✓ Found nonce: 376
Failed to process block: invalid proof of work
Mining block at height 1...
✓ Found nonce: 62781
Failed to process block: invalid proof of work
Mining block at height 1...
✓ Found nonce: 64680
Failed to process block: invalid proof of work
Mining block at height 1...
✓ Found nonce: 2274
Failed to process block: invalid proof of work
Mining block at height 1...
✓ Found nonce: 2167
Failed to process block: invalid proof of work
Mining block at height 1...
✓ Found nonce: 99717
Failed to process block: invalid proof of work
Mining block at height 1...
✓ Found nonce: 66425
Failed to process block: invalid proof of work
Mining block at height 1...
✓ Found nonce: 13429
Failed to process block: invalid proof of work
Mining block at height 1...
✓ Found nonce: 55489
Failed to process block: invalid proof of work
Mining block at height 1...
✓ Found nonce: 51847
Failed to process block: invalid proof of work
Mining block at height 1...
✓ Found nonce: 6907
Failed to process block: invalid proof of work
Mining block at height 1...
✓ Found nonce: 6387
Failed to process block: invalid proof of work
Mining block at height 1...
✓ Found nonce: 13436
Failed to process block: invalid proof of work
Mining block at height 1...
✓ Found nonce: 60246
Failed to process block: invalid proof of work
Mining block at height 1...
✓ Found nonce: 69004
Failed to process block: invalid proof of work
Mining block at height 1...
✓ Found nonce: 58930
Failed to process block: invalid proof of work
Mining block at height 1...
✓ Found nonce: 98916
Failed to process block: invalid proof of work
Mining block at height 1...
✓ Found nonce: 98143
Failed to process block: invalid proof of work
Mining block at height 1...
✓ Found nonce: 7186
Failed to process block: invalid proof of work
Mining block at height 1...
✓ Found nonce: 10628
Failed to process block: invalid proof of work
Mining block at height 1...
✓ Found nonce: 31767
Failed to process block: invalid proof of work
Mining block at height 1...
✓ Found nonce: 84523
Failed to process block: invalid proof of work
Mining block at height 1...
✓ Found nonce: 23588
Failed to process block: invalid proof of work
Mining block at height 1...
✓ Found nonce: 5641
Failed to process block: invalid proof of work
Mining block at height 1...
✓ Found nonce: 100230
Failed to process block: invalid proof of work
Mining block at height 1...
✓ Found nonce: 50246
Failed to process block: invalid proof of work
Mining block at height 1...
✓ Found nonce: 72455
Failed to process block: invalid proof of work
Mining block at height 1...
✓ Found nonce: 46169
Failed to process block: invalid proof of work
Mining block at height 1...
✓ Found nonce: 57140
Failed to process block: invalid proof of work
Mining block at height 1...
✓ Found nonce: 32411
Failed to process block: invalid proof of work
Mining block at height 1...
✓ Found nonce: 159869
Failed to process block: invalid proof of work
Mining block at height 1...
✓ Found nonce: 165100
Failed to process block: invalid proof of work
Mining block at height 1...
✓ Found nonce: 40713
Failed to process block: invalid proof of work
Mining block at height 1...
✓ Found nonce: 102275
Failed to process block: invalid proof of work
Mining block at height 1...
✓ Found nonce: 28934
Failed to process block: invalid proof of work
Mining block at height 1...
✓ Found nonce: 4970
Failed to process block: invalid proof of work
Mining block at height 1...
✓ Found nonce: 11077
Failed to process block: invalid proof of work
Mining block at height 1...
✓ Found nonce: 114358
Failed to process block: invalid proof of work
Mining block at height 1...
✓ Found nonce: 70554
Failed to process block: invalid proof of work
Mining block at height 1...
✓ Found nonce: 133729
Failed to process block: invalid proof of work
Mining block at height 1...
✓ Found nonce: 83926
Failed to process block: invalid proof of work
Mining block at height 1...
✓ Found nonce: 3926
Failed to process block: invalid proof of work
Mining block at height 1...
✓ Found nonce: 14900
Failed to process block: invalid proof of work
Mining block at height 1...
✓ Found nonce: 9375
Failed to process block: invalid proof of work
Mining block at height 1...
✓ Found nonce: 29496
Failed to process block: invalid proof of work
Mining block at height 1...
✓ Found nonce: 21239
Failed to process block: invalid proof of work
Mining block at height 1...
✓ Found nonce: 25962
Failed to process block: invalid proof of work
Mining block at height 1...
✓ Found nonce: 19263
Failed to process block: invalid proof of work
Mining block at height 1...
✓ Found nonce: 46965
Failed to process block: invalid proof of work
Mining block at height 1...
✓ Found nonce: 14705
Failed to process block: invalid proof of work
Mining block at height 1...
✓ Found nonce: 96090
Failed to process block: invalid proof of work
Mining block at height 1...
✓ Found nonce: 55569
Failed to process block: invalid proof of work
Mining block at height 1...
✓ Found nonce: 33968
Failed to process block: invalid proof of work
Mining block at height 1...
✓ Found nonce: 21977
Failed to process block: invalid proof of work
Mining block at height 1...
✓ Found nonce: 168059
Failed to process block: invalid proof of work
Mining block at height 1...
✓ Found nonce: 92434
Failed to process block: invalid proof of work
Mining block at height 1...
✓ Found nonce: 169760
Failed to process block: invalid proof of work
Mining block at height 1...
✓ Found nonce: 124323
Failed to process block: invalid proof of work
Mining block at height 1...
✓ Found nonce: 20233
Failed to process block: invalid proof of work
Mining block at height 1...
✓ Found nonce: 139637
Failed to process block: invalid proof of work
Mining block at height 1...
✓ Found nonce: 84645
Failed to process block: invalid proof of work
Mining block at height 1...
✓ Found nonce: 156814
Failed to process block: invalid proof of work
Mining block at height 1...
✓ Found nonce: 26186
Failed to process block: invalid proof of work
Mining block at height 1...
✓ Found nonce: 7797
Failed to process block: invalid proof of work
Mining block at height 1...
✓ Found nonce: 50955
Failed to process block: invalid proof of work
Mining block at height 1...
✓ Found nonce: 43656
Failed to process block: invalid proof of work
Mining block at height 1...
✓ Found nonce: 174440
Failed to process block: invalid proof of work
Mining block at height 1...
✓ Found nonce: 68022
Failed to process block: invalid proof of work
Mining block at height 1...
✓ Found nonce: 53744
Failed to process block: invalid proof of work
Mining block at height 1...
✓ Found nonce: 113059
Failed to process block: invalid proof of work
Mining block at height 1...
✓ Found nonce: 2254
Failed to process block: invalid proof of work
Mining block at height 1...
✓ Found nonce: 161362
Failed to process block: invalid proof of work
Mining block at height 1...
✓ Found nonce: 31587
Failed to process block: invalid proof of work
Mining block at height 1...
✓ Found nonce: 79620
Failed to process block: invalid proof of work
Mining block at height 1...
✓ Found nonce: 28804
Failed to process block: invalid proof of work
Mining block at height 1...
✓ Found nonce: 13181
Failed to process block: invalid proof of work
Mining block at height 1...
✓ Found nonce: 39124
Failed to process block: invalid proof of work
Mining block at height 1...
✓ Found nonce: 83439
Failed to process block: invalid proof of work
Mining block at height 1...
✓ Found nonce: 128223
Failed to process block: invalid proof of work
Mining block at height 1...
✓ Found nonce: 163182
Failed to process block: invalid proof of work
Mining block at height 1...
✓ Found nonce: 190762
Failed to process block: invalid proof of work
Mining block at height 1...
✓ Found nonce: 55600
Failed to process block: invalid proof of work
Mining block at height 1...
✓ Found nonce: 8365
Failed to process block: invalid proof of work
Mining block at height 1...
✓ Found nonce: 21230
Failed to process block: invalid proof of work
Mining block at height 1...
✓ Found nonce: 45816
Failed to process block: invalid proof of work
Mining block at height 1...
✓ Found nonce: 8414
Failed to process block: invalid proof of work
Mining block at height 1...
✓ Found nonce: 75300
Failed to process block: invalid proof of work
Mining block at height 1...
✓ Found nonce: 233737
Failed to process block: invalid proof of work
Mining block at height 1...
✓ Found nonce: 5119
Failed to process block: invalid proof of work
Mining block at height 1...
✓ Found nonce: 59572
Failed to process block: invalid proof of work
Mining block at height 1...
✓ Found nonce: 6330
Failed to process block: invalid proof of work
Mining block at height 1...
✓ Found nonce: 19354
Failed to process block: invalid proof of work
Mining block at height 1...
✓ Found nonce: 40194
Failed to process block: invalid proof of work
Mining block at height 1...
✓ Found nonce: 15308
Failed to process block: invalid proof of work
Mining block at height 1...
✓ Found nonce: 78478
Failed to process block: invalid proof of work
Mining block at height 1...
✓ Found nonce: 82127
Failed to process block: invalid proof of work
Mining block at height 1...
✓ Found nonce: 8194
Failed to process block: invalid proof of work
Mining block at height 1...
✓ Found nonce: 37673
Failed to process block: invalid proof of work
Mining block at height 1...
✓ Found nonce: 51977
Failed to process block: invalid proof of work
Mining block at height 1...
✓ Found nonce: 12827
Failed to process block: invalid proof of work
Mining block at height 1...
✓ Found nonce: 41601
Failed to process block: invalid proof of work
Mining block at height 1...
✓ Found nonce: 129273
Failed to process block: invalid proof of work
Mining block at height 1...
✓ Found nonce: 27692
Failed to process block: invalid proof of work
Mining block at height 1...
✓ Found nonce: 161558
Failed to process block: invalid proof of work
Mining block at height 1...
✓ Found nonce: 18297
Failed to process block: invalid proof of work
Mining block at height 1...
✓ Found nonce: 68266
Failed to process block: invalid proof of work
Mining block at height 1...
✓ Found nonce: 41024
Failed to process block: invalid proof of work
Mining block at height 1...
✓ Found nonce: 40732
Failed to process block: invalid proof of work
Mining block at height 1...
✓ Found nonce: 211927
Failed to process block: invalid proof of work
Mining block at height 1...
✓ Found nonce: 18442
Failed to process block: invalid proof of work
Mining block at height 1...
✓ Found nonce: 132193
Failed to process block: invalid proof of work
Mining block at height 1...
✓ Found nonce: 40491
Failed to process block: invalid proof of work
Mining block at height 1...
✓ Found nonce: 63893
Failed to process block: invalid proof of work
Mining block at height 1...
✓ Found nonce: 43801
Failed to process block: invalid proof of work
Mining block at height 1...
✓ Found nonce: 188668
Failed to process block: invalid proof of work
Mining block at height 1...
✓ Found nonce: 94143
Failed to process block: invalid proof of work
Mining block at height 1...
✓ Found nonce: 7094
Failed to process block: invalid proof of work
Mining block at height 1...
✓ Found nonce: 159492
Failed to process block: invalid proof of work
Mining block at height 1...
✓ Found nonce: 32466
Failed to process block: invalid proof of work
Mining block at height 1...
✓ Found nonce: 158410
Failed to process block: invalid proof of work
Mining block at height 1...
✓ Found nonce: 14490
Failed to process block: invalid proof of work
Mining block at height 1...
✓ Found nonce: 27891
Failed to process block: invalid proof of work
Mining block at height 1...
✓ Found nonce: 173441
Failed to process block: invalid proof of work
Mining block at height 1...
✓ Found nonce: 90007
Failed to process block: invalid proof of work
Mining block at height 1...
✓ Found nonce: 550
Failed to process block: invalid proof of work
Mining block at height 1...
✓ Found nonce: 20193
Failed to process block: invalid proof of work
Mining block at height 1...
✓ Found nonce: 78782
Failed to process block: invalid proof of work
Mining block at height 1...
✓ Found nonce: 3332
Failed to process block: invalid proof of work
Mining block at height 1...
✓ Found nonce: 18008
Failed to process block: invalid proof of work
Mining block at height 1...
✓ Found nonce: 13180
Failed to process block: invalid proof of work
Mining block at height 1...
✓ Found nonce: 13977
Failed to process block: invalid proof of work
Mining block at height 1...
✓ Found nonce: 64605
Failed to process block: invalid proof of work
Mining block at height 1...
✓ Found nonce: 111911
Failed to process block: invalid proof of work
Mining block at height 1...
✓ Found nonce: 62298
Failed to process block: invalid proof of work
Mining block at height 1...
✓ Found nonce: 15705
Failed to process block: invalid proof of work
Mining block at height 1...
✓ Found nonce: 15129
Failed to process block: invalid proof of work
Mining block at height 1...
✓ Found nonce: 61904
Failed to process block: invalid proof of work
Mining block at height 1...
✓ Found nonce: 103039
Failed to process block: invalid proof of work
Mining block at height 1...
✓ Found nonce: 68685
Failed to process block: invalid proof of work
Mining block at height 1...
✓ Found nonce: 62575
Failed to process block: invalid proof of work
Mining block at height 1...
✓ Found nonce: 236574
Failed to process block: invalid proof of work
Mining block at height 1...
✓ Found nonce: 4382
Failed to process block: invalid proof of work
Mining block at height 1...
✓ Found nonce: 163233
Failed to process block: invalid proof of work
Mining block at height 1...
✓ Found nonce: 8659
Failed to process block: invalid proof of work
Mining block at height 1...
✓ Found nonce: 81841
Failed to process block: invalid proof of work
Mining block at height 1...
✓ Found nonce: 3452
Failed to process block: invalid proof of work
Mining block at height 1...
✓ Found nonce: 43599
Failed to process block: invalid proof of work
Mining block at height 1...
✓ Found nonce: 83535
Failed to process block: invalid proof of work
Mining block at height 1...
✓ Found nonce: 39903
Failed to process block: invalid proof of work
Mining block at height 1...
✓ Found nonce: 19189
Failed to process block: invalid proof of work
Mining block at height 1...
✓ Found nonce: 25345
Failed to process block: invalid proof of work
Mining block at height 1...
✓ Found nonce: 71031
Failed to process block: invalid proof of work
Mining block at height 1...
✓ Found nonce: 230390
Failed to process block: invalid proof of work
Mining block at height 1...
✓ Found nonce: 980
Failed to process block: invalid proof of work
Mining block at height 1...
✓ Found nonce: 8715
Failed to process block: invalid proof of work
Mining block at height 1...
✓ Found nonce: 84740
Failed to process block: invalid proof of work
Mining block at height 1...
✓ Found nonce: 2884
Failed to process block: invalid proof of work
Mining block at height 1...
✓ Found nonce: 36405
Failed to process block: invalid proof of work
Mining block at height 1...
✓ Found nonce: 21740
Failed to process block: invalid proof of work
Mining block at height 1...
✓ Found nonce: 13351
Failed to process block: invalid proof of work
Mining block at height 1...
✓ Found nonce: 76204
Failed to process block: invalid proof of work
Mining block at height 1...
✓ Found nonce: 122783
Failed to process block: invalid proof of work
Mining block at height 1...
✓ Found nonce: 73901
Failed to process block: invalid proof of work
Mining block at height 1...
✓ Found nonce: 20288
Failed to process block: invalid proof of work
Mining block at height 1...
✓ Found nonce: 61316
Failed to process block: invalid proof of work
Mining block at height 1...
✓ Found nonce: 82311
Failed to process block: invalid proof of work
Mining block at height 1...
✓ Found nonce: 1772
Failed to process block: invalid proof of work
Mining block at height 1...
✓ Found nonce: 66582
Failed to process block: invalid proof of work
Mining block at height 1...
✓ Found nonce: 181565
Failed to process block: invalid proof of work
Mining block at height 1...
✓ Found nonce: 196325
Failed to process block: invalid proof of work
Mining block at height 1...
✓ Found nonce: 22634
Failed to process block: invalid proof of work
Mining block at height 1...
✓ Found nonce: 903
Failed to process block: invalid proof of work
Mining block at height 1...
✓ Found nonce: 184276
Failed to process block: invalid proof of work
Mining block at height 1...
✓ Found nonce: 14454
Failed to process block: invalid proof of work
Mining block at height 1...
✓ Found nonce: 25831
Failed to process block: invalid proof of work
Mining block at height 1...
✓ Found nonce: 15478
Failed to process block: invalid proof of work
Mining block at height 1...
✓ Found nonce: 97309
Failed to process block: invalid proof of work
Mining block at height 1...
✓ Found nonce: 16318
Failed to process block: invalid proof of work
Mining block at height 1...
✓ Found nonce: 29359
Failed to process block: invalid proof of work
Mining block at height 1...
✓ Found nonce: 23512
Failed to process block: invalid proof of work
Mining block at height 1...
✓ Found nonce: 99524
Failed to process block: invalid proof of work
Mining block at height 1...
✓ Found nonce: 197211
Failed to process block: invalid proof of work
Mining block at height 1...
✓ Found nonce: 33368
Failed to process block: invalid proof of work
Mining block at height 1...
✓ Found nonce: 277370
Failed to process block: invalid proof of work
Mining block at height 1...
✓ Found nonce: 7704
Failed to process block: invalid proof of work
Mining block at height 1...
✓ Found nonce: 75506
Failed to process block: invalid proof of work
Mining block at height 1...
✓ Found nonce: 34007
Failed to process block: invalid proof of work
Mining block at height 1...
✓ Found nonce: 10416
Failed to process block: invalid proof of work
Mining block at height 1...
✓ Found nonce: 31862
Failed to process block: invalid proof of work
Mining block at height 1...
✓ Found nonce: 30273
Failed to process block: invalid proof of work
Mining block at height 1...
✓ Found nonce: 5294
Failed to process block: invalid proof of work
Mining block at height 1...
✓ Found nonce: 24586
Failed to process block: invalid proof of work
Mining block at height 1...
✓ Found nonce: 73536
Failed to process block: invalid proof of work
Mining block at height 1...
✓ Found nonce: 28182
Failed to process block: invalid proof of work
Mining block at height 1...
✓ Found nonce: 66
Failed to process block: invalid proof of work
Mining block at height 1...
✓ Found nonce: 120595
Failed to process block: invalid proof of work
Mining block at height 1...
✓ Found nonce: 4104
Failed to process block: invalid proof of work
Mining block at height 1...
✓ Found nonce: 52689
Failed to process block: invalid proof of work
Mining block at height 1...
✓ Found nonce: 20136
Failed to process block: invalid proof of work
Mining block at height 1...
✓ Found nonce: 20258
Failed to process block: invalid proof of work
Mining block at height 1...
✓ Found nonce: 18511
Failed to process block: invalid proof of work
Mining block at height 1...
✓ Found nonce: 89435
Failed to process block: invalid proof of work
Mining block at height 1...
✓ Found nonce: 65516
Failed to process block: invalid proof of work
Mining block at height 1...
✓ Found nonce: 45714
Failed to process block: invalid proof of work
Mining block at height 1...
✓ Found nonce: 6238
Failed to process block: invalid proof of work
Mining block at height 1...
✓ Found nonce: 9613
Failed to process block: invalid proof of work
Mining block at height 1...
✓ Found nonce: 120258
Failed to process block: invalid proof of work
Mining block at height 1...
✓ Found nonce: 15157
Failed to process block: invalid proof of work
Mining block at height 1...
✓ Found nonce: 60474
Failed to process block: invalid proof of work
Mining block at height 1...
✓ Found nonce: 121937
Failed to process block: invalid proof of work
Mining block at height 1...
✓ Found nonce: 150847
Failed to process block: invalid proof of work
Mining block at height 1...
✓ Found nonce: 55093
Failed to process block: invalid proof of work
Mining block at height 1...
✓ Found nonce: 7161
Failed to process block: invalid proof of work
Mining block at height 1...
✓ Found nonce: 103769
Failed to process block: invalid proof of work
Mining block at height 1...
✓ Found nonce: 25841
Failed to process block: invalid proof of work
Mining block at height 1...
✓ Found nonce: 3780
Failed to process block: invalid proof of work
Mining block at height 1...
✓ Found nonce: 37568
Failed to process block: invalid proof of work
Mining block at height 1...
✓ Found nonce: 36928
Failed to process block: invalid proof of work
Mining block at height 1...
✓ Found nonce: 30327
Failed to process block: invalid proof of work
Mining block at height 1...
✓ Found nonce: 31841
Failed to process block: invalid proof of work
Mining block at height 1...
✓ Found nonce: 50279
Failed to process block: invalid proof of work
Mining block at height 1...
✓ Found nonce: 106196
Failed to process block: invalid proof of work
Mining block at height 1...
✓ Found nonce: 25914
Failed to process block: invalid proof of work
Mining block at height 1...
✓ Found nonce: 72827
Failed to process block: invalid proof of work
Mining block at height 1...
✓ Found nonce: 5755
Failed to process block: invalid proof of work
Mining block at height 1...
✓ Found nonce: 10395
Failed to process block: invalid proof of work
Mining block at height 1...
✓ Found nonce: 19755
Failed to process block: invalid proof of work
Mining block at height 1...
✓ Found nonce: 14770
Failed to process block: invalid proof of work
Mining block at height 1...
✓ Found nonce: 122514
Failed to process block: invalid proof of work
Mining block at height 1...
✓ Found nonce: 77185
Failed to process block: invalid proof of work
Mining block at height 1...
✓ Found nonce: 146997
Failed to process block: invalid proof of work
Mining block at height 1...
✓ Found nonce: 91626
Failed to process block: invalid proof of work
Mining block at height 1...
✓ Found nonce: 29725
Failed to process block: invalid proof of work
Mining block at height 1...
✓ Found nonce: 52464
Failed to process block: invalid proof of work
Mining block at height 1...
✓ Found nonce: 131458
Failed to process block: invalid proof of work
Mining block at height 1...
✓ Found nonce: 21761
Failed to process block: invalid proof of work
Mining block at height 1...
✓ Found nonce: 4378
Failed to process block: invalid proof of work
Mining block at height 1...
✓ Found nonce: 36492
Failed to process block: invalid proof of work
Mining block at height 1...
✓ Found nonce: 58824
Failed to process block: invalid proof of work
Mining block at height 1...
✓ Found nonce: 144783
Failed to process block: invalid proof of work
Mining block at height 1...
✓ Found nonce: 49349
Failed to process block: invalid proof of work
Mining block at height 1...
✓ Found nonce: 22165
Failed to process block: invalid proof of work
Mining block at height 1...
✓ Found nonce: 36486
Failed to process block: invalid proof of work
Mining block at height 1...
✓ Found nonce: 19932
Failed to process block: invalid proof of work
Mining block at height 1...
✓ Found nonce: 9404
Failed to process block: invalid proof of work
Mining block at height 1...
✓ Found nonce: 4668
Failed to process block: invalid proof of work
Mining block at height 1...
✓ Found nonce: 14484
Failed to process block: invalid proof of work
Mining block at height 1...
✓ Found nonce: 190860
Failed to process block: invalid proof of work
Mining block at height 1...
✓ Found nonce: 51780
Failed to process block: invalid proof of work
Mining block at height 1...
✓ Found nonce: 76030
Failed to process block: invalid proof of work
Mining block at height 1...
✓ Found nonce: 171566
Failed to process block: invalid proof of work
Mining block at height 1...
✓ Found nonce: 85765
Failed to process block: invalid proof of work
Mining block at height 1...
✓ Found nonce: 82241
Failed to process block: invalid proof of work
Mining block at height 1...
✓ Found nonce: 17629
Failed to process block: invalid proof of work
Mining block at height 1...
✓ Found nonce: 38404
Failed to process block: invalid proof of work
Mining block at height 1...
✓ Found nonce: 129413
Failed to process block: invalid proof of work
Mining block at height 1...
✓ Found nonce: 15715
Failed to process block: invalid proof of work
Mining block at height 1...
✓ Found nonce: 49394
Failed to process block: invalid proof of work
Mining block at height 1...
✓ Found nonce: 29882
Failed to process block: invalid proof of work
Mining block at height 1...
✓ Found nonce: 26754
Failed to process block: invalid proof of work
Mining block at height 1...
✓ Found nonce: 32776
Failed to process block: invalid proof of work
Mining block at height 1...
✓ Found nonce: 205003
Failed to process block: invalid proof of work
Mining block at height 1...
✓ Found nonce: 54980
Failed to process block: invalid proof of work
Mining block at height 1...
✓ Found nonce: 2212
Failed to process block: invalid proof of work
Mining block at height 1...
✓ Found nonce: 3173
Failed to process block: invalid proof of work
Mining block at height 1...
✓ Found nonce: 105923
Failed to process block: invalid proof of work
Mining block at height 1...
✓ Found nonce: 9688
Failed to process block: invalid proof of work
Mining block at height 1...
✓ Found nonce: 46407
Failed to process block: invalid proof of work
Mining block at height 1...
✓ Found nonce: 18832
Failed to process block: invalid proof of work
Mining block at height 1...
✓ Found nonce: 109173
Failed to process block: invalid proof of work
Mining block at height 1...
✓ Found nonce: 180849
Failed to process block: invalid proof of work
Mining block at height 1...
✓ Found nonce: 15122
Failed to process block: invalid proof of work
Mining block at height 1...
✓ Found nonce: 7635
Failed to process block: invalid proof of work
Mining block at height 1...
✓ Found nonce: 146758
Failed to process block: invalid proof of work
Mining block at height 1...
✓ Found nonce: 92414
Failed to process block: invalid proof of work
Mining block at height 1...
✓ Found nonce: 171992
Failed to process block: invalid proof of work
Mining block at height 1...
✓ Found nonce: 25654
Failed to process block: invalid proof of work
Mining block at height 1...
✓ Found nonce: 28836
Failed to process block: invalid proof of work
Mining block at height 1...
✓ Found nonce: 40041
Failed to process block: invalid proof of work
Mining block at height 1...
✓ Found nonce: 49712
Failed to process block: invalid proof of work
Mining block at height 1...
✓ Found nonce: 4470
Failed to process block: invalid proof of work
Mining block at height 1...
✓ Found nonce: 42020
Failed to process block: invalid proof of work
Mining block at height 1...
✓ Found nonce: 31991
Failed to process block: invalid proof of work
Mining block at height 1...
✓ Found nonce: 25050
Failed to process block: invalid proof of work
Mining block at height 1...
✓ Found nonce: 16534
Failed to process block: invalid proof of work
Mining block at height 1...
✓ Found nonce: 103617
Failed to process block: invalid proof of work
Mining block at height 1...
✓ Found nonce: 190583
Failed to process block: invalid proof of work
Mining block at height 1...
✓ Found nonce: 85763
Failed to process block: invalid proof of work
Mining block at height 1...
✓ Found nonce: 42941
Failed to process block: invalid proof of work
Mining block at height 1...
✓ Found nonce: 32426
Failed to process block: invalid proof of work
Mining block at height 1...
✓ Found nonce: 18377
Failed to process block: invalid proof of work
Mining block at height 1...
✓ Found nonce: 21253
Failed to process block: invalid proof of work
Mining block at height 1...
✓ Found nonce: 148205
Failed to process block: invalid proof of work
Mining block at height 1...
✓ Found nonce: 66404
Failed to process block: invalid proof of work
Mining block at height 1...
✓ Found nonce: 46026
Failed to process block: invalid proof of work
Mining block at height 1...
✓ Found nonce: 100110
Failed to process block: invalid proof of work
Mining block at height 1...
✓ Found nonce: 108081
Failed to process block: invalid proof of work
Mining block at height 1...
✓ Found nonce: 3920
Failed to process block: invalid proof of work
Mining block at height 1...
✓ Found nonce: 23534
Failed to process block: invalid proof of work
Mining block at height 1...
✓ Found nonce: 144092
Failed to process block: invalid proof of work
Mining block at height 1...
✓ Found nonce: 11130
Failed to process block: invalid proof of work
Mining block at height 1...
✓ Found nonce: 49871
Failed to process block: invalid proof of work
Mining block at height 1...
✓ Found nonce: 23300
Failed to process block: invalid proof of work
Mining block at height 1...
✓ Found nonce: 11425
Failed to process block: invalid proof of work
Mining block at height 1...
✓ Found nonce: 4485
Failed to process block: invalid proof of work
Mining block at height 1...
✓ Found nonce: 73298
Failed to process block: invalid proof of work
Mining block at height 1...
✓ Found nonce: 84971
Failed to process block: invalid proof of work
Mining block at height 1...
✓ Found nonce: 285107
Failed to process block: invalid proof of work
Mining block at height 1...
✓ Found nonce: 85358
Failed to process block: invalid proof of work
Mining block at height 1...
✓ Found nonce: 60519
Failed to process block: invalid proof of work
Mining block at height 1...
✓ Found nonce: 28473
Failed to process block: invalid proof of work
Mining block at height 1...
✓ Found nonce: 122621
Failed to process block: invalid proof of work
Mining block at height 1...
✓ Found nonce: 139220
Failed to process block: invalid proof of work
Mining block at height 1...
✓ Found nonce: 12902
Failed to process block: invalid proof of work
Mining block at height 1...
✓ Found nonce: 52380
Failed to process block: invalid proof of work
Mining block at height 1...
✓ Found nonce: 10315
Failed to process block: invalid proof of work
Mining block at height 1...
✓ Found nonce: 61955
Failed to process block: invalid proof of work
Mining block at height 1...
✓ Found nonce: 27029
Failed to process block: invalid proof of work
Mining block at height 1...
✓ Found nonce: 136591
Failed to process block: invalid proof of work
Mining block at height 1...
✓ Found nonce: 35353
Failed to process block: invalid proof of work
Mining block at height 1...
✓ Found nonce: 1221
Failed to process block: invalid proof of work
Mining block at height 1...
✓ Found nonce: 33737
Failed to process block: invalid proof of work
Mining block at height 1...
✓ Found nonce: 12468
Failed to process block: invalid proof of work
Mining block at height 1...
✓ Found nonce: 55058
Failed to process block: invalid proof of work
Mining block at height 1...
✓ Found nonce: 13930
Failed to process block: invalid proof of work
Mining block at height 1...
✓ Found nonce: 6318
Failed to process block: invalid proof of work
Mining block at height 1...
✓ Found nonce: 3894
Failed to process block: invalid proof of work
Mining block at height 1...
✓ Found nonce: 16414
Failed to process block: invalid proof of work
Mining block at height 1...
✓ Found nonce: 33218
Failed to process block: invalid proof of work
Mining block at height 1...
✓ Found nonce: 224053
Failed to process block: invalid proof of work
Mining block at height 1...
✓ Found nonce: 160315
Failed to process block: invalid proof of work
Mining block at height 1...
✓ Found nonce: 91465
Failed to process block: invalid proof of work
Mining block at height 1...
✓ Found nonce: 46472
Failed to process block: invalid proof of work
Mining block at height 1...
✓ Found nonce: 23533
Failed to process block: invalid proof of work
Mining block at height 1...
✓ Found nonce: 11770
Failed to process block: invalid proof of work
Mining block at height 1...
✓ Found nonce: 72546
Failed to process block: invalid proof of work
Mining block at height 1...
✓ Found nonce: 243929
Failed to process block: invalid proof of work
Mining block at height 1...
✓ Found nonce: 253158
Failed to process block: invalid proof of work
Mining block at height 1...
✓ Found nonce: 57726
Failed to process block: invalid proof of work
Mining block at height 1...
✓ Found nonce: 55714
Failed to process block: invalid proof of work
Mining block at height 1...
✓ Found nonce: 50619
Failed to process block: invalid proof of work
Mining block at height 1...
✓ Found nonce: 48740
Failed to process block: invalid proof of work
Mining block at height 1...
✓ Found nonce: 187054
Failed to process block: invalid proof of work
Mining block at height 1...
✓ Found nonce: 146039
Failed to process block: invalid proof of work
Mining block at height 1...
✓ Found nonce: 62334
Failed to process block: invalid proof of work
Mining block at height 1...
✓ Found nonce: 200735
Failed to process block: invalid proof of work
Mining block at height 1...
✓ Found nonce: 95215
Failed to process block: invalid proof of work
Mining block at height 1...
✓ Found nonce: 67814
Failed to process block: invalid proof of work
Mining block at height 1...
✓ Found nonce: 85426
Failed to process block: invalid proof of work
Mining block at height 1...
✓ Found nonce: 16512
Failed to process block: invalid proof of work
Mining block at height 1...
✓ Found nonce: 50712
Failed to process block: invalid proof of work
Mining block at height 1...
✓ Found nonce: 23975
Failed to process block: invalid proof of work
Mining block at height 1...
✓ Found nonce: 13423
Failed to process block: invalid proof of work
Mining block at height 1...
✓ Found nonce: 93508
Failed to process block: invalid proof of work
Mining block at height 1...
✓ Found nonce: 57333
Failed to process block: invalid proof of work
Mining block at height 1...
✓ Found nonce: 52334
Failed to process block: invalid proof of work
Mining block at height 1...
✓ Found nonce: 22849
Failed to process block: invalid proof of work
Mining block at height 1...
✓ Found nonce: 34079
Failed to process block: invalid proof of work
Mining block at height 1...
✓ Found nonce: 59075
Failed to process block: invalid proof of work
Mining block at height 1...
✓ Found nonce: 67507
Failed to process block: invalid proof of work
Mining block at height 1...
✓ Found nonce: 27512
Failed to process block: invalid proof of work
Mining block at height 1...
✓ Found nonce: 67152
Failed to process block: invalid proof of work
Mining block at height 1...
✓ Found nonce: 29569
Failed to process block: invalid proof of work
Mining block at height 1...
✓ Found nonce: 29911
Failed to process block: invalid proof of work
Mining block at height 1...
✓ Found nonce: 12275
Failed to process block: invalid proof of work
Mining block at height 1...
✓ Found nonce: 6159
Failed to process block: invalid proof of work
Mining block at height 1...
✓ Found nonce: 248697
Failed to process block: invalid proof of work
Mining block at height 1...
✓ Found nonce: 73586
Failed to process block: invalid proof of work
Mining block at height 1...
✓ Found nonce: 52393
Failed to process block: invalid proof of work
Mining block at height 1...
✓ Found nonce: 5626
Failed to process block: invalid proof of work
Mining block at height 1...
✓ Found nonce: 21306
Failed to process block: invalid proof of work
Mining block at height 1...
✓ Found nonce: 61932
Failed to process block: invalid proof of work
Mining block at height 1...
✓ Found nonce: 31994
Failed to process block: invalid proof of work
Mining block at height 1...
✓ Found nonce: 41743
Failed to process block: invalid proof of work
Mining block at height 1...
✓ Found nonce: 18403
Failed to process block: invalid proof of work
Mining block at height 1...
✓ Found nonce: 170789
Failed to process block: invalid proof of work
Mining block at height 1...
✓ Found nonce: 54500
Failed to process block: invalid proof of work
Mining block at height 1...
✓ Found nonce: 96174
Failed to process block: invalid proof of work
Mining block at height 1...
✓ Found nonce: 84529
Failed to process block: invalid proof of work
Mining block at height 1...
✓ Found nonce: 15166
Failed to process block: invalid proof of work
Mining block at height 1...
✓ Found nonce: 40891
Failed to process block: invalid proof of work
Mining block at height 1...
✓ Found nonce: 218172
Failed to process block: invalid proof of work
Mining block at height 1...
✓ Found nonce: 24255
Failed to process block: invalid proof of work
Mining block at height 1...
✓ Found nonce: 75879
Failed to process block: invalid proof of work
Mining block at height 1...
✓ Found nonce: 59939
Failed to process block: invalid proof of work
Mining block at height 1...
✓ Found nonce: 44535
Failed to process block: invalid proof of work
Mining block at height 1...
✓ Found nonce: 66143
Failed to process block: invalid proof of work
Mining block at height 1...
✓ Found nonce: 75373
Failed to process block: invalid proof of work
Mining block at height 1...
✓ Found nonce: 36979
Failed to process block: invalid proof of work
Mining block at height 1...
✓ Found nonce: 20605
Failed to process block: invalid proof of work
Mining block at height 1...
✓ Found nonce: 74962
Failed to process block: invalid proof of work
Mining block at height 1...
✓ Found nonce: 7478
Failed to process block: invalid proof of work
Mining block at height 1...
✓ Found nonce: 27014
Failed to process block: invalid proof of work
Mining block at height 1...
✓ Found nonce: 111939
Failed to process block: invalid proof of work
Mining block at height 1...
✓ Found nonce: 53052
Failed to process block: invalid proof of work
Mining block at height 1...
✓ Found nonce: 594
Failed to process block: invalid proof of work
Mining block at height 1...
✓ Found nonce: 13043
Failed to process block: invalid proof of work
Mining block at height 1...
✓ Found nonce: 29112
Failed to process block: invalid proof of work
Mining block at height 1...
✓ Found nonce: 21950
Failed to process block: invalid proof of work
Mining block at height 1...
✓ Found nonce: 18392
Failed to process block: invalid proof of work
Mining block at height 1...
✓ Found nonce: 308141
Failed to process block: invalid proof of work
Mining block at height 1...
✓ Found nonce: 20657
Failed to process block: invalid proof of work
Mining block at height 1...
✓ Found nonce: 82607
Failed to process block: invalid proof of work
Mining block at height 1...
✓ Found nonce: 29978
Failed to process block: invalid proof of work
Mining block at height 1...
✓ Found nonce: 18072
Failed to process block: invalid proof of work
Mining block at height 1...
✓ Found nonce: 117483
Failed to process block: invalid proof of work
Mining block at height 1...
✓ Found nonce: 101905
Failed to process block: invalid proof of work
Mining block at height 1...
✓ Found nonce: 38842
Failed to process block: invalid proof of work
Mining block at height 1...
✓ Found nonce: 13410
Failed to process block: invalid proof of work
Mining block at height 1...
✓ Found nonce: 186736
Failed to process block: invalid proof of work
Mining block at height 1...
✓ Found nonce: 20069
Failed to process block: invalid proof of work
Mining block at height 1...
✓ Found nonce: 37524
Failed to process block: invalid proof of work
Mining block at height 1...
✓ Found nonce: 2039
Failed to process block: invalid proof of work
Mining block at height 1...
✓ Found nonce: 284579
Failed to process block: invalid proof of work
Mining block at height 1...
✓ Found nonce: 224948
Failed to process block: invalid proof of work
Mining block at height 1...
✓ Found nonce: 8614
Failed to process block: invalid proof of work
Mining block at height 1...
✓ Found nonce: 108332
Failed to process block: invalid proof of work
Mining block at height 1...
✓ Found nonce: 32190
Failed to process block: invalid proof of work
Mining block at height 1...
✓ Found nonce: 306919
Failed to process block: invalid proof of work
Mining block at height 1...
✓ Found nonce: 86449
Failed to process block: invalid proof of work
Mining block at height 1...
✓ Found nonce: 74055
Failed to process block: invalid proof of work
Mining block at height 1...
✓ Found nonce: 241901
Failed to process block: invalid proof of work
Mining block at height 1...
✓ Found nonce: 32963
Failed to process block: invalid proof of work
Mining block at height 1...
✓ Found nonce: 65923
Failed to process block: invalid proof of work
Mining block at height 1...
✓ Found nonce: 16891
Failed to process block: invalid proof of work
Mining block at height 1...
✓ Found nonce: 50272
Failed to process block: invalid proof of work
Mining block at height 1...
✓ Found nonce: 34555
Failed to process block: invalid proof of work
Mining block at height 1...
✓ Found nonce: 12857
Failed to process block: invalid proof of work
Mining block at height 1...
✓ Found nonce: 24218
Failed to process block: invalid proof of work
Mining block at height 1...
✓ Found nonce: 14937
Failed to process block: invalid proof of work
Mining block at height 1...
✓ Found nonce: 132847
Failed to process block: invalid proof of work
Mining block at height 1...
✓ Found nonce: 57514
Failed to process block: invalid proof of work
Mining block at height 1...
✓ Found nonce: 131800
Failed to process block: invalid proof of work
Mining block at height 1...
✓ Found nonce: 166694
Failed to process block: invalid proof of work
Mining block at height 1...
✓ Found nonce: 18402
Failed to process block: invalid proof of work
Mining block at height 1...
✓ Found nonce: 47918
Failed to process block: invalid proof of work
Mining block at height 1...
✓ Found nonce: 703
Failed to process block: invalid proof of work
Mining block at height 1...
✓ Found nonce: 47607
Failed to process block: invalid proof of work
Mining block at height 1...
✓ Found nonce: 146163
Failed to process block: invalid proof of work
Mining block at height 1...
✓ Found nonce: 91941
Failed to process block: invalid proof of work
Mining block at height 1...
✓ Found nonce: 36923
Failed to process block: invalid proof of work
Mining block at height 1...
✓ Found nonce: 164769
Failed to process block: invalid proof of work
Mining block at height 1...
✓ Found nonce: 10809
Failed to process block: invalid proof of work
Mining block at height 1...
✓ Found nonce: 211702
Failed to process block: invalid proof of work
Mining block at height 1...
✓ Found nonce: 187006
Failed to process block: invalid proof of work
Mining block at height 1...
✓ Found nonce: 45505
Failed to process block: invalid proof of work
Mining block at height 1...
✓ Found nonce: 46082
Failed to process block: invalid proof of work
Mining block at height 1...
✓ Found nonce: 29368
Failed to process block: invalid proof of work
Mining block at height 1...
✓ Found nonce: 118160
Failed to process block: invalid proof of work
Mining block at height 1...
✓ Found nonce: 18119
Failed to process block: invalid proof of work
Mining block at height 1...
✓ Found nonce: 231744
Failed to process block: invalid proof of work
Mining block at height 1...
✓ Found nonce: 129803
Failed to process block: invalid proof of work
Mining block at height 1...
✓ Found nonce: 181844
Failed to process block: invalid proof of work
Mining block at height 1...
✓ Found nonce: 151211
Failed to process block: invalid proof of work
Mining block at height 1...
✓ Found nonce: 239494
Failed to process block: invalid proof of work
Mining block at height 1...
✓ Found nonce: 28691
Failed to process block: invalid proof of work
Mining block at height 1...
✓ Found nonce: 22963
Failed to process block: invalid proof of work
Mining block at height 1...
✓ Found nonce: 4542
Failed to process block: invalid proof of work
Mining block at height 1...
✓ Found nonce: 21572
Failed to process block: invalid proof of work
Mining block at height 1...
✓ Found nonce: 210490
Failed to process block: invalid proof of work
Mining block at height 1...
✓ Found nonce: 17279
Failed to process block: invalid proof of work
Mining block at height 1...
✓ Found nonce: 37998
Failed to process block: invalid proof of work
Mining block at height 1...
✓ Found nonce: 73894
Failed to process block: invalid proof of work
Mining block at height 1...
✓ Found nonce: 31764
Failed to process block: invalid proof of work
Mining block at height 1...
✓ Found nonce: 50013
Failed to process block: invalid proof of work
Mining block at height 1...
✓ Found nonce: 92423
Failed to process block: invalid proof of work
Mining block at height 1...
✓ Found nonce: 125831
Failed to process block: invalid proof of work
Mining block at height 1...
✓ Found nonce: 8490
Failed to process block: invalid proof of work
Mining block at height 1...
✓ Found nonce: 12712
Failed to process block: invalid proof of work
Mining block at height 1...
✓ Found nonce: 18743
Failed to process block: invalid proof of work
Mining block at height 1...
✓ Found nonce: 156981
Failed to process block: invalid proof of work
Mining block at height 1...
✓ Found nonce: 18366
Failed to process block: invalid proof of work
Mining block at height 1...
✓ Found nonce: 30761
Failed to process block: invalid proof of work
Mining block at height 1...
✓ Found nonce: 436539
Failed to process block: invalid proof of work
Mining block at height 1...
✓ Found nonce: 6511
Failed to process block: invalid proof of work
Mining block at height 1...
✓ Found nonce: 28983
Failed to process block: invalid proof of work
Mining block at height 1...
✓ Found nonce: 1928
Failed to process block: invalid proof of work
Mining block at height 1...
✓ Found nonce: 20529
Failed to process block: invalid proof of work
Mining block at height 1...
✓ Found nonce: 23394
Failed to process block: invalid proof of work
Mining block at height 1...
✓ Found nonce: 9494
Failed to process block: invalid proof of work
Mining block at height 1...
✓ Found nonce: 378700
Failed to process block: invalid proof of work
Mining block at height 1...
✓ Found nonce: 17752
Failed to process block: invalid proof of work
Mining block at height 1...
✓ Found nonce: 21917
Failed to process block: invalid proof of work
Mining block at height 1...
✓ Found nonce: 176967
Failed to process block: invalid proof of work
Mining block at height 1...
✓ Found nonce: 64589
Failed to process block: invalid proof of work
Mining block at height 1...
✓ Found nonce: 103589
Failed to process block: invalid proof of work
Mining block at height 1...
✓ Found nonce: 58672
Failed to process block: invalid proof of work
Mining block at height 1...
✓ Found nonce: 47131
Failed to process block: invalid proof of work
Mining block at height 1...
✓ Found nonce: 69881
Failed to process block: invalid proof of work
Mining block at height 1...
✓ Found nonce: 10964
Failed to process block: invalid proof of work
Mining block at height 1...
✓ Found nonce: 6071
Failed to process block: invalid proof of work
Mining block at height 1...
✓ Found nonce: 27269
Failed to process block: invalid proof of work
Mining block at height 1...
✓ Found nonce: 52913
Failed to process block: invalid proof of work
Mining block at height 1...
✓ Found nonce: 144295
Failed to process block: invalid proof of work
Mining block at height 1...
✓ Found nonce: 9136
Failed to process block: invalid proof of work
Mining block at height 1...
✓ Found nonce: 128681
Failed to process block: invalid proof of work
Mining block at height 1...
✓ Found nonce: 57588
Failed to process block: invalid proof of work
Mining block at height 1...
✓ Found nonce: 49338
Failed to process block: invalid proof of work
Mining block at height 1...
✓ Found nonce: 65539
Failed to process block: invalid proof of work
Mining block at height 1...
✓ Found nonce: 88137
Failed to process block: invalid proof of work
Mining block at height 1...
✓ Found nonce: 82872
Failed to process block: invalid proof of work
Mining block at height 1...
✓ Found nonce: 10200
Failed to process block: invalid proof of work
Mining block at height 1...
✓ Found nonce: 133950
Failed to process block: invalid proof of work
Mining block at height 1...
✓ Found nonce: 141834
Failed to process block: invalid proof of work
Mining block at height 1...
✓ Found nonce: 13379
Failed to process block: invalid proof of work
Mining block at height 1...
✓ Found nonce: 71603
Failed to process block: invalid proof of work
Mining block at height 1...
✓ Found nonce: 132
Failed to process block: invalid proof of work
Mining block at height 1...
✓ Found nonce: 133869
Failed to process block: invalid proof of work
Mining block at height 1...
✓ Found nonce: 16150
Failed to process block: invalid proof of work
Mining block at height 1...
✓ Found nonce: 47720
Failed to process block: invalid proof of work
Mining block at height 1...
✓ Found nonce: 47853
Failed to process block: invalid proof of work
Mining block at height 1...
✓ Found nonce: 153247
Failed to process block: invalid proof of work
Mining block at height 1...
✓ Found nonce: 28309
Failed to process block: invalid proof of work
Mining block at height 1...
✓ Found nonce: 60934
Failed to process block: invalid proof of work
Mining block at height 1...
✓ Found nonce: 125410
Failed to process block: invalid proof of work
Mining block at height 1...
✓ Found nonce: 88753
Failed to process block: invalid proof of work
Mining block at height 1...
✓ Found nonce: 25412
Failed to process block: invalid proof of work
Mining block at height 1...
✓ Found nonce: 20894
Failed to process block: invalid proof of work
Mining block at height 1...
✓ Found nonce: 3101
Failed to process block: invalid proof of work
Mining block at height 1...
✓ Found nonce: 148056
Failed to process block: invalid proof of work
Mining block at height 1...
✓ Found nonce: 49650
Failed to process block: invalid proof of work
Mining block at height 1...
✓ Found nonce: 78770
Failed to process block: invalid proof of work
Mining block at height 1...
✓ Found nonce: 67400
Failed to process block: invalid proof of work
Mining block at height 1...
✓ Found nonce: 30038
Failed to process block: invalid proof of work
Mining block at height 1...
✓ Found nonce: 57619
Failed to process block: invalid proof of work
Mining block at height 1...
✓ Found nonce: 19339
Failed to process block: invalid proof of work
Mining block at height 1...
✓ Found nonce: 113211
Failed to process block: invalid proof of work
Mining block at height 1...
✓ Found nonce: 151249
Failed to process block: invalid proof of work
Mining block at height 1...
✓ Found nonce: 8172
Failed to process block: invalid proof of work
Mining block at height 1...
✓ Found nonce: 8722
Failed to process block: invalid proof of work
Mining block at height 1...
✓ Found nonce: 77800
Failed to process block: invalid proof of work
Mining block at height 1...
✓ Found nonce: 7966
Failed to process block: invalid proof of work
Mining block at height 1...
✓ Found nonce: 59961
Failed to process block: invalid proof of work
Mining block at height 1...
✓ Found nonce: 69422
Failed to process block: invalid proof of work
Mining block at height 1...
✓ Found nonce: 7488
Failed to process block: invalid proof of work
Mining block at height 1...
✓ Found nonce: 8023
Failed to process block: invalid proof of work
Mining block at height 1...
✓ Found nonce: 47141
Failed to process block: invalid proof of work
Mining block at height 1...
✓ Found nonce: 55405
Failed to process block: invalid proof of work
Mining block at height 1...
✓ Found nonce: 8116
Failed to process block: invalid proof of work
Mining block at height 1...
✓ Found nonce: 12798
Failed to process block: invalid proof of work
Mining block at height 1...
✓ Found nonce: 2682
Failed to process block: invalid proof of work
Mining block at height 1...
✓ Found nonce: 132855
Failed to process block: invalid proof of work
Mining block at height 1...
✓ Found nonce: 3184
Failed to process block: invalid proof of work
Mining block at height 1...
✓ Found nonce: 40590
Failed to process block: invalid proof of work
Mining block at height 1...
✓ Found nonce: 6649
Failed to process block: invalid proof of work
Mining block at height 1...
✓ Found nonce: 22983
Failed to process block: invalid proof of work
Mining block at height 1...
✓ Found nonce: 28443
Failed to process block: invalid proof of work
Mining block at height 1...
✓ Found nonce: 12650
Failed to process block: invalid proof of work
Mining block at height 1...
✓ Found nonce: 25861
Failed to process block: invalid proof of work
Mining block at height 1...
✓ Found nonce: 20248
Failed to process block: invalid proof of work
Mining block at height 1...
✓ Found nonce: 12311
Failed to process block: invalid proof of work
Mining block at height 1...
✓ Found nonce: 171392
Failed to process block: invalid proof of work
Mining block at height 1...
✓ Found nonce: 883
Failed to process block: invalid proof of work
Mining block at height 1...
✓ Found nonce: 30340
Failed to process block: invalid proof of work
Mining block at height 1...
✓ Found nonce: 71718
Failed to process block: invalid proof of work
Mining block at height 1...
✓ Found nonce: 41495
Failed to process block: invalid proof of work
Mining block at height 1...
✓ Found nonce: 93092
Failed to process block: invalid proof of work
Mining block at height 1...
✓ Found nonce: 33069
Failed to process block: invalid proof of work
Mining block at height 1...
✓ Found nonce: 120912
Failed to process block: invalid proof of work
Mining block at height 1...
✓ Found nonce: 89885
Failed to process block: invalid proof of work
Mining block at height 1...
✓ Found nonce: 156790
Failed to process block: invalid proof of work
Mining block at height 1...
✓ Found nonce: 302554
Failed to process block: invalid proof of work
Mining block at height 1...
✓ Found nonce: 46564
Failed to process block: invalid proof of work
Mining block at height 1...
✓ Found nonce: 78841
Failed to process block: invalid proof of work
Mining block at height 1...
✓ Found nonce: 117647
Failed to process block: invalid proof of work
Mining block at height 1...
✓ Found nonce: 31406
Failed to process block: invalid proof of work
Mining block at height 1...
✓ Found nonce: 12844
Failed to process block: invalid proof of work
Mining block at height 1...
✓ Found nonce: 52121
Failed to process block: invalid proof of work
Mining block at height 1...
✓ Found nonce: 25555
Failed to process block: invalid proof of work
Mining block at height 1...
✓ Found nonce: 37211
Failed to process block: invalid proof of work
Mining block at height 1...
✓ Found nonce: 16917
Failed to process block: invalid proof of work
Mining block at height 1...
✓ Found nonce: 25088
Failed to process block: invalid proof of work
Mining block at height 1...
✓ Found nonce: 9897
Failed to process block: invalid proof of work
Mining block at height 1...
✓ Found nonce: 61192
Failed to process block: invalid proof of work
Mining block at height 1...
✓ Found nonce: 27040
Failed to process block: invalid proof of work
Mining block at height 1...
✓ Found nonce: 34111
Failed to process block: invalid proof of work
Mining block at height 1...
✓ Found nonce: 95550
Failed to process block: invalid proof of work
Mining block at height 1...
✓ Found nonce: 61745
Failed to process block: invalid proof of work
Mining block at height 1...
✓ Found nonce: 23426
Failed to process block: invalid proof of work
Mining block at height 1...
✓ Found nonce: 11097
Failed to process block: invalid proof of work
Mining block at height 1...
✓ Found nonce: 148478
Failed to process block: invalid proof of work
Mining block at height 1...
✓ Found nonce: 169897
Failed to process block: invalid proof of work
Mining block at height 1...
✓ Found nonce: 24979
Failed to process block: invalid proof of work
Mining block at height 1...
✓ Found nonce: 49247
Failed to process block: invalid proof of work
Mining block at height 1...
✓ Found nonce: 56220
Failed to process block: invalid proof of work
Mining block at height 1...
✓ Found nonce: 8770
Failed to process block: invalid proof of work
Mining block at height 1...
✓ Found nonce: 221933
Failed to process block: invalid proof of work
Mining block at height 1...
✓ Found nonce: 26889
Failed to process block: invalid proof of work
Mining block at height 1...
✓ Found nonce: 135542
Failed to process block: invalid proof of work
Mining block at height 1...
✓ Found nonce: 157149
Failed to process block: invalid proof of work
Mining block at height 1...
✓ Found nonce: 70424
Failed to process block: invalid proof of work
Mining block at height 1...
✓ Found nonce: 50778
Failed to process block: invalid proof of work
Mining block at height 1...
✓ Found nonce: 11247
Failed to process block: invalid proof of work
Mining block at height 1...
✓ Found nonce: 17450
Failed to process block: invalid proof of work
Mining block at height 1...
✓ Found nonce: 64086
Failed to process block: invalid proof of work
Mining block at height 1...
✓ Found nonce: 43236
Failed to process block: invalid proof of work
Mining block at height 1...
✓ Found nonce: 102363
Failed to process block: invalid proof of work
Mining block at height 1...
✓ Found nonce: 63793
Failed to process block: invalid proof of work
Mining block at height 1...
✓ Found nonce: 8307
Failed to process block: invalid proof of work
Mining block at height 1...
✓ Found nonce: 50545
Failed to process block: invalid proof of work
Mining block at height 1...
✓ Found nonce: 23958
Failed to process block: invalid proof of work
Mining block at height 1...
✓ Found nonce: 13869
Failed to process block: invalid proof of work
Mining block at height 1...
✓ Found nonce: 4988
Failed to process block: invalid proof of work
Mining block at height 1...
✓ Found nonce: 14561
Failed to process block: invalid proof of work
Mining block at height 1...
✓ Found nonce: 183738
Failed to process block: invalid proof of work
Mining block at height 1...
✓ Found nonce: 7228
Failed to process block: invalid proof of work
Mining block at height 1...
✓ Found nonce: 10317
Failed to process block: invalid proof of work
Mining block at height 1...
✓ Found nonce: 6520
Failed to process block: invalid proof of work
Mining block at height 1...
✓ Found nonce: 25332
Failed to process block: invalid proof of work
Mining block at height 1...
✓ Found nonce: 78315
Failed to process block: invalid proof of work
Mining block at height 1...
✓ Found nonce: 9341
Failed to process block: invalid proof of work
Mining block at height 1...
✓ Found nonce: 162183
Failed to process block: invalid proof of work
Mining block at height 1...
✓ Found nonce: 14763
Failed to process block: invalid proof of work
Mining block at height 1...
✓ Found nonce: 75916
Failed to process block: invalid proof of work
Mining block at height 1...
✓ Found nonce: 53226
Failed to process block: invalid proof of work
Mining block at height 1...
✓ Found nonce: 56398
Failed to process block: invalid proof of work
Mining block at height 1...
✓ Found nonce: 123274
Failed to process block: invalid proof of work
Mining block at height 1...
✓ Found nonce: 52765
Failed to process block: invalid proof of work
Mining block at height 1...
✓ Found nonce: 3077
Failed to process block: invalid proof of work
Mining block at height 1...
✓ Found nonce: 23578
Failed to process block: invalid proof of work
Mining block at height 1...
✓ Found nonce: 58591
Failed to process block: invalid proof of work
Mining block at height 1...
✓ Found nonce: 150715
Failed to process block: invalid proof of work
Mining block at height 1...
✓ Found nonce: 43752
Failed to process block: invalid proof of work
Mining block at height 1...
✓ Found nonce: 106477
Failed to process block: invalid proof of work
Mining block at height 1...
✓ Found nonce: 10901
Failed to process block: invalid proof of work
Mining block at height 1...
✓ Found nonce: 56953
Failed to process block: invalid proof of work
Mining block at height 1...
✓ Found nonce: 8730
Failed to process block: invalid proof of work
Mining block at height 1...
✓ Found nonce: 13374
Failed to process block: invalid proof of work
Mining block at height 1...
✓ Found nonce: 31254
Failed to process block: invalid proof of work
Mining block at height 1...
✓ Found nonce: 20336
Failed to process block: invalid proof of work
Mining block at height 1...
✓ Found nonce: 337568
Failed to process block: invalid proof of work
Mining block at height 1...
✓ Found nonce: 13300
Failed to process block: invalid proof of work
Mining block at height 1...
✓ Found nonce: 9393
Failed to process block: invalid proof of work
Mining block at height 1...
✓ Found nonce: 68317
Failed to process block: invalid proof of work
Mining block at height 1...
✓ Found nonce: 21838
Failed to process block: invalid proof of work
Mining block at height 1...
✓ Found nonce: 32029
Failed to process block: invalid proof of work
Mining block at height 1...
✓ Found nonce: 130914
Failed to process block: invalid proof of work
Mining block at height 1...
✓ Found nonce: 22334
Failed to process block: invalid proof of work
Mining block at height 1...
✓ Found nonce: 78665
Failed to process block: invalid proof of work
Mining block at height 1...
✓ Found nonce: 67613
Failed to process block: invalid proof of work
Mining block at height 1...
✓ Found nonce: 7213
Failed to process block: invalid proof of work
Mining block at height 1...
✓ Found nonce: 44907
Failed to process block: invalid proof of work
Mining block at height 1...
✓ Found nonce: 16748
Failed to process block: invalid proof of work
Mining block at height 1...
✓ Found nonce: 19626
Failed to process block: invalid proof of work
Mining block at height 1...
✓ Found nonce: 76135
Failed to process block: invalid proof of work
Mining block at height 1...
✓ Found nonce: 21501
Failed to process block: invalid proof of work
Mining block at height 1...
✓ Found nonce: 120358
Failed to process block: invalid proof of work
Mining block at height 1...
✓ Found nonce: 71326
Failed to process block: invalid proof of work
Mining block at height 1...
✓ Found nonce: 106614
Failed to process block: invalid proof of work
Mining block at height 1...
✓ Found nonce: 1798
Failed to process block: invalid proof of work
Mining block at height 1...
✓ Found nonce: 199431
Failed to process block: invalid proof of work
Mining block at height 1...
✓ Found nonce: 1043
Failed to process block: invalid proof of work
Mining block at height 1...
✓ Found nonce: 186954
Failed to process block: invalid proof of work
Mining block at height 1...
✓ Found nonce: 88151
Failed to process block: invalid proof of work
Mining block at height 1...
✓ Found nonce: 125933
Failed to process block: invalid proof of work
Mining block at height 1...
✓ Found nonce: 5985
Failed to process block: invalid proof of work
Mining block at height 1...
✓ Found nonce: 53569
Failed to process block: invalid proof of work
Mining block at height 1...
✓ Found nonce: 49820
Failed to process block: invalid proof of work
Mining block at height 1...
✓ Found nonce: 99132
Failed to process block: invalid proof of work
Mining block at height 1...
✓ Found nonce: 30954
Failed to process block: invalid proof of work
Mining block at height 1...
✓ Found nonce: 46850
Failed to process block: invalid proof of work
Mining block at height 1...
✓ Found nonce: 23479
Failed to process block: invalid proof of work
Mining block at height 1...
✓ Found nonce: 23403
Failed to process block: invalid proof of work
Mining block at height 1...
✓ Found nonce: 109587
Failed to process block: invalid proof of work
Mining block at height 1...
✓ Found nonce: 28901
Failed to process block: invalid proof of work
Mining block at height 1...
✓ Found nonce: 9476
Failed to process block: invalid proof of work
Mining block at height 1...
✓ Found nonce: 273194
Failed to process block: invalid proof of work
Mining block at height 1...
✓ Found nonce: 17755
Failed to process block: invalid proof of work
Mining block at height 1...
✓ Found nonce: 21626
Failed to process block: invalid proof of work
Mining block at height 1...
✓ Found nonce: 12334
Failed to process block: invalid proof of work
Mining block at height 1...
✓ Found nonce: 7745
Failed to process block: invalid proof of work
Mining block at height 1...
✓ Found nonce: 11419
Failed to process block: invalid proof of work
Mining block at height 1...
✓ Found nonce: 246990
Failed to process block: invalid proof of work
Mining block at height 1...
✓ Found nonce: 14419
Failed to process block: invalid proof of work
Mining block at height 1...
✓ Found nonce: 56370
Failed to process block: invalid proof of work
Mining block at height 1...
✓ Found nonce: 164069
Failed to process block: invalid proof of work
Mining block at height 1...
✓ Found nonce: 2317
Failed to process block: invalid proof of work
Mining block at height 1...
✓ Found nonce: 10675
Failed to process block: invalid proof of work
Mining block at height 1...
✓ Found nonce: 17584
Failed to process block: invalid proof of work
Mining block at height 1...
✓ Found nonce: 26143
Failed to process block: invalid proof of work
Mining block at height 1...
✓ Found nonce: 17153
Failed to process block: invalid proof of work
Mining block at height 1...
✓ Found nonce: 28896
Failed to process block: invalid proof of work
Mining block at height 1...
✓ Found nonce: 26607
Failed to process block: invalid proof of work
Mining block at height 1...
✓ Found nonce: 31442
Failed to process block: invalid proof of work
Mining block at height 1...
✓ Found nonce: 19969
Failed to process block: invalid proof of work
Mining block at height 1...
✓ Found nonce: 103858
Failed to process block: invalid proof of work
Mining block at height 1...
✓ Found nonce: 139260
Failed to process block: invalid proof of work
Mining block at height 1...
✓ Found nonce: 61555
Failed to process block: invalid proof of work
Mining block at height 1...
✓ Found nonce: 58352
Failed to process block: invalid proof of work
Mining block at height 1...
✓ Found nonce: 144605
Failed to process block: invalid proof of work
Mining block at height 1...
✓ Found nonce: 63845
Failed to process block: invalid proof of work
Mining block at height 1...
✓ Found nonce: 163766
Failed to process block: invalid proof of work
Mining block at height 1...
✓ Found nonce: 150770
Failed to process block: invalid proof of work
Mining block at height 1...
✓ Found nonce: 173917
Failed to process block: invalid proof of work
Mining block at height 1...
✓ Found nonce: 85428
Failed to process block: invalid proof of work
Mining block at height 1...
✓ Found nonce: 12943
Failed to process block: invalid proof of work
Mining block at height 1...
✓ Found nonce: 51215
Failed to process block: invalid proof of work
Mining block at height 1...
✓ Found nonce: 129629
Failed to process block: invalid proof of work
Mining block at height 1...
✓ Found nonce: 66
Failed to process block: invalid proof of work
Mining block at height 1...
✓ Found nonce: 53773
Failed to process block: invalid proof of work
Mining block at height 1...
✓ Found nonce: 27783
Failed to process block: invalid proof of work
Mining block at height 1...
✓ Found nonce: 60588
Failed to process block: invalid proof of work
Mining block at height 1...
✓ Found nonce: 4916
Failed to process block: invalid proof of work
Mining block at height 1...
✓ Found nonce: 283232
Failed to process block: invalid proof of work
Mining block at height 1...
✓ Found nonce: 61228
Failed to process block: invalid proof of work
Mining block at height 1...
✓ Found nonce: 26191
Failed to process block: invalid proof of work
Mining block at height 1...
✓ Found nonce: 12992
Failed to process block: invalid proof of work
Mining block at height 1...
✓ Found nonce: 70506
Failed to process block: invalid proof of work
Mining block at height 1...
✓ Found nonce: 111278
Failed to process block: invalid proof of work
Mining block at height 1...
✓ Found nonce: 53537
Failed to process block: invalid proof of work
Mining block at height 1...
✓ Found nonce: 136063
Failed to process block: invalid proof of work
Mining block at height 1...
✓ Found nonce: 79635
Failed to process block: invalid proof of work
Mining block at height 1...
✓ Found nonce: 156462
Failed to process block: invalid proof of work
Mining block at height 1...
✓ Found nonce: 55829
Failed to process block: invalid proof of work
Mining block at height 1...
✓ Found nonce: 34330
Failed to process block: invalid proof of work
Mining block at height 1...
✓ Found nonce: 15556
Failed to process block: invalid proof of work
Mining block at height 1...
✓ Found nonce: 221267
Failed to process block: invalid proof of work
Mining block at height 1...
✓ Found nonce: 384
Failed to process block: invalid proof of work
Mining block at height 1...
✓ Found nonce: 27922
Failed to process block: invalid proof of work
Mining block at height 1...
✓ Found nonce: 4077
Failed to process block: invalid proof of work
Mining block at height 1...
✓ Found nonce: 32257
Failed to process block: invalid proof of work
Mining block at height 1...
✓ Found nonce: 121049
Failed to process block: invalid proof of work
Mining block at height 1...
✓ Found nonce: 80493
Failed to process block: invalid proof of work
Mining block at height 1...
✓ Found nonce: 1966
Failed to process block: invalid proof of work
Mining block at height 1...
✓ Found nonce: 49575
Failed to process block: invalid proof of work
Mining block at height 1...
✓ Found nonce: 38087
Failed to process block: invalid proof of work
Mining block at height 1...
✓ Found nonce: 121
Failed to process block: invalid proof of work
Mining block at height 1...
✓ Found nonce: 25100
Failed to process block: invalid proof of work
Mining block at height 1...
✓ Found nonce: 28528
Failed to process block: invalid proof of work
Mining block at height 1...
✓ Found nonce: 50549
Failed to process block: invalid proof of work
Mining block at height 1...
✓ Found nonce: 2656
Failed to process block: invalid proof of work
Mining block at height 1...
✓ Found nonce: 20993
Failed to process block: invalid proof of work
Mining block at height 1...
✓ Found nonce: 68024
Failed to process block: invalid proof of work
Mining block at height 1...
✓ Found nonce: 45116
Failed to process block: invalid proof of work
Mining block at height 1...
✓ Found nonce: 130735
Failed to process block: invalid proof of work
Mining block at height 1...
✓ Found nonce: 323260
Failed to process block: invalid proof of work
Mining block at height 1...
✓ Found nonce: 9604
Failed to process block: invalid proof of work
Mining block at height 1...
✓ Found nonce: 12753
Failed to process block: invalid proof of work
Mining block at height 1...
✓ Found nonce: 6970
Failed to process block: invalid proof of work
Mining block at height 1...
✓ Found nonce: 7913
Failed to process block: invalid proof of work
Mining block at height 1...
✓ Found nonce: 22355
Failed to process block: invalid proof of work
Mining block at height 1...
✓ Found nonce: 46190
Failed to process block: invalid proof of work
Mining block at height 1...
✓ Found nonce: 15996
Failed to process block: invalid proof of work
Mining block at height 1...
✓ Found nonce: 60459
Failed to process block: invalid proof of work
Mining block at height 1...
✓ Found nonce: 48250
Failed to process block: invalid proof of work
Mining block at height 1...
✓ Found nonce: 7057
Failed to process block: invalid proof of work
Mining block at height 1...
✓ Found nonce: 21843
Failed to process block: invalid proof of work
Mining block at height 1...
✓ Found nonce: 127940
Failed to process block: invalid proof of work
Mining block at height 1...
✓ Found nonce: 105381
Failed to process block: invalid proof of work
Mining block at height 1...
✓ Found nonce: 74370
Failed to process block: invalid proof of work
Mining block at height 1...
✓ Found nonce: 95441
Failed to process block: invalid proof of work
Mining block at height 1...
✓ Found nonce: 22281
Failed to process block: invalid proof of work
Mining block at height 1...
✓ Found nonce: 20899
Failed to process block: invalid proof of work
Mining block at height 1...
✓ Found nonce: 40523
Failed to process block: invalid proof of work
Mining block at height 1...
✓ Found nonce: 60379
Failed to process block: invalid proof of work
Mining block at height 1...
✓ Found nonce: 125090
Failed to process block: invalid proof of work
Mining block at height 1...
✓ Found nonce: 121855
Failed to process block: invalid proof of work
Mining block at height 1...
✓ Found nonce: 15465
Failed to process block: invalid proof of work
Mining block at height 1...
✓ Found nonce: 89065
Failed to process block: invalid proof of work
Mining block at height 1...
✓ Found nonce: 38656
Failed to process block: invalid proof of work
Mining block at height 1...
✓ Found nonce: 25812
Failed to process block: invalid proof of work
Mining block at height 1...
✓ Found nonce: 90644
Failed to process block: invalid proof of work
Mining block at height 1...
✓ Found nonce: 9588
Failed to process block: invalid proof of work
Mining block at height 1...
✓ Found nonce: 48347
Failed to process block: invalid proof of work
Mining block at height 1...
✓ Found nonce: 122907
Failed to process block: invalid proof of work
Mining block at height 1...
✓ Found nonce: 39994
Failed to process block: invalid proof of work
Mining block at height 1...
✓ Found nonce: 73230
Failed to process block: invalid proof of work
Mining block at height 1...
✓ Found nonce: 38931
Failed to process block: invalid proof of work
Mining block at height 1...
✓ Found nonce: 105670
Failed to process block: invalid proof of work
Mining block at height 1...
✓ Found nonce: 83043
Failed to process block: invalid proof of work
Mining block at height 1...
✓ Found nonce: 26958
Failed to process block: invalid proof of work
Mining block at height 1...
✓ Found nonce: 44172
Failed to process block: invalid proof of work
Mining block at height 1...
✓ Found nonce: 21245
Failed to process block: invalid proof of work
Mining block at height 1...
✓ Found nonce: 9486
Failed to process block: invalid proof of work
Mining block at height 1...
✓ Found nonce: 51003
Failed to process block: invalid proof of work
Mining block at height 1...
✓ Found nonce: 799
Failed to process block: invalid proof of work
Mining block at height 1...
✓ Found nonce: 36637
Failed to process block: invalid proof of work
Mining block at height 1...
✓ Found nonce: 42592
Failed to process block: invalid proof of work
Mining block at height 1...
✓ Found nonce: 38251
Failed to process block: invalid proof of work
Mining block at height 1...
✓ Found nonce: 155697
Failed to process block: invalid proof of work
Mining block at height 1...
✓ Found nonce: 7679
Failed to process block: invalid proof of work
Mining block at height 1...
✓ Found nonce: 165788
Failed to process block: invalid proof of work
Mining block at height 1...
✓ Found nonce: 86399
Failed to process block: invalid proof of work
Mining block at height 1...
✓ Found nonce: 3644
Failed to process block: invalid proof of work
Mining block at height 1...
✓ Found nonce: 70750
Failed to process block: invalid proof of work
Mining block at height 1...
✓ Found nonce: 133702
Failed to process block: invalid proof of work
Mining block at height 1...
✓ Found nonce: 43897
Failed to process block: invalid proof of work
Mining block at height 1...
✓ Found nonce: 104004
Failed to process block: invalid proof of work
Mining block at height 1...
✓ Found nonce: 3010
Failed to process block: invalid proof of work
Mining block at height 1...
✓ Found nonce: 201371
Failed to process block: invalid proof of work
Mining block at height 1...
✓ Found nonce: 33908
Failed to process block: invalid proof of work
Mining block at height 1...
✓ Found nonce: 815
Failed to process block: invalid proof of work
Mining block at height 1...
✓ Found nonce: 350206
Failed to process block: invalid proof of work
Mining block at height 1...
✓ Found nonce: 6721
Failed to process block: invalid proof of work
Mining block at height 1...
✓ Found nonce: 3756
Failed to process block: invalid proof of work
Mining block at height 1...
✓ Found nonce: 53759
Failed to process block: invalid proof of work
Mining block at height 1...
✓ Found nonce: 61370
Failed to process block: invalid proof of work
Mining block at height 1...
✓ Found nonce: 29657
Failed to process block: invalid proof of work
Mining block at height 1...
✓ Found nonce: 42682
Failed to process block: invalid proof of work
Mining block at height 1...
✓ Found nonce: 184173
Failed to process block: invalid proof of work
Mining block at height 1...
✓ Found nonce: 151010
Failed to process block: invalid proof of work
Mining block at height 1...
✓ Found nonce: 130244
Failed to process block: invalid proof of work
Mining block at height 1...
✓ Found nonce: 1120
Failed to process block: invalid proof of work
Mining block at height 1...
✓ Found nonce: 43122
Failed to process block: invalid proof of work
Mining block at height 1...
✓ Found nonce: 65141
Failed to process block: invalid proof of work
Mining block at height 1...
✓ Found nonce: 125704
Failed to process block: invalid proof of work
Mining block at height 1...
✓ Found nonce: 42358
Failed to process block: invalid proof of work
Mining block at height 1...
✓ Found nonce: 56250
Failed to process block: invalid proof of work
Mining block at height 1...
✓ Found nonce: 40675
Failed to process block: invalid proof of work
Mining block at height 1...
✓ Found nonce: 24376
Failed to process block: invalid proof of work
Mining block at height 1...
✓ Found nonce: 57190
Failed to process block: invalid proof of work
Mining block at height 1...
✓ Found nonce: 28934
Failed to process block: invalid proof of work
Mining block at height 1...
✓ Found nonce: 5084
Failed to process block: invalid proof of work
Mining block at height 1...
✓ Found nonce: 50131
Failed to process block: invalid proof of work
Mining block at height 1...
✓ Found nonce: 66308
Failed to process block: invalid proof of work
Mining block at height 1...
✓ Found nonce: 27439
Failed to process block: invalid proof of work
Mining block at height 1...
✓ Found nonce: 101103
Failed to process block: invalid proof of work
Mining block at height 1...
✓ Found nonce: 129825
Failed to process block: invalid proof of work
Mining block at height 1...
✓ Found nonce: 78432
Failed to process block: invalid proof of work
Mining block at height 1...
✓ Found nonce: 21817
Failed to process block: invalid proof of work
Mining block at height 1...
✓ Found nonce: 11486
Failed to process block: invalid proof of work
Mining block at height 1...
✓ Found nonce: 43609
Failed to process block: invalid proof of work
Mining block at height 1...
✓ Found nonce: 46355
Failed to process block: invalid proof of work
Mining block at height 1...
✓ Found nonce: 39397
Failed to process block: invalid proof of work
Mining block at height 1...
✓ Found nonce: 7539
Failed to process block: invalid proof of work
Mining block at height 1...
✓ Found nonce: 33883
Failed to process block: invalid proof of work
Mining block at height 1...
✓ Found nonce: 6778
Failed to process block: invalid proof of work
Mining block at height 1...
✓ Found nonce: 103896
Failed to process block: invalid proof of work
Mining block at height 1...
✓ Found nonce: 44215
Failed to process block: invalid proof of work
Mining block at height 1...
✓ Found nonce: 59538
Failed to process block: invalid proof of work
Mining block at height 1...
✓ Found nonce: 18903
Failed to process block: invalid proof of work
Mining block at height 1...
✓ Found nonce: 12660
Failed to process block: invalid proof of work
Mining block at height 1...
✓ Found nonce: 126507
Failed to process block: invalid proof of work
Mining block at height 1...
✓ Found nonce: 31772
Failed to process block: invalid proof of work
Mining block at height 1...
✓ Found nonce: 74834
Failed to process block: invalid proof of work
Mining block at height 1...
✓ Found nonce: 79462
Failed to process block: invalid proof of work
Mining block at height 1...
✓ Found nonce: 52848
Failed to process block: invalid proof of work
Mining block at height 1...
✓ Found nonce: 13833
Failed to process block: invalid proof of work
Mining block at height 1...
✓ Found nonce: 111509
Failed to process block: invalid proof of work
Mining block at height 1...
✓ Found nonce: 92291
Failed to process block: invalid proof of work
Mining block at height 1...
✓ Found nonce: 77311
Failed to process block: invalid proof of work
Mining block at height 1...
✓ Found nonce: 3365
Failed to process block: invalid proof of work
Mining block at height 1...
✓ Found nonce: 117055
Failed to process block: invalid proof of work
Mining block at height 1...
✓ Found nonce: 22856
Failed to process block: invalid proof of work
Mining block at height 1...
✓ Found nonce: 46269
Failed to process block: invalid proof of work
Mining block at height 1...
✓ Found nonce: 77140
Failed to process block: invalid proof of work
Mining block at height 1...
✓ Found nonce: 52545
Failed to process block: invalid proof of work
Mining block at height 1...
✓ Found nonce: 75915
Failed to process block: invalid proof of work
Mining block at height 1...
✓ Found nonce: 57952
Failed to process block: invalid proof of work
Mining block at height 1...
✓ Found nonce: 10112
Failed to process block: invalid proof of work
Mining block at height 1...
✓ Found nonce: 204606
Failed to process block: invalid proof of work
Mining block at height 1...
✓ Found nonce: 68486
Failed to process block: invalid proof of work
Mining block at height 1...
✓ Found nonce: 5010
Failed to process block: invalid proof of work
Mining block at height 1...
✓ Found nonce: 14871
Failed to process block: invalid proof of work
Mining block at height 1...
✓ Found nonce: 21288
Failed to process block: invalid proof of work
Mining block at height 1...
✓ Found nonce: 163487
Failed to process block: invalid proof of work
Mining block at height 1...
✓ Found nonce: 56799
Failed to process block: invalid proof of work
Mining block at height 1...
✓ Found nonce: 10368
Failed to process block: invalid proof of work
Mining block at height 1...
✓ Found nonce: 153249
Failed to process block: invalid proof of work
Mining block at height 1...
✓ Found nonce: 1304
Failed to process block: invalid proof of work
Mining block at height 1...
✓ Found nonce: 13581
Failed to process block: invalid proof of work
Mining block at height 1...
✓ Found nonce: 5412
Failed to process block: invalid proof of work
Mining block at height 1...
✓ Found nonce: 34198
Failed to process block: invalid proof of work
Mining block at height 1...
✓ Found nonce: 37227
Failed to process block: invalid proof of work
Mining block at height 1...
✓ Found nonce: 525
Failed to process block: invalid proof of work
Mining block at height 1...
✓ Found nonce: 163333
Failed to process block: invalid proof of work
Mining block at height 1...
✓ Found nonce: 63559
Failed to process block: invalid proof of work
Mining block at height 1...
✓ Found nonce: 33906
Failed to process block: invalid proof of work
Mining block at height 1...
✓ Found nonce: 63379
Failed to process block: invalid proof of work
Mining block at height 1...
✓ Found nonce: 46047
Failed to process block: invalid proof of work
Mining block at height 1...
✓ Found nonce: 29719
Failed to process block: invalid proof of work
Mining block at height 1...
✓ Found nonce: 37728
Failed to process block: invalid proof of work
Mining block at height 1...
✓ Found nonce: 113115
Failed to process block: invalid proof of work
Mining block at height 1...
✓ Found nonce: 15571
Failed to process block: invalid proof of work
Mining block at height 1...
✓ Found nonce: 14630
Failed to process block: invalid proof of work
Mining block at height 1...
✓ Found nonce: 60952
Failed to process block: invalid proof of work
Mining block at height 1...
✓ Found nonce: 152397
Failed to process block: invalid proof of work
Mining block at height 1...
✓ Found nonce: 145360
Failed to process block: invalid proof of work
Mining block at height 1...
✓ Found nonce: 10871
Failed to process block: invalid proof of work
Mining block at height 1...
✓ Found nonce: 2976
Failed to process block: invalid proof of work
Mining block at height 1...
✓ Found nonce: 49094
Failed to process block: invalid proof of work
Mining block at height 1...
✓ Found nonce: 12432
Failed to process block: invalid proof of work
Mining block at height 1...
✓ Found nonce: 23986
Failed to process block: invalid proof of work
Mining block at height 1...
✓ Found nonce: 45431
Failed to process block: invalid proof of work
Mining block at height 1...
✓ Found nonce: 38823
Failed to process block: invalid proof of work
Mining block at height 1...
✓ Found nonce: 167028
Failed to process block: invalid proof of work
Mining block at height 1...
✓ Found nonce: 142615
Failed to process block: invalid proof of work
Mining block at height 1...
✓ Found nonce: 52858
Failed to process block: invalid proof of work
Mining block at height 1...
✓ Found nonce: 242999
Failed to process block: invalid proof of work
Mining block at height 1...
✓ Found nonce: 31367
Failed to process block: invalid proof of work
Mining block at height 1...
✓ Found nonce: 60325
Failed to process block: invalid proof of work
Mining block at height 1...
✓ Found nonce: 11122
Failed to process block: invalid proof of work
Mining block at height 1...
✓ Found nonce: 45421
Failed to process block: invalid proof of work
Mining block at height 1...
✓ Found nonce: 30770
Failed to process block: invalid proof of work
Mining block at height 1...
✓ Found nonce: 22510
Failed to process block: invalid proof of work
Mining block at height 1...
✓ Found nonce: 42141
Failed to process block: invalid proof of work
Mining block at height 1...
✓ Found nonce: 2495
Failed to process block: invalid proof of work
Mining block at height 1...
✓ Found nonce: 22244
Failed to process block: invalid proof of work
Mining block at height 1...
✓ Found nonce: 54909
Failed to process block: invalid proof of work
Mining block at height 1...
✓ Found nonce: 47952
Failed to process block: invalid proof of work
Mining block at height 1...
✓ Found nonce: 9894
Failed to process block: invalid proof of work
Mining block at height 1...
✓ Found nonce: 5691
Failed to process block: invalid proof of work
Mining block at height 1...
✓ Found nonce: 5129
Failed to process block: invalid proof of work
Mining block at height 1...
✓ Found nonce: 30262
Failed to process block: invalid proof of work
Mining block at height 1...
✓ Found nonce: 26026
Failed to process block: invalid proof of work
Mining block at height 1...
✓ Found nonce: 107624
Failed to process block: invalid proof of work
Mining block at height 1...
✓ Found nonce: 139930
Failed to process block: invalid proof of work
Mining block at height 1...
✓ Found nonce: 5843
Failed to process block: invalid proof of work
Mining block at height 1...
✓ Found nonce: 14172
Failed to process block: invalid proof of work
Mining block at height 1...
✓ Found nonce: 87439
Failed to process block: invalid proof of work
Mining block at height 1...
✓ Found nonce: 143613
Failed to process block: invalid proof of work
Mining block at height 1...
✓ Found nonce: 4105
Failed to process block: invalid proof of work
Mining block at height 1...
✓ Found nonce: 57099
Failed to process block: invalid proof of work
Mining block at height 1...
✓ Found nonce: 90859
Failed to process block: invalid proof of work
Mining block at height 1...
✓ Found nonce: 102720
Failed to process block: invalid proof of work
Mining block at height 1...
✓ Found nonce: 32348
Failed to process block: invalid proof of work
Mining block at height 1...
✓ Found nonce: 13957
Failed to process block: invalid proof of work
Mining block at height 1...
✓ Found nonce: 41477
Failed to process block: invalid proof of work
Mining block at height 1...
✓ Found nonce: 32266
Failed to process block: invalid proof of work
Mining block at height 1...
✓ Found nonce: 145063
Failed to process block: invalid proof of work
Mining block at height 1...
✓ Found nonce: 103890
Failed to process block: invalid proof of work
Mining block at height 1...
✓ Found nonce: 6737
Failed to process block: invalid proof of work
Mining block at height 1...
✓ Found nonce: 103151
Failed to process block: invalid proof of work
Mining block at height 1...
✓ Found nonce: 40972
Failed to process block: invalid proof of work
Mining block at height 1...
✓ Found nonce: 104424
Failed to process block: invalid proof of work
Mining block at height 1...
✓ Found nonce: 115878
Failed to process block: invalid proof of work
Mining block at height 1...
✓ Found nonce: 55115
Failed to process block: invalid proof of work
Mining block at height 1...
✓ Found nonce: 208591
Failed to process block: invalid proof of work
Mining block at height 1...
✓ Found nonce: 37256
Failed to process block: invalid proof of work
Mining block at height 1...
✓ Found nonce: 129049
Failed to process block: invalid proof of work
Mining block at height 1...
✓ Found nonce: 53463
Failed to process block: invalid proof of work
Mining block at height 1...
✓ Found nonce: 118857
Failed to process block: invalid proof of work
Mining block at height 1...
✓ Found nonce: 4725
Failed to process block: invalid proof of work
Mining block at height 1...
✓ Found nonce: 44941
Failed to process block: invalid proof of work
Mining block at height 1...
✓ Found nonce: 24939
Failed to process block: invalid proof of work
Mining block at height 1...
✓ Found nonce: 198473
Failed to process block: invalid proof of work
Mining block at height 1...
✓ Found nonce: 18404
Failed to process block: invalid proof of work
Mining block at height 1...
✓ Found nonce: 172465
Failed to process block: invalid proof of work
Mining block at height 1...
✓ Found nonce: 164666
Failed to process block: invalid proof of work
Mining block at height 1...
✓ Found nonce: 170277
Failed to process block: invalid proof of work
Mining block at height 1...
✓ Found nonce: 40547
Failed to process block: invalid proof of work
Mining block at height 1...
✓ Found nonce: 43939
Failed to process block: invalid proof of work
Mining block at height 1...
✓ Found nonce: 108965
Failed to process block: invalid proof of work
Mining block at height 1...
✓ Found nonce: 59412
Failed to process block: invalid proof of work
Mining block at height 1...
✓ Found nonce: 40365
Failed to process block: invalid proof of work
Mining block at height 1...
✓ Found nonce: 125477
Failed to process block: invalid proof of work
Mining block at height 1...
✓ Found nonce: 39029
Failed to process block: invalid proof of work
Mining block at height 1...
✓ Found nonce: 71982
Failed to process block: invalid proof of work
Mining block at height 1...
✓ Found nonce: 122061
Failed to process block: invalid proof of work
Mining block at height 1...
✓ Found nonce: 138105
Failed to process block: invalid proof of work
Mining block at height 1...
✓ Found nonce: 113225
Failed to process block: invalid proof of work
Mining block at height 1...
✓ Found nonce: 123617
Failed to process block: invalid proof of work
Mining block at height 1...
✓ Found nonce: 74889
Failed to process block: invalid proof of work
Mining block at height 1...
✓ Found nonce: 27194
Failed to process block: invalid proof of work
Mining block at height 1...
✓ Found nonce: 172808
Failed to process block: invalid proof of work
Mining block at height 1...
✓ Found nonce: 83673
Failed to process block: invalid proof of work
Mining block at height 1...
✓ Found nonce: 35043
Failed to process block: invalid proof of work
Mining block at height 1...
✓ Found nonce: 8363
Failed to process block: invalid proof of work
Mining block at height 1...
✓ Found nonce: 63607
Failed to process block: invalid proof of work
Mining block at height 1...
✓ Found nonce: 36332
Failed to process block: invalid proof of work
Mining block at height 1...
✓ Found nonce: 8621
Failed to process block: invalid proof of work
Mining block at height 1...
✓ Found nonce: 68825
Failed to process block: invalid proof of work
Mining block at height 1...
✓ Found nonce: 53484
Failed to process block: invalid proof of work
Mining block at height 1...
✓ Found nonce: 184036
Failed to process block: invalid proof of work
Mining block at height 1...
✓ Found nonce: 78146
Failed to process block: invalid proof of work
Mining block at height 1...
✓ Found nonce: 34090
Failed to process block: invalid proof of work
Mining block at height 1...
✓ Found nonce: 107121
Failed to process block: invalid proof of work
Mining block at height 1...
✓ Found nonce: 187479
Failed to process block: invalid proof of work
Mining block at height 1...
✓ Found nonce: 87344
Failed to process block: invalid proof of work
Mining block at height 1...
✓ Found nonce: 31247
Failed to process block: invalid proof of work
Mining block at height 1...
✓ Found nonce: 641
Failed to process block: invalid proof of work
Mining block at height 1...
✓ Found nonce: 13014
Failed to process block: invalid proof of work
Mining block at height 1...
✓ Found nonce: 129045
Failed to process block: invalid proof of work
Mining block at height 1...
✓ Found nonce: 8772
Failed to process block: invalid proof of work
Mining block at height 1...
✓ Found nonce: 81950
Failed to process block: invalid proof of work
Mining block at height 1...
✓ Found nonce: 58685
Failed to process block: invalid proof of work
Mining block at height 1...
✓ Found nonce: 215128
Failed to process block: invalid proof of work
Mining block at height 1...
✓ Found nonce: 12963
Failed to process block: invalid proof of work
Mining block at height 1...
✓ Found nonce: 163279
Failed to process block: invalid proof of work
Mining block at height 1...
✓ Found nonce: 3245
Failed to process block: invalid proof of work
Mining block at height 1...
✓ Found nonce: 72441
Failed to process block: invalid proof of work
Mining block at height 1...
✓ Found nonce: 288321
Failed to process block: invalid proof of work
Mining block at height 1...
✓ Found nonce: 96796
Failed to process block: invalid proof of work
Mining block at height 1...
✓ Found nonce: 105195
Failed to process block: invalid proof of work
Mining block at height 1...
✓ Found nonce: 48224
Failed to process block: invalid proof of work
Mining block at height 1...
✓ Found nonce: 32224
Failed to process block: invalid proof of work
Mining block at height 1...
✓ Found nonce: 5780
Failed to process block: invalid proof of work
Mining block at height 1...
✓ Found nonce: 131654
Failed to process block: invalid proof of work
Mining block at height 1...
✓ Found nonce: 40381
Failed to process block: invalid proof of work
Mining block at height 1...
✓ Found nonce: 52760
Failed to process block: invalid proof of work
Mining block at height 1...
✓ Found nonce: 215227
Failed to process block: invalid proof of work
Mining block at height 1...
✓ Found nonce: 129687
Failed to process block: invalid proof of work
Mining block at height 1...
✓ Found nonce: 22260
Failed to process block: invalid proof of work
Mining block at height 1...
✓ Found nonce: 15636
Failed to process block: invalid proof of work
Mining block at height 1...
✓ Found nonce: 9326
Failed to process block: invalid proof of work
Mining block at height 1...
✓ Found nonce: 15239
Failed to process block: invalid proof of work
Mining block at height 1...
✓ Found nonce: 86553
Failed to process block: invalid proof of work
Mining block at height 1...
✓ Found nonce: 142037
Failed to process block: invalid proof of work
Mining block at height 1...
✓ Found nonce: 22704
Failed to process block: invalid proof of work
Mining block at height 1...
✓ Found nonce: 12538
Failed to process block: invalid proof of work
Mining block at height 1...
✓ Found nonce: 190124
Failed to process block: invalid proof of work
Mining block at height 1...
✓ Found nonce: 105640
Failed to process block: invalid proof of work
Mining block at height 1...
✓ Found nonce: 108555
Failed to process block: invalid proof of work
Mining block at height 1...
✓ Found nonce: 61885
Failed to process block: invalid proof of work
Mining block at height 1...
✓ Found nonce: 29561
Failed to process block: invalid proof of work
Mining block at height 1...
✓ Found nonce: 205068
Failed to process block: invalid proof of work
Mining block at height 1...
✓ Found nonce: 71538
Failed to process block: invalid proof of work
Mining block at height 1...
✓ Found nonce: 26211
Failed to process block: invalid proof of work
Mining block at height 1...
✓ Found nonce: 35875
Failed to process block: invalid proof of work
Mining block at height 1...
✓ Found nonce: 169602
Failed to process block: invalid proof of work
Mining block at height 1...
✓ Found nonce: 40168
Failed to process block: invalid proof of work
Mining block at height 1...
✓ Found nonce: 32796
Failed to process block: invalid proof of work
Mining block at height 1...
✓ Found nonce: 7140
Failed to process block: invalid proof of work
Mining block at height 1...
✓ Found nonce: 31087
Failed to process block: invalid proof of work
Mining block at height 1...
✓ Found nonce: 51358
Failed to process block: invalid proof of work
Mining block at height 1...
✓ Found nonce: 17481
Failed to process block: invalid proof of work
Mining block at height 1...
✓ Found nonce: 57230
Failed to process block: invalid proof of work
Mining block at height 1...
✓ Found nonce: 9013
Failed to process block: invalid proof of work
Mining block at height 1...
✓ Found nonce: 20145
Failed to process block: invalid proof of work
Mining block at height 1...
✓ Found nonce: 117074
Failed to process block: invalid proof of work
Mining block at height 1...
✓ Found nonce: 29392
Failed to process block: invalid proof of work
Mining block at height 1...
✓ Found nonce: 12651
Failed to process block: invalid proof of work
Mining block at height 1...
✓ Found nonce: 46605
Failed to process block: invalid proof of work
Mining block at height 1...
✓ Found nonce: 64991
Failed to process block: invalid proof of work
Mining block at height 1...
✓ Found nonce: 54644
Failed to process block: invalid proof of work
Mining block at height 1...
✓ Found nonce: 84715
Failed to process block: invalid proof of work
Mining block at height 1...
✓ Found nonce: 326
Failed to process block: invalid proof of work
Mining block at height 1...
✓ Found nonce: 7074
Failed to process block: invalid proof of work
Mining block at height 1...
✓ Found nonce: 56621
Failed to process block: invalid proof of work
Mining block at height 1...
✓ Found nonce: 8465
Failed to process block: invalid proof of work
Mining block at height 1...
✓ Found nonce: 28847
Failed to process block: invalid proof of work
Mining block at height 1...
✓ Found nonce: 2079
Failed to process block: invalid proof of work
Mining block at height 1...
✓ Found nonce: 1640
Failed to process block: invalid proof of work
Mining block at height 1...
✓ Found nonce: 35560
Failed to process block: invalid proof of work
Mining block at height 1...
✓ Found nonce: 72727
Failed to process block: invalid proof of work
Mining block at height 1...
✓ Found nonce: 21210
Failed to process block: invalid proof of work
Mining block at height 1...
✓ Found nonce: 124171
Failed to process block: invalid proof of work
Mining block at height 1...
✓ Found nonce: 254359
Failed to process block: invalid proof of work
Mining block at height 1...
✓ Found nonce: 66836
Failed to process block: invalid proof of work
Mining block at height 1...
✓ Found nonce: 45135
Failed to process block: invalid proof of work
Mining block at height 1...
✓ Found nonce: 57435
Failed to process block: invalid proof of work
Mining block at height 1...
✓ Found nonce: 61132
Failed to process block: invalid proof of work
Mining block at height 1...
✓ Found nonce: 10381
Failed to process block: invalid proof of work
Mining block at height 1...
✓ Found nonce: 4240
Failed to process block: invalid proof of work
Mining block at height 1...
✓ Found nonce: 78333
Failed to process block: invalid proof of work
Mining block at height 1...
✓ Found nonce: 247519
Failed to process block: invalid proof of work
Mining block at height 1...
✓ Found nonce: 139730
Failed to process block: invalid proof of work
Mining block at height 1...
✓ Found nonce: 31379
Failed to process block: invalid proof of work
Mining block at height 1...
✓ Found nonce: 504
Failed to process block: invalid proof of work
Mining block at height 1...
✓ Found nonce: 131705
Failed to process block: invalid proof of work
Mining block at height 1...
✓ Found nonce: 159965
Failed to process block: invalid proof of work
Mining block at height 1...
✓ Found nonce: 30870
Failed to process block: invalid proof of work
Mining block at height 1...
✓ Found nonce: 126970
Failed to process block: invalid proof of work
Mining block at height 1...
✓ Found nonce: 3863
Failed to process block: invalid proof of work
Mining block at height 1...
✓ Found nonce: 8162
Failed to process block: invalid proof of work
Mining block at height 1...
✓ Found nonce: 65605
Failed to process block: invalid proof of work
Mining block at height 1...
✓ Found nonce: 97495
Failed to process block: invalid proof of work
Mining block at height 1...
✓ Found nonce: 12445
Failed to process block: invalid proof of work
Mining block at height 1...
✓ Found nonce: 38582
Failed to process block: invalid proof of work
Mining block at height 1...
✓ Found nonce: 48073
Failed to process block: invalid proof of work
Mining block at height 1...
✓ Found nonce: 50045
Failed to process block: invalid proof of work
Mining block at height 1...
✓ Found nonce: 305445
Failed to process block: invalid proof of work
Mining block at height 1...
✓ Found nonce: 28573
Failed to process block: invalid proof of work
Mining block at height 1...
✓ Found nonce: 106778
Failed to process block: invalid proof of work
Mining block at height 1...
✓ Found nonce: 86519
Failed to process block: invalid proof of work
Mining block at height 1...
✓ Found nonce: 13667
Failed to process block: invalid proof of work
Mining block at height 1...
✓ Found nonce: 121642
Failed to process block: invalid proof of work
Mining block at height 1...
✓ Found nonce: 79201
Failed to process block: invalid proof of work
Mining block at height 1...
✓ Found nonce: 31640
Failed to process block: invalid proof of work
Mining block at height 1...
✓ Found nonce: 31015
Failed to process block: invalid proof of work
Mining block at height 1...
✓ Found nonce: 53389
Failed to process block: invalid proof of work
Mining block at height 1...
✓ Found nonce: 44345
Failed to process block: invalid proof of work
Mining block at height 1...
✓ Found nonce: 11445
Failed to process block: invalid proof of work
Mining block at height 1...
✓ Found nonce: 67117
Failed to process block: invalid proof of work
Mining block at height 1...
✓ Found nonce: 28423
Failed to process block: invalid proof of work
Mining block at height 1...
✓ Found nonce: 67626
Failed to process block: invalid proof of work
Mining block at height 1...
✓ Found nonce: 73938
Failed to process block: invalid proof of work
Mining block at height 1...
✓ Found nonce: 68780
Failed to process block: invalid proof of work
Mining block at height 1...
✓ Found nonce: 134733
Failed to process block: invalid proof of work
Mining block at height 1...
✓ Found nonce: 141014
Failed to process block: invalid proof of work
Mining block at height 1...
✓ Found nonce: 34024
Failed to process block: invalid proof of work
Mining block at height 1...
✓ Found nonce: 35233
Failed to process block: invalid proof of work
Mining block at height 1...
✓ Found nonce: 15796
Failed to process block: invalid proof of work
Mining block at height 1...
✓ Found nonce: 349464
Failed to process block: invalid proof of work
Mining block at height 1...
✓ Found nonce: 6654
Failed to process block: invalid proof of work
Mining block at height 1...
✓ Found nonce: 22331
Failed to process block: invalid proof of work
Mining block at height 1...
✓ Found nonce: 69621
Failed to process block: invalid proof of work
Mining block at height 1...
✓ Found nonce: 1045
Failed to process block: invalid proof of work
Mining block at height 1...
✓ Found nonce: 1158
Failed to process block: invalid proof of work
Mining block at height 1...
✓ Found nonce: 235501
Failed to process block: invalid proof of work
Mining block at height 1...
✓ Found nonce: 418591
Failed to process block: invalid proof of work
Mining block at height 1...
✓ Found nonce: 33327
Failed to process block: invalid proof of work
Mining block at height 1...
✓ Found nonce: 58230
Failed to process block: invalid proof of work
Mining block at height 1...
✓ Found nonce: 27053
Failed to process block: invalid proof of work
Mining block at height 1...
✓ Found nonce: 17102
Failed to process block: invalid proof of work
Mining block at height 1...
✓ Found nonce: 12143
Failed to process block: invalid proof of work
Mining block at height 1...
✓ Found nonce: 79776
Failed to process block: invalid proof of work
Mining block at height 1...
✓ Found nonce: 15536
Failed to process block: invalid proof of work
Mining block at height 1...
✓ Found nonce: 55047
Failed to process block: invalid proof of work
Mining block at height 1...
✓ Found nonce: 30758
Failed to process block: invalid proof of work
Mining block at height 1...
✓ Found nonce: 135473
Failed to process block: invalid proof of work
Mining block at height 1...
✓ Found nonce: 17469
Failed to process block: invalid proof of work
Mining block at height 1...
✓ Found nonce: 31383
Failed to process block: invalid proof of work
Mining block at height 1...
✓ Found nonce: 34943
Failed to process block: invalid proof of work
Mining block at height 1...
✓ Found nonce: 10330
Failed to process block: invalid proof of work
Mining block at height 1...
✓ Found nonce: 149114
Failed to process block: invalid proof of work
Mining block at height 1...
✓ Found nonce: 78480
Failed to process block: invalid proof of work
Mining block at height 1...
✓ Found nonce: 31507
Failed to process block: invalid proof of work
Mining block at height 1...
✓ Found nonce: 127423
Failed to process block: invalid proof of work
Mining block at height 1...
✓ Found nonce: 86935
Failed to process block: invalid proof of work
Mining block at height 1...
✓ Found nonce: 93992
Failed to process block: invalid proof of work
Mining block at height 1...
✓ Found nonce: 109970
Failed to process block: invalid proof of work
Mining block at height 1...
✓ Found nonce: 4420
Failed to process block: invalid proof of work
Mining block at height 1...
✓ Found nonce: 447686
Failed to process block: invalid proof of work
Mining block at height 1...
✓ Found nonce: 57482
Failed to process block: invalid proof of work
Mining block at height 1...
✓ Found nonce: 7587
Failed to process block: invalid proof of work
Mining block at height 1...
✓ Found nonce: 7683
Failed to process block: invalid proof of work
Mining block at height 1...
✓ Found nonce: 27522
Failed to process block: invalid proof of work
Mining block at height 1...
✓ Found nonce: 96603
Failed to process block: invalid proof of work
Mining block at height 1...
✓ Found nonce: 76009
Failed to process block: invalid proof of work
Mining block at height 1...
✓ Found nonce: 54160
Failed to process block: invalid proof of work
Mining block at height 1...
✓ Found nonce: 32899
Failed to process block: invalid proof of work
Mining block at height 1...
✓ Found nonce: 133870
Failed to process block: invalid proof of work
Mining block at height 1...
✓ Found nonce: 79319
Failed to process block: invalid proof of work
Mining block at height 1...
✓ Found nonce: 920
Failed to process block: invalid proof of work
Mining block at height 1...
✓ Found nonce: 150295
Failed to process block: invalid proof of work
Mining block at height 1...
✓ Found nonce: 35047
Failed to process block: invalid proof of work
Mining block at height 1...
✓ Found nonce: 39830
Failed to process block: invalid proof of work
Mining block at height 1...
✓ Found nonce: 20194
Failed to process block: invalid proof of work
Mining block at height 1...
✓ Found nonce: 44634
Failed to process block: invalid proof of work
Mining block at height 1...
✓ Found nonce: 5803
Failed to process block: invalid proof of work
Mining block at height 1...
✓ Found nonce: 61617
Failed to process block: invalid proof of work
Mining block at height 1...
✓ Found nonce: 118044
Failed to process block: invalid proof of work
Mining block at height 1...
✓ Found nonce: 109989
Failed to process block: invalid proof of work
Mining block at height 1...
✓ Found nonce: 75698
Failed to process block: invalid proof of work
Mining block at height 1...
✓ Found nonce: 866
Failed to process block: invalid proof of work
Mining block at height 1...
✓ Found nonce: 54386
Failed to process block: invalid proof of work
Mining block at height 1...
✓ Found nonce: 26361
Failed to process block: invalid proof of work
Mining block at height 1...
✓ Found nonce: 45874
Failed to process block: invalid proof of work
Mining block at height 1...
✓ Found nonce: 32417
Failed to process block: invalid proof of work
Mining block at height 1...
✓ Found nonce: 11250
Failed to process block: invalid proof of work
Mining block at height 1...
✓ Found nonce: 91093
Failed to process block: invalid proof of work
Mining block at height 1...
✓ Found nonce: 8450
Failed to process block: invalid proof of work
Mining block at height 1...
✓ Found nonce: 80815
Failed to process block: invalid proof of work
Mining block at height 1...
✓ Found nonce: 41205
Failed to process block: invalid proof of work
Mining block at height 1...
✓ Found nonce: 32035
Failed to process block: invalid proof of work
Mining block at height 1...
✓ Found nonce: 21767
Failed to process block: invalid proof of work
Mining block at height 1...
✓ Found nonce: 16160
Failed to process block: invalid proof of work
Mining block at height 1...
✓ Found nonce: 55471
Failed to process block: invalid proof of work
Mining block at height 1...
✓ Found nonce: 23927
Failed to process block: invalid proof of work
Mining block at height 1...
✓ Found nonce: 13477
Failed to process block: invalid proof of work
Mining block at height 1...
✓ Found nonce: 72692
Failed to process block: invalid proof of work
Mining block at height 1...
✓ Found nonce: 48381
Failed to process block: invalid proof of work
Mining block at height 1...
✓ Found nonce: 40002
Failed to process block: invalid proof of work
Mining block at height 1...
✓ Found nonce: 64183
Failed to process block: invalid proof of work
Mining block at height 1...
✓ Found nonce: 153312
Failed to process block: invalid proof of work
Mining block at height 1...
✓ Found nonce: 53339
Failed to process block: invalid proof of work
Mining block at height 1...
✓ Found nonce: 63632
Failed to process block: invalid proof of work
Mining block at height 1...
✓ Found nonce: 5041
Failed to process block: invalid proof of work
Mining block at height 1...
✓ Found nonce: 4249
Failed to process block: invalid proof of work
Mining block at height 1...
✓ Found nonce: 7362
Failed to process block: invalid proof of work
Mining block at height 1...
✓ Found nonce: 165368
Failed to process block: invalid proof of work
Mining block at height 1...
✓ Found nonce: 62988
Failed to process block: invalid proof of work
Mining block at height 1...
✓ Found nonce: 34780
Failed to process block: invalid proof of work
Mining block at height 1...
✓ Found nonce: 96925
Failed to process block: invalid proof of work
Mining block at height 1...
✓ Found nonce: 28151
Failed to process block: invalid proof of work
Mining block at height 1...
✓ Found nonce: 5814
Failed to process block: invalid proof of work
Mining block at height 1...
✓ Found nonce: 88193
Failed to process block: invalid proof of work
Mining block at height 1...
✓ Found nonce: 10920
Failed to process block: invalid proof of work
Mining block at height 1...
✓ Found nonce: 19320
Failed to process block: invalid proof of work
Mining block at height 1...
✓ Found nonce: 24913
Failed to process block: invalid proof of work
Mining block at height 1...
✓ Found nonce: 26047
Failed to process block: invalid proof of work
Mining block at height 1...
✓ Found nonce: 102957
Failed to process block: invalid proof of work
Mining block at height 1...
✓ Found nonce: 123815
Failed to process block: invalid proof of work
Mining block at height 1...
✓ Found nonce: 5219
Failed to process block: invalid proof of work
Mining block at height 1...
✓ Found nonce: 113045
Failed to process block: invalid proof of work
Mining block at height 1...
✓ Found nonce: 90510
Failed to process block: invalid proof of work
Mining block at height 1...
✓ Found nonce: 35588
Failed to process block: invalid proof of work
Mining block at height 1...
✓ Found nonce: 239849
Failed to process block: invalid proof of work
Mining block at height 1...
✓ Found nonce: 31699
Failed to process block: invalid proof of work
Mining block at height 1...
✓ Found nonce: 239805
Failed to process block: invalid proof of work
Mining block at height 1...
✓ Found nonce: 19427
Failed to process block: invalid proof of work
Mining block at height 1...
✓ Found nonce: 2606
Failed to process block: invalid proof of work
Mining block at height 1...
✓ Found nonce: 6726
Failed to process block: invalid proof of work
Mining block at height 1...
✓ Found nonce: 97585
Failed to process block: invalid proof of work
Mining block at height 1...
✓ Found nonce: 165323
Failed to process block: invalid proof of work
Mining block at height 1...
✓ Found nonce: 44971
Failed to process block: invalid proof of work
Mining block at height 1...
✓ Found nonce: 46194
Failed to process block: invalid proof of work
Mining block at height 1...
✓ Found nonce: 32871
Failed to process block: invalid proof of work
Mining block at height 1...
✓ Found nonce: 32713
Failed to process block: invalid proof of work
Mining block at height 1...
✓ Found nonce: 83896
Failed to process block: invalid proof of work
Mining block at height 1...
✓ Found nonce: 261617
Failed to process block: invalid proof of work
Mining block at height 1...
✓ Found nonce: 123363
Failed to process block: invalid proof of work
Mining block at height 1...
✓ Found nonce: 22149
Failed to process block: invalid proof of work
Mining block at height 1...
✓ Found nonce: 123662
Failed to process block: invalid proof of work
Mining block at height 1...
✓ Found nonce: 42943
Failed to process block: invalid proof of work
Mining block at height 1...
✓ Found nonce: 13163
Failed to process block: invalid proof of work
Mining block at height 1...
✓ Found nonce: 180569
Failed to process block: invalid proof of work
Mining block at height 1...
✓ Found nonce: 40286
Failed to process block: invalid proof of work
Mining block at height 1...
✓ Found nonce: 24331
Failed to process block: invalid proof of work
Mining block at height 1...
✓ Found nonce: 118800
Failed to process block: invalid proof of work
Mining block at height 1...
✓ Found nonce: 160065
Failed to process block: invalid proof of work
Mining block at height 1...
✓ Found nonce: 7421
Failed to process block: invalid proof of work
Mining block at height 1...
✓ Found nonce: 15949
Failed to process block: invalid proof of work
Mining block at height 1...
✓ Found nonce: 250805
Failed to process block: invalid proof of work
Mining block at height 1...
✓ Found nonce: 14136
Failed to process block: invalid proof of work
Mining block at height 1...
✓ Found nonce: 104055
Failed to process block: invalid proof of work
Mining block at height 1...
✓ Found nonce: 8956
Failed to process block: invalid proof of work
Mining block at height 1...
✓ Found nonce: 11908
Failed to process block: invalid proof of work
Mining block at height 1...
✓ Found nonce: 29110
Failed to process block: invalid proof of work
Mining block at height 1...
✓ Found nonce: 97071
Failed to process block: invalid proof of work
Mining block at height 1...
✓ Found nonce: 31574
Failed to process block: invalid proof of work
Mining block at height 1...
✓ Found nonce: 47728
Failed to process block: invalid proof of work
Mining block at height 1...
✓ Found nonce: 12368
Failed to process block: invalid proof of work
Mining block at height 1...
✓ Found nonce: 3121
Failed to process block: invalid proof of work
Mining block at height 1...
✓ Found nonce: 93193
Failed to process block: invalid proof of work
Mining block at height 1...
✓ Found nonce: 114078
Failed to process block: invalid proof of work
Mining block at height 1...
✓ Found nonce: 135793
Failed to process block: invalid proof of work
Mining block at height 1...
✓ Found nonce: 20075
Failed to process block: invalid proof of work
Mining block at height 1...
✓ Found nonce: 58726
Failed to process block: invalid proof of work
Mining block at height 1...
✓ Found nonce: 2006
Failed to process block: invalid proof of work
Mining block at height 1...
✓ Found nonce: 421809
Failed to process block: invalid proof of work
Mining block at height 1...
✓ Found nonce: 26880
Failed to process block: invalid proof of work
Mining block at height 1...
✓ Found nonce: 111881
Failed to process block: invalid proof of work
Mining block at height 1...
✓ Found nonce: 17870
Failed to process block: invalid proof of work
Mining block at height 1...
✓ Found nonce: 72090
Failed to process block: invalid proof of work
Mining block at height 1...
✓ Found nonce: 920
Failed to process block: invalid proof of work
Mining block at height 1...
✓ Found nonce: 24558
Failed to process block: invalid proof of work
Mining block at height 1...
✓ Found nonce: 90761
Failed to process block: invalid proof of work
Mining block at height 1...
✓ Found nonce: 44831
Failed to process block: invalid proof of work
Mining block at height 1...
✓ Found nonce: 50679
Failed to process block: invalid proof of work
Mining block at height 1...
✓ Found nonce: 112161
Failed to process block: invalid proof of work
Mining block at height 1...
✓ Found nonce: 87568
Failed to process block: invalid proof of work
Mining block at height 1...
✓ Found nonce: 51280
Failed to process block: invalid proof of work
Mining block at height 1...
✓ Found nonce: 122784
Failed to process block: invalid proof of work
Mining block at height 1...
✓ Found nonce: 74820
Failed to process block: invalid proof of work
Mining block at height 1...
✓ Found nonce: 70
Failed to process block: invalid proof of work
Mining block at height 1...
✓ Found nonce: 92832
Failed to process block: invalid proof of work
Mining block at height 1...
✓ Found nonce: 38073
Failed to process block: invalid proof of work
Mining block at height 1...
✓ Found nonce: 121103
Failed to process block: invalid proof of work
Mining block at height 1...
✓ Found nonce: 30642
Failed to process block: invalid proof of work
Mining block at height 1...
✓ Found nonce: 46869
Failed to process block: invalid proof of work
Mining block at height 1...
✓ Found nonce: 14168
Failed to process block: invalid proof of work
Mining block at height 1...
✓ Found nonce: 196454
Failed to process block: invalid proof of work
Mining block at height 1...
✓ Found nonce: 9697
Failed to process block: invalid proof of work
Mining block at height 1...
✓ Found nonce: 27294
Failed to process block: invalid proof of work
Mining block at height 1...
✓ Found nonce: 78991
Failed to process block: invalid proof of work
Mining block at height 1...
✓ Found nonce: 3721
Failed to process block: invalid proof of work
Mining block at height 1...
✓ Found nonce: 87899
Failed to process block: invalid proof of work
Mining block at height 1...
✓ Found nonce: 37743
Failed to process block: invalid proof of work
Mining block at height 1...
✓ Found nonce: 39348
Failed to process block: invalid proof of work
Mining block at height 1...
✓ Found nonce: 28011
Failed to process block: invalid proof of work
Mining block at height 1...
✓ Found nonce: 77487
Failed to process block: invalid proof of work
Mining block at height 1...
✓ Found nonce: 66763
Failed to process block: invalid proof of work
Mining block at height 1...
✓ Found nonce: 54312
Failed to process block: invalid proof of work
Mining block at height 1...
✓ Found nonce: 3382
Failed to process block: invalid proof of work
Mining block at height 1...
✓ Found nonce: 61905
Failed to process block: invalid proof of work
Mining block at height 1...
✓ Found nonce: 27212
Failed to process block: invalid proof of work
Mining block at height 1...
✓ Found nonce: 14882
Failed to process block: invalid proof of work
Mining block at height 1...
✓ Found nonce: 146407
Failed to process block: invalid proof of work
Mining block at height 1...
✓ Found nonce: 40986
Failed to process block: invalid proof of work
Mining block at height 1...
✓ Found nonce: 43537
Failed to process block: invalid proof of work
Mining block at height 1...
✓ Found nonce: 51366
Failed to process block: invalid proof of work
Mining block at height 1...
✓ Found nonce: 14753
Failed to process block: invalid proof of work
Mining block at height 1...
✓ Found nonce: 68022
Failed to process block: invalid proof of work
Mining block at height 1...
✓ Found nonce: 10225
Failed to process block: invalid proof of work
Mining block at height 1...
✓ Found nonce: 51910
Failed to process block: invalid proof of work
Mining block at height 1...
✓ Found nonce: 13123
Failed to process block: invalid proof of work
Mining block at height 1...
✓ Found nonce: 33188
Failed to process block: invalid proof of work
Mining block at height 1...
✓ Found nonce: 56627
Failed to process block: invalid proof of work
Mining block at height 1...
✓ Found nonce: 17019
Failed to process block: invalid proof of work
Mining block at height 1...
✓ Found nonce: 14981
Failed to process block: invalid proof of work
Mining block at height 1...
✓ Found nonce: 112495
Failed to process block: invalid proof of work
Mining block at height 1...
✓ Found nonce: 22159
Failed to process block: invalid proof of work
Mining block at height 1...
✓ Found nonce: 384256
Failed to process block: invalid proof of work
Mining block at height 1...
✓ Found nonce: 30783
Failed to process block: invalid proof of work
Mining block at height 1...
✓ Found nonce: 16902
Failed to process block: invalid proof of work
Mining block at height 1...
✓ Found nonce: 61902
Failed to process block: invalid proof of work
Mining block at height 1...
✓ Found nonce: 173821
Failed to process block: invalid proof of work
Mining block at height 1...
✓ Found nonce: 58375
Failed to process block: invalid proof of work
Mining block at height 1...
✓ Found nonce: 108655
Failed to process block: invalid proof of work
Mining block at height 1...
✓ Found nonce: 52136
Failed to process block: invalid proof of work
Mining block at height 1...
✓ Found nonce: 62915
Failed to process block: invalid proof of work
Mining block at height 1...
✓ Found nonce: 43947
Failed to process block: invalid proof of work
Mining block at height 1...
✓ Found nonce: 2167
Failed to process block: invalid proof of work
Mining block at height 1...
✓ Found nonce: 19078
Failed to process block: invalid proof of work
Mining block at height 1...
✓ Found nonce: 90584
Failed to process block: invalid proof of work
Mining block at height 1...
✓ Found nonce: 19187
Failed to process block: invalid proof of work
Mining block at height 1...
✓ Found nonce: 72701
Failed to process block: invalid proof of work
Mining block at height 1...
✓ Found nonce: 308
Failed to process block: invalid proof of work
Mining block at height 1...
✓ Found nonce: 20261
Failed to process block: invalid proof of work
Mining block at height 1...
✓ Found nonce: 113355
Failed to process block: invalid proof of work
Mining block at height 1...
✓ Found nonce: 29496
Failed to process block: invalid proof of work
Mining block at height 1...
✓ Found nonce: 27027
Failed to process block: invalid proof of work
Mining block at height 1...
✓ Found nonce: 27889
Failed to process block: invalid proof of work
Mining block at height 1...
✓ Found nonce: 68135
Failed to process block: invalid proof of work
Mining block at height 1...
✓ Found nonce: 180000
Failed to process block: invalid proof of work
Mining block at height 1...
✓ Found nonce: 14022
Failed to process block: invalid proof of work
Mining block at height 1...
✓ Found nonce: 39963
Failed to process block: invalid proof of work
Mining block at height 1...
✓ Found nonce: 26604
Failed to process block: invalid proof of work
Mining block at height 1...
✓ Found nonce: 72928
Failed to process block: invalid proof of work
Mining block at height 1...
✓ Found nonce: 123776
Failed to process block: invalid proof of work
Mining block at height 1...
✓ Found nonce: 15744
Failed to process block: invalid proof of work
Mining block at height 1...
✓ Found nonce: 13893
Failed to process block: invalid proof of work
Mining block at height 1...
✓ Found nonce: 36998
Failed to process block: invalid proof of work
Mining block at height 1...
✓ Found nonce: 12730
Failed to process block: invalid proof of work
Mining block at height 1...
✓ Found nonce: 32766
Failed to process block: invalid proof of work
Mining block at height 1...
✓ Found nonce: 114897
Failed to process block: invalid proof of work
Mining block at height 1...
✓ Found nonce: 5258
Failed to process block: invalid proof of work
Mining block at height 1...
✓ Found nonce: 45483
Failed to process block: invalid proof of work
Mining block at height 1...
✓ Found nonce: 39365
Failed to process block: invalid proof of work
Mining block at height 1...
✓ Found nonce: 107106
Failed to process block: invalid proof of work
Mining block at height 1...
✓ Found nonce: 3925
Failed to process block: invalid proof of work
Mining block at height 1...
✓ Found nonce: 88092
Failed to process block: invalid proof of work
Mining block at height 1...
✓ Found nonce: 200611
Failed to process block: invalid proof of work
Mining block at height 1...
✓ Found nonce: 39334
Failed to process block: invalid proof of work
Mining block at height 1...
✓ Found nonce: 56834
Failed to process block: invalid proof of work
Mining block at height 1...
✓ Found nonce: 26390
Failed to process block: invalid proof of work
Mining block at height 1...
✓ Found nonce: 186595
Failed to process block: invalid proof of work
Mining block at height 1...
✓ Found nonce: 53593
Failed to process block: invalid proof of work
Mining block at height 1...
✓ Found nonce: 2289
Failed to process block: invalid proof of work
Mining block at height 1...
✓ Found nonce: 37340
Failed to process block: invalid proof of work
Mining block at height 1...
✓ Found nonce: 260476
Failed to process block: invalid proof of work
Mining block at height 1...
✓ Found nonce: 9328
Failed to process block: invalid proof of work
Mining block at height 1...
✓ Found nonce: 153982
Failed to process block: invalid proof of work
Mining block at height 1...
✓ Found nonce: 162053
Failed to process block: invalid proof of work
Mining block at height 1...
✓ Found nonce: 171926
Failed to process block: invalid proof of work
Mining block at height 1...
✓ Found nonce: 73323
Failed to process block: invalid proof of work
Mining block at height 1...
✓ Found nonce: 112551
Failed to process block: invalid proof of work
Mining block at height 1...
✓ Found nonce: 58626
Failed to process block: invalid proof of work
Mining block at height 1...
✓ Found nonce: 4516
Failed to process block: invalid proof of work
Mining block at height 1...
✓ Found nonce: 95001
Failed to process block: invalid proof of work
Mining block at height 1...
✓ Found nonce: 49624
Failed to process block: invalid proof of work
Mining block at height 1...
✓ Found nonce: 31757
Failed to process block: invalid proof of work
Mining block at height 1...
✓ Found nonce: 40748
Failed to process block: invalid proof of work
Mining block at height 1...
✓ Found nonce: 34195
Failed to process block: invalid proof of work
Mining block at height 1...
✓ Found nonce: 96428
Failed to process block: invalid proof of work
Mining block at height 1...
✓ Found nonce: 52938
Failed to process block: invalid proof of work
Mining block at height 1...
✓ Found nonce: 1502
Failed to process block: invalid proof of work
Mining block at height 1...
✓ Found nonce: 4730
Failed to process block: invalid proof of work
Mining block at height 1...
✓ Found nonce: 23333
Failed to process block: invalid proof of work
Mining block at height 1...
✓ Found nonce: 8606
Failed to process block: invalid proof of work
Mining block at height 1...
✓ Found nonce: 91291
Failed to process block: invalid proof of work
Mining block at height 1...
✓ Found nonce: 352957
Failed to process block: invalid proof of work
Mining block at height 1...
✓ Found nonce: 11684
Failed to process block: invalid proof of work
Mining block at height 1...
✓ Found nonce: 81054
Failed to process block: invalid proof of work
Mining block at height 1...
✓ Found nonce: 14139
Failed to process block: invalid proof of work
Mining block at height 1...
✓ Found nonce: 28938
Failed to process block: invalid proof of work
Mining block at height 1...
✓ Found nonce: 69366
Failed to process block: invalid proof of work
Mining block at height 1...
✓ Found nonce: 16959
Failed to process block: invalid proof of work
Mining block at height 1...
✓ Found nonce: 19449
Failed to process block: invalid proof of work
Mining block at height 1...
✓ Found nonce: 26090
Failed to process block: invalid proof of work
Mining block at height 1...
✓ Found nonce: 112077
Failed to process block: invalid proof of work
Mining block at height 1...
✓ Found nonce: 10106
Failed to process block: invalid proof of work
Mining block at height 1...
✓ Found nonce: 35330
Failed to process block: invalid proof of work
Mining block at height 1...
✓ Found nonce: 15181
Failed to process block: invalid proof of work
Mining block at height 1...
✓ Found nonce: 119342
Failed to process block: invalid proof of work
Mining block at height 1...
✓ Found nonce: 14108
Failed to process block: invalid proof of work
Mining block at height 1...
✓ Found nonce: 28547
Failed to process block: invalid proof of work
Mining block at height 1...
✓ Found nonce: 42856
Failed to process block: invalid proof of work
Mining block at height 1...
✓ Found nonce: 61719
Failed to process block: invalid proof of work
Mining block at height 1...
✓ Found nonce: 27617
Failed to process block: invalid proof of work
Mining block at height 1...
✓ Found nonce: 45472
Failed to process block: invalid proof of work
Mining block at height 1...
✓ Found nonce: 202960
Failed to process block: invalid proof of work
Mining block at height 1...
✓ Found nonce: 124619
Failed to process block: invalid proof of work
Mining block at height 1...
✓ Found nonce: 1044
Failed to process block: invalid proof of work
Mining block at height 1...
✓ Found nonce: 8616
Failed to process block: invalid proof of work
Mining block at height 1...
✓ Found nonce: 87155
Failed to process block: invalid proof of work
Mining block at height 1...
✓ Found nonce: 22049
Failed to process block: invalid proof of work
Mining block at height 1...
✓ Found nonce: 68042
Failed to process block: invalid proof of work
Mining block at height 1...
✓ Found nonce: 51103
Failed to process block: invalid proof of work
Mining block at height 1...
✓ Found nonce: 136458
Failed to process block: invalid proof of work
Mining block at height 1...
✓ Found nonce: 6556
Failed to process block: invalid proof of work
Mining block at height 1...
✓ Found nonce: 3332
Failed to process block: invalid proof of work
Mining block at height 1...
✓ Found nonce: 101888
Failed to process block: invalid proof of work
Mining block at height 1...
✓ Found nonce: 31039
Failed to process block: invalid proof of work
Mining block at height 1...
✓ Found nonce: 75118
Failed to process block: invalid proof of work
Mining block at height 1...
✓ Found nonce: 27889
Failed to process block: invalid proof of work
Mining block at height 1...
✓ Found nonce: 80397
Failed to process block: invalid proof of work
Mining block at height 1...
✓ Found nonce: 239726
Failed to process block: invalid proof of work
Mining block at height 1...
✓ Found nonce: 16662
Failed to process block: invalid proof of work
Mining block at height 1...
✓ Found nonce: 88019
Failed to process block: invalid proof of work
Mining block at height 1...
✓ Found nonce: 76072
Failed to process block: invalid proof of work
Mining block at height 1...
✓ Found nonce: 218913
Failed to process block: invalid proof of work
Mining block at height 1...
✓ Found nonce: 2473
Failed to process block: invalid proof of work
Mining block at height 1...
✓ Found nonce: 57551
Failed to process block: invalid proof of work
Mining block at height 1...
✓ Found nonce: 646955
Failed to process block: invalid proof of work
Mining block at height 1...
✓ Found nonce: 44556
Failed to process block: invalid proof of work
Mining block at height 1...
✓ Found nonce: 61858
Failed to process block: invalid proof of work
Mining block at height 1...
✓ Found nonce: 31743
Failed to process block: invalid proof of work
Mining block at height 1...
✓ Found nonce: 9940
Failed to process block: invalid proof of work
Mining block at height 1...
✓ Found nonce: 13131
Failed to process block: invalid proof of work
Mining block at height 1...
✓ Found nonce: 125928
Failed to process block: invalid proof of work
Mining block at height 1...
✓ Found nonce: 66954
Failed to process block: invalid proof of work
Mining block at height 1...
✓ Found nonce: 21094
Failed to process block: invalid proof of work
Mining block at height 1...
✓ Found nonce: 97440
Failed to process block: invalid proof of work
Mining block at height 1...
✓ Found nonce: 5470
Failed to process block: invalid proof of work
Mining block at height 1...
✓ Found nonce: 70962
Failed to process block: invalid proof of work
Mining block at height 1...
✓ Found nonce: 12728
Failed to process block: invalid proof of work
Mining block at height 1...
✓ Found nonce: 95219
Failed to process block: invalid proof of work
Mining block at height 1...
✓ Found nonce: 14747
Failed to process block: invalid proof of work
Mining block at height 1...
✓ Found nonce: 32339
Failed to process block: invalid proof of work
Mining block at height 1...
✓ Found nonce: 147931
Failed to process block: invalid proof of work
Mining block at height 1...
✓ Found nonce: 57768
Failed to process block: invalid proof of work
Mining block at height 1...
✓ Found nonce: 75411
Failed to process block: invalid proof of work
Mining block at height 1...
✓ Found nonce: 21150
Failed to process block: invalid proof of work
Mining block at height 1...
✓ Found nonce: 1867
Failed to process block: invalid proof of work
Mining block at height 1...
✓ Found nonce: 28028
Failed to process block: invalid proof of work
Mining block at height 1...
✓ Found nonce: 27536
Failed to process block: invalid proof of work
Mining block at height 1...
✓ Found nonce: 354622
Failed to process block: invalid proof of work
Mining block at height 1...
✓ Found nonce: 23511
Failed to process block: invalid proof of work
Mining block at height 1...
✓ Found nonce: 91280
Failed to process block: invalid proof of work
Mining block at height 1...
✓ Found nonce: 42486
Failed to process block: invalid proof of work
Mining block at height 1...
✓ Found nonce: 349713
Failed to process block: invalid proof of work
Mining block at height 1...
✓ Found nonce: 1063
Failed to process block: invalid proof of work
Mining block at height 1...
✓ Found nonce: 92531
Failed to process block: invalid proof of work
Mining block at height 1...
✓ Found nonce: 112648
Failed to process block: invalid proof of work
Mining block at height 1...
✓ Found nonce: 30494
Failed to process block: invalid proof of work
Mining block at height 1...
✓ Found nonce: 159850
Failed to process block: invalid proof of work
Mining block at height 1...
✓ Found nonce: 28043
Failed to process block: invalid proof of work
Mining block at height 1...
✓ Found nonce: 76845
Failed to process block: invalid proof of work
Mining block at height 1...
✓ Found nonce: 217275
Failed to process block: invalid proof of work
Mining block at height 1...
✓ Found nonce: 25926
Failed to process block: invalid proof of work
Mining block at height 1...
✓ Found nonce: 38880
Failed to process block: invalid proof of work
Mining block at height 1...
✓ Found nonce: 50398
Failed to process block: invalid proof of work
Mining block at height 1...
✓ Found nonce: 48554
Failed to process block: invalid proof of work
Mining block at height 1...
✓ Found nonce: 64482
Failed to process block: invalid proof of work
Mining block at height 1...
✓ Found nonce: 10996
Failed to process block: invalid proof of work
Mining block at height 1...
✓ Found nonce: 72162
Failed to process block: invalid proof of work
Mining block at height 1...
✓ Found nonce: 41486
Failed to process block: invalid proof of work
Mining block at height 1...
✓ Found nonce: 2540
Failed to process block: invalid proof of work
Mining block at height 1...
✓ Found nonce: 39709
Failed to process block: invalid proof of work
Mining block at height 1...
✓ Found nonce: 23447
Failed to process block: invalid proof of work
Mining block at height 1...
✓ Found nonce: 51634
Failed to process block: invalid proof of work
Mining block at height 1...
✓ Found nonce: 86179
Failed to process block: invalid proof of work
Mining block at height 1...
✓ Found nonce: 30304
Failed to process block: invalid proof of work
Mining block at height 1...
✓ Found nonce: 56496
Failed to process block: invalid proof of work
Mining block at height 1...
✓ Found nonce: 67161
Failed to process block: invalid proof of work
Mining block at height 1...
✓ Found nonce: 58098
Failed to process block: invalid proof of work
Mining block at height 1...
✓ Found nonce: 28769
Failed to process block: invalid proof of work
Mining block at height 1...
✓ Found nonce: 23218
Failed to process block: invalid proof of work
Mining block at height 1...
✓ Found nonce: 29317
Failed to process block: invalid proof of work
Mining block at height 1...
✓ Found nonce: 98128
Failed to process block: invalid proof of work
Mining block at height 1...
✓ Found nonce: 9966
Failed to process block: invalid proof of work
Mining block at height 1...
✓ Found nonce: 52123
Failed to process block: invalid proof of work
Mining block at height 1...
✓ Found nonce: 31327
Failed to process block: invalid proof of work
Mining block at height 1...
✓ Found nonce: 25063
Failed to process block: invalid proof of work
Mining block at height 1...
✓ Found nonce: 157317
Failed to process block: invalid proof of work
Mining block at height 1...
✓ Found nonce: 167682
Failed to process block: invalid proof of work
Mining block at height 1...
✓ Found nonce: 263011
Failed to process block: invalid proof of work
Mining block at height 1...
✓ Found nonce: 80853
Failed to process block: invalid proof of work
Mining block at height 1...
✓ Found nonce: 37122
Failed to process block: invalid proof of work
Mining block at height 1...
✓ Found nonce: 25812
Failed to process block: invalid proof of work
Mining block at height 1...
✓ Found nonce: 127933
Failed to process block: invalid proof of work
Mining block at height 1...
✓ Found nonce: 91155
Failed to process block: invalid proof of work
Mining block at height 1...
✓ Found nonce: 103431
Failed to process block: invalid proof of work
Mining block at height 1...
✓ Found nonce: 55077
Failed to process block: invalid proof of work
Mining block at height 1...
✓ Found nonce: 32517
Failed to process block: invalid proof of work
Mining block at height 1...
✓ Found nonce: 32670
Failed to process block: invalid proof of work
Mining block at height 1...
✓ Found nonce: 31026
Failed to process block: invalid proof of work
Mining block at height 1...
✓ Found nonce: 4257
Failed to process block: invalid proof of work
Mining block at height 1...
✓ Found nonce: 41500
Failed to process block: invalid proof of work
Mining block at height 1...
✓ Found nonce: 27620
Failed to process block: invalid proof of work
Mining block at height 1...
✓ Found nonce: 59875
Failed to process block: invalid proof of work
Mining block at height 1...
✓ Found nonce: 66
Failed to process block: invalid proof of work
Mining block at height 1...
✓ Found nonce: 101377
Failed to process block: invalid proof of work
Mining block at height 1...
✓ Found nonce: 58431
Failed to process block: invalid proof of work
Mining block at height 1...
✓ Found nonce: 85239
Failed to process block: invalid proof of work
Mining block at height 1...
✓ Found nonce: 75609
Failed to process block: invalid proof of work
Mining block at height 1...
✓ Found nonce: 110468
Failed to process block: invalid proof of work
Mining block at height 1...
✓ Found nonce: 254815
Failed to process block: invalid proof of work
Mining block at height 1...
✓ Found nonce: 14584
Failed to process block: invalid proof of work
Mining block at height 1...
✓ Found nonce: 3300
Failed to process block: invalid proof of work
Mining block at height 1...
✓ Found nonce: 31459
Failed to process block: invalid proof of work
Mining block at height 1...
✓ Found nonce: 46358
Failed to process block: invalid proof of work
Mining block at height 1...
✓ Found nonce: 75233
Failed to process block: invalid proof of work
Mining block at height 1...
✓ Found nonce: 85468
Failed to process block: invalid proof of work
Mining block at height 1...
✓ Found nonce: 8204
Failed to process block: invalid proof of work
Mining block at height 1...
✓ Found nonce: 35100
Failed to process block: invalid proof of work
Mining block at height 1...
✓ Found nonce: 68363
Failed to process block: invalid proof of work
Mining block at height 1...
✓ Found nonce: 48449
Failed to process block: invalid proof of work
Mining block at height 1...
✓ Found nonce: 43100
Failed to process block: invalid proof of work
Mining block at height 1...
✓ Found nonce: 30321
Failed to process block: invalid proof of work
Mining block at height 1...
✓ Found nonce: 40314
Failed to process block: invalid proof of work
Mining block at height 1...
✓ Found nonce: 132451
Failed to process block: invalid proof of work
Mining block at height 1...
✓ Found nonce: 299830
Failed to process block: invalid proof of work
Mining block at height 1...
✓ Found nonce: 14703
Failed to process block: invalid proof of work
Mining block at height 1...
✓ Found nonce: 57028
Failed to process block: invalid proof of work
Mining block at height 1...
✓ Found nonce: 13078
Failed to process block: invalid proof of work
Mining block at height 1...
✓ Found nonce: 5212
Failed to process block: invalid proof of work
Mining block at height 1...
✓ Found nonce: 702
Failed to process block: invalid proof of work
Mining block at height 1...
✓ Found nonce: 111622
Failed to process block: invalid proof of work
Mining block at height 1...
✓ Found nonce: 50414
Failed to process block: invalid proof of work
Mining block at height 1...
✓ Found nonce: 30509
Failed to process block: invalid proof of work
Mining block at height 1...
✓ Found nonce: 33952
Failed to process block: invalid proof of work
Mining block at height 1...
✓ Found nonce: 17568
Failed to process block: invalid proof of work
Mining block at height 1...
✓ Found nonce: 83290
Failed to process block: invalid proof of work
Mining block at height 1...
✓ Found nonce: 301657
Failed to process block: invalid proof of work
Mining block at height 1...
✓ Found nonce: 60588
Failed to process block: invalid proof of work
Mining block at height 1...
✓ Found nonce: 41623
Failed to process block: invalid proof of work
Mining block at height 1...
✓ Found nonce: 53510
Failed to process block: invalid proof of work
Mining block at height 1...
✓ Found nonce: 28931
Failed to process block: invalid proof of work
Mining block at height 1...
✓ Found nonce: 27419
Failed to process block: invalid proof of work
Mining block at height 1...
✓ Found nonce: 8287
Failed to process block: invalid proof of work
Mining block at height 1...
✓ Found nonce: 97553
Failed to process block: invalid proof of work
Mining block at height 1...
✓ Found nonce: 32592
Failed to process block: invalid proof of work
Mining block at height 1...
✓ Found nonce: 2000
Failed to process block: invalid proof of work
Mining block at height 1...
✓ Found nonce: 4241
Failed to process block: invalid proof of work
Mining block at height 1...
✓ Found nonce: 54964
Failed to process block: invalid proof of work
Mining block at height 1...
✓ Found nonce: 109311
Failed to process block: invalid proof of work
Mining block at height 1...
✓ Found nonce: 105873
Failed to process block: invalid proof of work
Mining block at height 1...
✓ Found nonce: 39394
Failed to process block: invalid proof of work
Mining block at height 1...
✓ Found nonce: 61501
Failed to process block: invalid proof of work
Mining block at height 1...
✓ Found nonce: 202294
Failed to process block: invalid proof of work
Mining block at height 1...
✓ Found nonce: 62967
Failed to process block: invalid proof of work
Mining block at height 1...
✓ Found nonce: 11770
Failed to process block: invalid proof of work
Mining block at height 1...
✓ Found nonce: 2077
Failed to process block: invalid proof of work
Mining block at height 1...
✓ Found nonce: 33523
Failed to process block: invalid proof of work
Mining block at height 1...
✓ Found nonce: 39546
Failed to process block: invalid proof of work
Mining block at height 1...
✓ Found nonce: 49918
Failed to process block: invalid proof of work
Mining block at height 1...
✓ Found nonce: 50998
Failed to process block: invalid proof of work
Mining block at height 1...
✓ Found nonce: 38
Failed to process block: invalid proof of work
Mining block at height 1...
✓ Found nonce: 160052
Failed to process block: invalid proof of work
Mining block at height 1...
✓ Found nonce: 13049
Failed to process block: invalid proof of work
Mining block at height 1...
✓ Found nonce: 235547
Failed to process block: invalid proof of work
Mining block at height 1...
✓ Found nonce: 66320
Failed to process block: invalid proof of work
Mining block at height 1...
✓ Found nonce: 29555
Failed to process block: invalid proof of work
Mining block at height 1...
✓ Found nonce: 38626
Failed to process block: invalid proof of work
Mining block at height 1...
✓ Found nonce: 35962
Failed to process block: invalid proof of work
Mining block at height 1...
✓ Found nonce: 6232
Failed to process block: invalid proof of work
Mining block at height 1...
✓ Found nonce: 20047
Failed to process block: invalid proof of work
Mining block at height 1...
✓ Found nonce: 21443
Failed to process block: invalid proof of work
Mining block at height 1...
✓ Found nonce: 15195
Failed to process block: invalid proof of work
Mining block at height 1...
✓ Found nonce: 193545
Failed to process block: invalid proof of work
Mining block at height 1...
✓ Found nonce: 206042
Failed to process block: invalid proof of work
Mining block at height 1...
✓ Found nonce: 41133
Failed to process block: invalid proof of work
Mining block at height 1...
✓ Found nonce: 153109
Failed to process block: invalid proof of work
Mining block at height 1...
✓ Found nonce: 62352
Failed to process block: invalid proof of work
Mining block at height 1...
✓ Found nonce: 23967
Failed to process block: invalid proof of work
Mining block at height 1...
✓ Found nonce: 41108
Failed to process block: invalid proof of work
Mining block at height 1...
✓ Found nonce: 4705
Failed to process block: invalid proof of work
Mining block at height 1...
✓ Found nonce: 37445
Failed to process block: invalid proof of work
Mining block at height 1...
✓ Found nonce: 48145
Failed to process block: invalid proof of work
Mining block at height 1...
✓ Found nonce: 59469
Failed to process block: invalid proof of work
Mining block at height 1...
✓ Found nonce: 75630
Failed to process block: invalid proof of work
Mining block at height 1...
✓ Found nonce: 12980
Failed to process block: invalid proof of work
Mining block at height 1...
✓ Found nonce: 83312
Failed to process block: invalid proof of work
Mining block at height 1...
✓ Found nonce: 16144
Failed to process block: invalid proof of work
Mining block at height 1...
✓ Found nonce: 11239
Failed to process block: invalid proof of work
Mining block at height 1...
✓ Found nonce: 36509
Failed to process block: invalid proof of work
Mining block at height 1...
✓ Found nonce: 44598
Failed to process block: invalid proof of work
Mining block at height 1...
✓ Found nonce: 22950
Failed to process block: invalid proof of work
Mining block at height 1...
✓ Found nonce: 207434
Failed to process block: invalid proof of work
Mining block at height 1...
✓ Found nonce: 69298
Failed to process block: invalid proof of work
Mining block at height 1...
✓ Found nonce: 32689
Failed to process block: invalid proof of work
Mining block at height 1...
✓ Found nonce: 10778
Failed to process block: invalid proof of work
Mining block at height 1...
✓ Found nonce: 70623
Failed to process block: invalid proof of work
Mining block at height 1...
✓ Found nonce: 194055
Failed to process block: invalid proof of work
Mining block at height 1...
✓ Found nonce: 108225
Failed to process block: invalid proof of work
Mining block at height 1...
✓ Found nonce: 14406
Failed to process block: invalid proof of work
Mining block at height 1...
✓ Found nonce: 38697
Failed to process block: invalid proof of work
Mining block at height 1...
✓ Found nonce: 9678
Failed to process block: invalid proof of work
Mining block at height 1...
✓ Found nonce: 75398
Failed to process block: invalid proof of work
Mining block at height 1...
✓ Found nonce: 56421
Failed to process block: invalid proof of work
Mining block at height 1...
✓ Found nonce: 32938
Failed to process block: invalid proof of work
Mining block at height 1...
✓ Found nonce: 21048
Failed to process block: invalid proof of work
Mining block at height 1...
✓ Found nonce: 54383
Failed to process block: invalid proof of work
Mining block at height 1...
✓ Found nonce: 39046
Failed to process block: invalid proof of work
Mining block at height 1...
✓ Found nonce: 23285
Failed to process block: invalid proof of work
Mining block at height 1...
✓ Found nonce: 133074
Failed to process block: invalid proof of work
Mining block at height 1...
✓ Found nonce: 50292
Failed to process block: invalid proof of work
Mining block at height 1...
✓ Found nonce: 7267
Failed to process block: invalid proof of work
Mining block at height 1...
✓ Found nonce: 46960
Failed to process block: invalid proof of work
Mining block at height 1...
✓ Found nonce: 28655
Failed to process block: invalid proof of work
Mining block at height 1...
✓ Found nonce: 10372
Failed to process block: invalid proof of work
Mining block at height 1...
✓ Found nonce: 5763
Failed to process block: invalid proof of work
Mining block at height 1...
✓ Found nonce: 63849
Failed to process block: invalid proof of work
Mining block at height 1...
✓ Found nonce: 43082
Failed to process block: invalid proof of work
Mining block at height 1...
✓ Found nonce: 107031
Failed to process block: invalid proof of work
Mining block at height 1...
✓ Found nonce: 18416
Failed to process block: invalid proof of work
Mining block at height 1...
✓ Found nonce: 82616
Failed to process block: invalid proof of work
Mining block at height 1...
✓ Found nonce: 21445
Failed to process block: invalid proof of work
Mining block at height 1...
✓ Found nonce: 70237
Failed to process block: invalid proof of work
Mining block at height 1...
✓ Found nonce: 96380
Failed to process block: invalid proof of work
Mining block at height 1...
✓ Found nonce: 56929
Failed to process block: invalid proof of work
Mining block at height 1...
✓ Found nonce: 189608
Failed to process block: invalid proof of work
Mining block at height 1...
✓ Found nonce: 44107
Failed to process block: invalid proof of work
Mining block at height 1...
✓ Found nonce: 24441
Failed to process block: invalid proof of work
Mining block at height 1...
✓ Found nonce: 1708
Failed to process block: invalid proof of work
Mining block at height 1...
✓ Found nonce: 102202
Failed to process block: invalid proof of work
Mining block at height 1...
✓ Found nonce: 77395
Failed to process block: invalid proof of work
Mining block at height 1...
✓ Found nonce: 70567
Failed to process block: invalid proof of work
Mining block at height 1...
✓ Found nonce: 2046
Failed to process block: invalid proof of work
Mining block at height 1...
✓ Found nonce: 214263
Failed to process block: invalid proof of work
Mining block at height 1...
✓ Found nonce: 72920
Failed to process block: invalid proof of work
Mining block at height 1...
✓ Found nonce: 52007
Failed to process block: invalid proof of work
Mining block at height 1...
✓ Found nonce: 108081
Failed to process block: invalid proof of work
Mining block at height 1...
✓ Found nonce: 41933
Failed to process block: invalid proof of work
Mining block at height 1...
✓ Found nonce: 21000
Failed to process block: invalid proof of work
Mining block at height 1...
✓ Found nonce: 93964
Failed to process block: invalid proof of work
Mining block at height 1...
✓ Found nonce: 64108
Failed to process block: invalid proof of work
Mining block at height 1...
✓ Found nonce: 220037
Failed to process block: invalid proof of work
Mining block at height 1...
✓ Found nonce: 51192
Failed to process block: invalid proof of work
Mining block at height 1...
✓ Found nonce: 23023
Failed to process block: invalid proof of work
Mining block at height 1...
✓ Found nonce: 2171
Failed to process block: invalid proof of work
Mining block at height 1...
✓ Found nonce: 27027
Failed to process block: invalid proof of work
Mining block at height 1...
✓ Found nonce: 458
Failed to process block: invalid proof of work
Mining block at height 1...
✓ Found nonce: 152297
Failed to process block: invalid proof of work
Mining block at height 1...
✓ Found nonce: 13080
Failed to process block: invalid proof of work
Mining block at height 1...
✓ Found nonce: 87209
Failed to process block: invalid proof of work
Mining block at height 1...
✓ Found nonce: 40825
Failed to process block: invalid proof of work
Mining block at height 1...
✓ Found nonce: 65339
Failed to process block: invalid proof of work
Mining block at height 1...
✓ Found nonce: 15246
Failed to process block: invalid proof of work
Mining block at height 1...
✓ Found nonce: 79558
Failed to process block: invalid proof of work
Mining block at height 1...
✓ Found nonce: 31741
Failed to process block: invalid proof of work
Mining block at height 1...
✓ Found nonce: 208308
Failed to process block: invalid proof of work
Mining block at height 1...
✓ Found nonce: 100716
Failed to process block: invalid proof of work
Mining block at height 1...
✓ Found nonce: 14036
Failed to process block: invalid proof of work
Mining block at height 1...
✓ Found nonce: 90652
Failed to process block: invalid proof of work
Mining block at height 1...
✓ Found nonce: 54448
Failed to process block: invalid proof of work
Mining block at height 1...
✓ Found nonce: 70694
Failed to process block: invalid proof of work
Mining block at height 1...
✓ Found nonce: 137215
Failed to process block: invalid proof of work
Mining block at height 1...
✓ Found nonce: 72299
Failed to process block: invalid proof of work
Mining block at height 1...
✓ Found nonce: 51464
Failed to process block: invalid proof of work
Mining block at height 1...
✓ Found nonce: 199156
Failed to process block: invalid proof of work
Mining block at height 1...
✓ Found nonce: 40935
Failed to process block: invalid proof of work
Mining block at height 1...
✓ Found nonce: 42981
Failed to process block: invalid proof of work
Mining block at height 1...
✓ Found nonce: 27129
Failed to process block: invalid proof of work
Mining block at height 1...
✓ Found nonce: 106541
Failed to process block: invalid proof of work
Mining block at height 1...
✓ Found nonce: 44791
Failed to process block: invalid proof of work
Mining block at height 1...
✓ Found nonce: 108181
Failed to process block: invalid proof of work
Mining block at height 1...
✓ Found nonce: 65904
Failed to process block: invalid proof of work
Mining block at height 1...
✓ Found nonce: 48918
Failed to process block: invalid proof of work
Mining block at height 1...
✓ Found nonce: 87067
Failed to process block: invalid proof of work
Mining block at height 1...
✓ Found nonce: 16279
Failed to process block: invalid proof of work
Mining block at height 1...
✓ Found nonce: 2852
Failed to process block: invalid proof of work
Mining block at height 1...
✓ Found nonce: 37586
Failed to process block: invalid proof of work
Mining block at height 1...
✓ Found nonce: 262963
Failed to process block: invalid proof of work
Mining block at height 1...
✓ Found nonce: 38229
Failed to process block: invalid proof of work
Mining block at height 1...
✓ Found nonce: 2983
Failed to process block: invalid proof of work
Mining block at height 1...
✓ Found nonce: 23415
Failed to process block: invalid proof of work
Mining block at height 1...
✓ Found nonce: 16379
Failed to process block: invalid proof of work
Mining block at height 1...
✓ Found nonce: 64031
Failed to process block: invalid proof of work
Mining block at height 1...
✓ Found nonce: 246718
Failed to process block: invalid proof of work
Mining block at height 1...
✓ Found nonce: 212598
Failed to process block: invalid proof of work
Mining block at height 1...
✓ Found nonce: 36353
Failed to process block: invalid proof of work
Mining block at height 1...
✓ Found nonce: 26684
Failed to process block: invalid proof of work
Mining block at height 1...
✓ Found nonce: 4914
Failed to process block: invalid proof of work
Mining block at height 1...
✓ Found nonce: 72677
Failed to process block: invalid proof of work
Mining block at height 1...
✓ Found nonce: 37228
Failed to process block: invalid proof of work
Mining block at height 1...
✓ Found nonce: 20905
Failed to process block: invalid proof of work
Mining block at height 1...
✓ Found nonce: 94561
Failed to process block: invalid proof of work
Mining block at height 1...
✓ Found nonce: 61343
Failed to process block: invalid proof of work
Mining block at height 1...
✓ Found nonce: 20654
Failed to process block: invalid proof of work
Mining block at height 1...
✓ Found nonce: 67045
Failed to process block: invalid proof of work
Mining block at height 1...
✓ Found nonce: 10706
Failed to process block: invalid proof of work
Mining block at height 1...
✓ Found nonce: 85472
Failed to process block: invalid proof of work
Mining block at height 1...
✓ Found nonce: 69199
Failed to process block: invalid proof of work
Mining block at height 1...
✓ Found nonce: 48944
Failed to process block: invalid proof of work
Mining block at height 1...
✓ Found nonce: 33108
Failed to process block: invalid proof of work
Mining block at height 1...
✓ Found nonce: 9608
Failed to process block: invalid proof of work
Mining block at height 1...
✓ Found nonce: 47531
Failed to process block: invalid proof of work
Mining block at height 1...
✓ Found nonce: 16777
Failed to process block: invalid proof of work
Mining block at height 1...
✓ Found nonce: 271881
Failed to process block: invalid proof of work
Mining block at height 1...
✓ Found nonce: 258757
Failed to process block: invalid proof of work
Mining block at height 1...
✓ Found nonce: 69952
Failed to process block: invalid proof of work
Mining block at height 1...
✓ Found nonce: 2623
Failed to process block: invalid proof of work
Mining block at height 1...
✓ Found nonce: 60945
Failed to process block: invalid proof of work
Mining block at height 1...
✓ Found nonce: 5038
Failed to process block: invalid proof of work
Mining block at height 1...
✓ Found nonce: 95043
Failed to process block: invalid proof of work
Mining block at height 1...
✓ Found nonce: 20743
Failed to process block: invalid proof of work
Mining block at height 1...
✓ Found nonce: 176049
Failed to process block: invalid proof of work
Mining block at height 1...
✓ Found nonce: 108453
Failed to process block: invalid proof of work
Mining block at height 1...
✓ Found nonce: 96681
Failed to process block: invalid proof of work
Mining block at height 1...
✓ Found nonce: 41183
Failed to process block: invalid proof of work
Mining block at height 1...
✓ Found nonce: 21702
Failed to process block: invalid proof of work
Mining block at height 1...
✓ Found nonce: 79188
Failed to process block: invalid proof of work
Mining block at height 1...
✓ Found nonce: 16152
Failed to process block: invalid proof of work
Mining block at height 1...
✓ Found nonce: 122176
Failed to process block: invalid proof of work
Mining block at height 1...
✓ Found nonce: 68246
Failed to process block: invalid proof of work
Mining block at height 1...
✓ Found nonce: 63875
Failed to process block: invalid proof of work
Mining block at height 1...
✓ Found nonce: 30216
Failed to process block: invalid proof of work
Mining block at height 1...
✓ Found nonce: 1053
Failed to process block: invalid proof of work
Mining block at height 1...
✓ Found nonce: 351046
Failed to process block: invalid proof of work
Mining block at height 1...
✓ Found nonce: 44786
Failed to process block: invalid proof of work
Mining block at height 1...
✓ Found nonce: 254954
Failed to process block: invalid proof of work
Mining block at height 1...
✓ Found nonce: 32928
Failed to process block: invalid proof of work
Mining block at height 1...
✓ Found nonce: 22756
Failed to process block: invalid proof of work
Mining block at height 1...
✓ Found nonce: 31568
Failed to process block: invalid proof of work
Mining block at height 1...
✓ Found nonce: 1849
Failed to process block: invalid proof of work
Mining block at height 1...
✓ Found nonce: 63897
Failed to process block: invalid proof of work
Mining block at height 1...
✓ Found nonce: 49377
Failed to process block: invalid proof of work
Mining block at height 1...
✓ Found nonce: 39164
Failed to process block: invalid proof of work
Mining block at height 1...
✓ Found nonce: 38684
Failed to process block: invalid proof of work
Mining block at height 1...
✓ Found nonce: 95437
Failed to process block: invalid proof of work
Mining block at height 1...
✓ Found nonce: 33021
Failed to process block: invalid proof of work
Mining block at height 1...
✓ Found nonce: 356769
Failed to process block: invalid proof of work
Mining block at height 1...
✓ Found nonce: 201324
Failed to process block: invalid proof of work
Mining block at height 1...
✓ Found nonce: 245349
Failed to process block: invalid proof of work
Mining block at height 1...
✓ Found nonce: 40494
Failed to process block: invalid proof of work
Mining block at height 1...
✓ Found nonce: 77932
Failed to process block: invalid proof of work
Mining block at height 1...
✓ Found nonce: 117568
Failed to process block: invalid proof of work
Mining block at height 1...
✓ Found nonce: 1974
Failed to process block: invalid proof of work
Mining block at height 1...
✓ Found nonce: 32089
Failed to process block: invalid proof of work
Mining block at height 1...
✓ Found nonce: 36205
Failed to process block: invalid proof of work
Mining block at height 1...
✓ Found nonce: 68416
Failed to process block: invalid proof of work
Mining block at height 1...
✓ Found nonce: 64842
Failed to process block: invalid proof of work
Mining block at height 1...
✓ Found nonce: 5014
Failed to process block: invalid proof of work
Mining block at height 1...
✓ Found nonce: 96811
Failed to process block: invalid proof of work
Mining block at height 1...
✓ Found nonce: 33793
Failed to process block: invalid proof of work
Mining block at height 1...
✓ Found nonce: 455340
Failed to process block: invalid proof of work
Mining block at height 1...
✓ Found nonce: 147071
Failed to process block: invalid proof of work
Mining block at height 1...
✓ Found nonce: 59039
Failed to process block: invalid proof of work
Mining block at height 1...
✓ Found nonce: 22802
Failed to process block: invalid proof of work
Mining block at height 1...
✓ Found nonce: 62146
Failed to process block: invalid proof of work
Mining block at height 1...
✓ Found nonce: 36281
Failed to process block: invalid proof of work
Mining block at height 1...
✓ Found nonce: 87807
Failed to process block: invalid proof of work
Mining block at height 1...
✓ Found nonce: 254067
Failed to process block: invalid proof of work
Mining block at height 1...
✓ Found nonce: 10464
Failed to process block: invalid proof of work
Mining block at height 1...
✓ Found nonce: 7875
Failed to process block: invalid proof of work
Mining block at height 1...
✓ Found nonce: 61543
Failed to process block: invalid proof of work
Mining block at height 1...
✓ Found nonce: 28566
Failed to process block: invalid proof of work
Mining block at height 1...
✓ Found nonce: 22661
Failed to process block: invalid proof of work
Mining block at height 1...
✓ Found nonce: 41075
Failed to process block: invalid proof of work
Mining block at height 1...
✓ Found nonce: 4953
Failed to process block: invalid proof of work
Mining block at height 1...
✓ Found nonce: 67737
Failed to process block: invalid proof of work
Mining block at height 1...
✓ Found nonce: 78817
Failed to process block: invalid proof of work
Mining block at height 1...
✓ Found nonce: 79469
Failed to process block: invalid proof of work
Mining block at height 1...
✓ Found nonce: 18064
Failed to process block: invalid proof of work
Mining block at height 1...
✓ Found nonce: 11001
Failed to process block: invalid proof of work
Mining block at height 1...
✓ Found nonce: 72050
Failed to process block: invalid proof of work
Mining block at height 1...
✓ Found nonce: 77475
Failed to process block: invalid proof of work
Mining block at height 1...
✓ Found nonce: 41985
Failed to process block: invalid proof of work
Mining block at height 1...
✓ Found nonce: 83700
Failed to process block: invalid proof of work
Mining block at height 1...
✓ Found nonce: 3549
Failed to process block: invalid proof of work
Mining block at height 1...
✓ Found nonce: 111690
Failed to process block: invalid proof of work
Mining block at height 1...
✓ Found nonce: 204520
Failed to process block: invalid proof of work
Mining block at height 1...
✓ Found nonce: 24498
Failed to process block: invalid proof of work
Mining block at height 1...
✓ Found nonce: 167455
Failed to process block: invalid proof of work
Mining block at height 1...
✓ Found nonce: 46856
Failed to process block: invalid proof of work
Mining block at height 1...
✓ Found nonce: 37095
Failed to process block: invalid proof of work
Mining block at height 1...
✓ Found nonce: 79562
Failed to process block: invalid proof of work
Mining block at height 1...
✓ Found nonce: 177277
Failed to process block: invalid proof of work
Mining block at height 1...
✓ Found nonce: 150014
Failed to process block: invalid proof of work
Mining block at height 1...
✓ Found nonce: 113877
Failed to process block: invalid proof of work
Mining block at height 1...
✓ Found nonce: 2867
Failed to process block: invalid proof of work
Mining block at height 1...
✓ Found nonce: 295246
Failed to process block: invalid proof of work
Mining block at height 1...
✓ Found nonce: 97833
Failed to process block: invalid proof of work
Mining block at height 1...
✓ Found nonce: 86407
Failed to process block: invalid proof of work
Mining block at height 1...
✓ Found nonce: 73525
Failed to process block: invalid proof of work
Mining block at height 1...
✓ Found nonce: 180881
Failed to process block: invalid proof of work
Mining block at height 1...
✓ Found nonce: 45865
Failed to process block: invalid proof of work
Mining block at height 1...
✓ Found nonce: 78180
Failed to process block: invalid proof of work
Mining block at height 1...
✓ Found nonce: 18245
Failed to process block: invalid proof of work
Mining block at height 1...
✓ Found nonce: 106391
Failed to process block: invalid proof of work
Mining block at height 1...
✓ Found nonce: 141015
Failed to process block: invalid proof of work
Mining block at height 1...
✓ Found nonce: 151746
Failed to process block: invalid proof of work
Mining block at height 1...
✓ Found nonce: 17132
Failed to process block: invalid proof of work
Mining block at height 1...
✓ Found nonce: 13762
Failed to process block: invalid proof of work
Mining block at height 1...
✓ Found nonce: 91543
Failed to process block: invalid proof of work
Mining block at height 1...
✓ Found nonce: 26020
Failed to process block: invalid proof of work
Mining block at height 1...
✓ Found nonce: 125940
Failed to process block: invalid proof of work
Mining block at height 1...
✓ Found nonce: 14818
Failed to process block: invalid proof of work
Mining block at height 1...
✓ Found nonce: 80867
Failed to process block: invalid proof of work
Mining block at height 1...
✓ Found nonce: 183878
Failed to process block: invalid proof of work
Mining block at height 1...
✓ Found nonce: 39285
Failed to process block: invalid proof of work
Mining block at height 1...
✓ Found nonce: 2127
Failed to process block: invalid proof of work
Mining block at height 1...
✓ Found nonce: 2793
Failed to process block: invalid proof of work
Mining block at height 1...
✓ Found nonce: 58007
Failed to process block: invalid proof of work
Mining block at height 1...
✓ Found nonce: 25260
Failed to process block: invalid proof of work
Mining block at height 1...
✓ Found nonce: 95477
Failed to process block: invalid proof of work
Mining block at height 1...
✓ Found nonce: 37886
Failed to process block: invalid proof of work
Mining block at height 1...
✓ Found nonce: 147897
Failed to process block: invalid proof of work
Mining block at height 1...
✓ Found nonce: 106067
Failed to process block: invalid proof of work
Mining block at height 1...
✓ Found nonce: 23688
Failed to process block: invalid proof of work
Mining block at height 1...
✓ Found nonce: 39431
Failed to process block: invalid proof of work
Mining block at height 1...
✓ Found nonce: 13800
Failed to process block: invalid proof of work
Mining block at height 1...
✓ Found nonce: 245963
Failed to process block: invalid proof of work
Mining block at height 1...
✓ Found nonce: 132723
Failed to process block: invalid proof of work
Mining block at height 1...
✓ Found nonce: 353548
Failed to process block: invalid proof of work
Mining block at height 1...
✓ Found nonce: 51370
Failed to process block: invalid proof of work
Mining block at height 1...
✓ Found nonce: 19441
Failed to process block: invalid proof of work
Mining block at height 1...
✓ Found nonce: 91629
Failed to process block: invalid proof of work
Mining block at height 1...
✓ Found nonce: 209770
Failed to process block: invalid proof of work
Mining block at height 1...
✓ Found nonce: 173968
Failed to process block: invalid proof of work
Mining block at height 1...
✓ Found nonce: 32616
Failed to process block: invalid proof of work
Mining block at height 1...
✓ Found nonce: 42601
Failed to process block: invalid proof of work
Mining block at height 1...
✓ Found nonce: 36833
Failed to process block: invalid proof of work
Mining block at height 1...
✓ Found nonce: 57054
Failed to process block: invalid proof of work
Mining block at height 1...
✓ Found nonce: 72207
Failed to process block: invalid proof of work
Mining block at height 1...
✓ Found nonce: 25626
Failed to process block: invalid proof of work
Mining block at height 1...
✓ Found nonce: 12872
Failed to process block: invalid proof of work
Mining block at height 1...
✓ Found nonce: 117116
Failed to process block: invalid proof of work
Mining block at height 1...
✓ Found nonce: 167816
Failed to process block: invalid proof of work
Mining block at height 1...
✓ Found nonce: 29584
Failed to process block: invalid proof of work
Mining block at height 1...
✓ Found nonce: 15958
Failed to process block: invalid proof of work
Mining block at height 1...
✓ Found nonce: 29203
Failed to process block: invalid proof of work
Mining block at height 1...
✓ Found nonce: 21972
Failed to process block: invalid proof of work
Mining block at height 1...
✓ Found nonce: 39325
Failed to process block: invalid proof of work
Mining block at height 1...
✓ Found nonce: 175775
Failed to process block: invalid proof of work
Mining block at height 1...
✓ Found nonce: 21745
Failed to process block: invalid proof of work
Mining block at height 1...
✓ Found nonce: 88025
Failed to process block: invalid proof of work
Mining block at height 1...
✓ Found nonce: 51173
Failed to process block: invalid proof of work
Mining block at height 1...
✓ Found nonce: 13093
Failed to process block: invalid proof of work
Mining block at height 1...
✓ Found nonce: 49334
Failed to process block: invalid proof of work
Mining block at height 1...
✓ Found nonce: 16008
Failed to process block: invalid proof of work
Mining block at height 1...
✓ Found nonce: 6837
Failed to process block: invalid proof of work
Mining block at height 1...
✓ Found nonce: 7771
Failed to process block: invalid proof of work
Mining block at height 1...
✓ Found nonce: 83354
Failed to process block: invalid proof of work
Mining block at height 1...
✓ Found nonce: 29349
Failed to process block: invalid proof of work
Mining block at height 1...
✓ Found nonce: 8484
Failed to process block: invalid proof of work
Mining block at height 1...
✓ Found nonce: 7902
Failed to process block: invalid proof of work
Mining block at height 1...
✓ Found nonce: 55679
Failed to process block: invalid proof of work
Mining block at height 1...
✓ Found nonce: 77249
Failed to process block: invalid proof of work
Mining block at height 1...
✓ Found nonce: 23222
Failed to process block: invalid proof of work
Mining block at height 1...
✓ Found nonce: 56031
Failed to process block: invalid proof of work
Mining block at height 1...
✓ Found nonce: 47926
Failed to process block: invalid proof of work
Mining block at height 1...
✓ Found nonce: 174612
Failed to process block: invalid proof of work
Mining block at height 1...
✓ Found nonce: 47282
Failed to process block: invalid proof of work
Mining block at height 1...
✓ Found nonce: 8589
Failed to process block: invalid proof of work
Mining block at height 1...
✓ Found nonce: 1069
Failed to process block: invalid proof of work
Mining block at height 1...
✓ Found nonce: 14429
Failed to process block: invalid proof of work
Mining block at height 1...
✓ Found nonce: 14176
Failed to process block: invalid proof of work
Mining block at height 1...
✓ Found nonce: 47482
Failed to process block: invalid proof of work
Mining block at height 1...
✓ Found nonce: 111702
Failed to process block: invalid proof of work
Mining block at height 1...
✓ Found nonce: 279416
Failed to process block: invalid proof of work
Mining block at height 1...
✓ Found nonce: 1527
Failed to process block: invalid proof of work
Mining block at height 1...
✓ Found nonce: 22860
Failed to process block: invalid proof of work
Mining block at height 1...
✓ Found nonce: 26008
Failed to process block: invalid proof of work
Mining block at height 1...
✓ Found nonce: 9447
Failed to process block: invalid proof of work
Mining block at height 1...
✓ Found nonce: 31127
Failed to process block: invalid proof of work
Mining block at height 1...
✓ Found nonce: 101307
Failed to process block: invalid proof of work
Mining block at height 1...
✓ Found nonce: 11672
Failed to process block: invalid proof of work
Mining block at height 1...
✓ Found nonce: 107104
Failed to process block: invalid proof of work
Mining block at height 1...
✓ Found nonce: 60924
Failed to process block: invalid proof of work
Mining block at height 1...
✓ Found nonce: 75366
Failed to process block: invalid proof of work
Mining block at height 1...
✓ Found nonce: 1993
Failed to process block: invalid proof of work
Mining block at height 1...
✓ Found nonce: 58511
Failed to process block: invalid proof of work
Mining block at height 1...
✓ Found nonce: 112357
Failed to process block: invalid proof of work
Mining block at height 1...
✓ Found nonce: 135109
Failed to process block: invalid proof of work
Mining block at height 1...
✓ Found nonce: 40896
Failed to process block: invalid proof of work
Mining block at height 1...
✓ Found nonce: 29199
Failed to process block: invalid proof of work
Mining block at height 1...
✓ Found nonce: 18516
Failed to process block: invalid proof of work
Mining block at height 1...
✓ Found nonce: 194970
Failed to process block: invalid proof of work
Mining block at height 1...
✓ Found nonce: 17459
Failed to process block: invalid proof of work
Mining block at height 1...
✓ Found nonce: 4188
Failed to process block: invalid proof of work
Mining block at height 1...
✓ Found nonce: 127821
Failed to process block: invalid proof of work
Mining block at height 1...
✓ Found nonce: 37147
Failed to process block: invalid proof of work
Mining block at height 1...
✓ Found nonce: 7200
Failed to process block: invalid proof of work
Mining block at height 1...
✓ Found nonce: 74566
Failed to process block: invalid proof of work
Mining block at height 1...
✓ Found nonce: 52921
Failed to process block: invalid proof of work
Mining block at height 1...
✓ Found nonce: 8993
Failed to process block: invalid proof of work
Mining block at height 1...
✓ Found nonce: 23827
Failed to process block: invalid proof of work
Mining block at height 1...
✓ Found nonce: 98093
Failed to process block: invalid proof of work
Mining block at height 1...
✓ Found nonce: 208176
Failed to process block: invalid proof of work
Mining block at height 1...
✓ Found nonce: 113565
Failed to process block: invalid proof of work
Mining block at height 1...
✓ Found nonce: 35731
Failed to process block: invalid proof of work
Mining block at height 1...
✓ Found nonce: 95562
Failed to process block: invalid proof of work
Mining block at height 1...
✓ Found nonce: 46850
Failed to process block: invalid proof of work
Mining block at height 1...
✓ Found nonce: 35752
Failed to process block: invalid proof of work
Mining block at height 1...
✓ Found nonce: 35690
Failed to process block: invalid proof of work
Mining block at height 1...
✓ Found nonce: 739
Failed to process block: invalid proof of work
Mining block at height 1...
✓ Found nonce: 81208
Failed to process block: invalid proof of work
Mining block at height 1...
✓ Found nonce: 23335
Failed to process block: invalid proof of work
Mining block at height 1...
✓ Found nonce: 9993
Failed to process block: invalid proof of work
Mining block at height 1...
✓ Found nonce: 1943
Failed to process block: invalid proof of work
Mining block at height 1...
✓ Found nonce: 67965
Failed to process block: invalid proof of work
Mining block at height 1...
✓ Found nonce: 110727
Failed to process block: invalid proof of work
Mining block at height 1...
✓ Found nonce: 88399
Failed to process block: invalid proof of work
Mining block at height 1...
✓ Found nonce: 16345
Failed to process block: invalid proof of work
Mining block at height 1...
✓ Found nonce: 18249
Failed to process block: invalid proof of work
Mining block at height 1...
✓ Found nonce: 100581
Failed to process block: invalid proof of work
Mining block at height 1...
✓ Found nonce: 51199
Failed to process block: invalid proof of work
Mining block at height 1...
✓ Found nonce: 68926
Failed to process block: invalid proof of work
Mining block at height 1...
✓ Found nonce: 28899
Failed to process block: invalid proof of work
Mining block at height 1...
✓ Found nonce: 812
Failed to process block: invalid proof of work
Mining block at height 1...
✓ Found nonce: 2597
Failed to process block: invalid proof of work
Mining block at height 1...
✓ Found nonce: 62887
Failed to process block: invalid proof of work
Mining block at height 1...
✓ Found nonce: 14279
Failed to process block: invalid proof of work
Mining block at height 1...
✓ Found nonce: 18804
Failed to process block: invalid proof of work
Mining block at height 1...
✓ Found nonce: 138723
Failed to process block: invalid proof of work
Mining block at height 1...
✓ Found nonce: 10450
Failed to process block: invalid proof of work
Mining block at height 1...
✓ Found nonce: 51795
Failed to process block: invalid proof of work
Mining block at height 1...
✓ Found nonce: 10600
Failed to process block: invalid proof of work
Mining block at height 1...
✓ Found nonce: 62362
Failed to process block: invalid proof of work
Mining block at height 1...
✓ Found nonce: 43520
Failed to process block: invalid proof of work
Mining block at height 1...
✓ Found nonce: 23162
Failed to process block: invalid proof of work
Mining block at height 1...
✓ Found nonce: 2181
Failed to process block: invalid proof of work
Mining block at height 1...
✓ Found nonce: 119279
Failed to process block: invalid proof of work
Mining block at height 1...
✓ Found nonce: 25204
Failed to process block: invalid proof of work
Mining block at height 1...
✓ Found nonce: 6658
Failed to process block: invalid proof of work
Mining block at height 1...
✓ Found nonce: 45964
Failed to process block: invalid proof of work
Mining block at height 1...
✓ Found nonce: 73884
Failed to process block: invalid proof of work
Mining block at height 1...
✓ Found nonce: 150635
Failed to process block: invalid proof of work
Mining block at height 1...
✓ Found nonce: 58012
Failed to process block: invalid proof of work
Mining block at height 1...
✓ Found nonce: 87575
Failed to process block: invalid proof of work
Mining block at height 1...
✓ Found nonce: 221071
Failed to process block: invalid proof of work
Mining block at height 1...
✓ Found nonce: 52180
Failed to process block: invalid proof of work
Mining block at height 1...
✓ Found nonce: 12703
Failed to process block: invalid proof of work
Mining block at height 1...
✓ Found nonce: 32420
Failed to process block: invalid proof of work
Mining block at height 1...
✓ Found nonce: 6821
Failed to process block: invalid proof of work
Mining block at height 1...
✓ Found nonce: 77675
Failed to process block: invalid proof of work
Mining block at height 1...
✓ Found nonce: 8179
Failed to process block: invalid proof of work
Mining block at height 1...
✓ Found nonce: 76811
Failed to process block: invalid proof of work
Mining block at height 1...
✓ Found nonce: 21905
Failed to process block: invalid proof of work
Mining block at height 1...
✓ Found nonce: 38426
Failed to process block: invalid proof of work
Mining block at height 1...
✓ Found nonce: 47858
Failed to process block: invalid proof of work
Mining block at height 1...
✓ Found nonce: 59512
Failed to process block: invalid proof of work
Mining block at height 1...
✓ Found nonce: 130002
Failed to process block: invalid proof of work
Mining block at height 1...
✓ Found nonce: 98895
Failed to process block: invalid proof of work
Mining block at height 1...
✓ Found nonce: 99
Failed to process block: invalid proof of work
Mining block at height 1...
✓ Found nonce: 14332
Failed to process block: invalid proof of work
Mining block at height 1...
✓ Found nonce: 56230
Failed to process block: invalid proof of work
Mining block at height 1...
✓ Found nonce: 129556
Failed to process block: invalid proof of work
Mining block at height 1...
✓ Found nonce: 43518
Failed to process block: invalid proof of work
Mining block at height 1...
✓ Found nonce: 47139
Failed to process block: invalid proof of work
Mining block at height 1...
✓ Found nonce: 23411
Failed to process block: invalid proof of work
Mining block at height 1...
✓ Found nonce: 8165
Failed to process block: invalid proof of work
Mining block at height 1...
✓ Found nonce: 78895
Failed to process block: invalid proof of work
Mining block at height 1...
✓ Found nonce: 1867
Failed to process block: invalid proof of work
Mining block at height 1...
✓ Found nonce: 99051
Failed to process block: invalid proof of work
Mining block at height 1...
✓ Found nonce: 95270
Failed to process block: invalid proof of work
Mining block at height 1...
✓ Found nonce: 31196
Failed to process block: invalid proof of work
Mining block at height 1...
✓ Found nonce: 388923
Failed to process block: invalid proof of work
Mining block at height 1...
✓ Found nonce: 5701
Failed to process block: invalid proof of work
Mining block at height 1...
✓ Found nonce: 71374
Failed to process block: invalid proof of work
Mining block at height 1...
✓ Found nonce: 73868
Failed to process block: invalid proof of work
Mining block at height 1...
✓ Found nonce: 6036
Failed to process block: invalid proof of work
Mining block at height 1...
✓ Found nonce: 2974
Failed to process block: invalid proof of work
Mining block at height 1...
✓ Found nonce: 31808
Failed to process block: invalid proof of work
Mining block at height 1...
✓ Found nonce: 81035
Failed to process block: invalid proof of work
Mining block at height 1...
✓ Found nonce: 10144
Failed to process block: invalid proof of work
Mining block at height 1...
✓ Found nonce: 562
Failed to process block: invalid proof of work
Mining block at height 1...
✓ Found nonce: 5350
Failed to process block: invalid proof of work
Mining block at height 1...
✓ Found nonce: 34316
Failed to process block: invalid proof of work
Mining block at height 1...
✓ Found nonce: 159432
Failed to process block: invalid proof of work
Mining block at height 1...
✓ Found nonce: 114392
Failed to process block: invalid proof of work
Mining block at height 1...
✓ Found nonce: 8325
Failed to process block: invalid proof of work
Mining block at height 1...
✓ Found nonce: 37460
Failed to process block: invalid proof of work
Mining block at height 1...
✓ Found nonce: 29587
Failed to process block: invalid proof of work
Mining block at height 1...
✓ Found nonce: 165278
Failed to process block: invalid proof of work
Mining block at height 1...
✓ Found nonce: 223141
Failed to process block: invalid proof of work
Mining block at height 1...
✓ Found nonce: 2266
Failed to process block: invalid proof of work
Mining block at height 1...
✓ Found nonce: 40010
Failed to process block: invalid proof of work
Mining block at height 1...
✓ Found nonce: 87339
Failed to process block: invalid proof of work
Mining block at height 1...
✓ Found nonce: 78904
Failed to process block: invalid proof of work
Mining block at height 1...
✓ Found nonce: 39210
Failed to process block: invalid proof of work
Mining block at height 1...
✓ Found nonce: 450891
Failed to process block: invalid proof of work
Mining block at height 1...
✓ Found nonce: 79223
Failed to process block: invalid proof of work
Mining block at height 1...
✓ Found nonce: 6916
Failed to process block: invalid proof of work
Mining block at height 1...
✓ Found nonce: 2538
Failed to process block: invalid proof of work
Mining block at height 1...
✓ Found nonce: 138237
Failed to process block: invalid proof of work
Mining block at height 1...
✓ Found nonce: 62469
Failed to process block: invalid proof of work
Mining block at height 1...
✓ Found nonce: 18941
Failed to process block: invalid proof of work
Mining block at height 1...
✓ Found nonce: 81646
Failed to process block: invalid proof of work
Mining block at height 1...
✓ Found nonce: 60897
Failed to process block: invalid proof of work
Mining block at height 1...
✓ Found nonce: 50157
Failed to process block: invalid proof of work
Mining block at height 1...
✓ Found nonce: 46089
Failed to process block: invalid proof of work
Mining block at height 1...
✓ Found nonce: 35839
Failed to process block: invalid proof of work
Mining block at height 1...
✓ Found nonce: 69663
Failed to process block: invalid proof of work
Mining block at height 1...
✓ Found nonce: 206566
Failed to process block: invalid proof of work
Mining block at height 1...
✓ Found nonce: 2399
Failed to process block: invalid proof of work
Mining block at height 1...
✓ Found nonce: 89613
Failed to process block: invalid proof of work
Mining block at height 1...
✓ Found nonce: 28152
Failed to process block: invalid proof of work
Mining block at height 1...
✓ Found nonce: 15726
Failed to process block: invalid proof of work
Mining block at height 1...
✓ Found nonce: 130716
Failed to process block: invalid proof of work
Mining block at height 1...
✓ Found nonce: 72488
Failed to process block: invalid proof of work
Mining block at height 1...
✓ Found nonce: 120
Failed to process block: invalid proof of work
Mining block at height 1...
✓ Found nonce: 203481
Failed to process block: invalid proof of work
Mining block at height 1...
✓ Found nonce: 108262
Failed to process block: invalid proof of work
Mining block at height 1...
✓ Found nonce: 14786
Failed to process block: invalid proof of work
Mining block at height 1...
✓ Found nonce: 36934
Failed to process block: invalid proof of work
Mining block at height 1...
✓ Found nonce: 49145
Failed to process block: invalid proof of work
Mining block at height 1...
✓ Found nonce: 7203
Failed to process block: invalid proof of work
Mining block at height 1...
✓ Found nonce: 403
Failed to process block: invalid proof of work
Mining block at height 1...
✓ Found nonce: 30365
Failed to process block: invalid proof of work
Mining block at height 1...
✓ Found nonce: 1059
Failed to process block: invalid proof of work
Mining block at height 1...
✓ Found nonce: 46765
Failed to process block: invalid proof of work
Mining block at height 1...
✓ Found nonce: 11350
Failed to process block: invalid proof of work
Mining block at height 1...
✓ Found nonce: 35908
Failed to process block: invalid proof of work
Mining block at height 1...
✓ Found nonce: 56239
Failed to process block: invalid proof of work
Mining block at height 1...
✓ Found nonce: 174423
Failed to process block: invalid proof of work
Mining block at height 1...
✓ Found nonce: 11841
Failed to process block: invalid proof of work
Mining block at height 1...
✓ Found nonce: 41037
Failed to process block: invalid proof of work
Mining block at height 1...
✓ Found nonce: 218025
Failed to process block: invalid proof of work
Mining block at height 1...
✓ Found nonce: 46735
Failed to process block: invalid proof of work
Mining block at height 1...
✓ Found nonce: 17066
Failed to process block: invalid proof of work
Mining block at height 1...
✓ Found nonce: 119294
Failed to process block: invalid proof of work
Mining block at height 1...
✓ Found nonce: 9847
Failed to process block: invalid proof of work
Mining block at height 1...
✓ Found nonce: 96996
Failed to process block: invalid proof of work
Mining block at height 1...
✓ Found nonce: 165829
Failed to process block: invalid proof of work
Mining block at height 1...
✓ Found nonce: 92339
Failed to process block: invalid proof of work
Mining block at height 1...
✓ Found nonce: 54295
Failed to process block: invalid proof of work
Mining block at height 1...
✓ Found nonce: 83201
Failed to process block: invalid proof of work
Mining block at height 1...
✓ Found nonce: 29303
Failed to process block: invalid proof of work
Mining block at height 1...
✓ Found nonce: 47172
Failed to process block: invalid proof of work
Mining block at height 1...
✓ Found nonce: 24864
Failed to process block: invalid proof of work
Mining block at height 1...
✓ Found nonce: 181217
Failed to process block: invalid proof of work
Mining block at height 1...
✓ Found nonce: 4712
Failed to process block: invalid proof of work
Mining block at height 1...
✓ Found nonce: 14263
Failed to process block: invalid proof of work
Mining block at height 1...
✓ Found nonce: 7620
Failed to process block: invalid proof of work
Mining block at height 1...
✓ Found nonce: 53326
Failed to process block: invalid proof of work
Mining block at height 1...
✓ Found nonce: 22121
Failed to process block: invalid proof of work
Mining block at height 1...
✓ Found nonce: 4728
Failed to process block: invalid proof of work
Mining block at height 1...
✓ Found nonce: 101448
Failed to process block: invalid proof of work
Mining block at height 1...
✓ Found nonce: 38067
Failed to process block: invalid proof of work
Mining block at height 1...
✓ Found nonce: 96258
Failed to process block: invalid proof of work
Mining block at height 1...
✓ Found nonce: 4099
Failed to process block: invalid proof of work
Mining block at height 1...
✓ Found nonce: 174532
Failed to process block: invalid proof of work
Mining block at height 1...
✓ Found nonce: 107461
Failed to process block: invalid proof of work
Mining block at height 1...
✓ Found nonce: 125143
Failed to process block: invalid proof of work
Mining block at height 1...
✓ Found nonce: 56974
Failed to process block: invalid proof of work
Mining block at height 1...
✓ Found nonce: 7649
Failed to process block: invalid proof of work
Mining block at height 1...
✓ Found nonce: 206896
Failed to process block: invalid proof of work
Mining block at height 1...
✓ Found nonce: 75509
Failed to process block: invalid proof of work
Mining block at height 1...
✓ Found nonce: 89513
Failed to process block: invalid proof of work
Mining block at height 1...
✓ Found nonce: 65907
Failed to process block: invalid proof of work
Mining block at height 1...
✓ Found nonce: 35382
Failed to process block: invalid proof of work
Mining block at height 1...
✓ Found nonce: 170054
Failed to process block: invalid proof of work
Mining block at height 1...
✓ Found nonce: 12020
Failed to process block: invalid proof of work
Mining block at height 1...
✓ Found nonce: 23522
Failed to process block: invalid proof of work
Mining block at height 1...
✓ Found nonce: 321509
Failed to process block: invalid proof of work
Mining block at height 1...
✓ Found nonce: 48061
Failed to process block: invalid proof of work
Mining block at height 1...
✓ Found nonce: 19677
Failed to process block: invalid proof of work
Mining block at height 1...
✓ Found nonce: 6856
Failed to process block: invalid proof of work
Mining block at height 1...
✓ Found nonce: 1399
Failed to process block: invalid proof of work
Mining block at height 1...
✓ Found nonce: 20999
Failed to process block: invalid proof of work
Mining block at height 1...
✓ Found nonce: 12746
Failed to process block: invalid proof of work
Mining block at height 1...
✓ Found nonce: 4485
Failed to process block: invalid proof of work
Mining block at height 1...
✓ Found nonce: 5714
Failed to process block: invalid proof of work
Mining block at height 1...
✓ Found nonce: 103418
Failed to process block: invalid proof of work
Mining block at height 1...
✓ Found nonce: 41690
Failed to process block: invalid proof of work
Mining block at height 1...
✓ Found nonce: 18465
Failed to process block: invalid proof of work
Mining block at height 1...
✓ Found nonce: 135942
Failed to process block: invalid proof of work
Mining block at height 1...
✓ Found nonce: 102228
Failed to process block: invalid proof of work
Mining block at height 1...
✓ Found nonce: 29288
Failed to process block: invalid proof of work
Mining block at height 1...
✓ Found nonce: 380553
Failed to process block: invalid proof of work
Mining block at height 1...
✓ Found nonce: 100551
Failed to process block: invalid proof of work
Mining block at height 1...
✓ Found nonce: 55728
Failed to process block: invalid proof of work
Mining block at height 1...
✓ Found nonce: 87219
Failed to process block: invalid proof of work
Mining block at height 1...
✓ Found nonce: 11213
Failed to process block: invalid proof of work
Mining block at height 1...
✓ Found nonce: 157679
Failed to process block: invalid proof of work
Mining block at height 1...
✓ Found nonce: 25315
Failed to process block: invalid proof of work
Mining block at height 1...
✓ Found nonce: 42476
Failed to process block: invalid proof of work
Mining block at height 1...
✓ Found nonce: 182034
Failed to process block: invalid proof of work
Mining block at height 1...
✓ Found nonce: 950
Failed to process block: invalid proof of work
Mining block at height 1...
✓ Found nonce: 5636
Failed to process block: invalid proof of work
Mining block at height 1...
✓ Found nonce: 8353
Failed to process block: invalid proof of work
Mining block at height 1...
✓ Found nonce: 102433
Failed to process block: invalid proof of work
Mining block at height 1...
✓ Found nonce: 161586
Failed to process block: invalid proof of work
Mining block at height 1...
✓ Found nonce: 3484
Failed to process block: invalid proof of work
Mining block at height 1...
✓ Found nonce: 39513
Failed to process block: invalid proof of work
Mining block at height 1...
✓ Found nonce: 92273
Failed to process block: invalid proof of work
Mining block at height 1...
✓ Found nonce: 50456
Failed to process block: invalid proof of work
Mining block at height 1...
✓ Found nonce: 166979
Failed to process block: invalid proof of work
Mining block at height 1...
✓ Found nonce: 51407
Failed to process block: invalid proof of work
Mining block at height 1...
✓ Found nonce: 77385
Failed to process block: invalid proof of work
Mining block at height 1...
✓ Found nonce: 89044
Failed to process block: invalid proof of work
Mining block at height 1...
✓ Found nonce: 24336
Failed to process block: invalid proof of work
Mining block at height 1...
✓ Found nonce: 25985
Failed to process block: invalid proof of work
Mining block at height 1...
✓ Found nonce: 36688
Failed to process block: invalid proof of work
Mining block at height 1...
✓ Found nonce: 44413
Failed to process block: invalid proof of work
Mining block at height 1...
✓ Found nonce: 122930
Failed to process block: invalid proof of work
Mining block at height 1...
✓ Found nonce: 96113
Failed to process block: invalid proof of work
Mining block at height 1...
✓ Found nonce: 33390
Failed to process block: invalid proof of work
Mining block at height 1...
✓ Found nonce: 14870
Failed to process block: invalid proof of work
Mining block at height 1...
✓ Found nonce: 136991
Failed to process block: invalid proof of work
Mining block at height 1...
✓ Found nonce: 97112
Failed to process block: invalid proof of work
Mining block at height 1...
✓ Found nonce: 35600
Failed to process block: invalid proof of work
Mining block at height 1...
✓ Found nonce: 34438
Failed to process block: invalid proof of work
Mining block at height 1...
✓ Found nonce: 35839
Failed to process block: invalid proof of work
Mining block at height 1...
✓ Found nonce: 152984
Failed to process block: invalid proof of work
Mining block at height 1...
✓ Found nonce: 107077
Failed to process block: invalid proof of work
Mining block at height 1...
✓ Found nonce: 125628
Failed to process block: invalid proof of work
Mining block at height 1...
✓ Found nonce: 136582
Failed to process block: invalid proof of work
Mining block at height 1...
✓ Found nonce: 32927
Failed to process block: invalid proof of work
Mining block at height 1...
✓ Found nonce: 1385
Failed to process block: invalid proof of work
Mining block at height 1...
✓ Found nonce: 86674
Failed to process block: invalid proof of work
Mining block at height 1...
✓ Found nonce: 195508
Failed to process block: invalid proof of work
Mining block at height 1...
✓ Found nonce: 18102
Failed to process block: invalid proof of work
Mining block at height 1...
✓ Found nonce: 32604
Failed to process block: invalid proof of work
Mining block at height 1...
✓ Found nonce: 103111
Failed to process block: invalid proof of work
Mining block at height 1...
✓ Found nonce: 153139
Failed to process block: invalid proof of work
Mining block at height 1...
✓ Found nonce: 116265
Failed to process block: invalid proof of work
Mining block at height 1...
✓ Found nonce: 61656
Failed to process block: invalid proof of work
Mining block at height 1...
✓ Found nonce: 167901
Failed to process block: invalid proof of work
Mining block at height 1...
✓ Found nonce: 14276
Failed to process block: invalid proof of work
Mining block at height 1...
✓ Found nonce: 31984
Failed to process block: invalid proof of work
Mining block at height 1...
✓ Found nonce: 69872
Failed to process block: invalid proof of work
Mining block at height 1...
✓ Found nonce: 225191
Failed to process block: invalid proof of work
Mining block at height 1...
✓ Found nonce: 70489
Failed to process block: invalid proof of work
Mining block at height 1...
✓ Found nonce: 37800
Failed to process block: invalid proof of work
Mining block at height 1...
✓ Found nonce: 6646
Failed to process block: invalid proof of work
Mining block at height 1...
✓ Found nonce: 49582
Failed to process block: invalid proof of work
Mining block at height 1...
✓ Found nonce: 53242
Failed to process block: invalid proof of work
Mining block at height 1...
✓ Found nonce: 91712
Failed to process block: invalid proof of work
Mining block at height 1...
✓ Found nonce: 22039
Failed to process block: invalid proof of work
Mining block at height 1...
✓ Found nonce: 47352
Failed to process block: invalid proof of work
Mining block at height 1...
✓ Found nonce: 258643
Failed to process block: invalid proof of work
Mining block at height 1...
✓ Found nonce: 41361
Failed to process block: invalid proof of work
Mining block at height 1...
✓ Found nonce: 34149
Failed to process block: invalid proof of work
Mining block at height 1...
✓ Found nonce: 26233
Failed to process block: invalid proof of work
Mining block at height 1...
✓ Found nonce: 149537
Failed to process block: invalid proof of work
Mining block at height 1...
✓ Found nonce: 34380
Failed to process block: invalid proof of work
Mining block at height 1...
✓ Found nonce: 15666
Failed to process block: invalid proof of work
Mining block at height 1...
✓ Found nonce: 33128
Failed to process block: invalid proof of work
Mining block at height 1...
✓ Found nonce: 374360
Failed to process block: invalid proof of work
Mining block at height 1...
✓ Found nonce: 39875
Failed to process block: invalid proof of work
Mining block at height 1...
✓ Found nonce: 17799
Failed to process block: invalid proof of work
Mining block at height 1...
✓ Found nonce: 51042
Failed to process block: invalid proof of work
Mining block at height 1...
✓ Found nonce: 127784
Failed to process block: invalid proof of work
Mining block at height 1...
✓ Found nonce: 84612
Failed to process block: invalid proof of work
Mining block at height 1...
✓ Found nonce: 53198
Failed to process block: invalid proof of work
Mining block at height 1...
✓ Found nonce: 80481
Failed to process block: invalid proof of work
Mining block at height 1...
✓ Found nonce: 51419
Failed to process block: invalid proof of work
Mining block at height 1...
✓ Found nonce: 143466
Failed to process block: invalid proof of work
Mining block at height 1...
✓ Found nonce: 73790
Failed to process block: invalid proof of work
Mining block at height 1...
✓ Found nonce: 146644
Failed to process block: invalid proof of work
Mining block at height 1...
✓ Found nonce: 25315
Failed to process block: invalid proof of work
Mining block at height 1...
✓ Found nonce: 52441
Failed to process block: invalid proof of work
Mining block at height 1...
✓ Found nonce: 4139
Failed to process block: invalid proof of work
Mining block at height 1...
✓ Found nonce: 78308
Failed to process block: invalid proof of work
Mining block at height 1...
✓ Found nonce: 9386
Failed to process block: invalid proof of work
Mining block at height 1...
✓ Found nonce: 81808
Failed to process block: invalid proof of work
Mining block at height 1...
✓ Found nonce: 19823
Failed to process block: invalid proof of work
Mining block at height 1...
✓ Found nonce: 14332
Failed to process block: invalid proof of work
Mining block at height 1...
✓ Found nonce: 31428
Failed to process block: invalid proof of work
Mining block at height 1...
✓ Found nonce: 24167
Failed to process block: invalid proof of work
Mining block at height 1...
✓ Found nonce: 1215
Failed to process block: invalid proof of work
Mining block at height 1...
✓ Found nonce: 245031
Failed to process block: invalid proof of work
Mining block at height 1...
✓ Found nonce: 267421
Failed to process block: invalid proof of work
Mining block at height 1...
✓ Found nonce: 131329
Failed to process block: invalid proof of work
Mining block at height 1...
✓ Found nonce: 9915
Failed to process block: invalid proof of work
Mining block at height 1...
✓ Found nonce: 42263
Failed to process block: invalid proof of work
Mining block at height 1...
✓ Found nonce: 12525
Failed to process block: invalid proof of work
Mining block at height 1...
✓ Found nonce: 53236
Failed to process block: invalid proof of work
Mining block at height 1...
✓ Found nonce: 42783
Failed to process block: invalid proof of work
Mining block at height 1...
✓ Found nonce: 178842
Failed to process block: invalid proof of work
Mining block at height 1...
✓ Found nonce: 32292
Failed to process block: invalid proof of work
Mining block at height 1...
✓ Found nonce: 2776
Failed to process block: invalid proof of work
Mining block at height 1...
✓ Found nonce: 13266
Failed to process block: invalid proof of work
Mining block at height 1...
✓ Found nonce: 236082
Failed to process block: invalid proof of work
Mining block at height 1...
✓ Found nonce: 40174
Failed to process block: invalid proof of work
Mining block at height 1...
✓ Found nonce: 22595
Failed to process block: invalid proof of work
Mining block at height 1...
✓ Found nonce: 69816
Failed to process block: invalid proof of work
Mining block at height 1...
✓ Found nonce: 112992
Failed to process block: invalid proof of work
Mining block at height 1...
✓ Found nonce: 49515
Failed to process block: invalid proof of work
Mining block at height 1...
✓ Found nonce: 23598
Failed to process block: invalid proof of work
Mining block at height 1...
✓ Found nonce: 177783
Failed to process block: invalid proof of work
Mining block at height 1...
✓ Found nonce: 69328
Failed to process block: invalid proof of work
Mining block at height 1...
✓ Found nonce: 2252
Failed to process block: invalid proof of work
Mining block at height 1...
✓ Found nonce: 1116
Failed to process block: invalid proof of work
Mining block at height 1...
✓ Found nonce: 48417
Failed to process block: invalid proof of work
Mining block at height 1...
✓ Found nonce: 129256
Failed to process block: invalid proof of work
Mining block at height 1...
✓ Found nonce: 23463
Failed to process block: invalid proof of work
Mining block at height 1...
✓ Found nonce: 25128
Failed to process block: invalid proof of work
Mining block at height 1...
✓ Found nonce: 6129
Failed to process block: invalid proof of work
Mining block at height 1...
✓ Found nonce: 49620
Failed to process block: invalid proof of work
Mining block at height 1...
✓ Found nonce: 6850
Failed to process block: invalid proof of work
Mining block at height 1...
✓ Found nonce: 85542
Failed to process block: invalid proof of work
Mining block at height 1...
✓ Found nonce: 78050
Failed to process block: invalid proof of work
Mining block at height 1...
✓ Found nonce: 52751
Failed to process block: invalid proof of work
Mining block at height 1...
✓ Found nonce: 94185
Failed to process block: invalid proof of work
Mining block at height 1...
✓ Found nonce: 43063
Failed to process block: invalid proof of work
Mining block at height 1...
✓ Found nonce: 10011
Failed to process block: invalid proof of work
Mining block at height 1...
✓ Found nonce: 36286
Failed to process block: invalid proof of work
Mining block at height 1...
✓ Found nonce: 91297
Failed to process block: invalid proof of work
Mining block at height 1...
✓ Found nonce: 3917
Failed to process block: invalid proof of work
Mining block at height 1...
✓ Found nonce: 43202
Failed to process block: invalid proof of work
Mining block at height 1...
✓ Found nonce: 88260
Failed to process block: invalid proof of work
Mining block at height 1...
✓ Found nonce: 11071
Failed to process block: invalid proof of work
Mining block at height 1...
✓ Found nonce: 48001
Failed to process block: invalid proof of work
Mining block at height 1...
✓ Found nonce: 67725
Failed to process block: invalid proof of work
Mining block at height 1...
✓ Found nonce: 114842
Failed to process block: invalid proof of work
Mining block at height 1...
✓ Found nonce: 19498
Failed to process block: invalid proof of work
Mining block at height 1...
✓ Found nonce: 10055
Failed to process block: invalid proof of work
Mining block at height 1...
✓ Found nonce: 30833
Failed to process block: invalid proof of work
Mining block at height 1...
✓ Found nonce: 119622
Failed to process block: invalid proof of work
Mining block at height 1...
✓ Found nonce: 84627
Failed to process block: invalid proof of work
Mining block at height 1...
✓ Found nonce: 62707
Failed to process block: invalid proof of work
Mining block at height 1...
✓ Found nonce: 43359
Failed to process block: invalid proof of work
Mining block at height 1...
✓ Found nonce: 13887
Failed to process block: invalid proof of work
Mining block at height 1...
✓ Found nonce: 81183
Failed to process block: invalid proof of work
Mining block at height 1...
✓ Found nonce: 71743
Failed to process block: invalid proof of work
Mining block at height 1...
✓ Found nonce: 18669
Failed to process block: invalid proof of work
Mining block at height 1...
✓ Found nonce: 44392
Failed to process block: invalid proof of work
Mining block at height 1...
✓ Found nonce: 18291
Failed to process block: invalid proof of work
Mining block at height 1...
✓ Found nonce: 31850
Failed to process block: invalid proof of work
Mining block at height 1...
✓ Found nonce: 1077
Failed to process block: invalid proof of work
Mining block at height 1...
✓ Found nonce: 54964
Failed to process block: invalid proof of work
Mining block at height 1...
✓ Found nonce: 27484
Failed to process block: invalid proof of work
Mining block at height 1...
✓ Found nonce: 54483
Failed to process block: invalid proof of work
Mining block at height 1...
✓ Found nonce: 15665
Failed to process block: invalid proof of work
Mining block at height 1...
✓ Found nonce: 110858
Failed to process block: invalid proof of work
Mining block at height 1...
✓ Found nonce: 41928
Failed to process block: invalid proof of work
Mining block at height 1...
✓ Found nonce: 56938
Failed to process block: invalid proof of work
Mining block at height 1...
✓ Found nonce: 42100
Failed to process block: invalid proof of work
Mining block at height 1...
✓ Found nonce: 2954
Failed to process block: invalid proof of work
Mining block at height 1...
✓ Found nonce: 24025
Failed to process block: invalid proof of work
Mining block at height 1...
✓ Found nonce: 82765
Failed to process block: invalid proof of work
Mining block at height 1...
✓ Found nonce: 238462
Failed to process block: invalid proof of work
Mining block at height 1...
✓ Found nonce: 1268
Failed to process block: invalid proof of work
Mining block at height 1...
✓ Found nonce: 13699
Failed to process block: invalid proof of work
Mining block at height 1...
✓ Found nonce: 57279
Failed to process block: invalid proof of work
Mining block at height 1...
✓ Found nonce: 23489
Failed to process block: invalid proof of work
Mining block at height 1...
✓ Found nonce: 9792
Failed to process block: invalid proof of work
Mining block at height 1...
✓ Found nonce: 62276
Failed to process block: invalid proof of work
Mining block at height 1...
✓ Found nonce: 1916
Failed to process block: invalid proof of work
Mining block at height 1...
✓ Found nonce: 132183
Failed to process block: invalid proof of work
Mining block at height 1...
✓ Found nonce: 119448
Failed to process block: invalid proof of work
Mining block at height 1...
✓ Found nonce: 76821
Failed to process block: invalid proof of work
Mining block at height 1...
✓ Found nonce: 19874
Failed to process block: invalid proof of work
Mining block at height 1...
✓ Found nonce: 3015
Failed to process block: invalid proof of work
Mining block at height 1...
✓ Found nonce: 54657
Failed to process block: invalid proof of work
Mining block at height 1...
✓ Found nonce: 26419
Failed to process block: invalid proof of work
Mining block at height 1...
✓ Found nonce: 44916
Failed to process block: invalid proof of work
Mining block at height 1...
✓ Found nonce: 3571
Failed to process block: invalid proof of work
Mining block at height 1...
✓ Found nonce: 88023
Failed to process block: invalid proof of work
Mining block at height 1...
✓ Found nonce: 74937
Failed to process block: invalid proof of work
Mining block at height 1...
✓ Found nonce: 297232
Failed to process block: invalid proof of work
Mining block at height 1...
✓ Found nonce: 13001
Failed to process block: invalid proof of work
Mining block at height 1...
✓ Found nonce: 46806
Failed to process block: invalid proof of work
Mining block at height 1...
✓ Found nonce: 410
Failed to process block: invalid proof of work
Mining block at height 1...
✓ Found nonce: 46367
Failed to process block: invalid proof of work
Mining block at height 1...
✓ Found nonce: 133208
Failed to process block: invalid proof of work
Mining block at height 1...
✓ Found nonce: 22414
Failed to process block: invalid proof of work
Mining block at height 1...
✓ Found nonce: 15163
Failed to process block: invalid proof of work
Mining block at height 1...
✓ Found nonce: 126173
Failed to process block: invalid proof of work
Mining block at height 1...
✓ Found nonce: 45672
Failed to process block: invalid proof of work
Mining block at height 1...
✓ Found nonce: 6959
Failed to process block: invalid proof of work
Mining block at height 1...
✓ Found nonce: 29287
Failed to process block: invalid proof of work
Mining block at height 1...
✓ Found nonce: 88343
Failed to process block: invalid proof of work
Mining block at height 1...
✓ Found nonce: 953
Failed to process block: invalid proof of work
Mining block at height 1...
✓ Found nonce: 106346
Failed to process block: invalid proof of work
Mining block at height 1...
✓ Found nonce: 10496
Failed to process block: invalid proof of work
Mining block at height 1...
✓ Found nonce: 112216
Failed to process block: invalid proof of work
Mining block at height 1...
✓ Found nonce: 89392
Failed to process block: invalid proof of work
Mining block at height 1...
✓ Found nonce: 66944
Failed to process block: invalid proof of work
Mining block at height 1...
✓ Found nonce: 115016
Failed to process block: invalid proof of work
Mining block at height 1...
✓ Found nonce: 1009
Failed to process block: invalid proof of work
Mining block at height 1...
✓ Found nonce: 48545
Failed to process block: invalid proof of work
Mining block at height 1...
✓ Found nonce: 4297
Failed to process block: invalid proof of work
Mining block at height 1...
✓ Found nonce: 31627
Failed to process block: invalid proof of work
Mining block at height 1...
✓ Found nonce: 248956
Failed to process block: invalid proof of work
Mining block at height 1...
✓ Found nonce: 102922
Failed to process block: invalid proof of work
Mining block at height 1...
✓ Found nonce: 210825
Failed to process block: invalid proof of work
Mining block at height 1...
✓ Found nonce: 217660
Failed to process block: invalid proof of work
Mining block at height 1...
✓ Found nonce: 13697
Failed to process block: invalid proof of work
Mining block at height 1...
✓ Found nonce: 60352
Failed to process block: invalid proof of work
Mining block at height 1...
✓ Found nonce: 37661
Failed to process block: invalid proof of work
Mining block at height 1...
✓ Found nonce: 983
Failed to process block: invalid proof of work
Mining block at height 1...
✓ Found nonce: 72106
Failed to process block: invalid proof of work
Mining block at height 1...
✓ Found nonce: 133336
Failed to process block: invalid proof of work
Mining block at height 1...
✓ Found nonce: 155304
Failed to process block: invalid proof of work
Mining block at height 1...
✓ Found nonce: 164184
Failed to process block: invalid proof of work
Mining block at height 1...
✓ Found nonce: 80765
Failed to process block: invalid proof of work
Mining block at height 1...
✓ Found nonce: 122216
Failed to process block: invalid proof of work
Mining block at height 1...
✓ Found nonce: 37382
Failed to process block: invalid proof of work
Mining block at height 1...
✓ Found nonce: 91887
Failed to process block: invalid proof of work
Mining block at height 1...
✓ Found nonce: 25452
Failed to process block: invalid proof of work
Mining block at height 1...
✓ Found nonce: 80868
Failed to process block: invalid proof of work
Mining block at height 1...
✓ Found nonce: 63409
Failed to process block: invalid proof of work
Mining block at height 1...
✓ Found nonce: 22969
Failed to process block: invalid proof of work
Mining block at height 1...
✓ Found nonce: 44967
Failed to process block: invalid proof of work
Mining block at height 1...
✓ Found nonce: 162846
Failed to process block: invalid proof of work
Mining block at height 1...
✓ Found nonce: 80361
Failed to process block: invalid proof of work
Mining block at height 1...
✓ Found nonce: 243450
Failed to process block: invalid proof of work
Mining block at height 1...
✓ Found nonce: 293441
Failed to process block: invalid proof of work
Mining block at height 1...
✓ Found nonce: 44453
Failed to process block: invalid proof of work
Mining block at height 1...
✓ Found nonce: 6323
Failed to process block: invalid proof of work
Mining block at height 1...
✓ Found nonce: 74413
Failed to process block: invalid proof of work
Mining block at height 1...
✓ Found nonce: 63620
Failed to process block: invalid proof of work
Mining block at height 1...
✓ Found nonce: 298556
Failed to process block: invalid proof of work
Mining block at height 1...
✓ Found nonce: 7307
Failed to process block: invalid proof of work
Mining block at height 1...
✓ Found nonce: 57238
Failed to process block: invalid proof of work
Mining block at height 1...
✓ Found nonce: 77585
Failed to process block: invalid proof of work
Mining block at height 1...
✓ Found nonce: 77816
Failed to process block: invalid proof of work
Mining block at height 1...
✓ Found nonce: 17715
Failed to process block: invalid proof of work
Mining block at height 1...
✓ Found nonce: 132460
Failed to process block: invalid proof of work
Mining block at height 1...
✓ Found nonce: 25387
Failed to process block: invalid proof of work
Mining block at height 1...
✓ Found nonce: 60140
Failed to process block: invalid proof of work
Mining block at height 1...
✓ Found nonce: 23829
Failed to process block: invalid proof of work
Mining block at height 1...
✓ Found nonce: 16409
Failed to process block: invalid proof of work
Mining block at height 1...
✓ Found nonce: 24685
Failed to process block: invalid proof of work
Mining block at height 1...
✓ Found nonce: 33399
Failed to process block: invalid proof of work
Mining block at height 1...
✓ Found nonce: 91872
Failed to process block: invalid proof of work
Mining block at height 1...
✓ Found nonce: 43240
Failed to process block: invalid proof of work
Mining block at height 1...
✓ Found nonce: 104701
Failed to process block: invalid proof of work
Mining block at height 1...
✓ Found nonce: 64534
Failed to process block: invalid proof of work
Mining block at height 1...
✓ Found nonce: 40814
Failed to process block: invalid proof of work
Mining block at height 1...
✓ Found nonce: 7485
Failed to process block: invalid proof of work
Mining block at height 1...
✓ Found nonce: 34533
Failed to process block: invalid proof of work
Mining block at height 1...
✓ Found nonce: 65753
Failed to process block: invalid proof of work
Mining block at height 1...
✓ Found nonce: 54606
Failed to process block: invalid proof of work
Mining block at height 1...
✓ Found nonce: 81096
Failed to process block: invalid proof of work
Mining block at height 1...
✓ Found nonce: 91788
Failed to process block: invalid proof of work
Mining block at height 1...
✓ Found nonce: 77502
Failed to process block: invalid proof of work
Mining block at height 1...
✓ Found nonce: 93262
Failed to process block: invalid proof of work
Mining block at height 1...
✓ Found nonce: 135877
Failed to process block: invalid proof of work
Mining block at height 1...
✓ Found nonce: 63003
Failed to process block: invalid proof of work
Mining block at height 1...
✓ Found nonce: 15638
Failed to process block: invalid proof of work
Mining block at height 1...
✓ Found nonce: 4250
Failed to process block: invalid proof of work
Mining block at height 1...
✓ Found nonce: 36535
Failed to process block: invalid proof of work
Mining block at height 1...
✓ Found nonce: 87645
Failed to process block: invalid proof of work
Mining block at height 1...
✓ Found nonce: 56368
Failed to process block: invalid proof of work
Mining block at height 1...
✓ Found nonce: 38968
Failed to process block: invalid proof of work
Mining block at height 1...
✓ Found nonce: 32376
Failed to process block: invalid proof of work
Mining block at height 1...
✓ Found nonce: 324129
Failed to process block: invalid proof of work
Mining block at height 1...
✓ Found nonce: 29318
Failed to process block: invalid proof of work
Mining block at height 1...
✓ Found nonce: 85602
Failed to process block: invalid proof of work
Mining block at height 1...
✓ Found nonce: 17801
Failed to process block: invalid proof of work
Mining block at height 1...
✓ Found nonce: 132786
Failed to process block: invalid proof of work
Mining block at height 1...
✓ Found nonce: 11188
Failed to process block: invalid proof of work
Mining block at height 1...
✓ Found nonce: 98171
Failed to process block: invalid proof of work
Mining block at height 1...
✓ Found nonce: 84984
Failed to process block: invalid proof of work
Mining block at height 1...
✓ Found nonce: 27024
Failed to process block: invalid proof of work
Mining block at height 1...
✓ Found nonce: 39211
Failed to process block: invalid proof of work
Mining block at height 1...
✓ Found nonce: 93685
Failed to process block: invalid proof of work
Mining block at height 1...
✓ Found nonce: 48410
Failed to process block: invalid proof of work
Mining block at height 1...
✓ Found nonce: 318685
Failed to process block: invalid proof of work
Mining block at height 1...
✓ Found nonce: 6812
Failed to process block: invalid proof of work
Mining block at height 1...
✓ Found nonce: 66168
Failed to process block: invalid proof of work
Mining block at height 1...
✓ Found nonce: 14058
Failed to process block: invalid proof of work
Mining block at height 1...
✓ Found nonce: 40498
Failed to process block: invalid proof of work
Mining block at height 1...
✓ Found nonce: 116299
Failed to process block: invalid proof of work
Mining block at height 1...
✓ Found nonce: 92358
Failed to process block: invalid proof of work
Mining block at height 1...
✓ Found nonce: 18549
Failed to process block: invalid proof of work
Mining block at height 1...
✓ Found nonce: 16605
Failed to process block: invalid proof of work
Mining block at height 1...
✓ Found nonce: 5950
Failed to process block: invalid proof of work
Mining block at height 1...
✓ Found nonce: 15493
Failed to process block: invalid proof of work
Mining block at height 1...
✓ Found nonce: 25799
Failed to process block: invalid proof of work
Mining block at height 1...
✓ Found nonce: 239096
Failed to process block: invalid proof of work
Mining block at height 1...
✓ Found nonce: 22516
Failed to process block: invalid proof of work
Mining block at height 1...
✓ Found nonce: 370
Failed to process block: invalid proof of work
Mining block at height 1...
✓ Found nonce: 37921
Failed to process block: invalid proof of work
Mining block at height 1...
✓ Found nonce: 74752
Failed to process block: invalid proof of work
Mining block at height 1...
✓ Found nonce: 10246
Failed to process block: invalid proof of work
Mining block at height 1...
✓ Found nonce: 19253
Failed to process block: invalid proof of work
Mining block at height 1...
✓ Found nonce: 93747
Failed to process block: invalid proof of work
Mining block at height 1...
✓ Found nonce: 28332
Failed to process block: invalid proof of work
Mining block at height 1...
✓ Found nonce: 24285
Failed to process block: invalid proof of work
Mining block at height 1...
✓ Found nonce: 17307
Failed to process block: invalid proof of work
Mining block at height 1...
✓ Found nonce: 13648
Failed to process block: invalid proof of work
Mining block at height 1...
✓ Found nonce: 8849
Failed to process block: invalid proof of work
Mining block at height 1...
✓ Found nonce: 24507
Failed to process block: invalid proof of work
Mining block at height 1...
✓ Found nonce: 48996
Failed to process block: invalid proof of work
Mining block at height 1...
✓ Found nonce: 7401
Failed to process block: invalid proof of work
Mining block at height 1...
✓ Found nonce: 6831
Failed to process block: invalid proof of work
Mining block at height 1...
✓ Found nonce: 1246
Failed to process block: invalid proof of work
Mining block at height 1...
✓ Found nonce: 252462
Failed to process block: invalid proof of work
Mining block at height 1...
✓ Found nonce: 14828
Failed to process block: invalid proof of work
Mining block at height 1...
✓ Found nonce: 4811
Failed to process block: invalid proof of work
Mining block at height 1...
✓ Found nonce: 6532
Failed to process block: invalid proof of work
Mining block at height 1...
✓ Found nonce: 362997
Failed to process block: invalid proof of work
Mining block at height 1...
✓ Found nonce: 9725
Failed to process block: invalid proof of work
Mining block at height 1...
✓ Found nonce: 39794
Failed to process block: invalid proof of work
Mining block at height 1...
✓ Found nonce: 12200
Failed to process block: invalid proof of work
Mining block at height 1...
✓ Found nonce: 7138
Failed to process block: invalid proof of work
Mining block at height 1...
✓ Found nonce: 89065
Failed to process block: invalid proof of work
Mining block at height 1...
✓ Found nonce: 27937
Failed to process block: invalid proof of work
Mining block at height 1...
✓ Found nonce: 160991
Failed to process block: invalid proof of work
Mining block at height 1...
✓ Found nonce: 112145
Failed to process block: invalid proof of work
Mining block at height 1...
✓ Found nonce: 4447
Failed to process block: invalid proof of work
Mining block at height 1...
✓ Found nonce: 64114
Failed to process block: invalid proof of work
Mining block at height 1...
✓ Found nonce: 82540
Failed to process block: invalid proof of work
Mining block at height 1...
✓ Found nonce: 467
Failed to process block: invalid proof of work
Mining block at height 1...
✓ Found nonce: 3226
Failed to process block: invalid proof of work
Mining block at height 1...
✓ Found nonce: 94795
Failed to process block: invalid proof of work
Mining block at height 1...
✓ Found nonce: 43429
Failed to process block: invalid proof of work
Mining block at height 1...
✓ Found nonce: 42622
Failed to process block: invalid proof of work
Mining block at height 1...
✓ Found nonce: 6127
Failed to process block: invalid proof of work
Mining block at height 1...
✓ Found nonce: 24605
Failed to process block: invalid proof of work
Mining block at height 1...
✓ Found nonce: 76315
Failed to process block: invalid proof of work
Mining block at height 1...
✓ Found nonce: 31331
Failed to process block: invalid proof of work
Mining block at height 1...
✓ Found nonce: 14434
Failed to process block: invalid proof of work
Mining block at height 1...
✓ Found nonce: 9047
Failed to process block: invalid proof of work
Mining block at height 1...
✓ Found nonce: 141139
Failed to process block: invalid proof of work
Mining block at height 1...
✓ Found nonce: 230182
Failed to process block: invalid proof of work
Mining block at height 1...
✓ Found nonce: 110092
Failed to process block: invalid proof of work
Mining block at height 1...
✓ Found nonce: 8172
Failed to process block: invalid proof of work
Mining block at height 1...
✓ Found nonce: 45324
Failed to process block: invalid proof of work
Mining block at height 1...
✓ Found nonce: 52062
Failed to process block: invalid proof of work
Mining block at height 1...
✓ Found nonce: 120775
Failed to process block: invalid proof of work
Mining block at height 1...
✓ Found nonce: 27908
Failed to process block: invalid proof of work
Mining block at height 1...
✓ Found nonce: 17369
Failed to process block: invalid proof of work
Mining block at height 1...
✓ Found nonce: 132629
Failed to process block: invalid proof of work
Mining block at height 1...
✓ Found nonce: 19443
Failed to process block: invalid proof of work
Mining block at height 1...
✓ Found nonce: 5202
Failed to process block: invalid proof of work
Mining block at height 1...
✓ Found nonce: 7744
Failed to process block: invalid proof of work
Mining block at height 1...
✓ Found nonce: 14334
Failed to process block: invalid proof of work
Mining block at height 1...
✓ Found nonce: 42985
Failed to process block: invalid proof of work
Mining block at height 1...
✓ Found nonce: 22335
Failed to process block: invalid proof of work
Mining block at height 1...
✓ Found nonce: 7028
Failed to process block: invalid proof of work
Mining block at height 1...
✓ Found nonce: 46536
Failed to process block: invalid proof of work
Mining block at height 1...
✓ Found nonce: 6146
Failed to process block: invalid proof of work
Mining block at height 1...
✓ Found nonce: 79572
Failed to process block: invalid proof of work
Mining block at height 1...
✓ Found nonce: 62590
Failed to process block: invalid proof of work
Mining block at height 1...
✓ Found nonce: 94900
Failed to process block: invalid proof of work
Mining block at height 1...
✓ Found nonce: 55286
Failed to process block: invalid proof of work
Mining block at height 1...
✓ Found nonce: 16960
Failed to process block: invalid proof of work
Mining block at height 1...
✓ Found nonce: 45495
Failed to process block: invalid proof of work
Mining block at height 1...
✓ Found nonce: 13307
Failed to process block: invalid proof of work
Mining block at height 1...
✓ Found nonce: 230501
Failed to process block: invalid proof of work
Mining block at height 1...
✓ Found nonce: 37346
Failed to process block: invalid proof of work
Mining block at height 1...
✓ Found nonce: 27017
Failed to process block: invalid proof of work
Mining block at height 1...
✓ Found nonce: 2777
Failed to process block: invalid proof of work
Mining block at height 1...
✓ Found nonce: 33045
Failed to process block: invalid proof of work
Mining block at height 1...
✓ Found nonce: 98771
Failed to process block: invalid proof of work
Mining block at height 1...
✓ Found nonce: 122812
Failed to process block: invalid proof of work
Mining block at height 1...
✓ Found nonce: 964
Failed to process block: invalid proof of work
Mining block at height 1...
✓ Found nonce: 101240
Failed to process block: invalid proof of work
Mining block at height 1...
✓ Found nonce: 9854
Failed to process block: invalid proof of work
Mining block at height 1...
✓ Found nonce: 15540
Failed to process block: invalid proof of work
Mining block at height 1...
✓ Found nonce: 32485
Failed to process block: invalid proof of work
Mining block at height 1...
✓ Found nonce: 84579
Failed to process block: invalid proof of work
Mining block at height 1...
✓ Found nonce: 37256
Failed to process block: invalid proof of work
Mining block at height 1...
✓ Found nonce: 37291
Failed to process block: invalid proof of work
Mining block at height 1...
✓ Found nonce: 5917
Failed to process block: invalid proof of work
Mining block at height 1...
✓ Found nonce: 145850
Failed to process block: invalid proof of work
Mining block at height 1...
✓ Found nonce: 74060
Failed to process block: invalid proof of work
Mining block at height 1...
✓ Found nonce: 73209
Failed to process block: invalid proof of work
Mining block at height 1...
✓ Found nonce: 65352
Failed to process block: invalid proof of work
Mining block at height 1...
✓ Found nonce: 44526
Failed to process block: invalid proof of work
Mining block at height 1...
✓ Found nonce: 13021
Failed to process block: invalid proof of work
Mining block at height 1...
✓ Found nonce: 258479
Failed to process block: invalid proof of work
Mining block at height 1...
✓ Found nonce: 43048
Failed to process block: invalid proof of work
Mining block at height 1...
✓ Found nonce: 46776
Failed to process block: invalid proof of work
Mining block at height 1...
✓ Found nonce: 185011
Failed to process block: invalid proof of work
Mining block at height 1...
✓ Found nonce: 115458
Failed to process block: invalid proof of work
Mining block at height 1...
✓ Found nonce: 56795
Failed to process block: invalid proof of work
Mining block at height 1...
✓ Found nonce: 12127
Failed to process block: invalid proof of work
Mining block at height 1...
✓ Found nonce: 48327
Failed to process block: invalid proof of work
Mining block at height 1...
✓ Found nonce: 42896
Failed to process block: invalid proof of work
Mining block at height 1...
✓ Found nonce: 44957
Failed to process block: invalid proof of work
Mining block at height 1...
✓ Found nonce: 111114
Failed to process block: invalid proof of work
Mining block at height 1...
✓ Found nonce: 67835
Failed to process block: invalid proof of work
Mining block at height 1...
✓ Found nonce: 66642
Failed to process block: invalid proof of work
Mining block at height 1...
✓ Found nonce: 64971
Failed to process block: invalid proof of work
Mining block at height 1...
✓ Found nonce: 717
Failed to process block: invalid proof of work
Mining block at height 1...
✓ Found nonce: 122782
Failed to process block: invalid proof of work
Mining block at height 1...
✓ Found nonce: 1945
Failed to process block: invalid proof of work
Mining block at height 1...
✓ Found nonce: 18103
Failed to process block: invalid proof of work
Mining block at height 1...
✓ Found nonce: 61871
Failed to process block: invalid proof of work
Mining block at height 1...
✓ Found nonce: 155324
Failed to process block: invalid proof of work
Mining block at height 1...
✓ Found nonce: 68932
Failed to process block: invalid proof of work
Mining block at height 1...
✓ Found nonce: 80352
Failed to process block: invalid proof of work
Mining block at height 1...
✓ Found nonce: 8926
Failed to process block: invalid proof of work
Mining block at height 1...
✓ Found nonce: 105312
Failed to process block: invalid proof of work
Mining block at height 1...
✓ Found nonce: 13663
Failed to process block: invalid proof of work
Mining block at height 1...
✓ Found nonce: 99279
Failed to process block: invalid proof of work
Mining block at height 1...
✓ Found nonce: 153525
Failed to process block: invalid proof of work
Mining block at height 1...
✓ Found nonce: 79999
Failed to process block: invalid proof of work
Mining block at height 1...
✓ Found nonce: 67233
Failed to process block: invalid proof of work
Mining block at height 1...
✓ Found nonce: 158978
Failed to process block: invalid proof of work
Mining block at height 1...
✓ Found nonce: 95155
Failed to process block: invalid proof of work
Mining block at height 1...
✓ Found nonce: 31034
Failed to process block: invalid proof of work
Mining block at height 1...
✓ Found nonce: 4023
Failed to process block: invalid proof of work
Mining block at height 1...
✓ Found nonce: 12343
Failed to process block: invalid proof of work
Mining block at height 1...
✓ Found nonce: 44570
Failed to process block: invalid proof of work
Mining block at height 1...
✓ Found nonce: 46285
Failed to process block: invalid proof of work
Mining block at height 1...
✓ Found nonce: 37366
Failed to process block: invalid proof of work
Mining block at height 1...
✓ Found nonce: 58112
Failed to process block: invalid proof of work
Mining block at height 1...
✓ Found nonce: 43728
Failed to process block: invalid proof of work
Mining block at height 1...
✓ Found nonce: 79037
Failed to process block: invalid proof of work
Mining block at height 1...
✓ Found nonce: 1496
Failed to process block: invalid proof of work
Mining block at height 1...
✓ Found nonce: 8888
Failed to process block: invalid proof of work
Mining block at height 1...
✓ Found nonce: 130217
Failed to process block: invalid proof of work
Mining block at height 1...
✓ Found nonce: 17180
Failed to process block: invalid proof of work
Mining block at height 1...
✓ Found nonce: 25618
Failed to process block: invalid proof of work
Mining block at height 1...
✓ Found nonce: 14932
Failed to process block: invalid proof of work
Mining block at height 1...
✓ Found nonce: 42217
Failed to process block: invalid proof of work
Mining block at height 1...
✓ Found nonce: 184817
Failed to process block: invalid proof of work
Mining block at height 1...
✓ Found nonce: 52544
Failed to process block: invalid proof of work
Mining block at height 1...
✓ Found nonce: 10657
Failed to process block: invalid proof of work
Mining block at height 1...
✓ Found nonce: 58963
Failed to process block: invalid proof of work
Mining block at height 1...
✓ Found nonce: 227437
Failed to process block: invalid proof of work
Mining block at height 1...
✓ Found nonce: 18128
Failed to process block: invalid proof of work
Mining block at height 1...
✓ Found nonce: 46962
Failed to process block: invalid proof of work
Mining block at height 1...
✓ Found nonce: 103898
Failed to process block: invalid proof of work
Mining block at height 1...
✓ Found nonce: 48120
Failed to process block: invalid proof of work
Mining block at height 1...
✓ Found nonce: 18988
Failed to process block: invalid proof of work
Mining block at height 1...
✓ Found nonce: 3020
Failed to process block: invalid proof of work
Mining block at height 1...
✓ Found nonce: 5403
Failed to process block: invalid proof of work
Mining block at height 1...
✓ Found nonce: 468058
Failed to process block: invalid proof of work
Mining block at height 1...
✓ Found nonce: 17569
Failed to process block: invalid proof of work
Mining block at height 1...
✓ Found nonce: 49436
Failed to process block: invalid proof of work
Mining block at height 1...
✓ Found nonce: 57920
Failed to process block: invalid proof of work
Mining block at height 1...
✓ Found nonce: 157624
Failed to process block: invalid proof of work
Mining block at height 1...
✓ Found nonce: 44223
Failed to process block: invalid proof of work
Mining block at height 1...
✓ Found nonce: 186000
Failed to process block: invalid proof of work
Mining block at height 1...
✓ Found nonce: 111114
Failed to process block: invalid proof of work
Mining block at height 1...
✓ Found nonce: 196107
Failed to process block: invalid proof of work
Mining block at height 1...
✓ Found nonce: 66140
Failed to process block: invalid proof of work
Mining block at height 1...
✓ Found nonce: 52547
Failed to process block: invalid proof of work
Mining block at height 1...
✓ Found nonce: 333801
Failed to process block: invalid proof of work
Mining block at height 1...
✓ Found nonce: 13745
Failed to process block: invalid proof of work
Mining block at height 1...
✓ Found nonce: 22014
Failed to process block: invalid proof of work
Mining block at height 1...
✓ Found nonce: 56182
Failed to process block: invalid proof of work
Mining block at height 1...
✓ Found nonce: 56320
Failed to process block: invalid proof of work
Mining block at height 1...
✓ Found nonce: 14416
Failed to process block: invalid proof of work
Mining block at height 1...
✓ Found nonce: 8395
Failed to process block: invalid proof of work
Mining block at height 1...
✓ Found nonce: 112330
Failed to process block: invalid proof of work
Mining block at height 1...
✓ Found nonce: 23990
Failed to process block: invalid proof of work
Mining block at height 1...
✓ Found nonce: 2643
Failed to process block: invalid proof of work
Mining block at height 1...
✓ Found nonce: 63782
Failed to process block: invalid proof of work
Mining block at height 1...
✓ Found nonce: 1020
Failed to process block: invalid proof of work
Mining block at height 1...
✓ Found nonce: 103958
Failed to process block: invalid proof of work
Mining block at height 1...
✓ Found nonce: 80710
Failed to process block: invalid proof of work
Mining block at height 1...
✓ Found nonce: 24750
Failed to process block: invalid proof of work
Mining block at height 1...
✓ Found nonce: 39769
Failed to process block: invalid proof of work
Mining block at height 1...
✓ Found nonce: 6710
Failed to process block: invalid proof of work
Mining block at height 1...
✓ Found nonce: 4296
Failed to process block: invalid proof of work
Mining block at height 1...
✓ Found nonce: 61188
Failed to process block: invalid proof of work
Mining block at height 1...
✓ Found nonce: 2265
Failed to process block: invalid proof of work
Mining block at height 1...
✓ Found nonce: 55881
Failed to process block: invalid proof of work
Mining block at height 1...
✓ Found nonce: 50165
Failed to process block: invalid proof of work
Mining block at height 1...
✓ Found nonce: 97925
Failed to process block: invalid proof of work
Mining block at height 1...
✓ Found nonce: 40998
Failed to process block: invalid proof of work
Mining block at height 1...
✓ Found nonce: 46230
Failed to process block: invalid proof of work
Mining block at height 1...
✓ Found nonce: 98199
Failed to process block: invalid proof of work
Mining block at height 1...
✓ Found nonce: 112121
Failed to process block: invalid proof of work
Mining block at height 1...
✓ Found nonce: 87672
Failed to process block: invalid proof of work
Mining block at height 1...
✓ Found nonce: 7308
Failed to process block: invalid proof of work
Mining block at height 1...
✓ Found nonce: 3089
Failed to process block: invalid proof of work
Mining block at height 1...
✓ Found nonce: 70014
Failed to process block: invalid proof of work
Mining block at height 1...
✓ Found nonce: 42771
Failed to process block: invalid proof of work
Mining block at height 1...
✓ Found nonce: 19202
Failed to process block: invalid proof of work
Mining block at height 1...
✓ Found nonce: 45247
Failed to process block: invalid proof of work
Mining block at height 1...
✓ Found nonce: 49899
Failed to process block: invalid proof of work
Mining block at height 1...
✓ Found nonce: 19688
Failed to process block: invalid proof of work
Mining block at height 1...
✓ Found nonce: 121454
Failed to process block: invalid proof of work
Mining block at height 1...
✓ Found nonce: 99511
Failed to process block: invalid proof of work
Mining block at height 1...
✓ Found nonce: 148365
Failed to process block: invalid proof of work
Mining block at height 1...
✓ Found nonce: 3781
Failed to process block: invalid proof of work
Mining block at height 1...
✓ Found nonce: 71957
Failed to process block: invalid proof of work
Mining block at height 1...
✓ Found nonce: 355765
Failed to process block: invalid proof of work
Mining block at height 1...
✓ Found nonce: 42295
Failed to process block: invalid proof of work
Mining block at height 1...
✓ Found nonce: 658
Failed to process block: invalid proof of work
Mining block at height 1...
✓ Found nonce: 2254
Failed to process block: invalid proof of work
Mining block at height 1...
✓ Found nonce: 82243
Failed to process block: invalid proof of work
Mining block at height 1...
✓ Found nonce: 90001
Failed to process block: invalid proof of work
Mining block at height 1...
✓ Found nonce: 34951
Failed to process block: invalid proof of work
Mining block at height 1...
✓ Found nonce: 99433
Failed to process block: invalid proof of work
Mining block at height 1...
✓ Found nonce: 25589
Failed to process block: invalid proof of work
Mining block at height 1...
✓ Found nonce: 44039
Failed to process block: invalid proof of work
Mining block at height 1...
✓ Found nonce: 16098
Failed to process block: invalid proof of work
Mining block at height 1...
✓ Found nonce: 1976
Failed to process block: invalid proof of work
Mining block at height 1...
✓ Found nonce: 122073
Failed to process block: invalid proof of work
Mining block at height 1...
✓ Found nonce: 38584
Failed to process block: invalid proof of work
Mining block at height 1...
✓ Found nonce: 3063
Failed to process block: invalid proof of work
Mining block at height 1...
✓ Found nonce: 210256
Failed to process block: invalid proof of work
Mining block at height 1...
✓ Found nonce: 2050
Failed to process block: invalid proof of work
Mining block at height 1...
✓ Found nonce: 6228
Failed to process block: invalid proof of work
Mining block at height 1...
✓ Found nonce: 20683
Failed to process block: invalid proof of work
Mining block at height 1...
✓ Found nonce: 28827
Failed to process block: invalid proof of work
Mining block at height 1...
✓ Found nonce: 8564
Failed to process block: invalid proof of work
Mining block at height 1...
✓ Found nonce: 24270
Failed to process block: invalid proof of work
Mining block at height 1...
✓ Found nonce: 11467
Failed to process block: invalid proof of work
Mining block at height 1...
✓ Found nonce: 115073
Failed to process block: invalid proof of work
Mining block at height 1...
✓ Found nonce: 18570
Failed to process block: invalid proof of work
Mining block at height 1...
✓ Found nonce: 27092
Failed to process block: invalid proof of work
Mining block at height 1...
✓ Found nonce: 77256
Failed to process block: invalid proof of work
Mining block at height 1...
✓ Found nonce: 122164
Failed to process block: invalid proof of work
Mining block at height 1...
✓ Found nonce: 138882
Failed to process block: invalid proof of work
Mining block at height 1...
✓ Found nonce: 3384
Failed to process block: invalid proof of work
Mining block at height 1...
✓ Found nonce: 14122
Failed to process block: invalid proof of work
Mining block at height 1...
✓ Found nonce: 6773
Failed to process block: invalid proof of work
Mining block at height 1...
✓ Found nonce: 70482
Failed to process block: invalid proof of work
Mining block at height 1...
✓ Found nonce: 82339
Failed to process block: invalid proof of work
Mining block at height 1...
✓ Found nonce: 8511
Failed to process block: invalid proof of work
Mining block at height 1...
✓ Found nonce: 53118
Failed to process block: invalid proof of work
Mining block at height 1...
✓ Found nonce: 194152
Failed to process block: invalid proof of work
Mining block at height 1...
✓ Found nonce: 161460
Failed to process block: invalid proof of work
Mining block at height 1...
✓ Found nonce: 1089
Failed to process block: invalid proof of work
Mining block at height 1...
✓ Found nonce: 26574
Failed to process block: invalid proof of work
Mining block at height 1...
✓ Found nonce: 33154
Failed to process block: invalid proof of work
Mining block at height 1...
✓ Found nonce: 65661
Failed to process block: invalid proof of work
Mining block at height 1...
✓ Found nonce: 103320
Failed to process block: invalid proof of work
Mining block at height 1...
✓ Found nonce: 85440
Failed to process block: invalid proof of work
Mining block at height 1...
✓ Found nonce: 24321
Failed to process block: invalid proof of work
Mining block at height 1...
✓ Found nonce: 63370
Failed to process block: invalid proof of work
Mining block at height 1...
✓ Found nonce: 214960
Failed to process block: invalid proof of work
Mining block at height 1...
✓ Found nonce: 146303
Failed to process block: invalid proof of work
Mining block at height 1...
✓ Found nonce: 48897
Failed to process block: invalid proof of work
Mining block at height 1...
✓ Found nonce: 17410
Failed to process block: invalid proof of work
Mining block at height 1...
✓ Found nonce: 45120
Failed to process block: invalid proof of work
Mining block at height 1...
✓ Found nonce: 197624
Failed to process block: invalid proof of work
Mining block at height 1...
✓ Found nonce: 28031
Failed to process block: invalid proof of work
Mining block at height 1...
✓ Found nonce: 125939
Failed to process block: invalid proof of work
Mining block at height 1...
✓ Found nonce: 5183
Failed to process block: invalid proof of work
Mining block at height 1...
✓ Found nonce: 42698
Failed to process block: invalid proof of work
Mining block at height 1...
✓ Found nonce: 11446
Failed to process block: invalid proof of work
Mining block at height 1...
✓ Found nonce: 20655
Failed to process block: invalid proof of work
Mining block at height 1...
✓ Found nonce: 8485
Failed to process block: invalid proof of work
Mining block at height 1...
✓ Found nonce: 76940
Failed to process block: invalid proof of work
Mining block at height 1...
✓ Found nonce: 63406
Failed to process block: invalid proof of work
Mining block at height 1...
✓ Found nonce: 168066
Failed to process block: invalid proof of work
Mining block at height 1...
✓ Found nonce: 5748
Failed to process block: invalid proof of work
Mining block at height 1...
✓ Found nonce: 42519
Failed to process block: invalid proof of work
Mining block at height 1...
✓ Found nonce: 61169
Failed to process block: invalid proof of work
Mining block at height 1...
✓ Found nonce: 21024
Failed to process block: invalid proof of work
Mining block at height 1...
✓ Found nonce: 19810
Failed to process block: invalid proof of work
Mining block at height 1...
✓ Found nonce: 70405
Failed to process block: invalid proof of work
Mining block at height 1...
✓ Found nonce: 38279
Failed to process block: invalid proof of work
Mining block at height 1...
✓ Found nonce: 152568
Failed to process block: invalid proof of work
Mining block at height 1...
✓ Found nonce: 20527
Failed to process block: invalid proof of work
Mining block at height 1...
✓ Found nonce: 9544
Failed to process block: invalid proof of work
Mining block at height 1...
✓ Found nonce: 100687
Failed to process block: invalid proof of work
Mining block at height 1...
✓ Found nonce: 162312
Failed to process block: invalid proof of work
Mining block at height 1...
✓ Found nonce: 144844
Failed to process block: invalid proof of work
Mining block at height 1...
✓ Found nonce: 269967
Failed to process block: invalid proof of work
Mining block at height 1...
✓ Found nonce: 175287
Failed to process block: invalid proof of work
Mining block at height 1...
✓ Found nonce: 3921
Failed to process block: invalid proof of work
Mining block at height 1...
✓ Found nonce: 41416
Failed to process block: invalid proof of work
Mining block at height 1...
✓ Found nonce: 82
Failed to process block: invalid proof of work
Mining block at height 1...
✓ Found nonce: 190377
Failed to process block: invalid proof of work
Mining block at height 1...
✓ Found nonce: 18303
Failed to process block: invalid proof of work
Mining block at height 1...
✓ Found nonce: 48064
Failed to process block: invalid proof of work
Mining block at height 1...
✓ Found nonce: 121704
Failed to process block: invalid proof of work
Mining block at height 1...
✓ Found nonce: 46756
Failed to process block: invalid proof of work
Mining block at height 1...
✓ Found nonce: 182610
Failed to process block: invalid proof of work
Mining block at height 1...
✓ Found nonce: 98130
Failed to process block: invalid proof of work
Mining block at height 1...
✓ Found nonce: 77357
Failed to process block: invalid proof of work
Mining block at height 1...
✓ Found nonce: 28474
Failed to process block: invalid proof of work
Mining block at height 1...
✓ Found nonce: 25466
Failed to process block: invalid proof of work
Mining block at height 1...
✓ Found nonce: 39071
Failed to process block: invalid proof of work
Mining block at height 1...
✓ Found nonce: 232785
Failed to process block: invalid proof of work
Mining block at height 1...
✓ Found nonce: 11304
Failed to process block: invalid proof of work
Mining block at height 1...
✓ Found nonce: 54312
Failed to process block: invalid proof of work
Mining block at height 1...
✓ Found nonce: 67291
Failed to process block: invalid proof of work
Mining block at height 1...
✓ Found nonce: 45624
Failed to process block: invalid proof of work
Mining block at height 1...
✓ Found nonce: 24574
Failed to process block: invalid proof of work
Mining block at height 1...
✓ Found nonce: 1034
Failed to process block: invalid proof of work
Mining block at height 1...
✓ Found nonce: 88036
Failed to process block: invalid proof of work
Mining block at height 1...
✓ Found nonce: 186255
Failed to process block: invalid proof of work
Mining block at height 1...
✓ Found nonce: 67500
Failed to process block: invalid proof of work
Mining block at height 1...
✓ Found nonce: 39959
Failed to process block: invalid proof of work
Mining block at height 1...
✓ Found nonce: 28750
Failed to process block: invalid proof of work
Mining block at height 1...
✓ Found nonce: 5800
Failed to process block: invalid proof of work
Mining block at height 1...
✓ Found nonce: 18785
Failed to process block: invalid proof of work
Mining block at height 1...
✓ Found nonce: 2174
Failed to process block: invalid proof of work
Mining block at height 1...
✓ Found nonce: 32346
Failed to process block: invalid proof of work
Mining block at height 1...
✓ Found nonce: 11259
Failed to process block: invalid proof of work
Mining block at height 1...
✓ Found nonce: 265925
Failed to process block: invalid proof of work
Mining block at height 1...
✓ Found nonce: 197810
Failed to process block: invalid proof of work
Mining block at height 1...
✓ Found nonce: 1126
Failed to process block: invalid proof of work
Mining block at height 1...
✓ Found nonce: 185367
Failed to process block: invalid proof of work
Mining block at height 1...
✓ Found nonce: 6115
Failed to process block: invalid proof of work
Mining block at height 1...
✓ Found nonce: 76360
Failed to process block: invalid proof of work
Mining block at height 1...
✓ Found nonce: 77814
Failed to process block: invalid proof of work
Mining block at height 1...
✓ Found nonce: 146254
Failed to process block: invalid proof of work
Mining block at height 1...
✓ Found nonce: 13135
Failed to process block: invalid proof of work
Mining block at height 1...
✓ Found nonce: 61704
Failed to process block: invalid proof of work
Mining block at height 1...
✓ Found nonce: 18910
Failed to process block: invalid proof of work
Mining block at height 1...
✓ Found nonce: 88527
Failed to process block: invalid proof of work
Mining block at height 1...
✓ Found nonce: 73630
Failed to process block: invalid proof of work
Mining block at height 1...
✓ Found nonce: 48675
Failed to process block: invalid proof of work
Mining block at height 1...
✓ Found nonce: 266803
Failed to process block: invalid proof of work
Mining block at height 1...
✓ Found nonce: 30635
Failed to process block: invalid proof of work
Mining block at height 1...
✓ Found nonce: 68432
Failed to process block: invalid proof of work
Mining block at height 1...
✓ Found nonce: 2354
Failed to process block: invalid proof of work
Mining block at height 1...
✓ Found nonce: 82521
Failed to process block: invalid proof of work
Mining block at height 1...
✓ Found nonce: 9372
Failed to process block: invalid proof of work
Mining block at height 1...
✓ Found nonce: 278249
Failed to process block: invalid proof of work
Mining block at height 1...
✓ Found nonce: 17091
Failed to process block: invalid proof of work
Mining block at height 1...
✓ Found nonce: 179359
Failed to process block: invalid proof of work
Mining block at height 1...
✓ Found nonce: 70472
Failed to process block: invalid proof of work
Mining block at height 1...
✓ Found nonce: 86620
Failed to process block: invalid proof of work
Mining block at height 1...
✓ Found nonce: 9744
Failed to process block: invalid proof of work
Mining block at height 1...
✓ Found nonce: 15750
Failed to process block: invalid proof of work
Mining block at height 1...
✓ Found nonce: 82027
Failed to process block: invalid proof of work
Mining block at height 1...
✓ Found nonce: 42201
Failed to process block: invalid proof of work
Mining block at height 1...
✓ Found nonce: 21149
Failed to process block: invalid proof of work
Mining block at height 1...
✓ Found nonce: 21842
Failed to process block: invalid proof of work
Mining block at height 1...
✓ Found nonce: 3083
Failed to process block: invalid proof of work
Mining block at height 1...
✓ Found nonce: 35957
Failed to process block: invalid proof of work
Mining block at height 1...
✓ Found nonce: 88037
Failed to process block: invalid proof of work
Mining block at height 1...
✓ Found nonce: 50089
Failed to process block: invalid proof of work
Mining block at height 1...
✓ Found nonce: 24384
Failed to process block: invalid proof of work
Mining block at height 1...
✓ Found nonce: 13544
Failed to process block: invalid proof of work
Mining block at height 1...
✓ Found nonce: 149586
Failed to process block: invalid proof of work
Mining block at height 1...
✓ Found nonce: 26076
Failed to process block: invalid proof of work
Mining block at height 1...
✓ Found nonce: 93080
Failed to process block: invalid proof of work
Mining block at height 1...
✓ Found nonce: 8628
Failed to process block: invalid proof of work
Mining block at height 1...
✓ Found nonce: 28601
Failed to process block: invalid proof of work
Mining block at height 1...
✓ Found nonce: 7632
Failed to process block: invalid proof of work
Mining block at height 1...
✓ Found nonce: 60129
Failed to process block: invalid proof of work
Mining block at height 1...
✓ Found nonce: 46327
Failed to process block: invalid proof of work
Mining block at height 1...
✓ Found nonce: 212353
Failed to process block: invalid proof of work
Mining block at height 1...
✓ Found nonce: 13498
Failed to process block: invalid proof of work
Mining block at height 1...
✓ Found nonce: 18654
Failed to process block: invalid proof of work
Mining block at height 1...
✓ Found nonce: 8264
Failed to process block: invalid proof of work
Mining block at height 1...
✓ Found nonce: 123226
Failed to process block: invalid proof of work
Mining block at height 1...
✓ Found nonce: 32475
Failed to process block: invalid proof of work
Mining block at height 1...
✓ Found nonce: 74080
Failed to process block: invalid proof of work
Mining block at height 1...
✓ Found nonce: 27770
Failed to process block: invalid proof of work
Mining block at height 1...
✓ Found nonce: 52177
Failed to process block: invalid proof of work
Mining block at height 1...
✓ Found nonce: 44364
Failed to process block: invalid proof of work
Mining block at height 1...
✓ Found nonce: 41579
Failed to process block: invalid proof of work
Mining block at height 1...
✓ Found nonce: 84709
Failed to process block: invalid proof of work
Mining block at height 1...
✓ Found nonce: 47041
Failed to process block: invalid proof of work
Mining block at height 1...
✓ Found nonce: 98286
Failed to process block: invalid proof of work
Mining block at height 1...
✓ Found nonce: 35450
Failed to process block: invalid proof of work
Mining block at height 1...
✓ Found nonce: 44910
Failed to process block: invalid proof of work
Mining block at height 1...
✓ Found nonce: 382723
Failed to process block: invalid proof of work
Mining block at height 1...
✓ Found nonce: 72914
Failed to process block: invalid proof of work
Mining block at height 1...
✓ Found nonce: 142982
Failed to process block: invalid proof of work
Mining block at height 1...
✓ Found nonce: 97081
Failed to process block: invalid proof of work
Mining block at height 1...
✓ Found nonce: 82179
Failed to process block: invalid proof of work
Mining block at height 1...
✓ Found nonce: 14574
Failed to process block: invalid proof of work
Mining block at height 1...
✓ Found nonce: 4239
Failed to process block: invalid proof of work
Mining block at height 1...
✓ Found nonce: 138755
Failed to process block: invalid proof of work
Mining block at height 1...
✓ Found nonce: 72903
Failed to process block: invalid proof of work
Mining block at height 1...
✓ Found nonce: 41706
Failed to process block: invalid proof of work
Mining block at height 1...
✓ Found nonce: 8675
Failed to process block: invalid proof of work
Mining block at height 1...
✓ Found nonce: 36636
Failed to process block: invalid proof of work
Mining block at height 1...
✓ Found nonce: 42795
Failed to process block: invalid proof of work
Mining block at height 1...
✓ Found nonce: 10160
Failed to process block: invalid proof of work
Mining block at height 1...
✓ Found nonce: 32261
Failed to process block: invalid proof of work
Mining block at height 1...
✓ Found nonce: 41391
Failed to process block: invalid proof of work
Mining block at height 1...
✓ Found nonce: 64232
Failed to process block: invalid proof of work
Mining block at height 1...
✓ Found nonce: 62421
Failed to process block: invalid proof of work
Mining block at height 1...
✓ Found nonce: 241113
Failed to process block: invalid proof of work
Mining block at height 1...
✓ Found nonce: 422586
Failed to process block: invalid proof of work
Mining block at height 1...
✓ Found nonce: 125008
Failed to process block: invalid proof of work
Mining block at height 1...
✓ Found nonce: 79893
Failed to process block: invalid proof of work
Mining block at height 1...
✓ Found nonce: 55236
Failed to process block: invalid proof of work
Mining block at height 1...
✓ Found nonce: 212159
Failed to process block: invalid proof of work
Mining block at height 1...
✓ Found nonce: 220406
Failed to process block: invalid proof of work
Mining block at height 1...
✓ Found nonce: 294692
Failed to process block: invalid proof of work
Mining block at height 1...
✓ Found nonce: 164598
Failed to process block: invalid proof of work
Mining block at height 1...
✓ Found nonce: 18906
Failed to process block: invalid proof of work
Mining block at height 1...
✓ Found nonce: 5400
Failed to process block: invalid proof of work
Mining block at height 1...
✓ Found nonce: 130636
Failed to process block: invalid proof of work
Mining block at height 1...
✓ Found nonce: 16057
Failed to process block: invalid proof of work
Mining block at height 1...
✓ Found nonce: 3904
Failed to process block: invalid proof of work
Mining block at height 1...
✓ Found nonce: 107637
Failed to process block: invalid proof of work
Mining block at height 1...
✓ Found nonce: 5053
Failed to process block: invalid proof of work
Mining block at height 1...
✓ Found nonce: 15173
Failed to process block: invalid proof of work
Mining block at height 1...
✓ Found nonce: 315606
Failed to process block: invalid proof of work
Mining block at height 1...
✓ Found nonce: 44956
Failed to process block: invalid proof of work
Mining block at height 1...
✓ Found nonce: 9379
Failed to process block: invalid proof of work
Mining block at height 1...
✓ Found nonce: 22841
Failed to process block: invalid proof of work
Mining block at height 1...
✓ Found nonce: 89535
Failed to process block: invalid proof of work
Mining block at height 1...
✓ Found nonce: 71581
Failed to process block: invalid proof of work
Mining block at height 1...
✓ Found nonce: 134499
Failed to process block: invalid proof of work
Mining block at height 1...
✓ Found nonce: 99717
Failed to process block: invalid proof of work
Mining block at height 1...
✓ Found nonce: 83816
Failed to process block: invalid proof of work
Mining block at height 1...
✓ Found nonce: 21225
Failed to process block: invalid proof of work
Mining block at height 1...
✓ Found nonce: 62208
Failed to process block: invalid proof of work
Mining block at height 1...
✓ Found nonce: 115708
Failed to process block: invalid proof of work
Mining block at height 1...
✓ Found nonce: 71628
Failed to process block: invalid proof of work
Mining block at height 1...
✓ Found nonce: 157084
Failed to process block: invalid proof of work
Mining block at height 1...
✓ Found nonce: 124208
Failed to process block: invalid proof of work
Mining block at height 1...
✓ Found nonce: 17810
Failed to process block: invalid proof of work
Mining block at height 1...
✓ Found nonce: 53213
Failed to process block: invalid proof of work
Mining block at height 1...
✓ Found nonce: 2737
Failed to process block: invalid proof of work
Mining block at height 1...
✓ Found nonce: 30597
Failed to process block: invalid proof of work
Mining block at height 1...
✓ Found nonce: 8490
Failed to process block: invalid proof of work
Mining block at height 1...
✓ Found nonce: 12017
Failed to process block: invalid proof of work
Mining block at height 1...
✓ Found nonce: 29935
Failed to process block: invalid proof of work
Mining block at height 1...
✓ Found nonce: 166107
Failed to process block: invalid proof of work
Mining block at height 1...
✓ Found nonce: 20871
Failed to process block: invalid proof of work
Mining block at height 1...
✓ Found nonce: 101074
Failed to process block: invalid proof of work
Mining block at height 1...
✓ Found nonce: 1266
Failed to process block: invalid proof of work
Mining block at height 1...
✓ Found nonce: 57412
Failed to process block: invalid proof of work
Mining block at height 1...
✓ Found nonce: 274
Failed to process block: invalid proof of work
Mining block at height 1...
✓ Found nonce: 35342
Failed to process block: invalid proof of work
Mining block at height 1...
✓ Found nonce: 82771
Failed to process block: invalid proof of work
Mining block at height 1...
✓ Found nonce: 172770
Failed to process block: invalid proof of work
Mining block at height 1...
✓ Found nonce: 26563
Failed to process block: invalid proof of work
Mining block at height 1...
✓ Found nonce: 75799
Failed to process block: invalid proof of work
Mining block at height 1...
✓ Found nonce: 87971
Failed to process block: invalid proof of work
Mining block at height 1...
✓ Found nonce: 38084
Failed to process block: invalid proof of work
Mining block at height 1...
✓ Found nonce: 25172
Failed to process block: invalid proof of work
Mining block at height 1...
✓ Found nonce: 35382
Failed to process block: invalid proof of work
Mining block at height 1...
✓ Found nonce: 7465
Failed to process block: invalid proof of work
Mining block at height 1...
✓ Found nonce: 166970
Failed to process block: invalid proof of work
Mining block at height 1...
✓ Found nonce: 119273
Failed to process block: invalid proof of work
Mining block at height 1...
✓ Found nonce: 220658
Failed to process block: invalid proof of work
Mining block at height 1...
✓ Found nonce: 31818
Failed to process block: invalid proof of work
Mining block at height 1...
✓ Found nonce: 304916
Failed to process block: invalid proof of work
Mining block at height 1...
✓ Found nonce: 30648
Failed to process block: invalid proof of work
Mining block at height 1...
✓ Found nonce: 16250
Failed to process block: invalid proof of work
Mining block at height 1...
✓ Found nonce: 23832
Failed to process block: invalid proof of work
Mining block at height 1...
✓ Found nonce: 80038
Failed to process block: invalid proof of work
Mining block at height 1...
✓ Found nonce: 38570
Failed to process block: invalid proof of work
Mining block at height 1...
✓ Found nonce: 44739
Failed to process block: invalid proof of work
Mining block at height 1...
✓ Found nonce: 148298
Failed to process block: invalid proof of work
Mining block at height 1...
✓ Found nonce: 104697
Failed to process block: invalid proof of work
Mining block at height 1...
✓ Found nonce: 119172
Failed to process block: invalid proof of work
Mining block at height 1...
✓ Found nonce: 5161
Failed to process block: invalid proof of work
Mining block at height 1...
✓ Found nonce: 56706
Failed to process block: invalid proof of work
Mining block at height 1...
✓ Found nonce: 5563
Failed to process block: invalid proof of work
Mining block at height 1...
✓ Found nonce: 5007
Failed to process block: invalid proof of work
Mining block at height 1...
✓ Found nonce: 66947
Failed to process block: invalid proof of work
Mining block at height 1...
✓ Found nonce: 46778
Failed to process block: invalid proof of work
Mining block at height 1...
✓ Found nonce: 209834
Failed to process block: invalid proof of work
Mining block at height 1...
✓ Found nonce: 96843
Failed to process block: invalid proof of work
Mining block at height 1...
✓ Found nonce: 36850
Failed to process block: invalid proof of work
Mining block at height 1...
✓ Found nonce: 50230
Failed to process block: invalid proof of work
Mining block at height 1...
✓ Found nonce: 22440
Failed to process block: invalid proof of work
Mining block at height 1...
✓ Found nonce: 69666
Failed to process block: invalid proof of work
Mining block at height 1...
✓ Found nonce: 50788
Failed to process block: invalid proof of work
Mining block at height 1...
✓ Found nonce: 30552
Failed to process block: invalid proof of work
Mining block at height 1...
✓ Found nonce: 30451
Failed to process block: invalid proof of work
Mining block at height 1...
✓ Found nonce: 7845
Failed to process block: invalid proof of work
Mining block at height 1...
✓ Found nonce: 36465
Failed to process block: invalid proof of work
Mining block at height 1...
✓ Found nonce: 38658
Failed to process block: invalid proof of work
Mining block at height 1...
✓ Found nonce: 28614
Failed to process block: invalid proof of work
Mining block at height 1...
✓ Found nonce: 9311
Failed to process block: invalid proof of work
Mining block at height 1...
✓ Found nonce: 82316
Failed to process block: invalid proof of work
Mining block at height 1...
✓ Found nonce: 139347
Failed to process block: invalid proof of work
Mining block at height 1...
✓ Found nonce: 14321
Failed to process block: invalid proof of work
Mining block at height 1...
✓ Found nonce: 13679
Failed to process block: invalid proof of work
Mining block at height 1...
✓ Found nonce: 92485
Failed to process block: invalid proof of work
Mining block at height 1...
✓ Found nonce: 11211
Failed to process block: invalid proof of work
Mining block at height 1...
✓ Found nonce: 20027
Failed to process block: invalid proof of work
Mining block at height 1...
✓ Found nonce: 69884
Failed to process block: invalid proof of work
Mining block at height 1...
✓ Found nonce: 10019
Failed to process block: invalid proof of work
Mining block at height 1...
✓ Found nonce: 74363
Failed to process block: invalid proof of work
Mining block at height 1...
✓ Found nonce: 31054
Failed to process block: invalid proof of work
Mining block at height 1...
✓ Found nonce: 37883
Failed to process block: invalid proof of work
Mining block at height 1...
✓ Found nonce: 12391
Failed to process block: invalid proof of work
Mining block at height 1...
✓ Found nonce: 84695
Failed to process block: invalid proof of work
Mining block at height 1...
✓ Found nonce: 28054
Failed to process block: invalid proof of work
Mining block at height 1...
✓ Found nonce: 94963
Failed to process block: invalid proof of work
Mining block at height 1...
✓ Found nonce: 28
Failed to process block: invalid proof of work
Mining block at height 1...
✓ Found nonce: 16212
Failed to process block: invalid proof of work
Mining block at height 1...
✓ Found nonce: 346690
Failed to process block: invalid proof of work
Mining block at height 1...
✓ Found nonce: 36221
Failed to process block: invalid proof of work
Mining block at height 1...
✓ Found nonce: 4146
Failed to process block: invalid proof of work
Mining block at height 1...
✓ Found nonce: 30615
Failed to process block: invalid proof of work
Mining block at height 1...
✓ Found nonce: 11469
Failed to process block: invalid proof of work
Mining block at height 1...
✓ Found nonce: 33145
Failed to process block: invalid proof of work
Mining block at height 1...
✓ Found nonce: 34529
Failed to process block: invalid proof of work
Mining block at height 1...
✓ Found nonce: 56214
Failed to process block: invalid proof of work
Mining block at height 1...
✓ Found nonce: 102607
Failed to process block: invalid proof of work
Mining block at height 1...
✓ Found nonce: 120914
Failed to process block: invalid proof of work
Mining block at height 1...
✓ Found nonce: 17598
Failed to process block: invalid proof of work
Mining block at height 1...
✓ Found nonce: 44429
Failed to process block: invalid proof of work
Mining block at height 1...
✓ Found nonce: 1835
Failed to process block: invalid proof of work
Mining block at height 1...
✓ Found nonce: 34114
Failed to process block: invalid proof of work
Mining block at height 1...
✓ Found nonce: 90726
Failed to process block: invalid proof of work
Mining block at height 1...
✓ Found nonce: 94538
Failed to process block: invalid proof of work
Mining block at height 1...
✓ Found nonce: 9381
Failed to process block: invalid proof of work
Mining block at height 1...
✓ Found nonce: 74632
Failed to process block: invalid proof of work
Mining block at height 1...
✓ Found nonce: 53239
Failed to process block: invalid proof of work
Mining block at height 1...
✓ Found nonce: 25182
Failed to process block: invalid proof of work
Mining block at height 1...
✓ Found nonce: 33979
Failed to process block: invalid proof of work
Mining block at height 1...
✓ Found nonce: 64949
Failed to process block: invalid proof of work
Mining block at height 1...
✓ Found nonce: 100789
Failed to process block: invalid proof of work
Mining block at height 1...
✓ Found nonce: 36730
Failed to process block: invalid proof of work
Mining block at height 1...
✓ Found nonce: 26476
Failed to process block: invalid proof of work
Mining block at height 1...
✓ Found nonce: 159487
Failed to process block: invalid proof of work
Mining block at height 1...
✓ Found nonce: 36626
Failed to process block: invalid proof of work
Mining block at height 1...
✓ Found nonce: 163189
Failed to process block: invalid proof of work
Mining block at height 1...
✓ Found nonce: 26766
Failed to process block: invalid proof of work
Mining block at height 1...
✓ Found nonce: 44726
Failed to process block: invalid proof of work
Mining block at height 1...
✓ Found nonce: 87106
Failed to process block: invalid proof of work
Mining block at height 1...
✓ Found nonce: 18583
Failed to process block: invalid proof of work
Mining block at height 1...
✓ Found nonce: 32582
Failed to process block: invalid proof of work
Mining block at height 1...
✓ Found nonce: 239241
Failed to process block: invalid proof of work
Mining block at height 1...
✓ Found nonce: 83724
Failed to process block: invalid proof of work
Mining block at height 1...
✓ Found nonce: 97071
Failed to process block: invalid proof of work
Mining block at height 1...
✓ Found nonce: 202217
Failed to process block: invalid proof of work
Mining block at height 1...
✓ Found nonce: 14505
Failed to process block: invalid proof of work
Mining block at height 1...
✓ Found nonce: 86500
Failed to process block: invalid proof of work
Mining block at height 1...
✓ Found nonce: 40654
Failed to process block: invalid proof of work
Mining block at height 1...
✓ Found nonce: 19687
Failed to process block: invalid proof of work
Mining block at height 1...
✓ Found nonce: 60722
Failed to process block: invalid proof of work
Mining block at height 1...
✓ Found nonce: 30899
Failed to process block: invalid proof of work
Mining block at height 1...
✓ Found nonce: 62873
Failed to process block: invalid proof of work
Mining block at height 1...
✓ Found nonce: 56162
Failed to process block: invalid proof of work
Mining block at height 1...
✓ Found nonce: 22556
Failed to process block: invalid proof of work
Mining block at height 1...
✓ Found nonce: 89473
Failed to process block: invalid proof of work
Mining block at height 1...
✓ Found nonce: 9631
Failed to process block: invalid proof of work
Mining block at height 1...
✓ Found nonce: 125161
Failed to process block: invalid proof of work
Mining block at height 1...
✓ Found nonce: 19089
Failed to process block: invalid proof of work
Mining block at height 1...
✓ Found nonce: 695
Failed to process block: invalid proof of work
Mining block at height 1...
✓ Found nonce: 11534
Failed to process block: invalid proof of work
Mining block at height 1...
✓ Found nonce: 231804
Failed to process block: invalid proof of work
Mining block at height 1...
✓ Found nonce: 61371
Failed to process block: invalid proof of work
Mining block at height 1...
✓ Found nonce: 26195
Failed to process block: invalid proof of work
Mining block at height 1...
✓ Found nonce: 119033
Failed to process block: invalid proof of work
Mining block at height 1...
✓ Found nonce: 46761
Failed to process block: invalid proof of work
Mining block at height 1...
✓ Found nonce: 44776
Failed to process block: invalid proof of work
Mining block at height 1...
✓ Found nonce: 145896
Failed to process block: invalid proof of work
Mining block at height 1...
✓ Found nonce: 59652
Failed to process block: invalid proof of work
Mining block at height 1...
✓ Found nonce: 13116
Failed to process block: invalid proof of work
Mining block at height 1...
✓ Found nonce: 65293
Failed to process block: invalid proof of work
Mining block at height 1...
✓ Found nonce: 10064
Failed to process block: invalid proof of work
Mining block at height 1...
✓ Found nonce: 52750
Failed to process block: invalid proof of work
Mining block at height 1...
✓ Found nonce: 80336
Failed to process block: invalid proof of work
Mining block at height 1...
✓ Found nonce: 9097
Failed to process block: invalid proof of work
Mining block at height 1...
✓ Found nonce: 29528
Failed to process block: invalid proof of work
Mining block at height 1...
✓ Found nonce: 156702
Failed to process block: invalid proof of work
Mining block at height 1...
✓ Found nonce: 14951
Failed to process block: invalid proof of work
Mining block at height 1...
✓ Found nonce: 21059
Failed to process block: invalid proof of work
Mining block at height 1...
✓ Found nonce: 24003
Failed to process block: invalid proof of work
Mining block at height 1...
✓ Found nonce: 18057
Failed to process block: invalid proof of work
Mining block at height 1...
✓ Found nonce: 118514
Failed to process block: invalid proof of work
Mining block at height 1...
✓ Found nonce: 185589
Failed to process block: invalid proof of work
Mining block at height 1...
✓ Found nonce: 58685
Failed to process block: invalid proof of work
Mining block at height 1...
✓ Found nonce: 19747
Failed to process block: invalid proof of work
Mining block at height 1...
✓ Found nonce: 41139
Failed to process block: invalid proof of work
Mining block at height 1...
✓ Found nonce: 61620
Failed to process block: invalid proof of work
Mining block at height 1...
✓ Found nonce: 135600
Failed to process block: invalid proof of work
Mining block at height 1...
✓ Found nonce: 51943
Failed to process block: invalid proof of work
Mining block at height 1...
✓ Found nonce: 13763
Failed to process block: invalid proof of work
Mining block at height 1...
✓ Found nonce: 65201
Failed to process block: invalid proof of work
Mining block at height 1...
✓ Found nonce: 109187
Failed to process block: invalid proof of work
Mining block at height 1...
✓ Found nonce: 95394
Failed to process block: invalid proof of work
Mining block at height 1...
✓ Found nonce: 2833
Failed to process block: invalid proof of work
Mining block at height 1...
✓ Found nonce: 67558
Failed to process block: invalid proof of work
Mining block at height 1...
✓ Found nonce: 28466
Failed to process block: invalid proof of work
Mining block at height 1...
✓ Found nonce: 62926
Failed to process block: invalid proof of work
Mining block at height 1...
✓ Found nonce: 20979
Failed to process block: invalid proof of work
Mining block at height 1...
✓ Found nonce: 60551
Failed to process block: invalid proof of work
Mining block at height 1...
✓ Found nonce: 48897
Failed to process block: invalid proof of work
Mining block at height 1...
✓ Found nonce: 130946
Failed to process block: invalid proof of work
Mining block at height 1...
✓ Found nonce: 7253
Failed to process block: invalid proof of work
Mining block at height 1...
✓ Found nonce: 63820
Failed to process block: invalid proof of work
Mining block at height 1...
✓ Found nonce: 165622
Failed to process block: invalid proof of work
Mining block at height 1...
✓ Found nonce: 370
Failed to process block: invalid proof of work
Mining block at height 1...
✓ Found nonce: 36042
Failed to process block: invalid proof of work
Mining block at height 1...
✓ Found nonce: 9429
Failed to process block: invalid proof of work
Mining block at height 1...
✓ Found nonce: 23145
Failed to process block: invalid proof of work
Mining block at height 1...
✓ Found nonce: 227665
Failed to process block: invalid proof of work
Mining block at height 1...
✓ Found nonce: 568
Failed to process block: invalid proof of work
Mining block at height 1...
✓ Found nonce: 189045
Failed to process block: invalid proof of work
Mining block at height 1...
✓ Found nonce: 2956
Failed to process block: invalid proof of work
Mining block at height 1...
✓ Found nonce: 24332
Failed to process block: invalid proof of work
Mining block at height 1...
✓ Found nonce: 4681
Failed to process block: invalid proof of work
Mining block at height 1...
✓ Found nonce: 10608
Failed to process block: invalid proof of work
Mining block at height 1...
✓ Found nonce: 4800
Failed to process block: invalid proof of work
Mining block at height 1...
✓ Found nonce: 8183
Failed to process block: invalid proof of work
Mining block at height 1...
✓ Found nonce: 2394
Failed to process block: invalid proof of work
Mining block at height 1...
✓ Found nonce: 51459
Failed to process block: invalid proof of work
Mining block at height 1...
✓ Found nonce: 165252
Failed to process block: invalid proof of work
Mining block at height 1...
✓ Found nonce: 7798
Failed to process block: invalid proof of work
Mining block at height 1...
✓ Found nonce: 37655
Failed to process block: invalid proof of work
Mining block at height 1...
✓ Found nonce: 87174
Failed to process block: invalid proof of work
Mining block at height 1...
✓ Found nonce: 51035
Failed to process block: invalid proof of work
Mining block at height 1...
✓ Found nonce: 190791
Failed to process block: invalid proof of work
Mining block at height 1...
✓ Found nonce: 30941
Failed to process block: invalid proof of work
Mining block at height 1...
✓ Found nonce: 51772
Failed to process block: invalid proof of work
Mining block at height 1...
✓ Found nonce: 16959
Failed to process block: invalid proof of work
Mining block at height 1...
✓ Found nonce: 105252
Failed to process block: invalid proof of work
Mining block at height 1...
✓ Found nonce: 17229
Failed to process block: invalid proof of work
Mining block at height 1...
✓ Found nonce: 36267
Failed to process block: invalid proof of work
Mining block at height 1...
✓ Found nonce: 193116
Failed to process block: invalid proof of work
Mining block at height 1...
✓ Found nonce: 59828
Failed to process block: invalid proof of work
Mining block at height 1...
✓ Found nonce: 27520
Failed to process block: invalid proof of work
Mining block at height 1...
✓ Found nonce: 691
Failed to process block: invalid proof of work
Mining block at height 1...
✓ Found nonce: 105287
Failed to process block: invalid proof of work
Mining block at height 1...
✓ Found nonce: 7389
Failed to process block: invalid proof of work
Mining block at height 1...
✓ Found nonce: 334
Failed to process block: invalid proof of work
Mining block at height 1...
✓ Found nonce: 51819
Failed to process block: invalid proof of work
Mining block at height 1...
✓ Found nonce: 90315
Failed to process block: invalid proof of work
Mining block at height 1...
✓ Found nonce: 133554
Failed to process block: invalid proof of work
Mining block at height 1...
✓ Found nonce: 57326
Failed to process block: invalid proof of work
Mining block at height 1...
✓ Found nonce: 72847
Failed to process block: invalid proof of work
Mining block at height 1...
✓ Found nonce: 59744
Failed to process block: invalid proof of work
Mining block at height 1...
✓ Found nonce: 144433
Failed to process block: invalid proof of work
Mining block at height 1...
✓ Found nonce: 68067
Failed to process block: invalid proof of work
Mining block at height 1...
✓ Found nonce: 46007
Failed to process block: invalid proof of work
Mining block at height 1...
✓ Found nonce: 62692
Failed to process block: invalid proof of work
Mining block at height 1...
✓ Found nonce: 47638
Failed to process block: invalid proof of work
Mining block at height 1...
✓ Found nonce: 4871
Failed to process block: invalid proof of work
Mining block at height 1...
✓ Found nonce: 93537
Failed to process block: invalid proof of work
Mining block at height 1...
✓ Found nonce: 69422
Failed to process block: invalid proof of work
Mining block at height 1...
✓ Found nonce: 10268
Failed to process block: invalid proof of work
Mining block at height 1...
✓ Found nonce: 45985
Failed to process block: invalid proof of work
Mining block at height 1...
✓ Found nonce: 48168
Failed to process block: invalid proof of work
Mining block at height 1...
✓ Found nonce: 47862
Failed to process block: invalid proof of work
Mining block at height 1...
✓ Found nonce: 142639
Failed to process block: invalid proof of work
Mining block at height 1...
✓ Found nonce: 15575
Failed to process block: invalid proof of work
Mining block at height 1...
✓ Found nonce: 1357
Failed to process block: invalid proof of work
Mining block at height 1...
✓ Found nonce: 142000
Failed to process block: invalid proof of work
Mining block at height 1...
✓ Found nonce: 145818
Failed to process block: invalid proof of work
Mining block at height 1...
✓ Found nonce: 133465
Failed to process block: invalid proof of work
Mining block at height 1...
✓ Found nonce: 66514
Failed to process block: invalid proof of work
Mining block at height 1...
✓ Found nonce: 21941
Failed to process block: invalid proof of work
Mining block at height 1...
✓ Found nonce: 102981
Failed to process block: invalid proof of work
Mining block at height 1...
✓ Found nonce: 83843
Failed to process block: invalid proof of work
Mining block at height 1...
✓ Found nonce: 106178
Failed to process block: invalid proof of work
Mining block at height 1...
✓ Found nonce: 63392
Failed to process block: invalid proof of work
Mining block at height 1...
✓ Found nonce: 183300
Failed to process block: invalid proof of work
Mining block at height 1...
✓ Found nonce: 16043
Failed to process block: invalid proof of work
Mining block at height 1...
✓ Found nonce: 74892
Failed to process block: invalid proof of work
Mining block at height 1...
✓ Found nonce: 11057
Failed to process block: invalid proof of work
Mining block at height 1...
✓ Found nonce: 113532
Failed to process block: invalid proof of work
Mining block at height 1...
✓ Found nonce: 327955
Failed to process block: invalid proof of work
Mining block at height 1...
✓ Found nonce: 11000
Failed to process block: invalid proof of work
Mining block at height 1...
✓ Found nonce: 50147
Failed to process block: invalid proof of work
Mining block at height 1...
✓ Found nonce: 3609
Failed to process block: invalid proof of work
Mining block at height 1...
✓ Found nonce: 135435
Failed to process block: invalid proof of work
Mining block at height 1...
✓ Found nonce: 5373
Failed to process block: invalid proof of work
Mining block at height 1...
✓ Found nonce: 17525
Failed to process block: invalid proof of work
Mining block at height 1...
✓ Found nonce: 11731
Failed to process block: invalid proof of work
Mining block at height 1...
✓ Found nonce: 86305
Failed to process block: invalid proof of work
Mining block at height 1...
✓ Found nonce: 21663
Failed to process block: invalid proof of work
Mining block at height 1...
✓ Found nonce: 12083
Failed to process block: invalid proof of work
Mining block at height 1...
✓ Found nonce: 152978
Failed to process block: invalid proof of work
Mining block at height 1...
✓ Found nonce: 2160
Failed to process block: invalid proof of work
Mining block at height 1...
✓ Found nonce: 32768
Failed to process block: invalid proof of work
Mining block at height 1...
✓ Found nonce: 36034
Failed to process block: invalid proof of work
Mining block at height 1...
✓ Found nonce: 279406
Failed to process block: invalid proof of work
Mining block at height 1...
✓ Found nonce: 47570
Failed to process block: invalid proof of work
Mining block at height 1...
✓ Found nonce: 45704
Failed to process block: invalid proof of work
Mining block at height 1...
✓ Found nonce: 123512
Failed to process block: invalid proof of work
Mining block at height 1...
✓ Found nonce: 66377
Failed to process block: invalid proof of work
Mining block at height 1...
✓ Found nonce: 84707
Failed to process block: invalid proof of work
Mining block at height 1...
✓ Found nonce: 36272
Failed to process block: invalid proof of work
Mining block at height 1...
✓ Found nonce: 18413
Failed to process block: invalid proof of work
Mining block at height 1...
✓ Found nonce: 10849
Failed to process block: invalid proof of work
Mining block at height 1...
✓ Found nonce: 995
Failed to process block: invalid proof of work
Mining block at height 1...
✓ Found nonce: 4771
Failed to process block: invalid proof of work
Mining block at height 1...
✓ Found nonce: 14338
Failed to process block: invalid proof of work
Mining block at height 1...
✓ Found nonce: 8262
Failed to process block: invalid proof of work
Mining block at height 1...
✓ Found nonce: 93441
Failed to process block: invalid proof of work
Mining block at height 1...
✓ Found nonce: 96981
Failed to process block: invalid proof of work
Mining block at height 1...
✓ Found nonce: 25812
Failed to process block: invalid proof of work
Mining block at height 1...
✓ Found nonce: 159055
Failed to process block: invalid proof of work
Mining block at height 1...
✓ Found nonce: 21544
Failed to process block: invalid proof of work
Mining block at height 1...
✓ Found nonce: 24693
Failed to process block: invalid proof of work
Mining block at height 1...
✓ Found nonce: 37747
Failed to process block: invalid proof of work
Mining block at height 1...
✓ Found nonce: 176257
Failed to process block: invalid proof of work
Mining block at height 1...
✓ Found nonce: 71622
Failed to process block: invalid proof of work
Mining block at height 1...
✓ Found nonce: 2097
Failed to process block: invalid proof of work
Mining block at height 1...
✓ Found nonce: 43688
Failed to process block: invalid proof of work
Mining block at height 1...
✓ Found nonce: 476342
Failed to process block: invalid proof of work
Mining block at height 1...
✓ Found nonce: 2610
Failed to process block: invalid proof of work
Mining block at height 1...
✓ Found nonce: 152406
Failed to process block: invalid proof of work
Mining block at height 1...
✓ Found nonce: 87531
Failed to process block: invalid proof of work
Mining block at height 1...
✓ Found nonce: 96053
Failed to process block: invalid proof of work
Mining block at height 1...
✓ Found nonce: 116488
Failed to process block: invalid proof of work
Mining block at height 1...
✓ Found nonce: 17629
Failed to process block: invalid proof of work
Mining block at height 1...
✓ Found nonce: 25820
Failed to process block: invalid proof of work
Mining block at height 1...
✓ Found nonce: 356
Failed to process block: invalid proof of work
Mining block at height 1...
✓ Found nonce: 17705
Failed to process block: invalid proof of work
Mining block at height 1...
✓ Found nonce: 187349
Failed to process block: invalid proof of work
Mining block at height 1...
✓ Found nonce: 64454
Failed to process block: invalid proof of work
Mining block at height 1...
✓ Found nonce: 62321
Failed to process block: invalid proof of work
Mining block at height 1...
✓ Found nonce: 42832
Failed to process block: invalid proof of work
Mining block at height 1...
✓ Found nonce: 76429
Failed to process block: invalid proof of work
Mining block at height 1...
✓ Found nonce: 251741
Failed to process block: invalid proof of work
Mining block at height 1...
✓ Found nonce: 97839
Failed to process block: invalid proof of work
Mining block at height 1...
✓ Found nonce: 35106
Failed to process block: invalid proof of work
Mining block at height 1...
✓ Found nonce: 72103
Failed to process block: invalid proof of work
Mining block at height 1...
✓ Found nonce: 218727
Failed to process block: invalid proof of work
Mining block at height 1...
✓ Found nonce: 6103
Failed to process block: invalid proof of work
Mining block at height 1...
✓ Found nonce: 327
Failed to process block: invalid proof of work
Mining block at height 1...
✓ Found nonce: 209061
Failed to process block: invalid proof of work
Mining block at height 1...
✓ Found nonce: 94644
Failed to process block: invalid proof of work
Mining block at height 1...
✓ Found nonce: 96337
Failed to process block: invalid proof of work
Mining block at height 1...
✓ Found nonce: 275004
Failed to process block: invalid proof of work
Mining block at height 1...
✓ Found nonce: 34008
Failed to process block: invalid proof of work
Mining block at height 1...
✓ Found nonce: 133016
Failed to process block: invalid proof of work
Mining block at height 1...
✓ Found nonce: 4486
Failed to process block: invalid proof of work
Mining block at height 1...
✓ Found nonce: 13345
Failed to process block: invalid proof of work
Mining block at height 1...
✓ Found nonce: 102269
Failed to process block: invalid proof of work
Mining block at height 1...
✓ Found nonce: 40812
Failed to process block: invalid proof of work
Mining block at height 1...
✓ Found nonce: 8690
Failed to process block: invalid proof of work
Mining block at height 1...
✓ Found nonce: 62356
Failed to process block: invalid proof of work
Mining block at height 1...
✓ Found nonce: 255871
Failed to process block: invalid proof of work
Mining block at height 1...
✓ Found nonce: 4436
Failed to process block: invalid proof of work
Mining block at height 1...
✓ Found nonce: 94723
Failed to process block: invalid proof of work
Mining block at height 1...
✓ Found nonce: 28882
Failed to process block: invalid proof of work
Mining block at height 1...
✓ Found nonce: 4684
Failed to process block: invalid proof of work
Mining block at height 1...
✓ Found nonce: 24788
Failed to process block: invalid proof of work
Mining block at height 1...
✓ Found nonce: 4060
Failed to process block: invalid proof of work
Mining block at height 1...
✓ Found nonce: 36258
Failed to process block: invalid proof of work
Mining block at height 1...
✓ Found nonce: 129940
Failed to process block: invalid proof of work
Mining block at height 1...
✓ Found nonce: 15826
Failed to process block: invalid proof of work
Mining block at height 1...
✓ Found nonce: 228488
Failed to process block: invalid proof of work
Mining block at height 1...
✓ Found nonce: 12038
Failed to process block: invalid proof of work
Mining block at height 1...
✓ Found nonce: 71584
Failed to process block: invalid proof of work
Mining block at height 1...
✓ Found nonce: 77113
Failed to process block: invalid proof of work
Mining block at height 1...
✓ Found nonce: 3347
Failed to process block: invalid proof of work
Mining block at height 1...
✓ Found nonce: 132987
Failed to process block: invalid proof of work
Mining block at height 1...
✓ Found nonce: 42952
Failed to process block: invalid proof of work
Mining block at height 1...
✓ Found nonce: 350887
Failed to process block: invalid proof of work
Mining block at height 1...
✓ Found nonce: 44699
Failed to process block: invalid proof of work
Mining block at height 1...
✓ Found nonce: 11718
Failed to process block: invalid proof of work
Mining block at height 1...
✓ Found nonce: 1774
Failed to process block: invalid proof of work
Mining block at height 1...
✓ Found nonce: 12476
Failed to process block: invalid proof of work
Mining block at height 1...
✓ Found nonce: 60932
Failed to process block: invalid proof of work
Mining block at height 1...
✓ Found nonce: 28968
Failed to process block: invalid proof of work
Mining block at height 1...
✓ Found nonce: 40423
Failed to process block: invalid proof of work
Mining block at height 1...
✓ Found nonce: 132954
Failed to process block: invalid proof of work
Mining block at height 1...
✓ Found nonce: 2847
Failed to process block: invalid proof of work
Mining block at height 1...
✓ Found nonce: 129334
Failed to process block: invalid proof of work
Mining block at height 1...
✓ Found nonce: 31998
Failed to process block: invalid proof of work
Mining block at height 1...
✓ Found nonce: 1517
Failed to process block: invalid proof of work
Mining block at height 1...
✓ Found nonce: 15322
Failed to process block: invalid proof of work
Mining block at height 1...
✓ Found nonce: 9189
Failed to process block: invalid proof of work
Mining block at height 1...
✓ Found nonce: 1204
Failed to process block: invalid proof of work
Mining block at height 1...
✓ Found nonce: 9792
Failed to process block: invalid proof of work
Mining block at height 1...
✓ Found nonce: 122906
Failed to process block: invalid proof of work
Mining block at height 1...
✓ Found nonce: 233433
Failed to process block: invalid proof of work
Mining block at height 1...
✓ Found nonce: 94215
Failed to process block: invalid proof of work
Mining block at height 1...
✓ Found nonce: 75442
Failed to process block: invalid proof of work
Mining block at height 1...
✓ Found nonce: 56182
Failed to process block: invalid proof of work
Mining block at height 1...
✓ Found nonce: 10001
Failed to process block: invalid proof of work
Mining block at height 1...
✓ Found nonce: 6923
Failed to process block: invalid proof of work
Mining block at height 1...
✓ Found nonce: 10570
Failed to process block: invalid proof of work
Mining block at height 1...
✓ Found nonce: 17136
Failed to process block: invalid proof of work
Mining block at height 1...
✓ Found nonce: 237652
Failed to process block: invalid proof of work
Mining block at height 1...
✓ Found nonce: 125947
Failed to process block: invalid proof of work
Mining block at height 1...
✓ Found nonce: 5539
Failed to process block: invalid proof of work
Mining block at height 1...
✓ Found nonce: 138843
Failed to process block: invalid proof of work
Mining block at height 1...
✓ Found nonce: 53757
Failed to process block: invalid proof of work
Mining block at height 1...
✓ Found nonce: 17165
Failed to process block: invalid proof of work
Mining block at height 1...
✓ Found nonce: 1549
Failed to process block: invalid proof of work
Mining block at height 1...
✓ Found nonce: 49508
Failed to process block: invalid proof of work
Mining block at height 1...
✓ Found nonce: 11719
Failed to process block: invalid proof of work
Mining block at height 1...
✓ Found nonce: 141408
Failed to process block: invalid proof of work
Mining block at height 1...
✓ Found nonce: 168157
Failed to process block: invalid proof of work
Mining block at height 1...
✓ Found nonce: 54335
Failed to process block: invalid proof of work
Mining block at height 1...
✓ Found nonce: 76454
Failed to process block: invalid proof of work
Mining block at height 1...
✓ Found nonce: 413136
Failed to process block: invalid proof of work
Mining block at height 1...
✓ Found nonce: 17532
Failed to process block: invalid proof of work
Mining block at height 1...
✓ Found nonce: 150751
Failed to process block: invalid proof of work
Mining block at height 1...
✓ Found nonce: 19774
Failed to process block: invalid proof of work
Mining block at height 1...
✓ Found nonce: 7842
Failed to process block: invalid proof of work
Mining block at height 1...
✓ Found nonce: 12915
Failed to process block: invalid proof of work
Mining block at height 1...
✓ Found nonce: 12479
Failed to process block: invalid proof of work
Mining block at height 1...
✓ Found nonce: 11907
Failed to process block: invalid proof of work
Mining block at height 1...
✓ Found nonce: 17375
Failed to process block: invalid proof of work
Mining block at height 1...
✓ Found nonce: 117649
Failed to process block: invalid proof of work
Mining block at height 1...
✓ Found nonce: 178442
Failed to process block: invalid proof of work
Mining block at height 1...
✓ Found nonce: 71504
Failed to process block: invalid proof of work
Mining block at height 1...
✓ Found nonce: 22293
Failed to process block: invalid proof of work
Mining block at height 1...
✓ Found nonce: 184911
Failed to process block: invalid proof of work
Mining block at height 1...
✓ Found nonce: 17446
Failed to process block: invalid proof of work
Mining block at height 1...
✓ Found nonce: 122183
Failed to process block: invalid proof of work
Mining block at height 1...
✓ Found nonce: 8622
Failed to process block: invalid proof of work
Mining block at height 1...
✓ Found nonce: 20292
Failed to process block: invalid proof of work
Mining block at height 1...
✓ Found nonce: 24882
Failed to process block: invalid proof of work
Mining block at height 1...
✓ Found nonce: 58766
Failed to process block: invalid proof of work
Mining block at height 1...
✓ Found nonce: 93844
Failed to process block: invalid proof of work
Mining block at height 1...
✓ Found nonce: 37713
Failed to process block: invalid proof of work
Mining block at height 1...
✓ Found nonce: 16328
Failed to process block: invalid proof of work
Mining block at height 1...
✓ Found nonce: 52592
Failed to process block: invalid proof of work
Mining block at height 1...
✓ Found nonce: 9140
Failed to process block: invalid proof of work
Mining block at height 1...
✓ Found nonce: 29116
Failed to process block: invalid proof of work
Mining block at height 1...
✓ Found nonce: 49993
Failed to process block: invalid proof of work
Mining block at height 1...
✓ Found nonce: 71211
Failed to process block: invalid proof of work
Mining block at height 1...
✓ Found nonce: 49934
Failed to process block: invalid proof of work
Mining block at height 1...
✓ Found nonce: 18329
Failed to process block: invalid proof of work
Mining block at height 1...
✓ Found nonce: 40663
Failed to process block: invalid proof of work
Mining block at height 1...
✓ Found nonce: 10309
Failed to process block: invalid proof of work
Mining block at height 1...
✓ Found nonce: 28612
Failed to process block: invalid proof of work
Mining block at height 1...
✓ Found nonce: 57963
Failed to process block: invalid proof of work
Mining block at height 1...
✓ Found nonce: 33165
Failed to process block: invalid proof of work
Mining block at height 1...
✓ Found nonce: 87432
Failed to process block: invalid proof of work
Mining block at height 1...
✓ Found nonce: 140795
Failed to process block: invalid proof of work
Mining block at height 1...
✓ Found nonce: 13840
Failed to process block: invalid proof of work
Mining block at height 1...
✓ Found nonce: 9443
Failed to process block: invalid proof of work
Mining block at height 1...
✓ Found nonce: 69402
Failed to process block: invalid proof of work
Mining block at height 1...
✓ Found nonce: 487
Failed to process block: invalid proof of work
Mining block at height 1...
✓ Found nonce: 62219
Failed to process block: invalid proof of work
Mining block at height 1...
✓ Found nonce: 37258
Failed to process block: invalid proof of work
Mining block at height 1...
✓ Found nonce: 6388
Failed to process block: invalid proof of work
Mining block at height 1...
✓ Found nonce: 165929
Failed to process block: invalid proof of work
Mining block at height 1...
✓ Found nonce: 35115
Failed to process block: invalid proof of work
Mining block at height 1...
✓ Found nonce: 31884
Failed to process block: invalid proof of work
Mining block at height 1...
✓ Found nonce: 3236
Failed to process block: invalid proof of work
Mining block at height 1...
✓ Found nonce: 47838
Failed to process block: invalid proof of work
Mining block at height 1...
✓ Found nonce: 15466
Failed to process block: invalid proof of work
Mining block at height 1...
✓ Found nonce: 19866
Failed to process block: invalid proof of work
Mining block at height 1...
✓ Found nonce: 26757
Failed to process block: invalid proof of work
Mining block at height 1...
✓ Found nonce: 132110
Failed to process block: invalid proof of work
Mining block at height 1...
✓ Found nonce: 2404
Failed to process block: invalid proof of work
Mining block at height 1...
✓ Found nonce: 40057
Failed to process block: invalid proof of work
Mining block at height 1...
✓ Found nonce: 157336
Failed to process block: invalid proof of work
Mining block at height 1...
✓ Found nonce: 130172
Failed to process block: invalid proof of work
Mining block at height 1...
✓ Found nonce: 17001
Failed to process block: invalid proof of work
Mining block at height 1...
✓ Found nonce: 78022
Failed to process block: invalid proof of work
Mining block at height 1...
✓ Found nonce: 36853
Failed to process block: invalid proof of work
Mining block at height 1...
✓ Found nonce: 10043
Failed to process block: invalid proof of work
Mining block at height 1...
✓ Found nonce: 107559
Failed to process block: invalid proof of work
Mining block at height 1...
✓ Found nonce: 25960
Failed to process block: invalid proof of work
Mining block at height 1...
✓ Found nonce: 130068
Failed to process block: invalid proof of work
Mining block at height 1...
✓ Found nonce: 10014
Failed to process block: invalid proof of work
Mining block at height 1...
✓ Found nonce: 158230
Failed to process block: invalid proof of work
Mining block at height 1...
✓ Found nonce: 2414
Failed to process block: invalid proof of work
Mining block at height 1...
✓ Found nonce: 139718
Failed to process block: invalid proof of work
Mining block at height 1...
✓ Found nonce: 91247
Failed to process block: invalid proof of work
Mining block at height 1...
✓ Found nonce: 83685
Failed to process block: invalid proof of work
Mining block at height 1...
✓ Found nonce: 29432
Failed to process block: invalid proof of work
Mining block at height 1...
✓ Found nonce: 49979
Failed to process block: invalid proof of work
Mining block at height 1...
✓ Found nonce: 76321
Failed to process block: invalid proof of work
Mining block at height 1...
✓ Found nonce: 8073
Failed to process block: invalid proof of work
Mining block at height 1...
✓ Found nonce: 78028
Failed to process block: invalid proof of work
Mining block at height 1...
✓ Found nonce: 16748
Failed to process block: invalid proof of work
Mining block at height 1...
✓ Found nonce: 124413
Failed to process block: invalid proof of work
Mining block at height 1...
✓ Found nonce: 103320
Failed to process block: invalid proof of work
Mining block at height 1...
✓ Found nonce: 240777
Failed to process block: invalid proof of work
Mining block at height 1...
✓ Found nonce: 4200
Failed to process block: invalid proof of work
Mining block at height 1...
✓ Found nonce: 72954
Failed to process block: invalid proof of work
Mining block at height 1...
✓ Found nonce: 90515
Failed to process block: invalid proof of work
Mining block at height 1...
✓ Found nonce: 32795
Failed to process block: invalid proof of work
Mining block at height 1...
✓ Found nonce: 55183
Failed to process block: invalid proof of work
Mining block at height 1...
✓ Found nonce: 86140
Failed to process block: invalid proof of work
Mining block at height 1...
✓ Found nonce: 143885
Failed to process block: invalid proof of work
Mining block at height 1...
✓ Found nonce: 120409
Failed to process block: invalid proof of work
Mining block at height 1...
✓ Found nonce: 18848
Failed to process block: invalid proof of work
Mining block at height 1...
✓ Found nonce: 66949
Failed to process block: invalid proof of work
Mining block at height 1...
✓ Found nonce: 25689
Failed to process block: invalid proof of work
Mining block at height 1...
✓ Found nonce: 159430
Failed to process block: invalid proof of work
Mining block at height 1...
✓ Found nonce: 69402
Failed to process block: invalid proof of work
Mining block at height 1...
✓ Found nonce: 42047
Failed to process block: invalid proof of work
Mining block at height 1...
✓ Found nonce: 37105
Failed to process block: invalid proof of work
Mining block at height 1...
✓ Found nonce: 778
Failed to process block: invalid proof of work
Mining block at height 1...
✓ Found nonce: 190404
Failed to process block: invalid proof of work
Mining block at height 1...
✓ Found nonce: 273800
Failed to process block: invalid proof of work
Mining block at height 1...
✓ Found nonce: 18379
Failed to process block: invalid proof of work
Mining block at height 1...
✓ Found nonce: 102795
Failed to process block: invalid proof of work
Mining block at height 1...
✓ Found nonce: 65529
Failed to process block: invalid proof of work
Mining block at height 1...
✓ Found nonce: 55430
Failed to process block: invalid proof of work
Mining block at height 1...
✓ Found nonce: 78811
Failed to process block: invalid proof of work
Mining block at height 1...
✓ Found nonce: 62775
Failed to process block: invalid proof of work
Mining block at height 1...
✓ Found nonce: 109995
Failed to process block: invalid proof of work
Mining block at height 1...
✓ Found nonce: 9310
Failed to process block: invalid proof of work
Mining block at height 1...
✓ Found nonce: 231657
Failed to process block: invalid proof of work
Mining block at height 1...
✓ Found nonce: 80526
Failed to process block: invalid proof of work
Mining block at height 1...
✓ Found nonce: 804
Failed to process block: invalid proof of work
Mining block at height 1...
✓ Found nonce: 11209
Failed to process block: invalid proof of work
Mining block at height 1...
✓ Found nonce: 97852
Failed to process block: invalid proof of work
Mining block at height 1...
✓ Found nonce: 257688
Failed to process block: invalid proof of work
Mining block at height 1...
✓ Found nonce: 73393
Failed to process block: invalid proof of work
Mining block at height 1...
✓ Found nonce: 25422
Failed to process block: invalid proof of work
Mining block at height 1...
✓ Found nonce: 169857
Failed to process block: invalid proof of work
Mining block at height 1...
✓ Found nonce: 4048
Failed to process block: invalid proof of work
Mining block at height 1...
✓ Found nonce: 108544
Failed to process block: invalid proof of work
Mining block at height 1...
✓ Found nonce: 28591
Failed to process block: invalid proof of work
Mining block at height 1...
✓ Found nonce: 5945
Failed to process block: invalid proof of work
Mining block at height 1...
✓ Found nonce: 93575
Failed to process block: invalid proof of work
Mining block at height 1...
✓ Found nonce: 8902
Failed to process block: invalid proof of work
Mining block at height 1...
✓ Found nonce: 43769
Failed to process block: invalid proof of work
Mining block at height 1...
✓ Found nonce: 44153
Failed to process block: invalid proof of work
Mining block at height 1...
✓ Found nonce: 287132
Failed to process block: invalid proof of work
Mining block at height 1...
✓ Found nonce: 68084
Failed to process block: invalid proof of work
Mining block at height 1...
✓ Found nonce: 19418
Failed to process block: invalid proof of work
Mining block at height 1...
✓ Found nonce: 213504
Failed to process block: invalid proof of work
Mining block at height 1...
✓ Found nonce: 175827
Failed to process block: invalid proof of work
Mining block at height 1...
✓ Found nonce: 107201
Failed to process block: invalid proof of work
Mining block at height 1...
✓ Found nonce: 9755
Failed to process block: invalid proof of work
Mining block at height 1...
✓ Found nonce: 113606
Failed to process block: invalid proof of work
Mining block at height 1...
✓ Found nonce: 440
Failed to process block: invalid proof of work
Mining block at height 1...
✓ Found nonce: 66730
Failed to process block: invalid proof of work
Mining block at height 1...
✓ Found nonce: 83249
Failed to process block: invalid proof of work
Mining block at height 1...
✓ Found nonce: 9080
Failed to process block: invalid proof of work
Mining block at height 1...
✓ Found nonce: 400580
Failed to process block: invalid proof of work
Mining block at height 1...
✓ Found nonce: 150749
Failed to process block: invalid proof of work
Mining block at height 1...
✓ Found nonce: 286624
Failed to process block: invalid proof of work
Mining block at height 1...
✓ Found nonce: 15485
Failed to process block: invalid proof of work
Mining block at height 1...
✓ Found nonce: 49584
Failed to process block: invalid proof of work
Mining block at height 1...
✓ Found nonce: 19620
Failed to process block: invalid proof of work
Mining block at height 1...
✓ Found nonce: 92538
Failed to process block: invalid proof of work
Mining block at height 1...
✓ Found nonce: 5410
Failed to process block: invalid proof of work
Mining block at height 1...
✓ Found nonce: 150945
Failed to process block: invalid proof of work
Mining block at height 1...
✓ Found nonce: 188023
Failed to process block: invalid proof of work
Mining block at height 1...
✓ Found nonce: 36751
Failed to process block: invalid proof of work
Mining block at height 1...
✓ Found nonce: 11999
Failed to process block: invalid proof of work
Mining block at height 1...
✓ Found nonce: 175357
Failed to process block: invalid proof of work
Mining block at height 1...
✓ Found nonce: 69018
Failed to process block: invalid proof of work
Mining block at height 1...
✓ Found nonce: 102281
Failed to process block: invalid proof of work
Mining block at height 1...
✓ Found nonce: 127672
Failed to process block: invalid proof of work
Mining block at height 1...
✓ Found nonce: 173409
Failed to process block: invalid proof of work
Mining block at height 1...
✓ Found nonce: 219253
Failed to process block: invalid proof of work
Mining block at height 1...
✓ Found nonce: 150318
Failed to process block: invalid proof of work
Mining block at height 1...
✓ Found nonce: 60758
Failed to process block: invalid proof of work
Mining block at height 1...
✓ Found nonce: 40308
Failed to process block: invalid proof of work
Mining block at height 1...
✓ Found nonce: 312675
Failed to process block: invalid proof of work
Mining block at height 1...
✓ Found nonce: 8933
Failed to process block: invalid proof of work
Mining block at height 1...
✓ Found nonce: 120624
Failed to process block: invalid proof of work
Mining block at height 1...
✓ Found nonce: 6464
Failed to process block: invalid proof of work
Mining block at height 1...
✓ Found nonce: 29963
Failed to process block: invalid proof of work
Mining block at height 1...
✓ Found nonce: 355742
Failed to process block: invalid proof of work
Mining block at height 1...
✓ Found nonce: 33271
Failed to process block: invalid proof of work
Mining block at height 1...
✓ Found nonce: 59110
Failed to process block: invalid proof of work
Mining block at height 1...
✓ Found nonce: 120899
Failed to process block: invalid proof of work
Mining block at height 1...
✓ Found nonce: 176113
Failed to process block: invalid proof of work
Mining block at height 1...
✓ Found nonce: 81215
Failed to process block: invalid proof of work
Mining block at height 1...
✓ Found nonce: 6064
Failed to process block: invalid proof of work
Mining block at height 1...
✓ Found nonce: 200680
Failed to process block: invalid proof of work
Mining block at height 1...
✓ Found nonce: 43929
Failed to process block: invalid proof of work
Mining block at height 1...
✓ Found nonce: 39114
Failed to process block: invalid proof of work
Mining block at height 1...
✓ Found nonce: 28350
Failed to process block: invalid proof of work
Mining block at height 1...
✓ Found nonce: 17844
Failed to process block: invalid proof of work
Mining block at height 1...
✓ Found nonce: 13765
Failed to process block: invalid proof of work
Mining block at height 1...
✓ Found nonce: 333531
Failed to process block: invalid proof of work
Mining block at height 1...
✓ Found nonce: 19684
Failed to process block: invalid proof of work
Mining block at height 1...
✓ Found nonce: 49358
Failed to process block: invalid proof of work
Mining block at height 1...
✓ Found nonce: 21042
Failed to process block: invalid proof of work
Mining block at height 1...
✓ Found nonce: 81990
Failed to process block: invalid proof of work
Mining block at height 1...
✓ Found nonce: 944
Failed to process block: invalid proof of work
Mining block at height 1...
✓ Found nonce: 1282
Failed to process block: invalid proof of work
Mining block at height 1...
✓ Found nonce: 108867
Failed to process block: invalid proof of work
Mining block at height 1...
✓ Found nonce: 127537
Failed to process block: invalid proof of work
Mining block at height 1...
✓ Found nonce: 8432
Failed to process block: invalid proof of work
Mining block at height 1...
✓ Found nonce: 107145
Failed to process block: invalid proof of work
Mining block at height 1...
✓ Found nonce: 1864
Failed to process block: invalid proof of work
Mining block at height 1...
✓ Found nonce: 95524
Failed to process block: invalid proof of work
Mining block at height 1...
✓ Found nonce: 12401
Failed to process block: invalid proof of work
Mining block at height 1...
✓ Found nonce: 6796
Failed to process block: invalid proof of work
Mining block at height 1...
✓ Found nonce: 51664
Failed to process block: invalid proof of work
Mining block at height 1...
✓ Found nonce: 7271
Failed to process block: invalid proof of work
Mining block at height 1...
✓ Found nonce: 121398
Failed to process block: invalid proof of work
Mining block at height 1...
✓ Found nonce: 173532
Failed to process block: invalid proof of work
Mining block at height 1...
✓ Found nonce: 1175
Failed to process block: invalid proof of work
Mining block at height 1...
✓ Found nonce: 103741
Failed to process block: invalid proof of work
Mining block at height 1...
✓ Found nonce: 27617
Failed to process block: invalid proof of work
Mining block at height 1...
✓ Found nonce: 27553
Failed to process block: invalid proof of work
Mining block at height 1...
✓ Found nonce: 80033
Failed to process block: invalid proof of work
Mining block at height 1...
✓ Found nonce: 21483
Failed to process block: invalid proof of work
Mining block at height 1...
✓ Found nonce: 26085
Failed to process block: invalid proof of work
Mining block at height 1...
✓ Found nonce: 51680
Failed to process block: invalid proof of work
Mining block at height 1...
✓ Found nonce: 49387
Failed to process block: invalid proof of work
Mining block at height 1...
✓ Found nonce: 61168
Failed to process block: invalid proof of work
Mining block at height 1...
✓ Found nonce: 1516
Failed to process block: invalid proof of work
Mining block at height 1...
✓ Found nonce: 108607
Failed to process block: invalid proof of work
Mining block at height 1...
✓ Found nonce: 715
Failed to process block: invalid proof of work
Mining block at height 1...
✓ Found nonce: 18979
Failed to process block: invalid proof of work
Mining block at height 1...
✓ Found nonce: 284974
Failed to process block: invalid proof of work
Mining block at height 1...
✓ Found nonce: 90077
Failed to process block: invalid proof of work
Mining block at height 1...
✓ Found nonce: 55815
Failed to process block: invalid proof of work
Mining block at height 1...
✓ Found nonce: 8327
Failed to process block: invalid proof of work
Mining block at height 1...
✓ Found nonce: 75864
Failed to process block: invalid proof of work
Mining block at height 1...
✓ Found nonce: 83578
Failed to process block: invalid proof of work
Mining block at height 1...
✓ Found nonce: 106274
Failed to process block: invalid proof of work
Mining block at height 1...
✓ Found nonce: 18510
Failed to process block: invalid proof of work
Mining block at height 1...
✓ Found nonce: 119210
Failed to process block: invalid proof of work
Mining block at height 1...
✓ Found nonce: 105569
Failed to process block: invalid proof of work
Mining block at height 1...
✓ Found nonce: 37501
Failed to process block: invalid proof of work
Mining block at height 1...
✓ Found nonce: 83532
Failed to process block: invalid proof of work
Mining block at height 1...
✓ Found nonce: 44331
Failed to process block: invalid proof of work
Mining block at height 1...
✓ Found nonce: 84225
Failed to process block: invalid proof of work
Mining block at height 1...
✓ Found nonce: 8286
Failed to process block: invalid proof of work
Mining block at height 1...
✓ Found nonce: 43843
Failed to process block: invalid proof of work
Mining block at height 1...
✓ Found nonce: 60192
Failed to process block: invalid proof of work
Mining block at height 1...
✓ Found nonce: 83183
Failed to process block: invalid proof of work
Mining block at height 1...
✓ Found nonce: 83159
Failed to process block: invalid proof of work
Mining block at height 1...
✓ Found nonce: 27057
Failed to process block: invalid proof of work
Mining block at height 1...
✓ Found nonce: 29076
Failed to process block: invalid proof of work
Mining block at height 1...
✓ Found nonce: 64187
Failed to process block: invalid proof of work
Mining block at height 1...
✓ Found nonce: 2273
Failed to process block: invalid proof of work
Mining block at height 1...
✓ Found nonce: 25509
Failed to process block: invalid proof of work
Mining block at height 1...
✓ Found nonce: 17558
Failed to process block: invalid proof of work
Mining block at height 1...
✓ Found nonce: 16255
Failed to process block: invalid proof of work
Mining block at height 1...
✓ Found nonce: 173459
Failed to process block: invalid proof of work
Mining block at height 1...
✓ Found nonce: 196354
Failed to process block: invalid proof of work
Mining block at height 1...
✓ Found nonce: 18722
Failed to process block: invalid proof of work
Mining block at height 1...
✓ Found nonce: 19243
Failed to process block: invalid proof of work
Mining block at height 1...
✓ Found nonce: 63653
Failed to process block: invalid proof of work
Mining block at height 1...
✓ Found nonce: 44429
Failed to process block: invalid proof of work
Mining block at height 1...
✓ Found nonce: 65245
Failed to process block: invalid proof of work
Mining block at height 1...
✓ Found nonce: 60069
Failed to process block: invalid proof of work
Mining block at height 1...
✓ Found nonce: 52383
Failed to process block: invalid proof of work
Mining block at height 1...
✓ Found nonce: 345910
Failed to process block: invalid proof of work
Mining block at height 1...
✓ Found nonce: 92212
Failed to process block: invalid proof of work
Mining block at height 1...
✓ Found nonce: 100034
Failed to process block: invalid proof of work
Mining block at height 1...
✓ Found nonce: 38722
Failed to process block: invalid proof of work
Mining block at height 1...
✓ Found nonce: 13077
Failed to process block: invalid proof of work
Mining block at height 1...
✓ Found nonce: 47791
Failed to process block: invalid proof of work
Mining block at height 1...
✓ Found nonce: 87260
Failed to process block: invalid proof of work
Mining block at height 1...
✓ Found nonce: 46790
Failed to process block: invalid proof of work
Mining block at height 1...
✓ Found nonce: 30239
Failed to process block: invalid proof of work
Mining block at height 1...
✓ Found nonce: 32447
Failed to process block: invalid proof of work
Mining block at height 1...
✓ Found nonce: 42201
Failed to process block: invalid proof of work
Mining block at height 1...
✓ Found nonce: 46580
Failed to process block: invalid proof of work
Mining block at height 1...
✓ Found nonce: 1536
Failed to process block: invalid proof of work
Mining block at height 1...
✓ Found nonce: 169926
Failed to process block: invalid proof of work
Mining block at height 1...
✓ Found nonce: 2687
Failed to process block: invalid proof of work
Mining block at height 1...
✓ Found nonce: 27854
Failed to process block: invalid proof of work
Mining block at height 1...
✓ Found nonce: 6971
Failed to process block: invalid proof of work
Mining block at height 1...
✓ Found nonce: 69289
Failed to process block: invalid proof of work
Mining block at height 1...
✓ Found nonce: 36617
Failed to process block: invalid proof of work
Mining block at height 1...
✓ Found nonce: 100134
Failed to process block: invalid proof of work
Mining block at height 1...
✓ Found nonce: 22790
Failed to process block: invalid proof of work
Mining block at height 1...
✓ Found nonce: 30948
Failed to process block: invalid proof of work
Mining block at height 1...
✓ Found nonce: 108038
Failed to process block: invalid proof of work
Mining block at height 1...
✓ Found nonce: 250866
Failed to process block: invalid proof of work
Mining block at height 1...
✓ Found nonce: 14882
Failed to process block: invalid proof of work
Mining block at height 1...
✓ Found nonce: 9429
Failed to process block: invalid proof of work
Mining block at height 1...
✓ Found nonce: 101976
Failed to process block: invalid proof of work
Mining block at height 1...
✓ Found nonce: 21274
Failed to process block: invalid proof of work
Mining block at height 1...
✓ Found nonce: 28232
Failed to process block: invalid proof of work
Mining block at height 1...
✓ Found nonce: 1907
Failed to process block: invalid proof of work
Mining block at height 1...
✓ Found nonce: 49593
Failed to process block: invalid proof of work
Mining block at height 1...
✓ Found nonce: 44018
Failed to process block: invalid proof of work
Mining block at height 1...
✓ Found nonce: 117404
Failed to process block: invalid proof of work
Mining block at height 1...
✓ Found nonce: 71611
Failed to process block: invalid proof of work
Mining block at height 1...
✓ Found nonce: 150912
Failed to process block: invalid proof of work
Mining block at height 1...
✓ Found nonce: 58055
Failed to process block: invalid proof of work
Mining block at height 1...
✓ Found nonce: 15898
Failed to process block: invalid proof of work
Mining block at height 1...
✓ Found nonce: 78630
Failed to process block: invalid proof of work
Mining block at height 1...
✓ Found nonce: 8947
Failed to process block: invalid proof of work
Mining block at height 1...
✓ Found nonce: 116650
Failed to process block: invalid proof of work
Mining block at height 1...
✓ Found nonce: 22618
Failed to process block: invalid proof of work
Mining block at height 1...
✓ Found nonce: 74486
Failed to process block: invalid proof of work
Mining block at height 1...
✓ Found nonce: 46029
Failed to process block: invalid proof of work
Mining block at height 1...
✓ Found nonce: 60277
Failed to process block: invalid proof of work
Mining block at height 1...
✓ Found nonce: 45010
Failed to process block: invalid proof of work
Mining block at height 1...
✓ Found nonce: 9147
Failed to process block: invalid proof of work
Mining block at height 1...
✓ Found nonce: 63195
Failed to process block: invalid proof of work
Mining block at height 1...
✓ Found nonce: 144624
Failed to process block: invalid proof of work
Mining block at height 1...
✓ Found nonce: 27494
Failed to process block: invalid proof of work
Mining block at height 1...
✓ Found nonce: 29535
Failed to process block: invalid proof of work
Mining block at height 1...
✓ Found nonce: 127657
Failed to process block: invalid proof of work
Mining block at height 1...
✓ Found nonce: 67337
Failed to process block: invalid proof of work
Mining block at height 1...
✓ Found nonce: 33827
Failed to process block: invalid proof of work
Mining block at height 1...
✓ Found nonce: 30638
Failed to process block: invalid proof of work
Mining block at height 1...
✓ Found nonce: 7653
Failed to process block: invalid proof of work
Mining block at height 1...
✓ Found nonce: 27768
Failed to process block: invalid proof of work
Mining block at height 1...
✓ Found nonce: 5110
Failed to process block: invalid proof of work
Mining block at height 1...
✓ Found nonce: 29865
Failed to process block: invalid proof of work
Mining block at height 1...
✓ Found nonce: 7390
Failed to process block: invalid proof of work
Mining block at height 1...
✓ Found nonce: 225397
Failed to process block: invalid proof of work
Mining block at height 1...
✓ Found nonce: 18103
Failed to process block: invalid proof of work
Mining block at height 1...
✓ Found nonce: 12193
Failed to process block: invalid proof of work
Mining block at height 1...
✓ Found nonce: 13689
Failed to process block: invalid proof of work
Mining block at height 1...
✓ Found nonce: 38711
Failed to process block: invalid proof of work
Mining block at height 1...
✓ Found nonce: 15646
Failed to process block: invalid proof of work
Mining block at height 1...
✓ Found nonce: 8406
Failed to process block: invalid proof of work
Mining block at height 1...
✓ Found nonce: 25276
Failed to process block: invalid proof of work
Mining block at height 1...
✓ Found nonce: 35989
Failed to process block: invalid proof of work
Mining block at height 1...
✓ Found nonce: 22991
Failed to process block: invalid proof of work
Mining block at height 1...
✓ Found nonce: 18950
Failed to process block: invalid proof of work
Mining block at height 1...
✓ Found nonce: 102409
Failed to process block: invalid proof of work
Mining block at height 1...
✓ Found nonce: 26169
Failed to process block: invalid proof of work
Mining block at height 1...
✓ Found nonce: 40176
Failed to process block: invalid proof of work
Mining block at height 1...
✓ Found nonce: 27268
Failed to process block: invalid proof of work
Mining block at height 1...
✓ Found nonce: 19460
Failed to process block: invalid proof of work
Mining block at height 1...
✓ Found nonce: 46264
Failed to process block: invalid proof of work
Mining block at height 1...
✓ Found nonce: 34421
Failed to process block: invalid proof of work
Mining block at height 1...
✓ Found nonce: 64934
Failed to process block: invalid proof of work
Mining block at height 1...
✓ Found nonce: 35795
Failed to process block: invalid proof of work
Mining block at height 1...
✓ Found nonce: 92869
Failed to process block: invalid proof of work
Mining block at height 1...
✓ Found nonce: 77502
Failed to process block: invalid proof of work
Mining block at height 1...
✓ Found nonce: 221135
Failed to process block: invalid proof of work
Mining block at height 1...
✓ Found nonce: 46446
Failed to process block: invalid proof of work
Mining block at height 1...
✓ Found nonce: 313243
Failed to process block: invalid proof of work
Mining block at height 1...
✓ Found nonce: 17518
Failed to process block: invalid proof of work
Mining block at height 1...
✓ Found nonce: 121275
Failed to process block: invalid proof of work
Mining block at height 1...
✓ Found nonce: 16902
Failed to process block: invalid proof of work
Mining block at height 1...
✓ Found nonce: 300648
Failed to process block: invalid proof of work
Mining block at height 1...
✓ Found nonce: 29530
Failed to process block: invalid proof of work
Mining block at height 1...
✓ Found nonce: 33393
Failed to process block: invalid proof of work
Mining block at height 1...
✓ Found nonce: 256682
Failed to process block: invalid proof of work
Mining block at height 1...
✓ Found nonce: 2371
Failed to process block: invalid proof of work
Mining block at height 1...
✓ Found nonce: 25438
Failed to process block: invalid proof of work
Mining block at height 1...
✓ Found nonce: 120831
Failed to process block: invalid proof of work
Mining block at height 1...
✓ Found nonce: 84743
Failed to process block: invalid proof of work
Mining block at height 1...
✓ Found nonce: 44906
Failed to process block: invalid proof of work
Mining block at height 1...
✓ Found nonce: 36600
Failed to process block: invalid proof of work
Mining block at height 1...
✓ Found nonce: 55990
Failed to process block: invalid proof of work
Mining block at height 1...
✓ Found nonce: 41533
Failed to process block: invalid proof of work
Mining block at height 1...
✓ Found nonce: 5010
Failed to process block: invalid proof of work
Mining block at height 1...
✓ Found nonce: 37899
Failed to process block: invalid proof of work
Mining block at height 1...
✓ Found nonce: 13628
Failed to process block: invalid proof of work
Mining block at height 1...
✓ Found nonce: 226438
Failed to process block: invalid proof of work
Mining block at height 1...
✓ Found nonce: 9788
Failed to process block: invalid proof of work
Mining block at height 1...
✓ Found nonce: 332470
Failed to process block: invalid proof of work
Mining block at height 1...
✓ Found nonce: 25780
Failed to process block: invalid proof of work
Mining block at height 1...
✓ Found nonce: 24047
Failed to process block: invalid proof of work
Mining block at height 1...
✓ Found nonce: 86
Failed to process block: invalid proof of work
Mining block at height 1...
✓ Found nonce: 45274
Failed to process block: invalid proof of work
Mining block at height 1...
✓ Found nonce: 28705
Failed to process block: invalid proof of work
Mining block at height 1...
✓ Found nonce: 78649
Failed to process block: invalid proof of work
Mining block at height 1...
✓ Found nonce: 134651
Failed to process block: invalid proof of work
Mining block at height 1...
✓ Found nonce: 12966
Failed to process block: invalid proof of work
Mining block at height 1...
✓ Found nonce: 57013
Failed to process block: invalid proof of work
Mining block at height 1...
✓ Found nonce: 118481
Failed to process block: invalid proof of work
Mining block at height 1...
✓ Found nonce: 28606
Failed to process block: invalid proof of work
Mining block at height 1...
✓ Found nonce: 167449
Failed to process block: invalid proof of work
Mining block at height 1...
✓ Found nonce: 64498
Failed to process block: invalid proof of work
Mining block at height 1...
✓ Found nonce: 171493
Failed to process block: invalid proof of work
Mining block at height 1...
✓ Found nonce: 176226
Failed to process block: invalid proof of work
Mining block at height 1...
✓ Found nonce: 97078
Failed to process block: invalid proof of work
Mining block at height 1...
✓ Found nonce: 181954
Failed to process block: invalid proof of work
Mining block at height 1...
✓ Found nonce: 73965
Failed to process block: invalid proof of work
Mining block at height 1...
✓ Found nonce: 170610
Failed to process block: invalid proof of work
Mining block at height 1...
✓ Found nonce: 26629
Failed to process block: invalid proof of work
Mining block at height 1...
✓ Found nonce: 88541
Failed to process block: invalid proof of work
Mining block at height 1...
✓ Found nonce: 29122
Failed to process block: invalid proof of work
Mining block at height 1...
✓ Found nonce: 74367
Failed to process block: invalid proof of work
Mining block at height 1...
✓ Found nonce: 205596
Failed to process block: invalid proof of work
Mining block at height 1...
✓ Found nonce: 61796
Failed to process block: invalid proof of work
Mining block at height 1...
✓ Found nonce: 11923
Failed to process block: invalid proof of work
Mining block at height 1...
✓ Found nonce: 35548
Failed to process block: invalid proof of work
Mining block at height 1...
✓ Found nonce: 125257
Failed to process block: invalid proof of work
Mining block at height 1...
✓ Found nonce: 349555
Failed to process block: invalid proof of work
Mining block at height 1...
✓ Found nonce: 8036
Failed to process block: invalid proof of work
Mining block at height 1...
✓ Found nonce: 7751
Failed to process block: invalid proof of work
Mining block at height 1...
✓ Found nonce: 85105
Failed to process block: invalid proof of work
Mining block at height 1...
✓ Found nonce: 38898
Failed to process block: invalid proof of work
Mining block at height 1...
✓ Found nonce: 177557
Failed to process block: invalid proof of work
Mining block at height 1...
✓ Found nonce: 102045
Failed to process block: invalid proof of work
Mining block at height 1...
✓ Found nonce: 45419
Failed to process block: invalid proof of work
Mining block at height 1...
✓ Found nonce: 304
Failed to process block: invalid proof of work
Mining block at height 1...
✓ Found nonce: 73470
Failed to process block: invalid proof of work
Mining block at height 1...
✓ Found nonce: 25713
Failed to process block: invalid proof of work
Mining block at height 1...
✓ Found nonce: 167428
Failed to process block: invalid proof of work
Mining block at height 1...
✓ Found nonce: 81984
Failed to process block: invalid proof of work
Mining block at height 1...
✓ Found nonce: 31885
Failed to process block: invalid proof of work
Mining block at height 1...
✓ Found nonce: 1498
Failed to process block: invalid proof of work
Mining block at height 1...
✓ Found nonce: 147275
Failed to process block: invalid proof of work
Mining block at height 1...
✓ Found nonce: 130625
Failed to process block: invalid proof of work
Mining block at height 1...
✓ Found nonce: 186725
Failed to process block: invalid proof of work
Mining block at height 1...
✓ Found nonce: 8701
Failed to process block: invalid proof of work
Mining block at height 1...
✓ Found nonce: 19653
Failed to process block: invalid proof of work
Mining block at height 1...
✓ Found nonce: 186531
Failed to process block: invalid proof of work
Mining block at height 1...
✓ Found nonce: 310385
Failed to process block: invalid proof of work
Mining block at height 1...
✓ Found nonce: 27636
Failed to process block: invalid proof of work
Mining block at height 1...
✓ Found nonce: 186916
Failed to process block: invalid proof of work
Mining block at height 1...
✓ Found nonce: 53444
Failed to process block: invalid proof of work
Mining block at height 1...
✓ Found nonce: 30073
Failed to process block: invalid proof of work
Mining block at height 1...
✓ Found nonce: 7524
Failed to process block: invalid proof of work
Mining block at height 1...
✓ Found nonce: 150492
Failed to process block: invalid proof of work
Mining block at height 1...
✓ Found nonce: 51881
Failed to process block: invalid proof of work
Mining block at height 1...
✓ Found nonce: 173813
Failed to process block: invalid proof of work
Mining block at height 1...
✓ Found nonce: 15210
Failed to process block: invalid proof of work
Mining block at height 1...
✓ Found nonce: 9861
Failed to process block: invalid proof of work
Mining block at height 1...
✓ Found nonce: 37473
Failed to process block: invalid proof of work
Mining block at height 1...
✓ Found nonce: 33875
Failed to process block: invalid proof of work
Mining block at height 1...
✓ Found nonce: 10624
Failed to process block: invalid proof of work
Mining block at height 1...
✓ Found nonce: 3729
Failed to process block: invalid proof of work
Mining block at height 1...
✓ Found nonce: 8449
Failed to process block: invalid proof of work
Mining block at height 1...
✓ Found nonce: 86339
Failed to process block: invalid proof of work
Mining block at height 1...
✓ Found nonce: 3283
Failed to process block: invalid proof of work
Mining block at height 1...
✓ Found nonce: 16027
Failed to process block: invalid proof of work
Mining block at height 1...
✓ Found nonce: 210378
Failed to process block: invalid proof of work
Mining block at height 1...
✓ Found nonce: 324196
Failed to process block: invalid proof of work
Mining block at height 1...
✓ Found nonce: 24533
Failed to process block: invalid proof of work
Mining block at height 1...
✓ Found nonce: 42462
Failed to process block: invalid proof of work
Mining block at height 1...
✓ Found nonce: 60853
Failed to process block: invalid proof of work
Mining block at height 1...
✓ Found nonce: 122260
Failed to process block: invalid proof of work
Mining block at height 1...
✓ Found nonce: 40493
Failed to process block: invalid proof of work
Mining block at height 1...
✓ Found nonce: 69072
Failed to process block: invalid proof of work
Mining block at height 1...
✓ Found nonce: 153404
Failed to process block: invalid proof of work
Mining block at height 1...
✓ Found nonce: 75710
Failed to process block: invalid proof of work
Mining block at height 1...
✓ Found nonce: 121735
Failed to process block: invalid proof of work
Mining block at height 1...
✓ Found nonce: 40118
Failed to process block: invalid proof of work
Mining block at height 1...
✓ Found nonce: 47543
Failed to process block: invalid proof of work
Mining block at height 1...
✓ Found nonce: 31545
Failed to process block: invalid proof of work
Mining block at height 1...
✓ Found nonce: 145624
Failed to process block: invalid proof of work
Mining block at height 1...
✓ Found nonce: 30483
Failed to process block: invalid proof of work
Mining block at height 1...
✓ Found nonce: 46307
Failed to process block: invalid proof of work
Mining block at height 1...
✓ Found nonce: 36214
Failed to process block: invalid proof of work
Mining block at height 1...
✓ Found nonce: 174094
Failed to process block: invalid proof of work
Mining block at height 1...
✓ Found nonce: 9202
Failed to process block: invalid proof of work
Mining block at height 1...
✓ Found nonce: 2002
Failed to process block: invalid proof of work
Mining block at height 1...
✓ Found nonce: 113648
Failed to process block: invalid proof of work
Mining block at height 1...
✓ Found nonce: 68108
Failed to process block: invalid proof of work
Mining block at height 1...
✓ Found nonce: 137595
Failed to process block: invalid proof of work
Mining block at height 1...
✓ Found nonce: 50529
Failed to process block: invalid proof of work
Mining block at height 1...
✓ Found nonce: 187267
Failed to process block: invalid proof of work
Mining block at height 1...
✓ Found nonce: 9623
Failed to process block: invalid proof of work
Mining block at height 1...
✓ Found nonce: 34253
Failed to process block: invalid proof of work
Mining block at height 1...
✓ Found nonce: 17621
Failed to process block: invalid proof of work
Mining block at height 1...
✓ Found nonce: 23777
Failed to process block: invalid proof of work
Mining block at height 1...
✓ Found nonce: 130412
Failed to process block: invalid proof of work
Mining block at height 1...
✓ Found nonce: 248675
Failed to process block: invalid proof of work
Mining block at height 1...
✓ Found nonce: 20659
Failed to process block: invalid proof of work
Mining block at height 1...
✓ Found nonce: 13016
Failed to process block: invalid proof of work
Mining block at height 1...
✓ Found nonce: 14456
Failed to process block: invalid proof of work
Mining block at height 1...
✓ Found nonce: 65619
Failed to process block: invalid proof of work
Mining block at height 1...
✓ Found nonce: 62951
Failed to process block: invalid proof of work
Mining block at height 1...
✓ Found nonce: 108007
Failed to process block: invalid proof of work
Mining block at height 1...
✓ Found nonce: 103471
Failed to process block: invalid proof of work
Mining block at height 1...
✓ Found nonce: 24045
Failed to process block: invalid proof of work
Mining block at height 1...
✓ Found nonce: 96303
Failed to process block: invalid proof of work
Mining block at height 1...
✓ Found nonce: 54908
Failed to process block: invalid proof of work
Mining block at height 1...
✓ Found nonce: 9137
Failed to process block: invalid proof of work
Mining block at height 1...
✓ Found nonce: 246672
Failed to process block: invalid proof of work
Mining block at height 1...
✓ Found nonce: 85989
Failed to process block: invalid proof of work
Mining block at height 1...
✓ Found nonce: 23319
Failed to process block: invalid proof of work
Mining block at height 1...
✓ Found nonce: 14362
Failed to process block: invalid proof of work
Mining block at height 1...
✓ Found nonce: 251738
Failed to process block: invalid proof of work
Mining block at height 1...
✓ Found nonce: 5962
Failed to process block: invalid proof of work
Mining block at height 1...
✓ Found nonce: 54105
Failed to process block: invalid proof of work
Mining block at height 1...
✓ Found nonce: 129522
Failed to process block: invalid proof of work
Mining block at height 1...
✓ Found nonce: 2366
Failed to process block: invalid proof of work
Mining block at height 1...
✓ Found nonce: 264808
Failed to process block: invalid proof of work
Mining block at height 1...
✓ Found nonce: 78983
Failed to process block: invalid proof of work
Mining block at height 1...
✓ Found nonce: 36137
Failed to process block: invalid proof of work
Mining block at height 1...
✓ Found nonce: 86100
Failed to process block: invalid proof of work
Mining block at height 1...
✓ Found nonce: 459
Failed to process block: invalid proof of work
Mining block at height 1...
✓ Found nonce: 6656
Failed to process block: invalid proof of work
Mining block at height 1...
✓ Found nonce: 32663
Failed to process block: invalid proof of work
Mining block at height 1...
✓ Found nonce: 114645
Failed to process block: invalid proof of work
Mining block at height 1...
✓ Found nonce: 48602
Failed to process block: invalid proof of work
Mining block at height 1...
✓ Found nonce: 105486
Failed to process block: invalid proof of work
Mining block at height 1...
✓ Found nonce: 114788
Failed to process block: invalid proof of work
Mining block at height 1...
✓ Found nonce: 327362
Failed to process block: invalid proof of work
Mining block at height 1...
✓ Found nonce: 89984
Failed to process block: invalid proof of work
Mining block at height 1...
✓ Found nonce: 16144
Failed to process block: invalid proof of work
Mining block at height 1...
✓ Found nonce: 24182
Failed to process block: invalid proof of work
Mining block at height 1...
✓ Found nonce: 56988
Failed to process block: invalid proof of work
Mining block at height 1...
✓ Found nonce: 50143
Failed to process block: invalid proof of work
Mining block at height 1...
✓ Found nonce: 32069
Failed to process block: invalid proof of work
Mining block at height 1...
✓ Found nonce: 89298
Failed to process block: invalid proof of work
Mining block at height 1...
✓ Found nonce: 35456
Failed to process block: invalid proof of work
Mining block at height 1...
✓ Found nonce: 19669
Failed to process block: invalid proof of work
Mining block at height 1...
✓ Found nonce: 75534
Failed to process block: invalid proof of work
Mining block at height 1...
✓ Found nonce: 51254
Failed to process block: invalid proof of work
Mining block at height 1...
✓ Found nonce: 65437
Failed to process block: invalid proof of work
Mining block at height 1...
✓ Found nonce: 36647
Failed to process block: invalid proof of work
Mining block at height 1...
✓ Found nonce: 17116
Failed to process block: invalid proof of work
Mining block at height 1...
✓ Found nonce: 85158
Failed to process block: invalid proof of work
Mining block at height 1...
✓ Found nonce: 54499
Failed to process block: invalid proof of work
Mining block at height 1...
✓ Found nonce: 77657
Failed to process block: invalid proof of work
Mining block at height 1...
✓ Found nonce: 57862
Failed to process block: invalid proof of work
Mining block at height 1...
✓ Found nonce: 64991
Failed to process block: invalid proof of work
Mining block at height 1...
✓ Found nonce: 9543
Failed to process block: invalid proof of work
Mining block at height 1...
✓ Found nonce: 19711
Failed to process block: invalid proof of work
Mining block at height 1...
✓ Found nonce: 15772
Failed to process block: invalid proof of work
Mining block at height 1...
✓ Found nonce: 5935
Failed to process block: invalid proof of work
Mining block at height 1...
✓ Found nonce: 18540
Failed to process block: invalid proof of work
Mining block at height 1...
✓ Found nonce: 1425
Failed to process block: invalid proof of work
Mining block at height 1...
✓ Found nonce: 78404
Failed to process block: invalid proof of work
Mining block at height 1...
✓ Found nonce: 57432
Failed to process block: invalid proof of work
Mining block at height 1...
✓ Found nonce: 53478
Failed to process block: invalid proof of work
Mining block at height 1...
✓ Found nonce: 94347
Failed to process block: invalid proof of work
Mining block at height 1...
✓ Found nonce: 9073
Failed to process block: invalid proof of work
Mining block at height 1...
✓ Found nonce: 35814
Failed to process block: invalid proof of work
Mining block at height 1...
✓ Found nonce: 22330
Failed to process block: invalid proof of work
Mining block at height 1...
✓ Found nonce: 210414
Failed to process block: invalid proof of work
Mining block at height 1...
✓ Found nonce: 243630
Failed to process block: invalid proof of work
Mining block at height 1...
✓ Found nonce: 59819
Failed to process block: invalid proof of work
Mining block at height 1...
✓ Found nonce: 82496
Failed to process block: invalid proof of work
Mining block at height 1...
✓ Found nonce: 9548
Failed to process block: invalid proof of work
Mining block at height 1...
✓ Found nonce: 28846
Failed to process block: invalid proof of work
Mining block at height 1...
✓ Found nonce: 15229
Failed to process block: invalid proof of work
Mining block at height 1...
✓ Found nonce: 12655
Failed to process block: invalid proof of work
Mining block at height 1...
✓ Found nonce: 18770
Failed to process block: invalid proof of work
Mining block at height 1...
✓ Found nonce: 149486
Failed to process block: invalid proof of work
Mining block at height 1...
✓ Found nonce: 64552
Failed to process block: invalid proof of work
Mining block at height 1...
✓ Found nonce: 1095
Failed to process block: invalid proof of work
Mining block at height 1...
✓ Found nonce: 40865
Failed to process block: invalid proof of work
Mining block at height 1...
✓ Found nonce: 2326
Failed to process block: invalid proof of work
Mining block at height 1...
✓ Found nonce: 61051
Failed to process block: invalid proof of work
Mining block at height 1...
✓ Found nonce: 21915
Failed to process block: invalid proof of work
Mining block at height 1...
✓ Found nonce: 85052
Failed to process block: invalid proof of work
Mining block at height 1...
✓ Found nonce: 6652
Failed to process block: invalid proof of work
Mining block at height 1...
✓ Found nonce: 12576
Failed to process block: invalid proof of work
Mining block at height 1...
✓ Found nonce: 48747
Failed to process block: invalid proof of work
Mining block at height 1...
✓ Found nonce: 43782
Failed to process block: invalid proof of work
Mining block at height 1...
✓ Found nonce: 12202
Failed to process block: invalid proof of work
Mining block at height 1...
✓ Found nonce: 2837
Failed to process block: invalid proof of work
Mining block at height 1...
✓ Found nonce: 76037
Failed to process block: invalid proof of work
Mining block at height 1...
✓ Found nonce: 34737
Failed to process block: invalid proof of work
Mining block at height 1...
✓ Found nonce: 37827
Failed to process block: invalid proof of work
Mining block at height 1...
✓ Found nonce: 5933
Failed to process block: invalid proof of work
Mining block at height 1...
✓ Found nonce: 159143
Failed to process block: invalid proof of work
Mining block at height 1...
✓ Found nonce: 75856
Failed to process block: invalid proof of work
Mining block at height 1...
✓ Found nonce: 3000
Failed to process block: invalid proof of work
Mining block at height 1...
✓ Found nonce: 27389
Failed to process block: invalid proof of work
Mining block at height 1...
✓ Found nonce: 53726
Failed to process block: invalid proof of work
Mining block at height 1...
✓ Found nonce: 41913
Failed to process block: invalid proof of work
Mining block at height 1...
✓ Found nonce: 52429
Failed to process block: invalid proof of work
Mining block at height 1...
✓ Found nonce: 163194
Failed to process block: invalid proof of work
Mining block at height 1...
✓ Found nonce: 65308
Failed to process block: invalid proof of work
Mining block at height 1...
✓ Found nonce: 42495
Failed to process block: invalid proof of work
Mining block at height 1...
✓ Found nonce: 104713
Failed to process block: invalid proof of work
Mining block at height 1...
✓ Found nonce: 14079
Failed to process block: invalid proof of work
Mining block at height 1...
✓ Found nonce: 129837
Failed to process block: invalid proof of work
Mining block at height 1...
✓ Found nonce: 72498
Failed to process block: invalid proof of work
Mining block at height 1...
✓ Found nonce: 71024
Failed to process block: invalid proof of work
Mining block at height 1...
✓ Found nonce: 61369
Failed to process block: invalid proof of work
Mining block at height 1...
✓ Found nonce: 362
Failed to process block: invalid proof of work
Mining block at height 1...
✓ Found nonce: 52846
Failed to process block: invalid proof of work
Mining block at height 1...
✓ Found nonce: 2152
Failed to process block: invalid proof of work
Mining block at height 1...
✓ Found nonce: 23271
Failed to process block: invalid proof of work
Mining block at height 1...
✓ Found nonce: 127546
Failed to process block: invalid proof of work
Mining block at height 1...
✓ Found nonce: 3016
Failed to process block: invalid proof of work
Mining block at height 1...
✓ Found nonce: 11183
Failed to process block: invalid proof of work
Mining block at height 1...
✓ Found nonce: 10411
Failed to process block: invalid proof of work
Mining block at height 1...
✓ Found nonce: 47607
Failed to process block: invalid proof of work
Mining block at height 1...
✓ Found nonce: 117161
Failed to process block: invalid proof of work
Mining block at height 1...
✓ Found nonce: 124419
Failed to process block: invalid proof of work
Mining block at height 1...
✓ Found nonce: 171602
Failed to process block: invalid proof of work
Mining block at height 1...
✓ Found nonce: 96726
Failed to process block: invalid proof of work
Mining block at height 1...
✓ Found nonce: 85520
Failed to process block: invalid proof of work
Mining block at height 1...
✓ Found nonce: 33066
Failed to process block: invalid proof of work
Mining block at height 1...
✓ Found nonce: 109088
Failed to process block: invalid proof of work
Mining block at height 1...
✓ Found nonce: 93637
Failed to process block: invalid proof of work
Mining block at height 1...
✓ Found nonce: 259917
Failed to process block: invalid proof of work
Mining block at height 1...
✓ Found nonce: 35816
Failed to process block: invalid proof of work
Mining block at height 1...
✓ Found nonce: 69223
Failed to process block: invalid proof of work
Mining block at height 1...
✓ Found nonce: 49369
Failed to process block: invalid proof of work
Mining block at height 1...
✓ Found nonce: 58583
Failed to process block: invalid proof of work
Mining block at height 1...
✓ Found nonce: 137226
Failed to process block: invalid proof of work
Mining block at height 1...
✓ Found nonce: 10602
Failed to process block: invalid proof of work
Mining block at height 1...
✓ Found nonce: 161808
Failed to process block: invalid proof of work
Mining block at height 1...
✓ Found nonce: 171815
Failed to process block: invalid proof of work
Mining block at height 1...
✓ Found nonce: 20299
Failed to process block: invalid proof of work
Mining block at height 1...
✓ Found nonce: 29625
Failed to process block: invalid proof of work
Mining block at height 1...
✓ Found nonce: 92238
Failed to process block: invalid proof of work
Mining block at height 1...
✓ Found nonce: 105055
Failed to process block: invalid proof of work
Mining block at height 1...
✓ Found nonce: 22352
Failed to process block: invalid proof of work
Mining block at height 1...
✓ Found nonce: 11251
Failed to process block: invalid proof of work
Mining block at height 1...
✓ Found nonce: 47864
Failed to process block: invalid proof of work
Mining block at height 1...
✓ Found nonce: 70017
Failed to process block: invalid proof of work
Mining block at height 1...
✓ Found nonce: 20418
Failed to process block: invalid proof of work
Mining block at height 1...
✓ Found nonce: 51855
Failed to process block: invalid proof of work
Mining block at height 1...
✓ Found nonce: 63974
Failed to process block: invalid proof of work
Mining block at height 1...
✓ Found nonce: 92919
Failed to process block: invalid proof of work
Mining block at height 1...
✓ Found nonce: 14129
Failed to process block: invalid proof of work
Mining block at height 1...
✓ Found nonce: 16099
Failed to process block: invalid proof of work
Mining block at height 1...
✓ Found nonce: 31867
Failed to process block: invalid proof of work
Mining block at height 1...
✓ Found nonce: 66641
Failed to process block: invalid proof of work
Mining block at height 1...
✓ Found nonce: 14847
Failed to process block: invalid proof of work
Mining block at height 1...
✓ Found nonce: 81400
Failed to process block: invalid proof of work
Mining block at height 1...
✓ Found nonce: 3104
Failed to process block: invalid proof of work
Mining block at height 1...
✓ Found nonce: 88357
Failed to process block: invalid proof of work
Mining block at height 1...
✓ Found nonce: 96598
Failed to process block: invalid proof of work
Mining block at height 1...
✓ Found nonce: 43329
Failed to process block: invalid proof of work
Mining block at height 1...
✓ Found nonce: 11854
Failed to process block: invalid proof of work
Mining block at height 1...
✓ Found nonce: 134055
Failed to process block: invalid proof of work
Mining block at height 1...
✓ Found nonce: 24581
Failed to process block: invalid proof of work
Mining block at height 1...
✓ Found nonce: 6986
Failed to process block: invalid proof of work
Mining block at height 1...
✓ Found nonce: 31093
Failed to process block: invalid proof of work
Mining block at height 1...
✓ Found nonce: 180791
Failed to process block: invalid proof of work
Mining block at height 1...
✓ Found nonce: 9654
Failed to process block: invalid proof of work
Mining block at height 1...
✓ Found nonce: 122321
Failed to process block: invalid proof of work
Mining block at height 1...
✓ Found nonce: 192868
Failed to process block: invalid proof of work
Mining block at height 1...
✓ Found nonce: 91975
Failed to process block: invalid proof of work
Mining block at height 1...
✓ Found nonce: 57542
Failed to process block: invalid proof of work
Mining block at height 1...
✓ Found nonce: 86430
Failed to process block: invalid proof of work
Mining block at height 1...
✓ Found nonce: 47572
Failed to process block: invalid proof of work
Mining block at height 1...
✓ Found nonce: 8345
Failed to process block: invalid proof of work
Mining block at height 1...
✓ Found nonce: 103168
Failed to process block: invalid proof of work
Mining block at height 1...
✓ Found nonce: 13465
Failed to process block: invalid proof of work
Mining block at height 1...
✓ Found nonce: 110538
Failed to process block: invalid proof of work
Mining block at height 1...
✓ Found nonce: 10121
Failed to process block: invalid proof of work
Mining block at height 1...
✓ Found nonce: 37464
Failed to process block: invalid proof of work
Mining block at height 1...
✓ Found nonce: 41442
Failed to process block: invalid proof of work
Mining block at height 1...
✓ Found nonce: 70867
Failed to process block: invalid proof of work
Mining block at height 1...
✓ Found nonce: 2667
Failed to process block: invalid proof of work
Mining block at height 1...
✓ Found nonce: 120829
Failed to process block: invalid proof of work
Mining block at height 1...
✓ Found nonce: 13954
Failed to process block: invalid proof of work
Mining block at height 1...
✓ Found nonce: 42341
Failed to process block: invalid proof of work
Mining block at height 1...
✓ Found nonce: 11108
Failed to process block: invalid proof of work
Mining block at height 1...
✓ Found nonce: 8572
Failed to process block: invalid proof of work
Mining block at height 1...
✓ Found nonce: 42011
Failed to process block: invalid proof of work
Mining block at height 1...
✓ Found nonce: 1669
Failed to process block: invalid proof of work
Mining block at height 1...
✓ Found nonce: 86794
Failed to process block: invalid proof of work
Mining block at height 1...
✓ Found nonce: 89731
Failed to process block: invalid proof of work
Mining block at height 1...
✓ Found nonce: 117823
Failed to process block: invalid proof of work
Mining block at height 1...
✓ Found nonce: 2356
Failed to process block: invalid proof of work
Mining block at height 1...
✓ Found nonce: 100903
Failed to process block: invalid proof of work
Mining block at height 1...
✓ Found nonce: 8498
Failed to process block: invalid proof of work
Mining block at height 1...
✓ Found nonce: 25241
Failed to process block: invalid proof of work
Mining block at height 1...
✓ Found nonce: 84365
Failed to process block: invalid proof of work
Mining block at height 1...
✓ Found nonce: 154490
Failed to process block: invalid proof of work
Mining block at height 1...
✓ Found nonce: 22025
Failed to process block: invalid proof of work
Mining block at height 1...
✓ Found nonce: 67781
Failed to process block: invalid proof of work
Mining block at height 1...
✓ Found nonce: 190233
Failed to process block: invalid proof of work
Mining block at height 1...
✓ Found nonce: 24065
Failed to process block: invalid proof of work
Mining block at height 1...
✓ Found nonce: 111217
Failed to process block: invalid proof of work
Mining block at height 1...
✓ Found nonce: 99033
Failed to process block: invalid proof of work
Mining block at height 1...
✓ Found nonce: 79287
Failed to process block: invalid proof of work
Mining block at height 1...
✓ Found nonce: 17261
Failed to process block: invalid proof of work
Mining block at height 1...
✓ Found nonce: 75300
Failed to process block: invalid proof of work
Mining block at height 1...
✓ Found nonce: 96620
Failed to process block: invalid proof of work
Mining block at height 1...
✓ Found nonce: 40776
Failed to process block: invalid proof of work
Mining block at height 1...
✓ Found nonce: 20584
Failed to process block: invalid proof of work
Mining block at height 1...
✓ Found nonce: 24378
Failed to process block: invalid proof of work
Mining block at height 1...
✓ Found nonce: 159656
Failed to process block: invalid proof of work
Mining block at height 1...
✓ Found nonce: 43504
Failed to process block: invalid proof of work
Mining block at height 1...
✓ Found nonce: 16827
Failed to process block: invalid proof of work
Mining block at height 1...
✓ Found nonce: 39327
Failed to process block: invalid proof of work
Mining block at height 1...
✓ Found nonce: 17493
Failed to process block: invalid proof of work
Mining block at height 1...
✓ Found nonce: 25049
Failed to process block: invalid proof of work
Mining block at height 1...
✓ Found nonce: 43550
Failed to process block: invalid proof of work
Mining block at height 1...
✓ Found nonce: 29994
Failed to process block: invalid proof of work
Mining block at height 1...
✓ Found nonce: 123720
Failed to process block: invalid proof of work
Mining block at height 1...
✓ Found nonce: 90819
Failed to process block: invalid proof of work
Mining block at height 1...
✓ Found nonce: 181938
Failed to process block: invalid proof of work
Mining block at height 1...
✓ Found nonce: 20392
Failed to process block: invalid proof of work
Mining block at height 1...
✓ Found nonce: 29582
Failed to process block: invalid proof of work
Mining block at height 1...
✓ Found nonce: 42726
Failed to process block: invalid proof of work
Mining block at height 1...
✓ Found nonce: 14899
Failed to process block: invalid proof of work
Mining block at height 1...
✓ Found nonce: 29266
Failed to process block: invalid proof of work
Mining block at height 1...
✓ Found nonce: 20069
Failed to process block: invalid proof of work
Mining block at height 1...
✓ Found nonce: 137749
Failed to process block: invalid proof of work
Mining block at height 1...
✓ Found nonce: 25712
Failed to process block: invalid proof of work
Mining block at height 1...
✓ Found nonce: 18465
Failed to process block: invalid proof of work
Mining block at height 1...
✓ Found nonce: 119177
Failed to process block: invalid proof of work
Mining block at height 1...
✓ Found nonce: 304592
Failed to process block: invalid proof of work
Mining block at height 1...
✓ Found nonce: 119550
Failed to process block: invalid proof of work
Mining block at height 1...
✓ Found nonce: 93973
Failed to process block: invalid proof of work
Mining block at height 1...
✓ Found nonce: 82594
Failed to process block: invalid proof of work
Mining block at height 1...
✓ Found nonce: 9454
Failed to process block: invalid proof of work
Mining block at height 1...
✓ Found nonce: 43271
Failed to process block: invalid proof of work
Mining block at height 1...
✓ Found nonce: 74361
Failed to process block: invalid proof of work
Mining block at height 1...
✓ Found nonce: 236145
Failed to process block: invalid proof of work
Mining block at height 1...
✓ Found nonce: 7462
Failed to process block: invalid proof of work
Mining block at height 1...
✓ Found nonce: 16887
Failed to process block: invalid proof of work
Mining block at height 1...
✓ Found nonce: 281833
Failed to process block: invalid proof of work
Mining block at height 1...
✓ Found nonce: 48159
Failed to process block: invalid proof of work
Mining block at height 1...
✓ Found nonce: 39966
Failed to process block: invalid proof of work
Mining block at height 1...
✓ Found nonce: 251768
Failed to process block: invalid proof of work
Mining block at height 1...
✓ Found nonce: 302401
Failed to process block: invalid proof of work
Mining block at height 1...
✓ Found nonce: 184805
Failed to process block: invalid proof of work
Mining block at height 1...
✓ Found nonce: 32272
Failed to process block: invalid proof of work
Mining block at height 1...
✓ Found nonce: 10694
Failed to process block: invalid proof of work
Mining block at height 1...
✓ Found nonce: 34014
Failed to process block: invalid proof of work
Mining block at height 1...
✓ Found nonce: 21925
Failed to process block: invalid proof of work
Mining block at height 1...
✓ Found nonce: 6201
Failed to process block: invalid proof of work
Mining block at height 1...
✓ Found nonce: 97023
Failed to process block: invalid proof of work
Mining block at height 1...
✓ Found nonce: 45623
Failed to process block: invalid proof of work
Mining block at height 1...
✓ Found nonce: 45241
Failed to process block: invalid proof of work
Mining block at height 1...
✓ Found nonce: 113475
Failed to process block: invalid proof of work
Mining block at height 1...
✓ Found nonce: 8017
Failed to process block: invalid proof of work
Mining block at height 1...
✓ Found nonce: 197951
Failed to process block: invalid proof of work
Mining block at height 1...
✓ Found nonce: 41596
Failed to process block: invalid proof of work
Mining block at height 1...
✓ Found nonce: 390387
Failed to process block: invalid proof of work
Mining block at height 1...
✓ Found nonce: 17155
Failed to process block: invalid proof of work
Mining block at height 1...
✓ Found nonce: 35882
Failed to process block: invalid proof of work
Mining block at height 1...
✓ Found nonce: 102877
Failed to process block: invalid proof of work
Mining block at height 1...
✓ Found nonce: 4695
Failed to process block: invalid proof of work
Mining block at height 1...
✓ Found nonce: 60444
Failed to process block: invalid proof of work
Mining block at height 1...
✓ Found nonce: 25964
Failed to process block: invalid proof of work
Mining block at height 1...
✓ Found nonce: 66372
Failed to process block: invalid proof of work
Mining block at height 1...
✓ Found nonce: 232677
Failed to process block: invalid proof of work
Mining block at height 1...
✓ Found nonce: 8405
Failed to process block: invalid proof of work
Mining block at height 1...
✓ Found nonce: 33890
Failed to process block: invalid proof of work
Mining block at height 1...
✓ Found nonce: 84554
Failed to process block: invalid proof of work
Mining block at height 1...
✓ Found nonce: 36858
Failed to process block: invalid proof of work
Mining block at height 1...
✓ Found nonce: 70226
Failed to process block: invalid proof of work
Mining block at height 1...
✓ Found nonce: 24520
Failed to process block: invalid proof of work
Mining block at height 1...
✓ Found nonce: 65772
Failed to process block: invalid proof of work
Mining block at height 1...
✓ Found nonce: 3190
Failed to process block: invalid proof of work
Mining block at height 1...
✓ Found nonce: 39204
Failed to process block: invalid proof of work
Mining block at height 1...
✓ Found nonce: 165485
Failed to process block: invalid proof of work
Mining block at height 1...
✓ Found nonce: 103358
Failed to process block: invalid proof of work
Mining block at height 1...
✓ Found nonce: 131210
Failed to process block: invalid proof of work
Mining block at height 1...
✓ Found nonce: 66680
Failed to process block: invalid proof of work
Mining block at height 1...
✓ Found nonce: 13341
Failed to process block: invalid proof of work
Mining block at height 1...
✓ Found nonce: 82667
Failed to process block: invalid proof of work
Mining block at height 1...
✓ Found nonce: 33307
Failed to process block: invalid proof of work
Mining block at height 1...
✓ Found nonce: 20312
Failed to process block: invalid proof of work
Mining block at height 1...
✓ Found nonce: 75994
Failed to process block: invalid proof of work
Mining block at height 1...
✓ Found nonce: 55863
Failed to process block: invalid proof of work
Mining block at height 1...
✓ Found nonce: 118111
Failed to process block: invalid proof of work
Mining block at height 1...
✓ Found nonce: 78349
Failed to process block: invalid proof of work
Mining block at height 1...
✓ Found nonce: 42696
Failed to process block: invalid proof of work
Mining block at height 1...
✓ Found nonce: 1106
Failed to process block: invalid proof of work
Mining block at height 1...
✓ Found nonce: 19511
Failed to process block: invalid proof of work
Mining block at height 1...
✓ Found nonce: 87028
Failed to process block: invalid proof of work
Mining block at height 1...
✓ Found nonce: 86122
Failed to process block: invalid proof of work
Mining block at height 1...
✓ Found nonce: 114772
Failed to process block: invalid proof of work
Mining block at height 1...
✓ Found nonce: 9661
Failed to process block: invalid proof of work
Mining block at height 1...
✓ Found nonce: 27710
Failed to process block: invalid proof of work
Mining block at height 1...
✓ Found nonce: 93419
Failed to process block: invalid proof of work
Mining block at height 1...
✓ Found nonce: 48788
Failed to process block: invalid proof of work
Mining block at height 1...
✓ Found nonce: 72007
Failed to process block: invalid proof of work
Mining block at height 1...
✓ Found nonce: 39880
Failed to process block: invalid proof of work
Mining block at height 1...
✓ Found nonce: 72273
Failed to process block: invalid proof of work
Mining block at height 1...
✓ Found nonce: 43656
Failed to process block: invalid proof of work
Mining block at height 1...
✓ Found nonce: 19755
Failed to process block: invalid proof of work
Mining block at height 1...
✓ Found nonce: 23941
Failed to process block: invalid proof of work
Mining block at height 1...
✓ Found nonce: 100916
Failed to process block: invalid proof of work
Mining block at height 1...
✓ Found nonce: 5244
Failed to process block: invalid proof of work
Mining block at height 1...
✓ Found nonce: 43169
Failed to process block: invalid proof of work
Mining block at height 1...
✓ Found nonce: 21108
Failed to process block: invalid proof of work
Mining block at height 1...
✓ Found nonce: 16747
Failed to process block: invalid proof of work
Mining block at height 1...
✓ Found nonce: 6131
Failed to process block: invalid proof of work
Mining block at height 1...
✓ Found nonce: 41880
Failed to process block: invalid proof of work
Mining block at height 1...
✓ Found nonce: 18049
Failed to process block: invalid proof of work
Mining block at height 1...
✓ Found nonce: 90849
Failed to process block: invalid proof of work
Mining block at height 1...
✓ Found nonce: 80778
Failed to process block: invalid proof of work
Mining block at height 1...
✓ Found nonce: 11767
Failed to process block: invalid proof of work
Mining block at height 1...
✓ Found nonce: 63883
Failed to process block: invalid proof of work
Mining block at height 1...
✓ Found nonce: 302679
Failed to process block: invalid proof of work
Mining block at height 1...
✓ Found nonce: 12508
Failed to process block: invalid proof of work
Mining block at height 1...
✓ Found nonce: 13260
Failed to process block: invalid proof of work
Mining block at height 1...
✓ Found nonce: 161984
Failed to process block: invalid proof of work
Mining block at height 1...
✓ Found nonce: 20032
Failed to process block: invalid proof of work
Mining block at height 1...
✓ Found nonce: 84961
Failed to process block: invalid proof of work
Mining block at height 1...
✓ Found nonce: 67179
Failed to process block: invalid proof of work
Mining block at height 1...
✓ Found nonce: 59111
Failed to process block: invalid proof of work
Mining block at height 1...
✓ Found nonce: 54932
Failed to process block: invalid proof of work
Mining block at height 1...
✓ Found nonce: 68187
Failed to process block: invalid proof of work
Mining block at height 1...
✓ Found nonce: 19857
Failed to process block: invalid proof of work
Mining block at height 1...
✓ Found nonce: 2601
Failed to process block: invalid proof of work
Mining block at height 1...
✓ Found nonce: 41124
Failed to process block: invalid proof of work
Mining block at height 1...
✓ Found nonce: 57868
Failed to process block: invalid proof of work
Mining block at height 1...
✓ Found nonce: 129940
Failed to process block: invalid proof of work
Mining block at height 1...
✓ Found nonce: 120363
Failed to process block: invalid proof of work
Mining block at height 1...
✓ Found nonce: 54153
Failed to process block: invalid proof of work
Mining block at height 1...
✓ Found nonce: 52593
Failed to process block: invalid proof of work
Mining block at height 1...
✓ Found nonce: 99586
Failed to process block: invalid proof of work
Mining block at height 1...
✓ Found nonce: 54690
Failed to process block: invalid proof of work
Mining block at height 1...
✓ Found nonce: 32765
Failed to process block: invalid proof of work
Mining block at height 1...
✓ Found nonce: 38011
Failed to process block: invalid proof of work
Mining block at height 1...
✓ Found nonce: 54454
Failed to process block: invalid proof of work
Mining block at height 1...
✓ Found nonce: 37154
Failed to process block: invalid proof of work
Mining block at height 1...
✓ Found nonce: 87263
Failed to process block: invalid proof of work
Mining block at height 1...
✓ Found nonce: 34694
Failed to process block: invalid proof of work
Mining block at height 1...
✓ Found nonce: 10959
Failed to process block: invalid proof of work
Mining block at height 1...
✓ Found nonce: 87083
Failed to process block: invalid proof of work
Mining block at height 1...
✓ Found nonce: 42746
Failed to process block: invalid proof of work
Mining block at height 1...
✓ Found nonce: 12067
Failed to process block: invalid proof of work
Mining block at height 1...
✓ Found nonce: 15668
Failed to process block: invalid proof of work
Mining block at height 1...
✓ Found nonce: 54585
Failed to process block: invalid proof of work
Mining block at height 1...
✓ Found nonce: 54497
Failed to process block: invalid proof of work
Mining block at height 1...
✓ Found nonce: 19394
Failed to process block: invalid proof of work
Mining block at height 1...
✓ Found nonce: 1294
Failed to process block: invalid proof of work
Mining block at height 1...
✓ Found nonce: 21032
Failed to process block: invalid proof of work
Mining block at height 1...
✓ Found nonce: 267664
Failed to process block: invalid proof of work
Mining block at height 1...
✓ Found nonce: 75473
Failed to process block: invalid proof of work
Mining block at height 1...
✓ Found nonce: 128159
Failed to process block: invalid proof of work
Mining block at height 1...
✓ Found nonce: 277174
Failed to process block: invalid proof of work
Mining block at height 1...
✓ Found nonce: 24147
Failed to process block: invalid proof of work
Mining block at height 1...
✓ Found nonce: 122359
Failed to process block: invalid proof of work
Mining block at height 1...
✓ Found nonce: 96584
Failed to process block: invalid proof of work
Mining block at height 1...
✓ Found nonce: 84079
Failed to process block: invalid proof of work
Mining block at height 1...
✓ Found nonce: 5692
Failed to process block: invalid proof of work
Mining block at height 1...
✓ Found nonce: 12576
Failed to process block: invalid proof of work
Mining block at height 1...
✓ Found nonce: 79353
Failed to process block: invalid proof of work
Mining block at height 1...
✓ Found nonce: 25485
Failed to process block: invalid proof of work
Mining block at height 1...
✓ Found nonce: 67036
Failed to process block: invalid proof of work
Mining block at height 1...
✓ Found nonce: 35288
Failed to process block: invalid proof of work
Mining block at height 1...
✓ Found nonce: 14452
Failed to process block: invalid proof of work
Mining block at height 1...
✓ Found nonce: 32477
Failed to process block: invalid proof of work
Mining block at height 1...
✓ Found nonce: 28581
Failed to process block: invalid proof of work
Mining block at height 1...
✓ Found nonce: 39747
Failed to process block: invalid proof of work
Mining block at height 1...
✓ Found nonce: 92889
Failed to process block: invalid proof of work
Mining block at height 1...
✓ Found nonce: 137854
Failed to process block: invalid proof of work
Mining block at height 1...
✓ Found nonce: 157554
Failed to process block: invalid proof of work
Mining block at height 1...
✓ Found nonce: 23966
Failed to process block: invalid proof of work
Mining block at height 1...
✓ Found nonce: 5247
Failed to process block: invalid proof of work
Mining block at height 1...
✓ Found nonce: 66982
Failed to process block: invalid proof of work
Mining block at height 1...
✓ Found nonce: 132158
Failed to process block: invalid proof of work
Mining block at height 1...
✓ Found nonce: 47050
Failed to process block: invalid proof of work
Mining block at height 1...
✓ Found nonce: 8525
Failed to process block: invalid proof of work
Mining block at height 1...
✓ Found nonce: 21242
Failed to process block: invalid proof of work
Mining block at height 1...
✓ Found nonce: 12721
Failed to process block: invalid proof of work
Mining block at height 1...
✓ Found nonce: 116638
Failed to process block: invalid proof of work
Mining block at height 1...
✓ Found nonce: 61145
Failed to process block: invalid proof of work
Mining block at height 1...
✓ Found nonce: 11096
Failed to process block: invalid proof of work
Mining block at height 1...
✓ Found nonce: 172976
Failed to process block: invalid proof of work
Mining block at height 1...
✓ Found nonce: 29375
Failed to process block: invalid proof of work
Mining block at height 1...
✓ Found nonce: 15351
Failed to process block: invalid proof of work
Mining block at height 1...
✓ Found nonce: 49492
Failed to process block: invalid proof of work
Mining block at height 1...
✓ Found nonce: 34764
Failed to process block: invalid proof of work
Mining block at height 1...
✓ Found nonce: 48553
Failed to process block: invalid proof of work
Mining block at height 1...
✓ Found nonce: 24177
Failed to process block: invalid proof of work
Mining block at height 1...
✓ Found nonce: 23332
Failed to process block: invalid proof of work
Mining block at height 1...
✓ Found nonce: 31471
Failed to process block: invalid proof of work
Mining block at height 1...
✓ Found nonce: 27496
Failed to process block: invalid proof of work
Mining block at height 1...
✓ Found nonce: 995
Failed to process block: invalid proof of work
Mining block at height 1...
✓ Found nonce: 16447
Failed to process block: invalid proof of work
Mining block at height 1...
✓ Found nonce: 75125
Failed to process block: invalid proof of work
Mining block at height 1...
✓ Found nonce: 165040
Failed to process block: invalid proof of work
Mining block at height 1...
✓ Found nonce: 3831
Failed to process block: invalid proof of work
Mining block at height 1...
✓ Found nonce: 13597
Failed to process block: invalid proof of work
Mining block at height 1...
✓ Found nonce: 39332
Failed to process block: invalid proof of work
Mining block at height 1...
✓ Found nonce: 3454
Failed to process block: invalid proof of work
Mining block at height 1...
✓ Found nonce: 24574
Failed to process block: invalid proof of work
Mining block at height 1...
✓ Found nonce: 331380
Failed to process block: invalid proof of work
Mining block at height 1...
✓ Found nonce: 48115
Failed to process block: invalid proof of work
Mining block at height 1...
✓ Found nonce: 385538
Failed to process block: invalid proof of work
Mining block at height 1...
✓ Found nonce: 15833
Failed to process block: invalid proof of work
Mining block at height 1...
✓ Found nonce: 49037
Failed to process block: invalid proof of work
Mining block at height 1...
✓ Found nonce: 46530
Failed to process block: invalid proof of work
Mining block at height 1...
✓ Found nonce: 1287
Failed to process block: invalid proof of work
Mining block at height 1...
✓ Found nonce: 14205
Failed to process block: invalid proof of work
Mining block at height 1...
✓ Found nonce: 51024
Failed to process block: invalid proof of work
Mining block at height 1...
✓ Found nonce: 188781
Failed to process block: invalid proof of work
Mining block at height 1...
✓ Found nonce: 30868
Failed to process block: invalid proof of work
Mining block at height 1...
✓ Found nonce: 21984
Failed to process block: invalid proof of work
Mining block at height 1...
✓ Found nonce: 14051
Failed to process block: invalid proof of work
Mining block at height 1...
✓ Found nonce: 12620
Failed to process block: invalid proof of work
Mining block at height 1...
✓ Found nonce: 25723
Failed to process block: invalid proof of work
Mining block at height 1...
✓ Found nonce: 21907
Failed to process block: invalid proof of work
Mining block at height 1...
✓ Found nonce: 248313
Failed to process block: invalid proof of work
Mining block at height 1...
✓ Found nonce: 2778
Failed to process block: invalid proof of work
Mining block at height 1...
✓ Found nonce: 148752
Failed to process block: invalid proof of work
Mining block at height 1...
✓ Found nonce: 18484
Failed to process block: invalid proof of work
Mining block at height 1...
✓ Found nonce: 3535
Failed to process block: invalid proof of work
Mining block at height 1...
✓ Found nonce: 57665
Failed to process block: invalid proof of work
Mining block at height 1...
✓ Found nonce: 164910
Failed to process block: invalid proof of work
Mining block at height 1...
✓ Found nonce: 166570
Failed to process block: invalid proof of work
Mining block at height 1...
✓ Found nonce: 2662
Failed to process block: invalid proof of work
Mining block at height 1...
✓ Found nonce: 30665
Failed to process block: invalid proof of work
Mining block at height 1...
✓ Found nonce: 71389
Failed to process block: invalid proof of work
Mining block at height 1...
✓ Found nonce: 52535
Failed to process block: invalid proof of work
Mining block at height 1...
✓ Found nonce: 36536
Failed to process block: invalid proof of work
Mining block at height 1...
✓ Found nonce: 63203
Failed to process block: invalid proof of work
Mining block at height 1...
✓ Found nonce: 168110
Failed to process block: invalid proof of work
Mining block at height 1...
✓ Found nonce: 45267
Failed to process block: invalid proof of work
Mining block at height 1...
✓ Found nonce: 94494
Failed to process block: invalid proof of work
Mining block at height 1...
✓ Found nonce: 44217
Failed to process block: invalid proof of work
Mining block at height 1...
✓ Found nonce: 23884
Failed to process block: invalid proof of work
Mining block at height 1...
✓ Found nonce: 2473
Failed to process block: invalid proof of work
Mining block at height 1...
✓ Found nonce: 90731
Failed to process block: invalid proof of work
Mining block at height 1...
✓ Found nonce: 688
Failed to process block: invalid proof of work
Mining block at height 1...
✓ Found nonce: 31609
Failed to process block: invalid proof of work
Mining block at height 1...
✓ Found nonce: 5494
Failed to process block: invalid proof of work
Mining block at height 1...
✓ Found nonce: 35735
Failed to process block: invalid proof of work
Mining block at height 1...
✓ Found nonce: 16469
Failed to process block: invalid proof of work
Mining block at height 1...
✓ Found nonce: 110202
Failed to process block: invalid proof of work
Mining block at height 1...
✓ Found nonce: 22274
Failed to process block: invalid proof of work
Mining block at height 1...
✓ Found nonce: 33724
Failed to process block: invalid proof of work
Mining block at height 1...
✓ Found nonce: 52841
Failed to process block: invalid proof of work
Mining block at height 1...
✓ Found nonce: 18401
Failed to process block: invalid proof of work
Mining block at height 1...
✓ Found nonce: 878
Failed to process block: invalid proof of work
Mining block at height 1...
✓ Found nonce: 37107
Failed to process block: invalid proof of work
Mining block at height 1...
✓ Found nonce: 33725
Failed to process block: invalid proof of work
Mining block at height 1...
✓ Found nonce: 35943
Failed to process block: invalid proof of work
Mining block at height 1...
✓ Found nonce: 90184
Failed to process block: invalid proof of work
Mining block at height 1...
✓ Found nonce: 21210
Failed to process block: invalid proof of work
Mining block at height 1...
✓ Found nonce: 45464
Failed to process block: invalid proof of work
Mining block at height 1...
✓ Found nonce: 89310
Failed to process block: invalid proof of work
Mining block at height 1...
✓ Found nonce: 123084
Failed to process block: invalid proof of work
Mining block at height 1...
✓ Found nonce: 40575
Failed to process block: invalid proof of work
Mining block at height 1...
✓ Found nonce: 18512
Failed to process block: invalid proof of work
Mining block at height 1...
✓ Found nonce: 23080
Failed to process block: invalid proof of work
Mining block at height 1...
✓ Found nonce: 22514
Failed to process block: invalid proof of work
Mining block at height 1...
✓ Found nonce: 10616
Failed to process block: invalid proof of work
Mining block at height 1...
✓ Found nonce: 444515
Failed to process block: invalid proof of work
Mining block at height 1...
✓ Found nonce: 14215
Failed to process block: invalid proof of work
Mining block at height 1...
✓ Found nonce: 86246
Failed to process block: invalid proof of work
Mining block at height 1...
✓ Found nonce: 32958
Failed to process block: invalid proof of work
Mining block at height 1...
✓ Found nonce: 45623
Failed to process block: invalid proof of work
Mining block at height 1...
✓ Found nonce: 132170
Failed to process block: invalid proof of work
Mining block at height 1...
✓ Found nonce: 11149
Failed to process block: invalid proof of work
Mining block at height 1...
✓ Found nonce: 143352
Failed to process block: invalid proof of work
Mining block at height 1...
✓ Found nonce: 7724
Failed to process block: invalid proof of work
Mining block at height 1...
✓ Found nonce: 65142
Failed to process block: invalid proof of work
Mining block at height 1...
✓ Found nonce: 2342
Failed to process block: invalid proof of work
Mining block at height 1...
✓ Found nonce: 145962
Failed to process block: invalid proof of work
Mining block at height 1...
✓ Found nonce: 46795
Failed to process block: invalid proof of work
Mining block at height 1...
✓ Found nonce: 64425
Failed to process block: invalid proof of work
Mining block at height 1...
✓ Found nonce: 3486
Failed to process block: invalid proof of work
Mining block at height 1...
✓ Found nonce: 65492
Failed to process block: invalid proof of work
Mining block at height 1...
✓ Found nonce: 22786
Failed to process block: invalid proof of work
Mining block at height 1...
✓ Found nonce: 31901
Failed to process block: invalid proof of work
Mining block at height 1...
✓ Found nonce: 22840
Failed to process block: invalid proof of work
Mining block at height 1...
✓ Found nonce: 1137
Failed to process block: invalid proof of work
Mining block at height 1...
✓ Found nonce: 4498
Failed to process block: invalid proof of work
Mining block at height 1...
✓ Found nonce: 6587
Failed to process block: invalid proof of work
Mining block at height 1...
✓ Found nonce: 86071
Failed to process block: invalid proof of work
Mining block at height 1...
✓ Found nonce: 37642
Failed to process block: invalid proof of work
Mining block at height 1...
✓ Found nonce: 8804
Failed to process block: invalid proof of work
Mining block at height 1...
✓ Found nonce: 64691
Failed to process block: invalid proof of work
Mining block at height 1...
✓ Found nonce: 41117
Failed to process block: invalid proof of work
Mining block at height 1...
✓ Found nonce: 86764
Failed to process block: invalid proof of work
Mining block at height 1...
✓ Found nonce: 137701
Failed to process block: invalid proof of work
Mining block at height 1...
✓ Found nonce: 121745
Failed to process block: invalid proof of work
Mining block at height 1...
✓ Found nonce: 21255
Failed to process block: invalid proof of work
Mining block at height 1...
✓ Found nonce: 154708
Failed to process block: invalid proof of work
Mining block at height 1...
✓ Found nonce: 64452
Failed to process block: invalid proof of work
Mining block at height 1...
✓ Found nonce: 229612
Failed to process block: invalid proof of work
Mining block at height 1...
✓ Found nonce: 56625
Failed to process block: invalid proof of work
Mining block at height 1...
✓ Found nonce: 25169
Failed to process block: invalid proof of work
Mining block at height 1...
✓ Found nonce: 909
Failed to process block: invalid proof of work
Mining block at height 1...
✓ Found nonce: 83791
Failed to process block: invalid proof of work
Mining block at height 1...
✓ Found nonce: 34027
Failed to process block: invalid proof of work
Mining block at height 1...
✓ Found nonce: 95007
Failed to process block: invalid proof of work
Mining block at height 1...
✓ Found nonce: 3043
Failed to process block: invalid proof of work
Mining block at height 1...
✓ Found nonce: 23810
Failed to process block: invalid proof of work
Mining block at height 1...
✓ Found nonce: 281254
Failed to process block: invalid proof of work
Mining block at height 1...
✓ Found nonce: 65584
Failed to process block: invalid proof of work
Mining block at height 1...
✓ Found nonce: 42109
Failed to process block: invalid proof of work
Mining block at height 1...
✓ Found nonce: 57620
Failed to process block: invalid proof of work
Mining block at height 1...
✓ Found nonce: 88974
Failed to process block: invalid proof of work
Mining block at height 1...
✓ Found nonce: 12017
Failed to process block: invalid proof of work
Mining block at height 1...
✓ Found nonce: 96963
Failed to process block: invalid proof of work
Mining block at height 1...
✓ Found nonce: 11942
Failed to process block: invalid proof of work
Mining block at height 1...
✓ Found nonce: 29609
Failed to process block: invalid proof of work
Mining block at height 1...
✓ Found nonce: 139120
Failed to process block: invalid proof of work
Mining block at height 1...
✓ Found nonce: 56935
Failed to process block: invalid proof of work
Mining block at height 1...
✓ Found nonce: 315
Failed to process block: invalid proof of work
Mining block at height 1...
✓ Found nonce: 106292
Failed to process block: invalid proof of work
Mining block at height 1...
✓ Found nonce: 39800
Failed to process block: invalid proof of work
Mining block at height 1...
✓ Found nonce: 43135
Failed to process block: invalid proof of work
Mining block at height 1...
✓ Found nonce: 45775
Failed to process block: invalid proof of work
Mining block at height 1...
✓ Found nonce: 139277
Failed to process block: invalid proof of work
Mining block at height 1...
✓ Found nonce: 33807
Failed to process block: invalid proof of work
Mining block at height 1...
✓ Found nonce: 88402
Failed to process block: invalid proof of work
Mining block at height 1...
✓ Found nonce: 2634
Failed to process block: invalid proof of work
Mining block at height 1...
✓ Found nonce: 1787
Failed to process block: invalid proof of work
Mining block at height 1...
✓ Found nonce: 24682
Failed to process block: invalid proof of work
Mining block at height 1...
✓ Found nonce: 27742
Failed to process block: invalid proof of work
Mining block at height 1...
✓ Found nonce: 27815
Failed to process block: invalid proof of work
Mining block at height 1...
✓ Found nonce: 16530
Failed to process block: invalid proof of work
Mining block at height 1...
✓ Found nonce: 44811
Failed to process block: invalid proof of work
Mining block at height 1...
✓ Found nonce: 33358
Failed to process block: invalid proof of work
Mining block at height 1...
✓ Found nonce: 63124
Failed to process block: invalid proof of work
Mining block at height 1...
✓ Found nonce: 85935
Failed to process block: invalid proof of work
Mining block at height 1...
✓ Found nonce: 53813
Failed to process block: invalid proof of work
Mining block at height 1...
✓ Found nonce: 64521
Failed to process block: invalid proof of work
Mining block at height 1...
✓ Found nonce: 29141
Failed to process block: invalid proof of work
Mining block at height 1...
✓ Found nonce: 3181
Failed to process block: invalid proof of work
Mining block at height 1...
✓ Found nonce: 141455
Failed to process block: invalid proof of work
Mining block at height 1...
✓ Found nonce: 25077
Failed to process block: invalid proof of work
Mining block at height 1...
✓ Found nonce: 83758
Failed to process block: invalid proof of work
Mining block at height 1...
✓ Found nonce: 141778
Failed to process block: invalid proof of work
Mining block at height 1...
✓ Found nonce: 59748
Failed to process block: invalid proof of work
Mining block at height 1...
✓ Found nonce: 33330
Failed to process block: invalid proof of work
Mining block at height 1...
✓ Found nonce: 3828
Failed to process block: invalid proof of work
Mining block at height 1...
✓ Found nonce: 37802
Failed to process block: invalid proof of work
Mining block at height 1...
✓ Found nonce: 27618
Failed to process block: invalid proof of work
Mining block at height 1...
✓ Found nonce: 23214
Failed to process block: invalid proof of work
Mining block at height 1...
✓ Found nonce: 110610
Failed to process block: invalid proof of work
Mining block at height 1...
✓ Found nonce: 33727
Failed to process block: invalid proof of work
Mining block at height 1...
✓ Found nonce: 64844
Failed to process block: invalid proof of work
Mining block at height 1...
✓ Found nonce: 21349
Failed to process block: invalid proof of work
Mining block at height 1...
✓ Found nonce: 9247
Failed to process block: invalid proof of work
Mining block at height 1...
✓ Found nonce: 46168
Failed to process block: invalid proof of work
Mining block at height 1...
✓ Found nonce: 22579
Failed to process block: invalid proof of work
Mining block at height 1...
✓ Found nonce: 68238
Failed to process block: invalid proof of work
Mining block at height 1...
✓ Found nonce: 22023
Failed to process block: invalid proof of work
Mining block at height 1...
✓ Found nonce: 118044
Failed to process block: invalid proof of work
Mining block at height 1...
✓ Found nonce: 68085
Failed to process block: invalid proof of work
Mining block at height 1...
✓ Found nonce: 85839
Failed to process block: invalid proof of work
Mining block at height 1...
✓ Found nonce: 4764
Failed to process block: invalid proof of work
Mining block at height 1...
✓ Found nonce: 3480
Failed to process block: invalid proof of work
Mining block at height 1...
✓ Found nonce: 55196
Failed to process block: invalid proof of work
Mining block at height 1...
✓ Found nonce: 15547
Failed to process block: invalid proof of work
Mining block at height 1...
✓ Found nonce: 44800
Failed to process block: invalid proof of work
Mining block at height 1...
✓ Found nonce: 51409
Failed to process block: invalid proof of work
Mining block at height 1...
✓ Found nonce: 70750
Failed to process block: invalid proof of work
Mining block at height 1...
✓ Found nonce: 80806
Failed to process block: invalid proof of work
Mining block at height 1...
✓ Found nonce: 2111
Failed to process block: invalid proof of work
Mining block at height 1...
✓ Found nonce: 80624
Failed to process block: invalid proof of work
Mining block at height 1...
✓ Found nonce: 48353
Failed to process block: invalid proof of work
Mining block at height 1...
✓ Found nonce: 248622
Failed to process block: invalid proof of work
Mining block at height 1...
✓ Found nonce: 29141
Failed to process block: invalid proof of work
Mining block at height 1...
✓ Found nonce: 16415
Failed to process block: invalid proof of work
Mining block at height 1...
✓ Found nonce: 55864
Failed to process block: invalid proof of work
Mining block at height 1...
✓ Found nonce: 20098
Failed to process block: invalid proof of work
Mining block at height 1...
✓ Found nonce: 22238
Failed to process block: invalid proof of work
Mining block at height 1...
✓ Found nonce: 34816
Failed to process block: invalid proof of work
Mining block at height 1...
✓ Found nonce: 26838
Failed to process block: invalid proof of work
Mining block at height 1...
✓ Found nonce: 6590
Failed to process block: invalid proof of work
Mining block at height 1...
✓ Found nonce: 34564
Failed to process block: invalid proof of work
Mining block at height 1...
✓ Found nonce: 25010
Failed to process block: invalid proof of work
Mining block at height 1...
✓ Found nonce: 38037
Failed to process block: invalid proof of work
Mining block at height 1...
✓ Found nonce: 173343
Failed to process block: invalid proof of work
Mining block at height 1...
✓ Found nonce: 10755
Failed to process block: invalid proof of work
Mining block at height 1...
✓ Found nonce: 23055
Failed to process block: invalid proof of work
Mining block at height 1...
✓ Found nonce: 30370
Failed to process block: invalid proof of work
Mining block at height 1...
✓ Found nonce: 48106
Failed to process block: invalid proof of work
Mining block at height 1...
✓ Found nonce: 7782
Failed to process block: invalid proof of work
Mining block at height 1...
✓ Found nonce: 12610
Failed to process block: invalid proof of work
Mining block at height 1...
✓ Found nonce: 168088
Failed to process block: invalid proof of work
Mining block at height 1...
✓ Found nonce: 92578
Failed to process block: invalid proof of work
Mining block at height 1...
✓ Found nonce: 37747
Failed to process block: invalid proof of work
Mining block at height 1...
✓ Found nonce: 67676
Failed to process block: invalid proof of work
Mining block at height 1...
✓ Found nonce: 53873
Failed to process block: invalid proof of work
Mining block at height 1...
✓ Found nonce: 54470
Failed to process block: invalid proof of work
Mining block at height 1...
✓ Found nonce: 40293
Failed to process block: invalid proof of work
Mining block at height 1...
✓ Found nonce: 31121
Failed to process block: invalid proof of work
Mining block at height 1...
✓ Found nonce: 199626
Failed to process block: invalid proof of work
Mining block at height 1...
✓ Found nonce: 124737
Failed to process block: invalid proof of work
Mining block at height 1...
✓ Found nonce: 91457
Failed to process block: invalid proof of work
Mining block at height 1...
✓ Found nonce: 40784
Failed to process block: invalid proof of work
Mining block at height 1...
✓ Found nonce: 32369
Failed to process block: invalid proof of work
Mining block at height 1...
✓ Found nonce: 51808
Failed to process block: invalid proof of work
Mining block at height 1...
✓ Found nonce: 241190
Failed to process block: invalid proof of work
Mining block at height 1...
✓ Found nonce: 53859
Failed to process block: invalid proof of work
Mining block at height 1...
✓ Found nonce: 10683
Failed to process block: invalid proof of work
Mining block at height 1...
✓ Found nonce: 13932
Failed to process block: invalid proof of work
Mining block at height 1...
✓ Found nonce: 170550
Failed to process block: invalid proof of work
Mining block at height 1...
✓ Found nonce: 33731
Failed to process block: invalid proof of work
Mining block at height 1...
✓ Found nonce: 37344
Failed to process block: invalid proof of work
Mining block at height 1...
✓ Found nonce: 131207
Failed to process block: invalid proof of work
Mining block at height 1...
✓ Found nonce: 31645
Failed to process block: invalid proof of work
Mining block at height 1...
✓ Found nonce: 10683
Failed to process block: invalid proof of work
Mining block at height 1...
✓ Found nonce: 4320
Failed to process block: invalid proof of work
Mining block at height 1...
✓ Found nonce: 33361
Failed to process block: invalid proof of work
Mining block at height 1...
✓ Found nonce: 42796
Failed to process block: invalid proof of work
Mining block at height 1...
✓ Found nonce: 23638
Failed to process block: invalid proof of work
Mining block at height 1...
✓ Found nonce: 67234
Failed to process block: invalid proof of work
Mining block at height 1...
✓ Found nonce: 183645
Failed to process block: invalid proof of work
Mining block at height 1...
✓ Found nonce: 173358
Failed to process block: invalid proof of work
Mining block at height 1...
✓ Found nonce: 38017
Failed to process block: invalid proof of work
Mining block at height 1...
✓ Found nonce: 6856
Failed to process block: invalid proof of work
Mining block at height 1...
✓ Found nonce: 945
Failed to process block: invalid proof of work
Mining block at height 1...
✓ Found nonce: 74516
Failed to process block: invalid proof of work
Mining block at height 1...
✓ Found nonce: 88176
Failed to process block: invalid proof of work
Mining block at height 1...
✓ Found nonce: 3845
Failed to process block: invalid proof of work
Mining block at height 1...
✓ Found nonce: 13419
Failed to process block: invalid proof of work
Mining block at height 1...
✓ Found nonce: 13949
Failed to process block: invalid proof of work
Mining block at height 1...
✓ Found nonce: 60291
Failed to process block: invalid proof of work
Mining block at height 1...
✓ Found nonce: 159118
Failed to process block: invalid proof of work
Mining block at height 1...
✓ Found nonce: 26616
Failed to process block: invalid proof of work
Mining block at height 1...
✓ Found nonce: 81184
Failed to process block: invalid proof of work
Mining block at height 1...
✓ Found nonce: 190720
Failed to process block: invalid proof of work
Mining block at height 1...
✓ Found nonce: 39518
Failed to process block: invalid proof of work
Mining block at height 1...
✓ Found nonce: 111673
Failed to process block: invalid proof of work
Mining block at height 1...
✓ Found nonce: 87019
Failed to process block: invalid proof of work
Mining block at height 1...
✓ Found nonce: 76016
Failed to process block: invalid proof of work
Mining block at height 1...
✓ Found nonce: 14244
Failed to process block: invalid proof of work
Mining block at height 1...
✓ Found nonce: 36768
Failed to process block: invalid proof of work
Mining block at height 1...
✓ Found nonce: 36675
Failed to process block: invalid proof of work
Mining block at height 1...
✓ Found nonce: 24826
Failed to process block: invalid proof of work
Mining block at height 1...
✓ Found nonce: 31073
Failed to process block: invalid proof of work
Mining block at height 1...
✓ Found nonce: 21143
Failed to process block: invalid proof of work
Mining block at height 1...
✓ Found nonce: 64559
Failed to process block: invalid proof of work
Mining block at height 1...
✓ Found nonce: 49125
Failed to process block: invalid proof of work
Mining block at height 1...
✓ Found nonce: 66760
Failed to process block: invalid proof of work
Mining block at height 1...
✓ Found nonce: 62132
Failed to process block: invalid proof of work
Mining block at height 1...
✓ Found nonce: 164086
Failed to process block: invalid proof of work
Mining block at height 1...
✓ Found nonce: 43748
Failed to process block: invalid proof of work
Mining block at height 1...
✓ Found nonce: 60728
Failed to process block: invalid proof of work
Mining block at height 1...
✓ Found nonce: 34527
Failed to process block: invalid proof of work
Mining block at height 1...
✓ Found nonce: 17218
Failed to process block: invalid proof of work
Mining block at height 1...
✓ Found nonce: 288667
Failed to process block: invalid proof of work
Mining block at height 1...
✓ Found nonce: 110749
Failed to process block: invalid proof of work
Mining block at height 1...
✓ Found nonce: 1127
Failed to process block: invalid proof of work
Mining block at height 1...
✓ Found nonce: 22147
Failed to process block: invalid proof of work
Mining block at height 1...
✓ Found nonce: 152308
Failed to process block: invalid proof of work
Mining block at height 1...
✓ Found nonce: 31155
Failed to process block: invalid proof of work
Mining block at height 1...
✓ Found nonce: 11784
Failed to process block: invalid proof of work
Mining block at height 1...
✓ Found nonce: 186236
Failed to process block: invalid proof of work
Mining block at height 1...
✓ Found nonce: 12884
Failed to process block: invalid proof of work
Mining block at height 1...
✓ Found nonce: 28632
Failed to process block: invalid proof of work
Mining block at height 1...
✓ Found nonce: 8284
Failed to process block: invalid proof of work
Mining block at height 1...
✓ Found nonce: 104516
Failed to process block: invalid proof of work
Mining block at height 1...
✓ Found nonce: 31549
Failed to process block: invalid proof of work
Mining block at height 1...
✓ Found nonce: 101452
Failed to process block: invalid proof of work
Mining block at height 1...
✓ Found nonce: 23566
Failed to process block: invalid proof of work
Mining block at height 1...
✓ Found nonce: 58506
Failed to process block: invalid proof of work
Mining block at height 1...
✓ Found nonce: 9718
Failed to process block: invalid proof of work
Mining block at height 1...
✓ Found nonce: 29332
Failed to process block: invalid proof of work
Mining block at height 1...
✓ Found nonce: 27416
Failed to process block: invalid proof of work
Mining block at height 1...
✓ Found nonce: 135063
Failed to process block: invalid proof of work
Mining block at height 1...
✓ Found nonce: 38235
Failed to process block: invalid proof of work
Mining block at height 1...
✓ Found nonce: 28843
Failed to process block: invalid proof of work
Mining block at height 1...
✓ Found nonce: 1657
Failed to process block: invalid proof of work
Mining block at height 1...
✓ Found nonce: 41797
Failed to process block: invalid proof of work
Mining block at height 1...
✓ Found nonce: 103722
Failed to process block: invalid proof of work
Mining block at height 1...
✓ Found nonce: 26413
Failed to process block: invalid proof of work
Mining block at height 1...
✓ Found nonce: 103233
Failed to process block: invalid proof of work
Mining block at height 1...
✓ Found nonce: 62188
Failed to process block: invalid proof of work
Mining block at height 1...
✓ Found nonce: 3996
Failed to process block: invalid proof of work
Mining block at height 1...
✓ Found nonce: 449
Failed to process block: invalid proof of work
Mining block at height 1...
✓ Found nonce: 23508
Failed to process block: invalid proof of work
Mining block at height 1...
✓ Found nonce: 388187
Failed to process block: invalid proof of work
Mining block at height 1...
✓ Found nonce: 31499
Failed to process block: invalid proof of work
Mining block at height 1...
✓ Found nonce: 45993
Failed to process block: invalid proof of work
Mining block at height 1...
✓ Found nonce: 101704
Failed to process block: invalid proof of work
Mining block at height 1...
✓ Found nonce: 860
Failed to process block: invalid proof of work
Mining block at height 1...
✓ Found nonce: 158611
Failed to process block: invalid proof of work
Mining block at height 1...
✓ Found nonce: 126546
Failed to process block: invalid proof of work
Mining block at height 1...
✓ Found nonce: 168340
Failed to process block: invalid proof of work
Mining block at height 1...
✓ Found nonce: 118532
Failed to process block: invalid proof of work
Mining block at height 1...
✓ Found nonce: 105285
Failed to process block: invalid proof of work
Mining block at height 1...
✓ Found nonce: 55720
Failed to process block: invalid proof of work
Mining block at height 1...
✓ Found nonce: 6892
Failed to process block: invalid proof of work
Mining block at height 1...
✓ Found nonce: 242655
Failed to process block: invalid proof of work
Mining block at height 1...
✓ Found nonce: 86752
Failed to process block: invalid proof of work
Mining block at height 1...
✓ Found nonce: 88323
Failed to process block: invalid proof of work
Mining block at height 1...
✓ Found nonce: 89638
Failed to process block: invalid proof of work
Mining block at height 1...
✓ Found nonce: 13015
Failed to process block: invalid proof of work
Mining block at height 1...
✓ Found nonce: 67600
Failed to process block: invalid proof of work
Mining block at height 1...
✓ Found nonce: 76504
Failed to process block: invalid proof of work
Mining block at height 1...
✓ Found nonce: 30384
Failed to process block: invalid proof of work
Mining block at height 1...
✓ Found nonce: 30001
Failed to process block: invalid proof of work
Mining block at height 1...
✓ Found nonce: 12718
Failed to process block: invalid proof of work
Mining block at height 1...
✓ Found nonce: 47762
Failed to process block: invalid proof of work
Mining block at height 1...
✓ Found nonce: 210108
Failed to process block: invalid proof of work
Mining block at height 1...
✓ Found nonce: 60851
Failed to process block: invalid proof of work
Mining block at height 1...
✓ Found nonce: 10826
Failed to process block: invalid proof of work
Mining block at height 1...
✓ Found nonce: 98730
Failed to process block: invalid proof of work
Mining block at height 1...
✓ Found nonce: 64140
Failed to process block: invalid proof of work
Mining block at height 1...
✓ Found nonce: 64928
Failed to process block: invalid proof of work
Mining block at height 1...
✓ Found nonce: 9941
Failed to process block: invalid proof of work
Mining block at height 1...
✓ Found nonce: 77252
Failed to process block: invalid proof of work
Mining block at height 1...
✓ Found nonce: 253968
Failed to process block: invalid proof of work
Mining block at height 1...
✓ Found nonce: 77987
Failed to process block: invalid proof of work
Mining block at height 1...
✓ Found nonce: 20121
Failed to process block: invalid proof of work
Mining block at height 1...
✓ Found nonce: 10265
Failed to process block: invalid proof of work
Mining block at height 1...
✓ Found nonce: 1324
Failed to process block: invalid proof of work
Mining block at height 1...
✓ Found nonce: 158340
Failed to process block: invalid proof of work
Mining block at height 1...
✓ Found nonce: 140536
Failed to process block: invalid proof of work
Mining block at height 1...
✓ Found nonce: 198875
Failed to process block: invalid proof of work
Mining block at height 1...
✓ Found nonce: 78498
Failed to process block: invalid proof of work
Mining block at height 1...
✓ Found nonce: 113483
Failed to process block: invalid proof of work
Mining block at height 1...
✓ Found nonce: 14309
Failed to process block: invalid proof of work
Mining block at height 1...
✓ Found nonce: 4841
Failed to process block: invalid proof of work
Mining block at height 1...
✓ Found nonce: 87567
Failed to process block: invalid proof of work
Mining block at height 1...
✓ Found nonce: 67445
Failed to process block: invalid proof of work
Mining block at height 1...
✓ Found nonce: 1254
Failed to process block: invalid proof of work
Mining block at height 1...
✓ Found nonce: 51292
Failed to process block: invalid proof of work
Mining block at height 1...
✓ Found nonce: 41841
Failed to process block: invalid proof of work
Mining block at height 1...
✓ Found nonce: 140978
Failed to process block: invalid proof of work
Mining block at height 1...
✓ Found nonce: 18182
Failed to process block: invalid proof of work
Mining block at height 1...
✓ Found nonce: 203024
Failed to process block: invalid proof of work
Mining block at height 1...
✓ Found nonce: 71485
Failed to process block: invalid proof of work
Mining block at height 1...
✓ Found nonce: 73185
Failed to process block: invalid proof of work
Mining block at height 1...
✓ Found nonce: 79170
Failed to process block: invalid proof of work
Mining block at height 1...
✓ Found nonce: 4451
Failed to process block: invalid proof of work
Mining block at height 1...
✓ Found nonce: 13178
Failed to process block: invalid proof of work
Mining block at height 1...
✓ Found nonce: 63644
Failed to process block: invalid proof of work
Mining block at height 1...
✓ Found nonce: 13512
Failed to process block: invalid proof of work
Mining block at height 1...
✓ Found nonce: 125803
Failed to process block: invalid proof of work
Mining block at height 1...
✓ Found nonce: 11151
Failed to process block: invalid proof of work
Mining block at height 1...
✓ Found nonce: 17421
Failed to process block: invalid proof of work
Mining block at height 1...
✓ Found nonce: 113693
Failed to process block: invalid proof of work
Mining block at height 1...
✓ Found nonce: 54792
Failed to process block: invalid proof of work
Mining block at height 1...
✓ Found nonce: 228312
Failed to process block: invalid proof of work
Mining block at height 1...
✓ Found nonce: 132631
Failed to process block: invalid proof of work
Mining block at height 1...
✓ Found nonce: 58550
Failed to process block: invalid proof of work
Mining block at height 1...
✓ Found nonce: 16390
Failed to process block: invalid proof of work
Mining block at height 1...
✓ Found nonce: 72325
Failed to process block: invalid proof of work
Mining block at height 1...
✓ Found nonce: 43096
Failed to process block: invalid proof of work
Mining block at height 1...
✓ Found nonce: 124104
Failed to process block: invalid proof of work
Mining block at height 1...
✓ Found nonce: 29128
Failed to process block: invalid proof of work
Mining block at height 1...
✓ Found nonce: 133992
Failed to process block: invalid proof of work
Mining block at height 1...
✓ Found nonce: 79464
Failed to process block: invalid proof of work
Mining block at height 1...
✓ Found nonce: 48614
Failed to process block: invalid proof of work
Mining block at height 1...
✓ Found nonce: 2989
Failed to process block: invalid proof of work
Mining block at height 1...
✓ Found nonce: 135231
Failed to process block: invalid proof of work
Mining block at height 1...
✓ Found nonce: 53307
Failed to process block: invalid proof of work
Mining block at height 1...
✓ Found nonce: 52714
Failed to process block: invalid proof of work
Mining block at height 1...
✓ Found nonce: 86194
Failed to process block: invalid proof of work
Mining block at height 1...
✓ Found nonce: 152746
Failed to process block: invalid proof of work
Mining block at height 1...
✓ Found nonce: 40723
Failed to process block: invalid proof of work
Mining block at height 1...
✓ Found nonce: 75261
Failed to process block: invalid proof of work
Mining block at height 1...
✓ Found nonce: 13751
Failed to process block: invalid proof of work
Mining block at height 1...
✓ Found nonce: 2018
Failed to process block: invalid proof of work
Mining block at height 1...
✓ Found nonce: 34963
Failed to process block: invalid proof of work
Mining block at height 1...
✓ Found nonce: 125991
Failed to process block: invalid proof of work
Mining block at height 1...
✓ Found nonce: 440
Failed to process block: invalid proof of work
Mining block at height 1...
✓ Found nonce: 116444
Failed to process block: invalid proof of work
Mining block at height 1...
✓ Found nonce: 12919
Failed to process block: invalid proof of work
Mining block at height 1...
✓ Found nonce: 44701
Failed to process block: invalid proof of work
Mining block at height 1...
✓ Found nonce: 159557
Failed to process block: invalid proof of work
Mining block at height 1...
✓ Found nonce: 82598
Failed to process block: invalid proof of work
Mining block at height 1...
✓ Found nonce: 140700
Failed to process block: invalid proof of work
Mining block at height 1...
✓ Found nonce: 26438
Failed to process block: invalid proof of work
Mining block at height 1...
✓ Found nonce: 25096
Failed to process block: invalid proof of work
Mining block at height 1...
✓ Found nonce: 58206
Failed to process block: invalid proof of work
Mining block at height 1...
✓ Found nonce: 204325
Failed to process block: invalid proof of work
Mining block at height 1...
✓ Found nonce: 19712
Failed to process block: invalid proof of work
Mining block at height 1...
✓ Found nonce: 47403
Failed to process block: invalid proof of work
Mining block at height 1...
✓ Found nonce: 123153
Failed to process block: invalid proof of work
Mining block at height 1...
✓ Found nonce: 161752
Failed to process block: invalid proof of work
Mining block at height 1...
✓ Found nonce: 11113
Failed to process block: invalid proof of work
Mining block at height 1...
✓ Found nonce: 91154
Failed to process block: invalid proof of work
Mining block at height 1...
✓ Found nonce: 25284
Failed to process block: invalid proof of work
Mining block at height 1...
✓ Found nonce: 28911
Failed to process block: invalid proof of work
Mining block at height 1...
✓ Found nonce: 10382
Failed to process block: invalid proof of work
Mining block at height 1...
✓ Found nonce: 18258
Failed to process block: invalid proof of work
Mining block at height 1...
✓ Found nonce: 23372
Failed to process block: invalid proof of work
Mining block at height 1...
✓ Found nonce: 26306
Failed to process block: invalid proof of work
Mining block at height 1...
✓ Found nonce: 72063
Failed to process block: invalid proof of work
Mining block at height 1...
✓ Found nonce: 68643
Failed to process block: invalid proof of work
Mining block at height 1...
✓ Found nonce: 4459
Failed to process block: invalid proof of work
Mining block at height 1...
✓ Found nonce: 107706
Failed to process block: invalid proof of work
Mining block at height 1...
✓ Found nonce: 73686
Failed to process block: invalid proof of work
Mining block at height 1...
✓ Found nonce: 104031
Failed to process block: invalid proof of work
Mining block at height 1...
✓ Found nonce: 95580
Failed to process block: invalid proof of work
Mining block at height 1...
✓ Found nonce: 26823
Failed to process block: invalid proof of work
Mining block at height 1...
✓ Found nonce: 242304
Failed to process block: invalid proof of work
Mining block at height 1...
✓ Found nonce: 13743
Failed to process block: invalid proof of work
Mining block at height 1...
✓ Found nonce: 65114
Failed to process block: invalid proof of work
Mining block at height 1...
✓ Found nonce: 140116
Failed to process block: invalid proof of work
Mining block at height 1...
✓ Found nonce: 103645
Failed to process block: invalid proof of work
Mining block at height 1...
✓ Found nonce: 36009
Failed to process block: invalid proof of work
Mining block at height 1...
✓ Found nonce: 84213
Failed to process block: invalid proof of work
Mining block at height 1...
✓ Found nonce: 14894
Failed to process block: invalid proof of work
Mining block at height 1...
✓ Found nonce: 11905
Failed to process block: invalid proof of work
Mining block at height 1...
✓ Found nonce: 3974
Failed to process block: invalid proof of work
Mining block at height 1...
✓ Found nonce: 101460
Failed to process block: invalid proof of work
Mining block at height 1...
✓ Found nonce: 29215
Failed to process block: invalid proof of work
Mining block at height 1...
✓ Found nonce: 13658
Failed to process block: invalid proof of work
Mining block at height 1...
✓ Found nonce: 114432
Failed to process block: invalid proof of work
Mining block at height 1...
✓ Found nonce: 17584
Failed to process block: invalid proof of work
Mining block at height 1...
✓ Found nonce: 3873
Failed to process block: invalid proof of work
Mining block at height 1...
✓ Found nonce: 149154
Failed to process block: invalid proof of work
Mining block at height 1...
✓ Found nonce: 45998
Failed to process block: invalid proof of work
Mining block at height 1...
✓ Found nonce: 207282
Failed to process block: invalid proof of work
Mining block at height 1...
✓ Found nonce: 9211
Failed to process block: invalid proof of work
Mining block at height 1...
✓ Found nonce: 37395
Failed to process block: invalid proof of work
Mining block at height 1...
✓ Found nonce: 90774
Failed to process block: invalid proof of work
Mining block at height 1...
✓ Found nonce: 164290
Failed to process block: invalid proof of work
Mining block at height 1...
✓ Found nonce: 37785
Failed to process block: invalid proof of work
Mining block at height 1...
✓ Found nonce: 78228
Failed to process block: invalid proof of work
Mining block at height 1...
✓ Found nonce: 121543
Failed to process block: invalid proof of work
Mining block at height 1...
✓ Found nonce: 97222
Failed to process block: invalid proof of work
Mining block at height 1...
✓ Found nonce: 79527
Failed to process block: invalid proof of work
Mining block at height 1...
✓ Found nonce: 143235
Failed to process block: invalid proof of work
Mining block at height 1...
✓ Found nonce: 166956
Failed to process block: invalid proof of work
Mining block at height 1...
✓ Found nonce: 76980
Failed to process block: invalid proof of work
Mining block at height 1...
✓ Found nonce: 18115
Failed to process block: invalid proof of work
Mining block at height 1...
✓ Found nonce: 40981
Failed to process block: invalid proof of work
Mining block at height 1...
✓ Found nonce: 50009
Failed to process block: invalid proof of work
Mining block at height 1...
✓ Found nonce: 49887
Failed to process block: invalid proof of work
Mining block at height 1...
✓ Found nonce: 120740
Failed to process block: invalid proof of work
Mining block at height 1...
✓ Found nonce: 87659
Failed to process block: invalid proof of work
Mining block at height 1...
✓ Found nonce: 135218
Failed to process block: invalid proof of work
Mining block at height 1...
✓ Found nonce: 7225
Failed to process block: invalid proof of work
Mining block at height 1...
✓ Found nonce: 36381
Failed to process block: invalid proof of work
Mining block at height 1...
✓ Found nonce: 13750
Failed to process block: invalid proof of work
Mining block at height 1...
✓ Found nonce: 54412
Failed to process block: invalid proof of work
Mining block at height 1...
✓ Found nonce: 59682
Failed to process block: invalid proof of work
Mining block at height 1...
✓ Found nonce: 70114
Failed to process block: invalid proof of work
Mining block at height 1...
✓ Found nonce: 55281
Failed to process block: invalid proof of work
Mining block at height 1...
✓ Found nonce: 18051
Failed to process block: invalid proof of work
Mining block at height 1...
✓ Found nonce: 4147
Failed to process block: invalid proof of work
Mining block at height 1...
✓ Found nonce: 33137
Failed to process block: invalid proof of work
Mining block at height 1...
✓ Found nonce: 64931
Failed to process block: invalid proof of work
Mining block at height 1...
✓ Found nonce: 54535
Failed to process block: invalid proof of work
Mining block at height 1...
✓ Found nonce: 139445
Failed to process block: invalid proof of work
Mining block at height 1...
✓ Found nonce: 26733
Failed to process block: invalid proof of work
Mining block at height 1...
✓ Found nonce: 4395
Failed to process block: invalid proof of work
Mining block at height 1...
✓ Found nonce: 36196
Failed to process block: invalid proof of work
Mining block at height 1...
✓ Found nonce: 57573
Failed to process block: invalid proof of work
Mining block at height 1...
✓ Found nonce: 9302
Failed to process block: invalid proof of work
Mining block at height 1...
✓ Found nonce: 6363
Failed to process block: invalid proof of work
Mining block at height 1...
✓ Found nonce: 114933
Failed to process block: invalid proof of work
Mining block at height 1...
✓ Found nonce: 55033
Failed to process block: invalid proof of work
Mining block at height 1...
✓ Found nonce: 138843
Failed to process block: invalid proof of work
Mining block at height 1...
✓ Found nonce: 200571
Failed to process block: invalid proof of work
Mining block at height 1...
✓ Found nonce: 9025
Failed to process block: invalid proof of work
Mining block at height 1...
✓ Found nonce: 48073
Failed to process block: invalid proof of work
Mining block at height 1...
✓ Found nonce: 121716
Failed to process block: invalid proof of work
Mining block at height 1...
✓ Found nonce: 862
Failed to process block: invalid proof of work
Mining block at height 1...
✓ Found nonce: 87473
Failed to process block: invalid proof of work
Mining block at height 1...
✓ Found nonce: 15356
Failed to process block: invalid proof of work
Mining block at height 1...
✓ Found nonce: 171920
Failed to process block: invalid proof of work
Mining block at height 1...
✓ Found nonce: 183061
Failed to process block: invalid proof of work
Mining block at height 1...
✓ Found nonce: 103649
Failed to process block: invalid proof of work
Mining block at height 1...
✓ Found nonce: 42575
Failed to process block: invalid proof of work
Mining block at height 1...
✓ Found nonce: 78727
Failed to process block: invalid proof of work
Mining block at height 1...
✓ Found nonce: 700
Failed to process block: invalid proof of work
Mining block at height 1...
✓ Found nonce: 42139
Failed to process block: invalid proof of work
Mining block at height 1...
✓ Found nonce: 13
Failed to process block: invalid proof of work
Mining block at height 1...
✓ Found nonce: 26542
Failed to process block: invalid proof of work
Mining block at height 1...
✓ Found nonce: 7808
Failed to process block: invalid proof of work
Mining block at height 1...
✓ Found nonce: 113328
Failed to process block: invalid proof of work
Mining block at height 1...
✓ Found nonce: 71828
Failed to process block: invalid proof of work
Mining block at height 1...
✓ Found nonce: 108351
Failed to process block: invalid proof of work
Mining block at height 1...
✓ Found nonce: 7455
Failed to process block: invalid proof of work
Mining block at height 1...
✓ Found nonce: 153865
Failed to process block: invalid proof of work
Mining block at height 1...
✓ Found nonce: 135132
Failed to process block: invalid proof of work
Mining block at height 1...
✓ Found nonce: 51679
Failed to process block: invalid proof of work
Mining block at height 1...
✓ Found nonce: 130820
Failed to process block: invalid proof of work
Mining block at height 1...
✓ Found nonce: 137234
Failed to process block: invalid proof of work
Mining block at height 1...
✓ Found nonce: 63250
Failed to process block: invalid proof of work
Mining block at height 1...
✓ Found nonce: 129416
Failed to process block: invalid proof of work
Mining block at height 1...
✓ Found nonce: 2872
Failed to process block: invalid proof of work
Mining block at height 1...
✓ Found nonce: 32927
Failed to process block: invalid proof of work
Mining block at height 1...
✓ Found nonce: 62798
Failed to process block: invalid proof of work
Mining block at height 1...
✓ Found nonce: 19433
Failed to process block: invalid proof of work
Mining block at height 1...
✓ Found nonce: 41045
Failed to process block: invalid proof of work
Mining block at height 1...
✓ Found nonce: 168
Failed to process block: invalid proof of work
Mining block at height 1...
✓ Found nonce: 13058
Failed to process block: invalid proof of work
Mining block at height 1...
✓ Found nonce: 3191
Failed to process block: invalid proof of work
Mining block at height 1...
✓ Found nonce: 25272
Failed to process block: invalid proof of work
Mining block at height 1...
✓ Found nonce: 121895
Failed to process block: invalid proof of work
Mining block at height 1...
✓ Found nonce: 98211
Failed to process block: invalid proof of work
Mining block at height 1...
✓ Found nonce: 11972
Failed to process block: invalid proof of work
Mining block at height 1...
✓ Found nonce: 182376
Failed to process block: invalid proof of work
Mining block at height 1...
✓ Found nonce: 43624
Failed to process block: invalid proof of work
Mining block at height 1...
✓ Found nonce: 31059
Failed to process block: invalid proof of work
Mining block at height 1...
✓ Found nonce: 13614
Failed to process block: invalid proof of work
Mining block at height 1...
✓ Found nonce: 52629
Failed to process block: invalid proof of work
Mining block at height 1...
✓ Found nonce: 8682
Failed to process block: invalid proof of work
Mining block at height 1...
✓ Found nonce: 625
Failed to process block: invalid proof of work
Mining block at height 1...
✓ Found nonce: 73318
Failed to process block: invalid proof of work
Mining block at height 1...
✓ Found nonce: 237736
Failed to process block: invalid proof of work
Mining block at height 1...
✓ Found nonce: 13597
Failed to process block: invalid proof of work
Mining block at height 1...
✓ Found nonce: 6323
Failed to process block: invalid proof of work
Mining block at height 1...
✓ Found nonce: 20462
Failed to process block: invalid proof of work
Mining block at height 1...
✓ Found nonce: 57682
Failed to process block: invalid proof of work
Mining block at height 1...
✓ Found nonce: 116005
Failed to process block: invalid proof of work
Mining block at height 1...
✓ Found nonce: 2570
Failed to process block: invalid proof of work
Mining block at height 1...
✓ Found nonce: 42680
Failed to process block: invalid proof of work
Mining block at height 1...
✓ Found nonce: 35364
Failed to process block: invalid proof of work
Mining block at height 1...
✓ Found nonce: 18994
Failed to process block: invalid proof of work
Mining block at height 1...
✓ Found nonce: 93254
Failed to process block: invalid proof of work
Mining block at height 1...
✓ Found nonce: 59410
Failed to process block: invalid proof of work
Mining block at height 1...
✓ Found nonce: 21546
Failed to process block: invalid proof of work
Mining block at height 1...
✓ Found nonce: 107110
Failed to process block: invalid proof of work
Mining block at height 1...
✓ Found nonce: 73438
Failed to process block: invalid proof of work
Mining block at height 1...
✓ Found nonce: 2515
Failed to process block: invalid proof of work
Mining block at height 1...
✓ Found nonce: 66519
Failed to process block: invalid proof of work
Mining block at height 1...
✓ Found nonce: 633
Failed to process block: invalid proof of work
Mining block at height 1...
✓ Found nonce: 7599
Failed to process block: invalid proof of work
Mining block at height 1...
✓ Found nonce: 154073
Failed to process block: invalid proof of work
Mining block at height 1...
✓ Found nonce: 75059
Failed to process block: invalid proof of work
Mining block at height 1...
✓ Found nonce: 63387
Failed to process block: invalid proof of work
Mining block at height 1...
✓ Found nonce: 6142
Failed to process block: invalid proof of work
Mining block at height 1...
✓ Found nonce: 46748
Failed to process block: invalid proof of work
Mining block at height 1...
✓ Found nonce: 11715
Failed to process block: invalid proof of work
Mining block at height 1...
✓ Found nonce: 4405
Failed to process block: invalid proof of work
Mining block at height 1...
✓ Found nonce: 45478
Failed to process block: invalid proof of work
Mining block at height 1...
✓ Found nonce: 5512
Failed to process block: invalid proof of work
Mining block at height 1...
✓ Found nonce: 109012
Failed to process block: invalid proof of work
Mining block at height 1...
✓ Found nonce: 87473
Failed to process block: invalid proof of work
Mining block at height 1...
✓ Found nonce: 25075
Failed to process block: invalid proof of work
Mining block at height 1...
✓ Found nonce: 103810
Failed to process block: invalid proof of work
Mining block at height 1...
✓ Found nonce: 164074
Failed to process block: invalid proof of work
Mining block at height 1...
✓ Found nonce: 33256
Failed to process block: invalid proof of work
Mining block at height 1...
✓ Found nonce: 50601
Failed to process block: invalid proof of work
Mining block at height 1...
✓ Found nonce: 34987
Failed to process block: invalid proof of work
Mining block at height 1...
✓ Found nonce: 138297
Failed to process block: invalid proof of work
Mining block at height 1...
✓ Found nonce: 223113
Failed to process block: invalid proof of work
Mining block at height 1...
✓ Found nonce: 23273
Failed to process block: invalid proof of work
Mining block at height 1...
✓ Found nonce: 39598
Failed to process block: invalid proof of work
Mining block at height 1...
✓ Found nonce: 38005
Failed to process block: invalid proof of work
Mining block at height 1...
✓ Found nonce: 69776
Failed to process block: invalid proof of work
Mining block at height 1...
✓ Found nonce: 39384
Failed to process block: invalid proof of work
Mining block at height 1...
✓ Found nonce: 57979
Failed to process block: invalid proof of work
Mining block at height 1...
✓ Found nonce: 16614
Failed to process block: invalid proof of work
Mining block at height 1...
✓ Found nonce: 218410
Failed to process block: invalid proof of work
Mining block at height 1...
✓ Found nonce: 165731
Failed to process block: invalid proof of work
Mining block at height 1...
✓ Found nonce: 82915
Failed to process block: invalid proof of work
Mining block at height 1...
✓ Found nonce: 11706
Failed to process block: invalid proof of work
Mining block at height 1...
✓ Found nonce: 40425
Failed to process block: invalid proof of work
Mining block at height 1...
✓ Found nonce: 15252
Failed to process block: invalid proof of work
Mining block at height 1...
✓ Found nonce: 205580
Failed to process block: invalid proof of work
Mining block at height 1...
✓ Found nonce: 195279
Failed to process block: invalid proof of work
Mining block at height 1...
✓ Found nonce: 13270
Failed to process block: invalid proof of work
Mining block at height 1...
✓ Found nonce: 95807
Failed to process block: invalid proof of work
Mining block at height 1...
✓ Found nonce: 179578
Failed to process block: invalid proof of work
Mining block at height 1...
✓ Found nonce: 102421
Failed to process block: invalid proof of work
Mining block at height 1...
✓ Found nonce: 26598
Failed to process block: invalid proof of work
Mining block at height 1...
✓ Found nonce: 350823
Failed to process block: invalid proof of work
Mining block at height 1...
✓ Found nonce: 23391
Failed to process block: invalid proof of work
Mining block at height 1...
✓ Found nonce: 194332
Failed to process block: invalid proof of work
Mining block at height 1...
✓ Found nonce: 39323
Failed to process block: invalid proof of work
Mining block at height 1...
✓ Found nonce: 132304
Failed to process block: invalid proof of work
Mining block at height 1...
✓ Found nonce: 942
Failed to process block: invalid proof of work
Mining block at height 1...
✓ Found nonce: 32995
Failed to process block: invalid proof of work
Mining block at height 1...
✓ Found nonce: 49375
Failed to process block: invalid proof of work
Mining block at height 1...
✓ Found nonce: 29426
Failed to process block: invalid proof of work
Mining block at height 1...
✓ Found nonce: 250572
Failed to process block: invalid proof of work
Mining block at height 1...
✓ Found nonce: 48417
Failed to process block: invalid proof of work
Mining block at height 1...
✓ Found nonce: 27115
Failed to process block: invalid proof of work
Mining block at height 1...
✓ Found nonce: 6637
Failed to process block: invalid proof of work
Mining block at height 1...
✓ Found nonce: 22011
Failed to process block: invalid proof of work
Mining block at height 1...
✓ Found nonce: 41089
Failed to process block: invalid proof of work
Mining block at height 1...
✓ Found nonce: 73619
Failed to process block: invalid proof of work
Mining block at height 1...
✓ Found nonce: 50793
Failed to process block: invalid proof of work
Mining block at height 1...
✓ Found nonce: 42178
Failed to process block: invalid proof of work
Mining block at height 1...
✓ Found nonce: 73767
Failed to process block: invalid proof of work
Mining block at height 1...
✓ Found nonce: 49431
Failed to process block: invalid proof of work
Mining block at height 1...
✓ Found nonce: 61144
Failed to process block: invalid proof of work
Mining block at height 1...
✓ Found nonce: 15023
Failed to process block: invalid proof of work
Mining block at height 1...
✓ Found nonce: 118627
Failed to process block: invalid proof of work
Mining block at height 1...
✓ Found nonce: 153885
Failed to process block: invalid proof of work
Mining block at height 1...
✓ Found nonce: 42176
Failed to process block: invalid proof of work
Mining block at height 1...
✓ Found nonce: 42885
Failed to process block: invalid proof of work
Mining block at height 1...
✓ Found nonce: 63619
Failed to process block: invalid proof of work
Mining block at height 1...
✓ Found nonce: 59021
Failed to process block: invalid proof of work
Mining block at height 1...
✓ Found nonce: 5247
Failed to process block: invalid proof of work
Mining block at height 1...
✓ Found nonce: 9167
Failed to process block: invalid proof of work
Mining block at height 1...
✓ Found nonce: 166316
Failed to process block: invalid proof of work
Mining block at height 1...
✓ Found nonce: 10483
Failed to process block: invalid proof of work
Mining block at height 1...
✓ Found nonce: 49667
Failed to process block: invalid proof of work
Mining block at height 1...
✓ Found nonce: 22547
Failed to process block: invalid proof of work
Mining block at height 1...
✓ Found nonce: 21080
Failed to process block: invalid proof of work
Mining block at height 1...
✓ Found nonce: 61501
Failed to process block: invalid proof of work
Mining block at height 1...
✓ Found nonce: 3707
Failed to process block: invalid proof of work
Mining block at height 1...
✓ Found nonce: 188950
Failed to process block: invalid proof of work
Mining block at height 1...
✓ Found nonce: 129716
Failed to process block: invalid proof of work
Mining block at height 1...
✓ Found nonce: 132149
Failed to process block: invalid proof of work
Mining block at height 1...
✓ Found nonce: 267920
Failed to process block: invalid proof of work
Mining block at height 1...
✓ Found nonce: 7209
Failed to process block: invalid proof of work
Mining block at height 1...
✓ Found nonce: 29243
Failed to process block: invalid proof of work
Mining block at height 1...
✓ Found nonce: 3823
Failed to process block: invalid proof of work
Mining block at height 1...
✓ Found nonce: 348133
Failed to process block: invalid proof of work
Mining block at height 1...
✓ Found nonce: 26109
Failed to process block: invalid proof of work
Mining block at height 1...
✓ Found nonce: 65729
Failed to process block: invalid proof of work
Mining block at height 1...
✓ Found nonce: 1783
Failed to process block: invalid proof of work
Mining block at height 1...
✓ Found nonce: 23382
Failed to process block: invalid proof of work
Mining block at height 1...
✓ Found nonce: 32033
Failed to process block: invalid proof of work
Mining block at height 1...
✓ Found nonce: 3947
Failed to process block: invalid proof of work
Mining block at height 1...
✓ Found nonce: 63064
Failed to process block: invalid proof of work
Mining block at height 1...
✓ Found nonce: 22956
Failed to process block: invalid proof of work
Mining block at height 1...
✓ Found nonce: 22443
Failed to process block: invalid proof of work
Mining block at height 1...
✓ Found nonce: 201318
Failed to process block: invalid proof of work
Mining block at height 1...
✓ Found nonce: 46361
Failed to process block: invalid proof of work
Mining block at height 1...
✓ Found nonce: 11968
Failed to process block: invalid proof of work
Mining block at height 1...
✓ Found nonce: 236525
Failed to process block: invalid proof of work
Mining block at height 1...
✓ Found nonce: 12727
Failed to process block: invalid proof of work
Mining block at height 1...
✓ Found nonce: 67247
Failed to process block: invalid proof of work
Mining block at height 1...
✓ Found nonce: 125428
Failed to process block: invalid proof of work
Mining block at height 1...
✓ Found nonce: 11330
Failed to process block: invalid proof of work
Mining block at height 1...
✓ Found nonce: 231022
Failed to process block: invalid proof of work
Mining block at height 1...
✓ Found nonce: 17853
Failed to process block: invalid proof of work
Mining block at height 1...
✓ Found nonce: 3479
Failed to process block: invalid proof of work
Mining block at height 1...
✓ Found nonce: 53092
Failed to process block: invalid proof of work
Mining block at height 1...
✓ Found nonce: 99945
Failed to process block: invalid proof of work
Mining block at height 1...
✓ Found nonce: 108939
Failed to process block: invalid proof of work
Mining block at height 1...
✓ Found nonce: 115298
Failed to process block: invalid proof of work
Mining block at height 1...
✓ Found nonce: 145476
Failed to process block: invalid proof of work
Mining block at height 1...
✓ Found nonce: 27056
Failed to process block: invalid proof of work
Mining block at height 1...
✓ Found nonce: 181208
Failed to process block: invalid proof of work
Mining block at height 1...
✓ Found nonce: 4182
Failed to process block: invalid proof of work
Mining block at height 1...
✓ Found nonce: 39798
Failed to process block: invalid proof of work
Mining block at height 1...
✓ Found nonce: 109331
Failed to process block: invalid proof of work
Mining block at height 1...
✓ Found nonce: 27475
Failed to process block: invalid proof of work
Mining block at height 1...
✓ Found nonce: 6383
Failed to process block: invalid proof of work
Mining block at height 1...
✓ Found nonce: 28477
Failed to process block: invalid proof of work
Mining block at height 1...
✓ Found nonce: 39628
Failed to process block: invalid proof of work
Mining block at height 1...
✓ Found nonce: 80446
Failed to process block: invalid proof of work
Mining block at height 1...
✓ Found nonce: 83771
Failed to process block: invalid proof of work
Mining block at height 1...
✓ Found nonce: 80720
Failed to process block: invalid proof of work
Mining block at height 1...
✓ Found nonce: 21652
Failed to process block: invalid proof of work
Mining block at height 1...
✓ Found nonce: 21441
Failed to process block: invalid proof of work
Mining block at height 1...
✓ Found nonce: 28795
Failed to process block: invalid proof of work
Mining block at height 1...
✓ Found nonce: 11033
Failed to process block: invalid proof of work
Mining block at height 1...
✓ Found nonce: 119503
Failed to process block: invalid proof of work
Mining block at height 1...
✓ Found nonce: 92671
Failed to process block: invalid proof of work
Mining block at height 1...
✓ Found nonce: 32130
Failed to process block: invalid proof of work
Mining block at height 1...
✓ Found nonce: 76363
Failed to process block: invalid proof of work
Mining block at height 1...
✓ Found nonce: 86432
Failed to process block: invalid proof of work
Mining block at height 1...
✓ Found nonce: 135652
Failed to process block: invalid proof of work
Mining block at height 1...
✓ Found nonce: 4531
Failed to process block: invalid proof of work
Mining block at height 1...
✓ Found nonce: 18551
Failed to process block: invalid proof of work
Mining block at height 1...
✓ Found nonce: 40358
Failed to process block: invalid proof of work
Mining block at height 1...
✓ Found nonce: 104628
Failed to process block: invalid proof of work
Mining block at height 1...
✓ Found nonce: 61209
Failed to process block: invalid proof of work
Mining block at height 1...
✓ Found nonce: 38207
Failed to process block: invalid proof of work
Mining block at height 1...
✓ Found nonce: 150106
Failed to process block: invalid proof of work
Mining block at height 1...
✓ Found nonce: 41108
Failed to process block: invalid proof of work
Mining block at height 1...
✓ Found nonce: 179646
Failed to process block: invalid proof of work
Mining block at height 1...
✓ Found nonce: 53282
Failed to process block: invalid proof of work
Mining block at height 1...
✓ Found nonce: 43966
Failed to process block: invalid proof of work
Mining block at height 1...
✓ Found nonce: 36313
Failed to process block: invalid proof of work
Mining block at height 1...
✓ Found nonce: 21784
Failed to process block: invalid proof of work
Mining block at height 1...
✓ Found nonce: 69177
Failed to process block: invalid proof of work
Mining block at height 1...
✓ Found nonce: 7610
Failed to process block: invalid proof of work
Mining block at height 1...
✓ Found nonce: 262344
Failed to process block: invalid proof of work
Mining block at height 1...
✓ Found nonce: 9900
Failed to process block: invalid proof of work
Mining block at height 1...
✓ Found nonce: 27026
Failed to process block: invalid proof of work
Mining block at height 1...
✓ Found nonce: 34685
Failed to process block: invalid proof of work
Mining block at height 1...
✓ Found nonce: 24257
Failed to process block: invalid proof of work
Mining block at height 1...
✓ Found nonce: 90415
Failed to process block: invalid proof of work
Mining block at height 1...
✓ Found nonce: 13115
Failed to process block: invalid proof of work
Mining block at height 1...
✓ Found nonce: 167032
Failed to process block: invalid proof of work
Mining block at height 1...
✓ Found nonce: 377161
Failed to process block: invalid proof of work
Mining block at height 1...
✓ Found nonce: 36594
Failed to process block: invalid proof of work
Mining block at height 1...
✓ Found nonce: 2669
Failed to process block: invalid proof of work
Mining block at height 1...
✓ Found nonce: 65907
Failed to process block: invalid proof of work
Mining block at height 1...
✓ Found nonce: 9219
Failed to process block: invalid proof of work
Mining block at height 1...
✓ Found nonce: 118745
Failed to process block: invalid proof of work
Mining block at height 1...
✓ Found nonce: 4733
Failed to process block: invalid proof of work
Mining block at height 1...
✓ Found nonce: 81768
Failed to process block: invalid proof of work
Mining block at height 1...
✓ Found nonce: 111235
Failed to process block: invalid proof of work
Mining block at height 1...
✓ Found nonce: 81639
Failed to process block: invalid proof of work
Mining block at height 1...
✓ Found nonce: 44964
Failed to process block: invalid proof of work
Mining block at height 1...
✓ Found nonce: 14083
Failed to process block: invalid proof of work
Mining block at height 1...
✓ Found nonce: 28308
Failed to process block: invalid proof of work
Mining block at height 1...
✓ Found nonce: 46019
Failed to process block: invalid proof of work
Mining block at height 1...
✓ Found nonce: 23491
Failed to process block: invalid proof of work
Mining block at height 1...
✓ Found nonce: 123976
Failed to process block: invalid proof of work
Mining block at height 1...
✓ Found nonce: 50881
Failed to process block: invalid proof of work
Mining block at height 1...
✓ Found nonce: 99238
Failed to process block: invalid proof of work
Mining block at height 1...
✓ Found nonce: 54103
Failed to process block: invalid proof of work
Mining block at height 1...
✓ Found nonce: 33741
Failed to process block: invalid proof of work
Mining block at height 1...
✓ Found nonce: 61646
Failed to process block: invalid proof of work
Mining block at height 1...
✓ Found nonce: 36091
Failed to process block: invalid proof of work
Mining block at height 1...
✓ Found nonce: 22991
Failed to process block: invalid proof of work
Mining block at height 1...
✓ Found nonce: 8556
Failed to process block: invalid proof of work
Mining block at height 1...
✓ Found nonce: 106561
Failed to process block: invalid proof of work
Mining block at height 1...
✓ Found nonce: 166661
Failed to process block: invalid proof of work
Mining block at height 1...
✓ Found nonce: 144152
Failed to process block: invalid proof of work
Mining block at height 1...
✓ Found nonce: 46996
Failed to process block: invalid proof of work
Mining block at height 1...
✓ Found nonce: 1317
Failed to process block: invalid proof of work
Mining block at height 1...
✓ Found nonce: 245039
Failed to process block: invalid proof of work
Mining block at height 1...
✓ Found nonce: 83107
Failed to process block: invalid proof of work
Mining block at height 1...
✓ Found nonce: 573670
Failed to process block: invalid proof of work
Mining block at height 1...
✓ Found nonce: 43021
Failed to process block: invalid proof of work
Mining block at height 1...
✓ Found nonce: 69004
Failed to process block: invalid proof of work
Mining block at height 1...
✓ Found nonce: 176926
Failed to process block: invalid proof of work
Mining block at height 1...
✓ Found nonce: 38638
Failed to process block: invalid proof of work
Mining block at height 1...
✓ Found nonce: 229890
Failed to process block: invalid proof of work
Mining block at height 1...
✓ Found nonce: 53312
Failed to process block: invalid proof of work
Mining block at height 1...
✓ Found nonce: 109847
Failed to process block: invalid proof of work
Mining block at height 1...
✓ Found nonce: 59707
Failed to process block: invalid proof of work
Mining block at height 1...
✓ Found nonce: 90862
Failed to process block: invalid proof of work
Mining block at height 1...
✓ Found nonce: 29966
Failed to process block: invalid proof of work
Mining block at height 1...
✓ Found nonce: 1809
Failed to process block: invalid proof of work
Mining block at height 1...
✓ Found nonce: 16731
Failed to process block: invalid proof of work
Mining block at height 1...
✓ Found nonce: 96391
Failed to process block: invalid proof of work
Mining block at height 1...
✓ Found nonce: 9441
Failed to process block: invalid proof of work
Mining block at height 1...
✓ Found nonce: 25177
Failed to process block: invalid proof of work
Mining block at height 1...
✓ Found nonce: 87711
Failed to process block: invalid proof of work
Mining block at height 1...
✓ Found nonce: 88458
Failed to process block: invalid proof of work
Mining block at height 1...
✓ Found nonce: 49044
Failed to process block: invalid proof of work
Mining block at height 1...
✓ Found nonce: 13153
Failed to process block: invalid proof of work
Mining block at height 1...
✓ Found nonce: 11865
Failed to process block: invalid proof of work
Mining block at height 1...
✓ Found nonce: 27509
Failed to process block: invalid proof of work
Mining block at height 1...
✓ Found nonce: 136730
Failed to process block: invalid proof of work
Mining block at height 1...
✓ Found nonce: 126182
Failed to process block: invalid proof of work
Mining block at height 1...
✓ Found nonce: 135959
Failed to process block: invalid proof of work
Mining block at height 1...
✓ Found nonce: 81372
Failed to process block: invalid proof of work
Mining block at height 1...
✓ Found nonce: 91951
Failed to process block: invalid proof of work
Mining block at height 1...
✓ Found nonce: 1246
Failed to process block: invalid proof of work
Mining block at height 1...
✓ Found nonce: 3621
Failed to process block: invalid proof of work
Mining block at height 1...
✓ Found nonce: 24247
Failed to process block: invalid proof of work
Mining block at height 1...
✓ Found nonce: 230628
Failed to process block: invalid proof of work
Mining block at height 1...
✓ Found nonce: 20077
Failed to process block: invalid proof of work
Mining block at height 1...
✓ Found nonce: 4199
Failed to process block: invalid proof of work
Mining block at height 1...
✓ Found nonce: 85252
Failed to process block: invalid proof of work
Mining block at height 1...
✓ Found nonce: 62117
Failed to process block: invalid proof of work
Mining block at height 1...
✓ Found nonce: 218187
Failed to process block: invalid proof of work
Mining block at height 1...
✓ Found nonce: 127470
Failed to process block: invalid proof of work
Mining block at height 1...
✓ Found nonce: 43287
Failed to process block: invalid proof of work
Mining block at height 1...
✓ Found nonce: 110068
Failed to process block: invalid proof of work
Mining block at height 1...
✓ Found nonce: 37563
Failed to process block: invalid proof of work
Mining block at height 1...
✓ Found nonce: 62127
Failed to process block: invalid proof of work
Mining block at height 1...
✓ Found nonce: 24205
Failed to process block: invalid proof of work
Mining block at height 1...
✓ Found nonce: 151786
Failed to process block: invalid proof of work
Mining block at height 1...
✓ Found nonce: 31422
Failed to process block: invalid proof of work
Mining block at height 1...
✓ Found nonce: 21814
Failed to process block: invalid proof of work
Mining block at height 1...
✓ Found nonce: 8676
Failed to process block: invalid proof of work
Mining block at height 1...
✓ Found nonce: 45875
Failed to process block: invalid proof of work
Mining block at height 1...
✓ Found nonce: 41964
Failed to process block: invalid proof of work
Mining block at height 1...
✓ Found nonce: 23732
Failed to process block: invalid proof of work
Mining block at height 1...
✓ Found nonce: 24492
Failed to process block: invalid proof of work
Mining block at height 1...
✓ Found nonce: 68973
Failed to process block: invalid proof of work
Mining block at height 1...
✓ Found nonce: 8905
Failed to process block: invalid proof of work
Mining block at height 1...
✓ Found nonce: 257142
Failed to process block: invalid proof of work
Mining block at height 1...
✓ Found nonce: 65358
Failed to process block: invalid proof of work
Mining block at height 1...
✓ Found nonce: 279908
Failed to process block: invalid proof of work
Mining block at height 1...
✓ Found nonce: 30663
Failed to process block: invalid proof of work
Mining block at height 1...
✓ Found nonce: 99924
Failed to process block: invalid proof of work
Mining block at height 1...
✓ Found nonce: 48585
Failed to process block: invalid proof of work
Mining block at height 1...
✓ Found nonce: 49414
Failed to process block: invalid proof of work
Mining block at height 1...
✓ Found nonce: 92901
Failed to process block: invalid proof of work
Mining block at height 1...
✓ Found nonce: 75722
Failed to process block: invalid proof of work
Mining block at height 1...
✓ Found nonce: 72686
Failed to process block: invalid proof of work
Mining block at height 1...
✓ Found nonce: 7279
Failed to process block: invalid proof of work
Mining block at height 1...
✓ Found nonce: 165337
Failed to process block: invalid proof of work
Mining block at height 1...
✓ Found nonce: 146119
Failed to process block: invalid proof of work
Mining block at height 1...
✓ Found nonce: 125075
Failed to process block: invalid proof of work
Mining block at height 1...
✓ Found nonce: 40565
Failed to process block: invalid proof of work
Mining block at height 1...
✓ Found nonce: 55173
Failed to process block: invalid proof of work
Mining block at height 1...
✓ Found nonce: 82477
Failed to process block: invalid proof of work
Mining block at height 1...
✓ Found nonce: 37192
Failed to process block: invalid proof of work
Mining block at height 1...
✓ Found nonce: 44616
Failed to process block: invalid proof of work
Mining block at height 1...
✓ Found nonce: 37726
Failed to process block: invalid proof of work
Mining block at height 1...
✓ Found nonce: 3708
Failed to process block: invalid proof of work
Mining block at height 1...
✓ Found nonce: 29902
Failed to process block: invalid proof of work
Mining block at height 1...
✓ Found nonce: 31024
Failed to process block: invalid proof of work
Mining block at height 1...
✓ Found nonce: 42496
Failed to process block: invalid proof of work
Mining block at height 1...
✓ Found nonce: 102936
Failed to process block: invalid proof of work
Mining block at height 1...
✓ Found nonce: 140152
Failed to process block: invalid proof of work
Mining block at height 1...
✓ Found nonce: 19721
Failed to process block: invalid proof of work
Mining block at height 1...
✓ Found nonce: 55832
Failed to process block: invalid proof of work
Mining block at height 1...
✓ Found nonce: 18610
Failed to process block: invalid proof of work
Mining block at height 1...
✓ Found nonce: 89849
Failed to process block: invalid proof of work
Mining block at height 1...
✓ Found nonce: 53050
Failed to process block: invalid proof of work
Mining block at height 1...
✓ Found nonce: 98063
Failed to process block: invalid proof of work
Mining block at height 1...
✓ Found nonce: 19773
Failed to process block: invalid proof of work
Mining block at height 1...
✓ Found nonce: 14998
Failed to process block: invalid proof of work
Mining block at height 1...
✓ Found nonce: 16594
Failed to process block: invalid proof of work
Mining block at height 1...
✓ Found nonce: 12004
Failed to process block: invalid proof of work
Mining block at height 1...
✓ Found nonce: 91357
Failed to process block: invalid proof of work
Mining block at height 1...
✓ Found nonce: 2400
Failed to process block: invalid proof of work
Mining block at height 1...
✓ Found nonce: 45207
Failed to process block: invalid proof of work
Mining block at height 1...
✓ Found nonce: 57184
Failed to process block: invalid proof of work
Mining block at height 1...
✓ Found nonce: 63438
Failed to process block: invalid proof of work
Mining block at height 1...
✓ Found nonce: 92580
Failed to process block: invalid proof of work
Mining block at height 1...
✓ Found nonce: 97035
Failed to process block: invalid proof of work
Mining block at height 1...
✓ Found nonce: 16960
Failed to process block: invalid proof of work
Mining block at height 1...
✓ Found nonce: 29797
Failed to process block: invalid proof of work
Mining block at height 1...
✓ Found nonce: 178019
Failed to process block: invalid proof of work
Mining block at height 1...
✓ Found nonce: 104607
Failed to process block: invalid proof of work
Mining block at height 1...
✓ Found nonce: 110126
Failed to process block: invalid proof of work
Mining block at height 1...
✓ Found nonce: 51162
Failed to process block: invalid proof of work
Mining block at height 1...
✓ Found nonce: 17434
Failed to process block: invalid proof of work
Mining block at height 1...
✓ Found nonce: 17911
Failed to process block: invalid proof of work
Mining block at height 1...
✓ Found nonce: 44509
Failed to process block: invalid proof of work
Mining block at height 1...
✓ Found nonce: 40868
Failed to process block: invalid proof of work
Mining block at height 1...
✓ Found nonce: 68460
Failed to process block: invalid proof of work
Mining block at height 1...
✓ Found nonce: 157642
Failed to process block: invalid proof of work
Mining block at height 1...
✓ Found nonce: 39485
Failed to process block: invalid proof of work
Mining block at height 1...
✓ Found nonce: 100294
Failed to process block: invalid proof of work
Mining block at height 1...
✓ Found nonce: 93627
Failed to process block: invalid proof of work
Mining block at height 1...
✓ Found nonce: 91851
Failed to process block: invalid proof of work
Mining block at height 1...
✓ Found nonce: 128283
Failed to process block: invalid proof of work
Mining block at height 1...
✓ Found nonce: 109879
Failed to process block: invalid proof of work
Mining block at height 1...
✓ Found nonce: 13206
Failed to process block: invalid proof of work
Mining block at height 1...
✓ Found nonce: 73545
Failed to process block: invalid proof of work
Mining block at height 1...
✓ Found nonce: 47503
Failed to process block: invalid proof of work
Mining block at height 1...
✓ Found nonce: 21192
Failed to process block: invalid proof of work
Mining block at height 1...
✓ Found nonce: 120864
Failed to process block: invalid proof of work
Mining block at height 1...
✓ Found nonce: 17551
Failed to process block: invalid proof of work
Mining block at height 1...
✓ Found nonce: 28571
Failed to process block: invalid proof of work
Mining block at height 1...
✓ Found nonce: 114406
Failed to process block: invalid proof of work
Mining block at height 1...
✓ Found nonce: 144606
Failed to process block: invalid proof of work
Mining block at height 1...
✓ Found nonce: 37961
Failed to process block: invalid proof of work
Mining block at height 1...
✓ Found nonce: 2833
Failed to process block: invalid proof of work
Mining block at height 1...
✓ Found nonce: 53530
Failed to process block: invalid proof of work
Mining block at height 1...
✓ Found nonce: 19140
Failed to process block: invalid proof of work
Mining block at height 1...
✓ Found nonce: 65129
Failed to process block: invalid proof of work
Mining block at height 1...
✓ Found nonce: 73124
Failed to process block: invalid proof of work
Mining block at height 1...
✓ Found nonce: 13688
Failed to process block: invalid proof of work
Mining block at height 1...
✓ Found nonce: 18895
Failed to process block: invalid proof of work
Mining block at height 1...
✓ Found nonce: 90178
Failed to process block: invalid proof of work
Mining block at height 1...
✓ Found nonce: 52694
Failed to process block: invalid proof of work
Mining block at height 1...
✓ Found nonce: 98646
Failed to process block: invalid proof of work
Mining block at height 1...
✓ Found nonce: 16078
Failed to process block: invalid proof of work
Mining block at height 1...
✓ Found nonce: 124278
Failed to process block: invalid proof of work
Mining block at height 1...
✓ Found nonce: 120390
Failed to process block: invalid proof of work
Mining block at height 1...
✓ Found nonce: 230734
Failed to process block: invalid proof of work
Mining block at height 1...
✓ Found nonce: 10653
Failed to process block: invalid proof of work
Mining block at height 1...
✓ Found nonce: 50716
Failed to process block: invalid proof of work
Mining block at height 1...
✓ Found nonce: 13046
Failed to process block: invalid proof of work
Mining block at height 1...
✓ Found nonce: 81106
Failed to process block: invalid proof of work
Mining block at height 1...
✓ Found nonce: 74765
Failed to process block: invalid proof of work
Mining block at height 1...
✓ Found nonce: 157656
Failed to process block: invalid proof of work
Mining block at height 1...
✓ Found nonce: 76452
Failed to process block: invalid proof of work
Mining block at height 1...
✓ Found nonce: 7833
Failed to process block: invalid proof of work
Mining block at height 1...
✓ Found nonce: 26113
Failed to process block: invalid proof of work
Mining block at height 1...
✓ Found nonce: 142360
Failed to process block: invalid proof of work
Mining block at height 1...
✓ Found nonce: 63489
Failed to process block: invalid proof of work
Mining block at height 1...
✓ Found nonce: 84668
Failed to process block: invalid proof of work
Mining block at height 1...
✓ Found nonce: 47092
Failed to process block: invalid proof of work
Mining block at height 1...
✓ Found nonce: 220511
Failed to process block: invalid proof of work
Mining block at height 1...
✓ Found nonce: 21589
Failed to process block: invalid proof of work
Mining block at height 1...
✓ Found nonce: 70846
Failed to process block: invalid proof of work
Mining block at height 1...
✓ Found nonce: 107836
Failed to process block: invalid proof of work
Mining block at height 1...
✓ Found nonce: 160137
Failed to process block: invalid proof of work
Mining block at height 1...
✓ Found nonce: 97756
Failed to process block: invalid proof of work
Mining block at height 1...
✓ Found nonce: 72565
Failed to process block: invalid proof of work
Mining block at height 1...
✓ Found nonce: 28577
Failed to process block: invalid proof of work
Mining block at height 1...
✓ Found nonce: 29625
Failed to process block: invalid proof of work
Mining block at height 1...
✓ Found nonce: 109048
Failed to process block: invalid proof of work
Mining block at height 1...
✓ Found nonce: 64494
Failed to process block: invalid proof of work
Mining block at height 1...
✓ Found nonce: 36538
Failed to process block: invalid proof of work
Mining block at height 1...
✓ Found nonce: 2847
Failed to process block: invalid proof of work
Mining block at height 1...
✓ Found nonce: 12736
Failed to process block: invalid proof of work
Mining block at height 1...
✓ Found nonce: 68359
Failed to process block: invalid proof of work
Mining block at height 1...
✓ Found nonce: 51742
Failed to process block: invalid proof of work
Mining block at height 1...
✓ Found nonce: 64506
Failed to process block: invalid proof of work
Mining block at height 1...
✓ Found nonce: 219904
Failed to process block: invalid proof of work
Mining block at height 1...
✓ Found nonce: 81286
Failed to process block: invalid proof of work
Mining block at height 1...
✓ Found nonce: 88433
Failed to process block: invalid proof of work
Mining block at height 1...
✓ Found nonce: 100272
Failed to process block: invalid proof of work
Mining block at height 1...
✓ Found nonce: 26487
Failed to process block: invalid proof of work
Mining block at height 1...
✓ Found nonce: 35438
Failed to process block: invalid proof of work
Mining block at height 1...
✓ Found nonce: 48796
Failed to process block: invalid proof of work
Mining block at height 1...
✓ Found nonce: 82173
Failed to process block: invalid proof of work
Mining block at height 1...
✓ Found nonce: 93395
Failed to process block: invalid proof of work
Mining block at height 1...
✓ Found nonce: 98417
Failed to process block: invalid proof of work
Mining block at height 1...
✓ Found nonce: 3928
Failed to process block: invalid proof of work
Mining block at height 1...
✓ Found nonce: 118294
Failed to process block: invalid proof of work
Mining block at height 1...
✓ Found nonce: 17608
Failed to process block: invalid proof of work
Mining block at height 1...
✓ Found nonce: 13209
Failed to process block: invalid proof of work
Mining block at height 1...
✓ Found nonce: 48871
Failed to process block: invalid proof of work
Mining block at height 1...
✓ Found nonce: 12368
Failed to process block: invalid proof of work
Mining block at height 1...
✓ Found nonce: 1416
Failed to process block: invalid proof of work
Mining block at height 1...
✓ Found nonce: 21272
Failed to process block: invalid proof of work
Mining block at height 1...
✓ Found nonce: 6317
Failed to process block: invalid proof of work
Mining block at height 1...
✓ Found nonce: 100672
Failed to process block: invalid proof of work
Mining block at height 1...
✓ Found nonce: 60010
Failed to process block: invalid proof of work
Mining block at height 1...
✓ Found nonce: 10857
Failed to process block: invalid proof of work
Mining block at height 1...
✓ Found nonce: 92147
Failed to process block: invalid proof of work
Mining block at height 1...
✓ Found nonce: 26749
Failed to process block: invalid proof of work
Mining block at height 1...
✓ Found nonce: 16565
Failed to process block: invalid proof of work
Mining block at height 1...
✓ Found nonce: 75612
Failed to process block: invalid proof of work
Mining block at height 1...
✓ Found nonce: 127039
Failed to process block: invalid proof of work
Mining block at height 1...
✓ Found nonce: 41557
Failed to process block: invalid proof of work
Mining block at height 1...
✓ Found nonce: 81001
Failed to process block: invalid proof of work
Mining block at height 1...
✓ Found nonce: 10472
Failed to process block: invalid proof of work
Mining block at height 1...
✓ Found nonce: 16839
Failed to process block: invalid proof of work
Mining block at height 1...
✓ Found nonce: 35823
Failed to process block: invalid proof of work
Mining block at height 1...
✓ Found nonce: 25780
Failed to process block: invalid proof of work
Mining block at height 1...
✓ Found nonce: 59329
Failed to process block: invalid proof of work
Mining block at height 1...
✓ Found nonce: 82079
Failed to process block: invalid proof of work
Mining block at height 1...
✓ Found nonce: 1655
Failed to process block: invalid proof of work
Mining block at height 1...
✓ Found nonce: 69822
Failed to process block: invalid proof of work
Mining block at height 1...
✓ Found nonce: 16961
Failed to process block: invalid proof of work
Mining block at height 1...
✓ Found nonce: 1039
Failed to process block: invalid proof of work
Mining block at height 1...
✓ Found nonce: 18778
Failed to process block: invalid proof of work
Mining block at height 1...
✓ Found nonce: 47448
Failed to process block: invalid proof of work
Mining block at height 1...
✓ Found nonce: 22
Failed to process block: invalid proof of work
Mining block at height 1...
✓ Found nonce: 16515
Failed to process block: invalid proof of work
Mining block at height 1...
✓ Found nonce: 3080
Failed to process block: invalid proof of work
Mining block at height 1...
✓ Found nonce: 48361
Failed to process block: invalid proof of work
Mining block at height 1...
✓ Found nonce: 27869
Failed to process block: invalid proof of work
Mining block at height 1...
✓ Found nonce: 36830
Failed to process block: invalid proof of work
Mining block at height 1...
✓ Found nonce: 42913
Failed to process block: invalid proof of work
Mining block at height 1...
✓ Found nonce: 55744
Failed to process block: invalid proof of work
Mining block at height 1...
✓ Found nonce: 29401
Failed to process block: invalid proof of work
Mining block at height 1...
✓ Found nonce: 85508
Failed to process block: invalid proof of work
Mining block at height 1...
✓ Found nonce: 37253
Failed to process block: invalid proof of work
Mining block at height 1...
✓ Found nonce: 814
Failed to process block: invalid proof of work
Mining block at height 1...
✓ Found nonce: 32346
Failed to process block: invalid proof of work
Mining block at height 1...
✓ Found nonce: 161353
Failed to process block: invalid proof of work
Mining block at height 1...
✓ Found nonce: 39575
Failed to process block: invalid proof of work
Mining block at height 1...
✓ Found nonce: 17501
Failed to process block: invalid proof of work
Mining block at height 1...
✓ Found nonce: 44108
Failed to process block: invalid proof of work
Mining block at height 1...
✓ Found nonce: 135899
Failed to process block: invalid proof of work
Mining block at height 1...
✓ Found nonce: 227082
Failed to process block: invalid proof of work
Mining block at height 1...
✓ Found nonce: 445
Failed to process block: invalid proof of work
Mining block at height 1...
✓ Found nonce: 7017
Failed to process block: invalid proof of work
Mining block at height 1...
✓ Found nonce: 25258
Failed to process block: invalid proof of work
Mining block at height 1...
✓ Found nonce: 34734
Failed to process block: invalid proof of work
Mining block at height 1...
✓ Found nonce: 60111
Failed to process block: invalid proof of work
Mining block at height 1...
✓ Found nonce: 86666
Failed to process block: invalid proof of work
Mining block at height 1...
✓ Found nonce: 15486
Failed to process block: invalid proof of work
Mining block at height 1...
✓ Found nonce: 3877
Failed to process block: invalid proof of work
Mining block at height 1...
✓ Found nonce: 114009
Failed to process block: invalid proof of work
Mining block at height 1...
✓ Found nonce: 1479
Failed to process block: invalid proof of work
Mining block at height 1...
✓ Found nonce: 87336
Failed to process block: invalid proof of work
Mining block at height 1...
✓ Found nonce: 18337
Failed to process block: invalid proof of work
Mining block at height 1...
✓ Found nonce: 2822
Failed to process block: invalid proof of work
Mining block at height 1...
✓ Found nonce: 11371
Failed to process block: invalid proof of work
Mining block at height 1...
✓ Found nonce: 30840
Failed to process block: invalid proof of work
Mining block at height 1...
✓ Found nonce: 34230
Failed to process block: invalid proof of work
Mining block at height 1...
✓ Found nonce: 64277
Failed to process block: invalid proof of work
Mining block at height 1...
✓ Found nonce: 107520
Failed to process block: invalid proof of work
Mining block at height 1...
✓ Found nonce: 58460
Failed to process block: invalid proof of work
Mining block at height 1...
✓ Found nonce: 79450
Failed to process block: invalid proof of work
Mining block at height 1...
✓ Found nonce: 208868
Failed to process block: invalid proof of work
Mining block at height 1...
✓ Found nonce: 9434
Failed to process block: invalid proof of work
Mining block at height 1...
✓ Found nonce: 147217
Failed to process block: invalid proof of work
Mining block at height 1...
✓ Found nonce: 23142
Failed to process block: invalid proof of work
Mining block at height 1...
✓ Found nonce: 112704
Failed to process block: invalid proof of work
Mining block at height 1...
✓ Found nonce: 30892
Failed to process block: invalid proof of work
Mining block at height 1...
✓ Found nonce: 33980
Failed to process block: invalid proof of work
Mining block at height 1...
✓ Found nonce: 18722
Failed to process block: invalid proof of work
Mining block at height 1...
✓ Found nonce: 1227
Failed to process block: invalid proof of work
Mining block at height 1...
✓ Found nonce: 33115
Failed to process block: invalid proof of work
Mining block at height 1...
✓ Found nonce: 53906
Failed to process block: invalid proof of work
Mining block at height 1...
✓ Found nonce: 26688
Failed to process block: invalid proof of work
Mining block at height 1...
✓ Found nonce: 47382
Failed to process block: invalid proof of work
Mining block at height 1...
✓ Found nonce: 35806
Failed to process block: invalid proof of work
Mining block at height 1...
✓ Found nonce: 64877
Failed to process block: invalid proof of work
Mining block at height 1...
✓ Found nonce: 152724
Failed to process block: invalid proof of work
Mining block at height 1...
✓ Found nonce: 1094
Failed to process block: invalid proof of work
Mining block at height 1...
✓ Found nonce: 20439
Failed to process block: invalid proof of work
Mining block at height 1...
✓ Found nonce: 59682
Failed to process block: invalid proof of work
Mining block at height 1...
✓ Found nonce: 46489
Failed to process block: invalid proof of work
Mining block at height 1...
✓ Found nonce: 115865
Failed to process block: invalid proof of work
Mining block at height 1...
✓ Found nonce: 67833
Failed to process block: invalid proof of work
Mining block at height 1...
✓ Found nonce: 30255
Failed to process block: invalid proof of work
Mining block at height 1...
✓ Found nonce: 35951
Failed to process block: invalid proof of work
Mining block at height 1...
✓ Found nonce: 144411
Failed to process block: invalid proof of work
Mining block at height 1...
✓ Found nonce: 17396
Failed to process block: invalid proof of work
Mining block at height 1...
✓ Found nonce: 48917
Failed to process block: invalid proof of work
Mining block at height 1...
✓ Found nonce: 65536
Failed to process block: invalid proof of work
Mining block at height 1...
✓ Found nonce: 98600
Failed to process block: invalid proof of work
Mining block at height 1...
✓ Found nonce: 45501
Failed to process block: invalid proof of work
Mining block at height 1...
✓ Found nonce: 21457
Failed to process block: invalid proof of work
Mining block at height 1...
✓ Found nonce: 7674
Failed to process block: invalid proof of work
Mining block at height 1...
✓ Found nonce: 96513
Failed to process block: invalid proof of work
Mining block at height 1...
✓ Found nonce: 110548
Failed to process block: invalid proof of work
Mining block at height 1...
✓ Found nonce: 193546
Failed to process block: invalid proof of work
Mining block at height 1...
✓ Found nonce: 15424
Failed to process block: invalid proof of work
Mining block at height 1...
✓ Found nonce: 21845
Failed to process block: invalid proof of work
Mining block at height 1...
✓ Found nonce: 289670
Failed to process block: invalid proof of work
Mining block at height 1...
✓ Found nonce: 97585
Failed to process block: invalid proof of work
Mining block at height 1...
✓ Found nonce: 61098
Failed to process block: invalid proof of work
Mining block at height 1...
✓ Found nonce: 37926
Failed to process block: invalid proof of work
Mining block at height 1...
✓ Found nonce: 40779
Failed to process block: invalid proof of work
Mining block at height 1...
✓ Found nonce: 15248
Failed to process block: invalid proof of work
Mining block at height 1...
✓ Found nonce: 14790
Failed to process block: invalid proof of work
Mining block at height 1...
✓ Found nonce: 13231
Failed to process block: invalid proof of work
Mining block at height 1...
✓ Found nonce: 52363
Failed to process block: invalid proof of work
Mining block at height 1...
✓ Found nonce: 146141
Failed to process block: invalid proof of work
Mining block at height 1...
✓ Found nonce: 25377
Failed to process block: invalid proof of work
Mining block at height 1...
✓ Found nonce: 31414
Failed to process block: invalid proof of work
Mining block at height 1...
✓ Found nonce: 32495
Failed to process block: invalid proof of work
Mining block at height 1...
✓ Found nonce: 96315
Failed to process block: invalid proof of work
Mining block at height 1...
✓ Found nonce: 109878
Failed to process block: invalid proof of work
Mining block at height 1...
✓ Found nonce: 90785
Failed to process block: invalid proof of work
Mining block at height 1...
✓ Found nonce: 26842
Failed to process block: invalid proof of work
Mining block at height 1...
✓ Found nonce: 90526
Failed to process block: invalid proof of work
Mining block at height 1...
✓ Found nonce: 212557
Failed to process block: invalid proof of work
Mining block at height 1...
✓ Found nonce: 102380
Failed to process block: invalid proof of work
Mining block at height 1...
✓ Found nonce: 109136
Failed to process block: invalid proof of work
Mining block at height 1...
✓ Found nonce: 103273
Failed to process block: invalid proof of work
Mining block at height 1...
✓ Found nonce: 125235
Failed to process block: invalid proof of work
Mining block at height 1...
✓ Found nonce: 74595
Failed to process block: invalid proof of work
Mining block at height 1...
✓ Found nonce: 21215
Failed to process block: invalid proof of work
Mining block at height 1...
✓ Found nonce: 24412
Failed to process block: invalid proof of work
Mining block at height 1...
✓ Found nonce: 84555
Failed to process block: invalid proof of work
Mining block at height 1...
✓ Found nonce: 159364
Failed to process block: invalid proof of work
Mining block at height 1...
✓ Found nonce: 12101
Failed to process block: invalid proof of work
Mining block at height 1...
✓ Found nonce: 29551
Failed to process block: invalid proof of work
Mining block at height 1...
✓ Found nonce: 40942
Failed to process block: invalid proof of work
Mining block at height 1...
✓ Found nonce: 1803
Failed to process block: invalid proof of work
Mining block at height 1...
✓ Found nonce: 29448
Failed to process block: invalid proof of work
Mining block at height 1...
✓ Found nonce: 31336
Failed to process block: invalid proof of work
Mining block at height 1...
✓ Found nonce: 218440
Failed to process block: invalid proof of work
Mining block at height 1...
✓ Found nonce: 72249
Failed to process block: invalid proof of work
Mining block at height 1...
✓ Found nonce: 49172
Failed to process block: invalid proof of work
Mining block at height 1...
✓ Found nonce: 3991
Failed to process block: invalid proof of work
Mining block at height 1...
✓ Found nonce: 87649
Failed to process block: invalid proof of work
Mining block at height 1...
✓ Found nonce: 92515
Failed to process block: invalid proof of work
Mining block at height 1...
✓ Found nonce: 29743
Failed to process block: invalid proof of work
Mining block at height 1...
✓ Found nonce: 116899
Failed to process block: invalid proof of work
Mining block at height 1...
✓ Found nonce: 162678
Failed to process block: invalid proof of work
Mining block at height 1...
✓ Found nonce: 8989
Failed to process block: invalid proof of work
Mining block at height 1...
✓ Found nonce: 48453
Failed to process block: invalid proof of work
Mining block at height 1...
✓ Found nonce: 112340
Failed to process block: invalid proof of work
Mining block at height 1...
✓ Found nonce: 41316
Failed to process block: invalid proof of work
Mining block at height 1...
✓ Found nonce: 37511
Failed to process block: invalid proof of work
Mining block at height 1...
✓ Found nonce: 67953
Failed to process block: invalid proof of work
Mining block at height 1...
✓ Found nonce: 61792
Failed to process block: invalid proof of work
Mining block at height 1...
✓ Found nonce: 59833
Failed to process block: invalid proof of work
Mining block at height 1...
✓ Found nonce: 22306
Failed to process block: invalid proof of work
Mining block at height 1...
✓ Found nonce: 129937
Failed to process block: invalid proof of work
Mining block at height 1...
✓ Found nonce: 70660
Failed to process block: invalid proof of work
Mining block at height 1...
✓ Found nonce: 117581
Failed to process block: invalid proof of work
Mining block at height 1...
✓ Found nonce: 49843
Failed to process block: invalid proof of work
Mining block at height 1...
✓ Found nonce: 97803
Failed to process block: invalid proof of work
Mining block at height 1...
✓ Found nonce: 57084
Failed to process block: invalid proof of work
Mining block at height 1...
✓ Found nonce: 130832
Failed to process block: invalid proof of work
Mining block at height 1...
✓ Found nonce: 90009
Failed to process block: invalid proof of work
Mining block at height 1...
✓ Found nonce: 229947
Failed to process block: invalid proof of work
Mining block at height 1...
✓ Found nonce: 121866
Failed to process block: invalid proof of work
Mining block at height 1...
✓ Found nonce: 1573
Failed to process block: invalid proof of work
Mining block at height 1...
✓ Found nonce: 161291
Failed to process block: invalid proof of work
Mining block at height 1...
✓ Found nonce: 35181
Failed to process block: invalid proof of work
Mining block at height 1...
✓ Found nonce: 17128
Failed to process block: invalid proof of work
Mining block at height 1...
✓ Found nonce: 79174
Failed to process block: invalid proof of work
Mining block at height 1...
✓ Found nonce: 1443
Failed to process block: invalid proof of work
Mining block at height 1...
✓ Found nonce: 34682
Failed to process block: invalid proof of work
Mining block at height 1...
✓ Found nonce: 65735
Failed to process block: invalid proof of work
Mining block at height 1...
✓ Found nonce: 34189
Failed to process block: invalid proof of work
Mining block at height 1...
✓ Found nonce: 65297
Failed to process block: invalid proof of work
Mining block at height 1...
✓ Found nonce: 160359
Failed to process block: invalid proof of work
Mining block at height 1...
✓ Found nonce: 27713
Failed to process block: invalid proof of work
Mining block at height 1...
✓ Found nonce: 110278
Failed to process block: invalid proof of work
Mining block at height 1...
✓ Found nonce: 42557
Failed to process block: invalid proof of work
Mining block at height 1...
✓ Found nonce: 124230
Failed to process block: invalid proof of work
Mining block at height 1...
✓ Found nonce: 104033
Failed to process block: invalid proof of work
Mining block at height 1...
✓ Found nonce: 169041
Failed to process block: invalid proof of work
Mining block at height 1...
✓ Found nonce: 60472
Failed to process block: invalid proof of work
Mining block at height 1...
✓ Found nonce: 119738
Failed to process block: invalid proof of work
Mining block at height 1...
✓ Found nonce: 71645
Failed to process block: invalid proof of work
Mining block at height 1...
✓ Found nonce: 138888
Failed to process block: invalid proof of work
Mining block at height 1...
✓ Found nonce: 5377
Failed to process block: invalid proof of work
Mining block at height 1...
✓ Found nonce: 43786
Failed to process block: invalid proof of work
Mining block at height 1...
✓ Found nonce: 85386
Failed to process block: invalid proof of work
Mining block at height 1...
✓ Found nonce: 12701
Failed to process block: invalid proof of work
Mining block at height 1...
✓ Found nonce: 6370
Failed to process block: invalid proof of work
Mining block at height 1...
✓ Found nonce: 207655
Failed to process block: invalid proof of work
Mining block at height 1...
✓ Found nonce: 25470
Failed to process block: invalid proof of work
Mining block at height 1...
✓ Found nonce: 115508
Failed to process block: invalid proof of work
Mining block at height 1...
✓ Found nonce: 86471
Failed to process block: invalid proof of work
Mining block at height 1...
✓ Found nonce: 16754
Failed to process block: invalid proof of work
Mining block at height 1...
✓ Found nonce: 39528
Failed to process block: invalid proof of work
Mining block at height 1...
✓ Found nonce: 16941
Failed to process block: invalid proof of work
Mining block at height 1...
✓ Found nonce: 54914
Failed to process block: invalid proof of work
Mining block at height 1...
✓ Found nonce: 47854
Failed to process block: invalid proof of work
Mining block at height 1...
✓ Found nonce: 176690
Failed to process block: invalid proof of work
Mining block at height 1...
✓ Found nonce: 105506
Failed to process block: invalid proof of work
Mining block at height 1...
✓ Found nonce: 25253
Failed to process block: invalid proof of work
Mining block at height 1...
✓ Found nonce: 20263
Failed to process block: invalid proof of work
Mining block at height 1...
✓ Found nonce: 9282
Failed to process block: invalid proof of work
Mining block at height 1...
✓ Found nonce: 104302
Failed to process block: invalid proof of work
Mining block at height 1...
✓ Found nonce: 63261
Failed to process block: invalid proof of work
Mining block at height 1...
✓ Found nonce: 111896
Failed to process block: invalid proof of work
Mining block at height 1...
✓ Found nonce: 50497
Failed to process block: invalid proof of work
Mining block at height 1...
✓ Found nonce: 10330
Failed to process block: invalid proof of work
Mining block at height 1...
✓ Found nonce: 54490
Failed to process block: invalid proof of work
Mining block at height 1...
✓ Found nonce: 235137
Failed to process block: invalid proof of work
Mining block at height 1...
✓ Found nonce: 43874
Failed to process block: invalid proof of work
Mining block at height 1...
✓ Found nonce: 114623
Failed to process block: invalid proof of work
Mining block at height 1...
✓ Found nonce: 85833
Failed to process block: invalid proof of work
Mining block at height 1...
✓ Found nonce: 73286
Failed to process block: invalid proof of work
Mining block at height 1...
✓ Found nonce: 66924
Failed to process block: invalid proof of work
Mining block at height 1...
✓ Found nonce: 46421
Failed to process block: invalid proof of work
Mining block at height 1...
✓ Found nonce: 47288
Failed to process block: invalid proof of work
Mining block at height 1...
✓ Found nonce: 24297
Failed to process block: invalid proof of work
Mining block at height 1...
✓ Found nonce: 136342
Failed to process block: invalid proof of work
Mining block at height 1...
✓ Found nonce: 13760
Failed to process block: invalid proof of work
Mining block at height 1...
✓ Found nonce: 11065
Failed to process block: invalid proof of work
Mining block at height 1...
✓ Found nonce: 25770
Failed to process block: invalid proof of work
Mining block at height 1...
✓ Found nonce: 1055
Failed to process block: invalid proof of work
Mining block at height 1...
✓ Found nonce: 76976
Failed to process block: invalid proof of work
Mining block at height 1...
✓ Found nonce: 2466
Failed to process block: invalid proof of work
Mining block at height 1...
✓ Found nonce: 27153
Failed to process block: invalid proof of work
Mining block at height 1...
✓ Found nonce: 88349
Failed to process block: invalid proof of work
Mining block at height 1...
✓ Found nonce: 78402
Failed to process block: invalid proof of work
Mining block at height 1...
✓ Found nonce: 61517
Failed to process block: invalid proof of work
Mining block at height 1...
✓ Found nonce: 40274
Failed to process block: invalid proof of work
Mining block at height 1...
✓ Found nonce: 5289
Failed to process block: invalid proof of work
Mining block at height 1...
✓ Found nonce: 12521
Failed to process block: invalid proof of work
Mining block at height 1...
✓ Found nonce: 193498
Failed to process block: invalid proof of work
Mining block at height 1...
✓ Found nonce: 115248
Failed to process block: invalid proof of work
Mining block at height 1...
✓ Found nonce: 14172
Failed to process block: invalid proof of work
Mining block at height 1...
✓ Found nonce: 14012
Failed to process block: invalid proof of work
Mining block at height 1...
✓ Found nonce: 41149
Failed to process block: invalid proof of work
Mining block at height 1...
✓ Found nonce: 339499
Failed to process block: invalid proof of work
Mining block at height 1...
✓ Found nonce: 43398
Failed to process block: invalid proof of work
Mining block at height 1...
✓ Found nonce: 57893
Failed to process block: invalid proof of work
Mining block at height 1...
✓ Found nonce: 12637
Failed to process block: invalid proof of work
Mining block at height 1...
✓ Found nonce: 44067
Failed to process block: invalid proof of work
Mining block at height 1...
✓ Found nonce: 38105
Failed to process block: invalid proof of work
Mining block at height 1...
✓ Found nonce: 25480
Failed to process block: invalid proof of work
Mining block at height 1...
✓ Found nonce: 44201
Failed to process block: invalid proof of work
Mining block at height 1...
✓ Found nonce: 22209
Failed to process block: invalid proof of work
Mining block at height 1...
✓ Found nonce: 48777
Failed to process block: invalid proof of work
Mining block at height 1...
✓ Found nonce: 133505
Failed to process block: invalid proof of work
Mining block at height 1...
✓ Found nonce: 72096
Failed to process block: invalid proof of work
Mining block at height 1...
✓ Found nonce: 130570
Failed to process block: invalid proof of work
Mining block at height 1...
✓ Found nonce: 15602
Failed to process block: invalid proof of work
Mining block at height 1...
✓ Found nonce: 73593
Failed to process block: invalid proof of work
Mining block at height 1...
✓ Found nonce: 75655
Failed to process block: invalid proof of work
Mining block at height 1...
✓ Found nonce: 67922
Failed to process block: invalid proof of work
Mining block at height 1...
✓ Found nonce: 26257
Failed to process block: invalid proof of work
Mining block at height 1...
✓ Found nonce: 56451
Failed to process block: invalid proof of work
Mining block at height 1...
✓ Found nonce: 63494
Failed to process block: invalid proof of work
Mining block at height 1...
✓ Found nonce: 39058
Failed to process block: invalid proof of work
Mining block at height 1...
✓ Found nonce: 10875
Failed to process block: invalid proof of work
Mining block at height 1...
✓ Found nonce: 21548
Failed to process block: invalid proof of work
Mining block at height 1...
✓ Found nonce: 79681
Failed to process block: invalid proof of work
Mining block at height 1...
✓ Found nonce: 15734
Failed to process block: invalid proof of work
Mining block at height 1...
✓ Found nonce: 23745
Failed to process block: invalid proof of work
Mining block at height 1...
✓ Found nonce: 42490
Failed to process block: invalid proof of work
Mining block at height 1...
✓ Found nonce: 51464
Failed to process block: invalid proof of work
Mining block at height 1...
✓ Found nonce: 45841
Failed to process block: invalid proof of work
Mining block at height 1...
✓ Found nonce: 84553
Failed to process block: invalid proof of work
Mining block at height 1...
✓ Found nonce: 90490
Failed to process block: invalid proof of work
Mining block at height 1...
✓ Found nonce: 54132
Failed to process block: invalid proof of work
Mining block at height 1...
✓ Found nonce: 879
Failed to process block: invalid proof of work
Mining block at height 1...
✓ Found nonce: 48507
Failed to process block: invalid proof of work
Mining block at height 1...
✓ Found nonce: 50104
Failed to process block: invalid proof of work
Mining block at height 1...
✓ Found nonce: 81826
Failed to process block: invalid proof of work
Mining block at height 1...
✓ Found nonce: 168595
Failed to process block: invalid proof of work
Mining block at height 1...
✓ Found nonce: 25577
Failed to process block: invalid proof of work
Mining block at height 1...
✓ Found nonce: 36914
Failed to process block: invalid proof of work
Mining block at height 1...
✓ Found nonce: 25580
Failed to process block: invalid proof of work
Mining block at height 1...
✓ Found nonce: 3388
Failed to process block: invalid proof of work
Mining block at height 1...
✓ Found nonce: 13490
Failed to process block: invalid proof of work
Mining block at height 1...
✓ Found nonce: 130608
Failed to process block: invalid proof of work
Mining block at height 1...
✓ Found nonce: 24050
Failed to process block: invalid proof of work
Mining block at height 1...
✓ Found nonce: 76557
Failed to process block: invalid proof of work
Mining block at height 1...
✓ Found nonce: 140752
Failed to process block: invalid proof of work
Mining block at height 1...
✓ Found nonce: 59983
Failed to process block: invalid proof of work
Mining block at height 1...
✓ Found nonce: 74459
Failed to process block: invalid proof of work
Mining block at height 1...
✓ Found nonce: 43254
Failed to process block: invalid proof of work
Mining block at height 1...
✓ Found nonce: 79107
Failed to process block: invalid proof of work
Mining block at height 1...
✓ Found nonce: 43605
Failed to process block: invalid proof of work
Mining block at height 1...
✓ Found nonce: 33810
Failed to process block: invalid proof of work
Mining block at height 1...
✓ Found nonce: 23899
Failed to process block: invalid proof of work
Mining block at height 1...
✓ Found nonce: 36579
Failed to process block: invalid proof of work
Mining block at height 1...
✓ Found nonce: 35445
Failed to process block: invalid proof of work
Mining block at height 1...
✓ Found nonce: 27946
Failed to process block: invalid proof of work
Mining block at height 1...
✓ Found nonce: 12245
Failed to process block: invalid proof of work
Mining block at height 1...
✓ Found nonce: 54764
Failed to process block: invalid proof of work
Mining block at height 1...
✓ Found nonce: 55524
Failed to process block: invalid proof of work
Mining block at height 1...
✓ Found nonce: 76340
Failed to process block: invalid proof of work
Mining block at height 1...
✓ Found nonce: 62871
Failed to process block: invalid proof of work
Mining block at height 1...
✓ Found nonce: 16876
Failed to process block: invalid proof of work
Mining block at height 1...
✓ Found nonce: 4986
Failed to process block: invalid proof of work
Mining block at height 1...
✓ Found nonce: 164478
Failed to process block: invalid proof of work
Mining block at height 1...
✓ Found nonce: 301734
Failed to process block: invalid proof of work
Mining block at height 1...
✓ Found nonce: 11177
Failed to process block: invalid proof of work
Mining block at height 1...
✓ Found nonce: 1108
Failed to process block: invalid proof of work
Mining block at height 1...
✓ Found nonce: 48750
Failed to process block: invalid proof of work
Mining block at height 1...
✓ Found nonce: 111451
Failed to process block: invalid proof of work
Mining block at height 1...
✓ Found nonce: 106124
Failed to process block: invalid proof of work
Mining block at height 1...
✓ Found nonce: 57250
Failed to process block: invalid proof of work
Mining block at height 1...
✓ Found nonce: 21496
Failed to process block: invalid proof of work
Mining block at height 1...
✓ Found nonce: 29100
Failed to process block: invalid proof of work
Mining block at height 1...
✓ Found nonce: 25879
Failed to process block: invalid proof of work
Mining block at height 1...
✓ Found nonce: 80218
Failed to process block: invalid proof of work
Mining block at height 1...
✓ Found nonce: 52545
Failed to process block: invalid proof of work
Mining block at height 1...
✓ Found nonce: 221217
Failed to process block: invalid proof of work
Mining block at height 1...
✓ Found nonce: 12169
Failed to process block: invalid proof of work
Mining block at height 1...
✓ Found nonce: 85104
Failed to process block: invalid proof of work
Mining block at height 1...
✓ Found nonce: 59890
Failed to process block: invalid proof of work
Mining block at height 1...
✓ Found nonce: 12007
Failed to process block: invalid proof of work
Mining block at height 1...
✓ Found nonce: 85471
Failed to process block: invalid proof of work
Mining block at height 1...
✓ Found nonce: 64739
Failed to process block: invalid proof of work
Mining block at height 1...
✓ Found nonce: 78906
Failed to process block: invalid proof of work
Mining block at height 1...
✓ Found nonce: 87293
Failed to process block: invalid proof of work
Mining block at height 1...
✓ Found nonce: 19813
Failed to process block: invalid proof of work
Mining block at height 1...
✓ Found nonce: 62929
Failed to process block: invalid proof of work
Mining block at height 1...
✓ Found nonce: 24711
Failed to process block: invalid proof of work
Mining block at height 1...
✓ Found nonce: 19113
Failed to process block: invalid proof of work
Mining block at height 1...
✓ Found nonce: 98579
Failed to process block: invalid proof of work
Mining block at height 1...
✓ Found nonce: 78848
Failed to process block: invalid proof of work
Mining block at height 1...
✓ Found nonce: 14514
Failed to process block: invalid proof of work
Mining block at height 1...
✓ Found nonce: 159501
Failed to process block: invalid proof of work
Mining block at height 1...
✓ Found nonce: 49477
Failed to process block: invalid proof of work
Mining block at height 1...
✓ Found nonce: 115959
Failed to process block: invalid proof of work
Mining block at height 1...
✓ Found nonce: 1330
Failed to process block: invalid proof of work
Mining block at height 1...
✓ Found nonce: 85256
Failed to process block: invalid proof of work
Mining block at height 1...
✓ Found nonce: 54504
Failed to process block: invalid proof of work
Mining block at height 1...
✓ Found nonce: 27648
Failed to process block: invalid proof of work
Mining block at height 1...
✓ Found nonce: 109395
Failed to process block: invalid proof of work
Mining block at height 1...
✓ Found nonce: 80823
Failed to process block: invalid proof of work
Mining block at height 1...
✓ Found nonce: 101611
Failed to process block: invalid proof of work
Mining block at height 1...
✓ Found nonce: 35512
Failed to process block: invalid proof of work
Mining block at height 1...
✓ Found nonce: 57431
Failed to process block: invalid proof of work
Mining block at height 1...
✓ Found nonce: 94786
Failed to process block: invalid proof of work
Mining block at height 1...
✓ Found nonce: 150604
Failed to process block: invalid proof of work
Mining block at height 1...
✓ Found nonce: 4289
Failed to process block: invalid proof of work
Mining block at height 1...
✓ Found nonce: 25026
Failed to process block: invalid proof of work
Mining block at height 1...
✓ Found nonce: 59702
Failed to process block: invalid proof of work
Mining block at height 1...
✓ Found nonce: 84260
Failed to process block: invalid proof of work
Mining block at height 1...
✓ Found nonce: 47597
Failed to process block: invalid proof of work
Mining block at height 1...
✓ Found nonce: 18267
Failed to process block: invalid proof of work
Mining block at height 1...
✓ Found nonce: 88381
Failed to process block: invalid proof of work
Mining block at height 1...
✓ Found nonce: 14442
Failed to process block: invalid proof of work
Mining block at height 1...
✓ Found nonce: 109492
Failed to process block: invalid proof of work
Mining block at height 1...
✓ Found nonce: 204983
Failed to process block: invalid proof of work
Mining block at height 1...
✓ Found nonce: 107951
Failed to process block: invalid proof of work
Mining block at height 1...
✓ Found nonce: 118731
Failed to process block: invalid proof of work
Mining block at height 1...
✓ Found nonce: 12488
Failed to process block: invalid proof of work
Mining block at height 1...
✓ Found nonce: 12464
Failed to process block: invalid proof of work
Mining block at height 1...
✓ Found nonce: 161800
Failed to process block: invalid proof of work
Mining block at height 1...
✓ Found nonce: 101665
Failed to process block: invalid proof of work
Mining block at height 1...
✓ Found nonce: 54941
Failed to process block: invalid proof of work
Mining block at height 1...
✓ Found nonce: 46746
Failed to process block: invalid proof of work
Mining block at height 1...
✓ Found nonce: 76479
Failed to process block: invalid proof of work
Mining block at height 1...
✓ Found nonce: 20047
Failed to process block: invalid proof of work
Mining block at height 1...
✓ Found nonce: 8080
Failed to process block: invalid proof of work
Mining block at height 1...
✓ Found nonce: 36210
Failed to process block: invalid proof of work
Mining block at height 1...
✓ Found nonce: 127237
Failed to process block: invalid proof of work
Mining block at height 1...
✓ Found nonce: 188962
Failed to process block: invalid proof of work
Mining block at height 1...
✓ Found nonce: 55491
Failed to process block: invalid proof of work
Mining block at height 1...
✓ Found nonce: 47439
Failed to process block: invalid proof of work
Mining block at height 1...
✓ Found nonce: 30744
Failed to process block: invalid proof of work
Mining block at height 1...
✓ Found nonce: 47934
Failed to process block: invalid proof of work
Mining block at height 1...
✓ Found nonce: 42666
Failed to process block: invalid proof of work
Mining block at height 1...
✓ Found nonce: 65546
Failed to process block: invalid proof of work
Mining block at height 1...
✓ Found nonce: 3758
Failed to process block: invalid proof of work
Mining block at height 1...
✓ Found nonce: 56139
Failed to process block: invalid proof of work
Mining block at height 1...
✓ Found nonce: 56312
Failed to process block: invalid proof of work
Mining block at height 1...
✓ Found nonce: 179327
Failed to process block: invalid proof of work
Mining block at height 1...
✓ Found nonce: 9770
Failed to process block: invalid proof of work
Mining block at height 1...
✓ Found nonce: 62709
Failed to process block: invalid proof of work
Mining block at height 1...
✓ Found nonce: 11857
Failed to process block: invalid proof of work
Mining block at height 1...
✓ Found nonce: 66018
Failed to process block: invalid proof of work
Mining block at height 1...
✓ Found nonce: 106726
Failed to process block: invalid proof of work
Mining block at height 1...
✓ Found nonce: 97013
Failed to process block: invalid proof of work
Mining block at height 1...
✓ Found nonce: 57356
Failed to process block: invalid proof of work
Mining block at height 1...
✓ Found nonce: 72804
Failed to process block: invalid proof of work
Mining block at height 1...
✓ Found nonce: 85718
Failed to process block: invalid proof of work
Mining block at height 1...
✓ Found nonce: 59154
Failed to process block: invalid proof of work
Mining block at height 1...
✓ Found nonce: 12180
Failed to process block: invalid proof of work
Mining block at height 1...
✓ Found nonce: 5174
Failed to process block: invalid proof of work
Mining block at height 1...
✓ Found nonce: 87903
Failed to process block: invalid proof of work
Mining block at height 1...
✓ Found nonce: 20495
Failed to process block: invalid proof of work
Mining block at height 1...
✓ Found nonce: 9172
Failed to process block: invalid proof of work
Mining block at height 1...
✓ Found nonce: 22777
Failed to process block: invalid proof of work
Mining block at height 1...
✓ Found nonce: 11803
Failed to process block: invalid proof of work
Mining block at height 1...
✓ Found nonce: 1385
Failed to process block: invalid proof of work
Mining block at height 1...
✓ Found nonce: 3013
Failed to process block: invalid proof of work
Mining block at height 1...
✓ Found nonce: 3653
Failed to process block: invalid proof of work
Mining block at height 1...
✓ Found nonce: 142841
Failed to process block: invalid proof of work
Mining block at height 1...
✓ Found nonce: 24330
Failed to process block: invalid proof of work
Mining block at height 1...
✓ Found nonce: 123141
Failed to process block: invalid proof of work
Mining block at height 1...
✓ Found nonce: 22530
Failed to process block: invalid proof of work
Mining block at height 1...
✓ Found nonce: 17958
Failed to process block: invalid proof of work
Mining block at height 1...
✓ Found nonce: 62115
Failed to process block: invalid proof of work
Mining block at height 1...
✓ Found nonce: 228586
Failed to process block: invalid proof of work
Mining block at height 1...
✓ Found nonce: 75079
Failed to process block: invalid proof of work
Mining block at height 1...
✓ Found nonce: 3446
Failed to process block: invalid proof of work
Mining block at height 1...
✓ Found nonce: 42302
Failed to process block: invalid proof of work
Mining block at height 1...
✓ Found nonce: 41802
Failed to process block: invalid proof of work
Mining block at height 1...
✓ Found nonce: 70038
Failed to process block: invalid proof of work
Mining block at height 1...
✓ Found nonce: 115461
Failed to process block: invalid proof of work
Mining block at height 1...
✓ Found nonce: 8595
Failed to process block: invalid proof of work
Mining block at height 1...
✓ Found nonce: 8324
Failed to process block: invalid proof of work
Mining block at height 1...
✓ Found nonce: 113204
Failed to process block: invalid proof of work
Mining block at height 1...
✓ Found nonce: 2517
Failed to process block: invalid proof of work
Mining block at height 1...
✓ Found nonce: 122101
Failed to process block: invalid proof of work
Mining block at height 1...
✓ Found nonce: 48630
Failed to process block: invalid proof of work
Mining block at height 1...
✓ Found nonce: 54460
Failed to process block: invalid proof of work
Mining block at height 1...
✓ Found nonce: 1417
Failed to process block: invalid proof of work
Mining block at height 1...
✓ Found nonce: 151590
Failed to process block: invalid proof of work
Mining block at height 1...
✓ Found nonce: 56342
Failed to process block: invalid proof of work
Mining block at height 1...
✓ Found nonce: 7136
Failed to process block: invalid proof of work
Mining block at height 1...
✓ Found nonce: 6789
Failed to process block: invalid proof of work
Mining block at height 1...
✓ Found nonce: 51287
Failed to process block: invalid proof of work
Mining block at height 1...
✓ Found nonce: 34743
Failed to process block: invalid proof of work
Mining block at height 1...
✓ Found nonce: 38636
Failed to process block: invalid proof of work
Mining block at height 1...
✓ Found nonce: 37891
Failed to process block: invalid proof of work
Mining block at height 1...
✓ Found nonce: 151202
Failed to process block: invalid proof of work
Mining block at height 1...
✓ Found nonce: 59323
Failed to process block: invalid proof of work
Mining block at height 1...
✓ Found nonce: 25655
Failed to process block: invalid proof of work
Mining block at height 1...
✓ Found nonce: 25680
Failed to process block: invalid proof of work
Mining block at height 1...
✓ Found nonce: 17800
Failed to process block: invalid proof of work
Mining block at height 1...
✓ Found nonce: 69365
Failed to process block: invalid proof of work
Mining block at height 1...
✓ Found nonce: 5323
Failed to process block: invalid proof of work
Mining block at height 1...
✓ Found nonce: 3409
Failed to process block: invalid proof of work
Mining block at height 1...
✓ Found nonce: 20267
Failed to process block: invalid proof of work
Mining block at height 1...
✓ Found nonce: 22652
Failed to process block: invalid proof of work
Mining block at height 1...
✓ Found nonce: 42278
Failed to process block: invalid proof of work
Mining block at height 1...
✓ Found nonce: 71668
Failed to process block: invalid proof of work
Mining block at height 1...
✓ Found nonce: 1452
Failed to process block: invalid proof of work
Mining block at height 1...
✓ Found nonce: 64310
Failed to process block: invalid proof of work
Mining block at height 1...
✓ Found nonce: 19196
Failed to process block: invalid proof of work
Mining block at height 1...
✓ Found nonce: 79071
Failed to process block: invalid proof of work
Mining block at height 1...
✓ Found nonce: 408139
Failed to process block: invalid proof of work
Mining block at height 1...
✓ Found nonce: 4529
Failed to process block: invalid proof of work
Mining block at height 1...
✓ Found nonce: 8540
Failed to process block: invalid proof of work
Mining block at height 1...
✓ Found nonce: 42972
Failed to process block: invalid proof of work
Mining block at height 1...
✓ Found nonce: 107735
Failed to process block: invalid proof of work
Mining block at height 1...
✓ Found nonce: 40150
Failed to process block: invalid proof of work
Mining block at height 1...
✓ Found nonce: 5310
Failed to process block: invalid proof of work
Mining block at height 1...
✓ Found nonce: 67404
Failed to process block: invalid proof of work
Mining block at height 1...
✓ Found nonce: 52776
Failed to process block: invalid proof of work
Mining block at height 1...
✓ Found nonce: 3661
Failed to process block: invalid proof of work
Mining block at height 1...
✓ Found nonce: 76286
Failed to process block: invalid proof of work
Mining block at height 1...
✓ Found nonce: 122632
Failed to process block: invalid proof of work
Mining block at height 1...
✓ Found nonce: 301188
Failed to process block: invalid proof of work
Mining block at height 1...
✓ Found nonce: 39461
Failed to process block: invalid proof of work
Mining block at height 1...
✓ Found nonce: 225945
Failed to process block: invalid proof of work
Mining block at height 1...
✓ Found nonce: 73924
Failed to process block: invalid proof of work
Mining block at height 1...
✓ Found nonce: 188814
Failed to process block: invalid proof of work
Mining block at height 1...
✓ Found nonce: 37562
Failed to process block: invalid proof of work
Mining block at height 1...
✓ Found nonce: 15078
Failed to process block: invalid proof of work
Mining block at height 1...
✓ Found nonce: 36295
Failed to process block: invalid proof of work
Mining block at height 1...
✓ Found nonce: 35145
Failed to process block: invalid proof of work
Mining block at height 1...
✓ Found nonce: 5709
Failed to process block: invalid proof of work
Mining block at height 1...
✓ Found nonce: 171985
Failed to process block: invalid proof of work
Mining block at height 1...
✓ Found nonce: 84691
Failed to process block: invalid proof of work
Mining block at height 1...
✓ Found nonce: 7502
Failed to process block: invalid proof of work
Mining block at height 1...
✓ Found nonce: 6579
Failed to process block: invalid proof of work
Mining block at height 1...
✓ Found nonce: 56799
Failed to process block: invalid proof of work
Mining block at height 1...
✓ Found nonce: 30553
Failed to process block: invalid proof of work
Mining block at height 1...
✓ Found nonce: 183401
Failed to process block: invalid proof of work
Mining block at height 1...
✓ Found nonce: 101627
Failed to process block: invalid proof of work
Mining block at height 1...
✓ Found nonce: 1314
Failed to process block: invalid proof of work
Mining block at height 1...
✓ Found nonce: 57608
Failed to process block: invalid proof of work
Mining block at height 1...
✓ Found nonce: 20784
Failed to process block: invalid proof of work
Mining block at height 1...
✓ Found nonce: 8819
Failed to process block: invalid proof of work
Mining block at height 1...
✓ Found nonce: 47576
Failed to process block: invalid proof of work
Mining block at height 1...
✓ Found nonce: 11140
Failed to process block: invalid proof of work
Mining block at height 1...
✓ Found nonce: 39797
Failed to process block: invalid proof of work
Mining block at height 1...
✓ Found nonce: 67873
Failed to process block: invalid proof of work
Mining block at height 1...
✓ Found nonce: 49252
Failed to process block: invalid proof of work
Mining block at height 1...
✓ Found nonce: 60577
Failed to process block: invalid proof of work
Mining block at height 1...
✓ Found nonce: 39252
Failed to process block: invalid proof of work
Mining block at height 1...
✓ Found nonce: 26141
Failed to process block: invalid proof of work
Mining block at height 1...
✓ Found nonce: 5325
Failed to process block: invalid proof of work
Mining block at height 1...
✓ Found nonce: 9317
Failed to process block: invalid proof of work
Mining block at height 1...
✓ Found nonce: 164661
Failed to process block: invalid proof of work
Mining block at height 1...
✓ Found nonce: 20034
Failed to process block: invalid proof of work
Mining block at height 1...
✓ Found nonce: 8863
Failed to process block: invalid proof of work
Mining block at height 1...
✓ Found nonce: 49120
Failed to process block: invalid proof of work
Mining block at height 1...
✓ Found nonce: 5208
Failed to process block: invalid proof of work
Mining block at height 1...
✓ Found nonce: 32758
Failed to process block: invalid proof of work
Mining block at height 1...
✓ Found nonce: 267347
Failed to process block: invalid proof of work
Mining block at height 1...
✓ Found nonce: 37805
Failed to process block: invalid proof of work
Mining block at height 1...
✓ Found nonce: 6478
Failed to process block: invalid proof of work
Mining block at height 1...
✓ Found nonce: 69769
Failed to process block: invalid proof of work
Mining block at height 1...
✓ Found nonce: 72330
Failed to process block: invalid proof of work
Mining block at height 1...
✓ Found nonce: 157445
Failed to process block: invalid proof of work
Mining block at height 1...
✓ Found nonce: 116172
Failed to process block: invalid proof of work
Mining block at height 1...
✓ Found nonce: 32895
Failed to process block: invalid proof of work
Mining block at height 1...
✓ Found nonce: 5306
Failed to process block: invalid proof of work
Mining block at height 1...
✓ Found nonce: 33399
Failed to process block: invalid proof of work
Mining block at height 1...
✓ Found nonce: 39066
Failed to process block: invalid proof of work
Mining block at height 1...
✓ Found nonce: 46055
Failed to process block: invalid proof of work
Mining block at height 1...
✓ Found nonce: 208646
Failed to process block: invalid proof of work
Mining block at height 1...
✓ Found nonce: 5947
Failed to process block: invalid proof of work
Mining block at height 1...
✓ Found nonce: 21248
Failed to process block: invalid proof of work
Mining block at height 1...
✓ Found nonce: 37770
Failed to process block: invalid proof of work
Mining block at height 1...
✓ Found nonce: 71318
Failed to process block: invalid proof of work
Mining block at height 1...
✓ Found nonce: 49599
Failed to process block: invalid proof of work
Mining block at height 1...
✓ Found nonce: 64453
Failed to process block: invalid proof of work
Mining block at height 1...
✓ Found nonce: 45658
Failed to process block: invalid proof of work
Mining block at height 1...
✓ Found nonce: 30215
Failed to process block: invalid proof of work
Mining block at height 1...
✓ Found nonce: 112051
Failed to process block: invalid proof of work
Mining block at height 1...
✓ Found nonce: 14964
Failed to process block: invalid proof of work
Mining block at height 1...
✓ Found nonce: 28222
Failed to process block: invalid proof of work
Mining block at height 1...
✓ Found nonce: 40103
Failed to process block: invalid proof of work
Mining block at height 1...
✓ Found nonce: 151134
Failed to process block: invalid proof of work
Mining block at height 1...
✓ Found nonce: 51081
Failed to process block: invalid proof of work
Mining block at height 1...
✓ Found nonce: 28171
Failed to process block: invalid proof of work
Mining block at height 1...
✓ Found nonce: 22966
Failed to process block: invalid proof of work
Mining block at height 1...
✓ Found nonce: 178970
Failed to process block: invalid proof of work
Mining block at height 1...
✓ Found nonce: 11337
Failed to process block: invalid proof of work
Mining block at height 1...
✓ Found nonce: 91708
Failed to process block: invalid proof of work
Mining block at height 1...
✓ Found nonce: 1974
Failed to process block: invalid proof of work
Mining block at height 1...
✓ Found nonce: 17595
Failed to process block: invalid proof of work
Mining block at height 1...
✓ Found nonce: 57576
Failed to process block: invalid proof of work
Mining block at height 1...
✓ Found nonce: 26409
Failed to process block: invalid proof of work
Mining block at height 1...
✓ Found nonce: 254335
Failed to process block: invalid proof of work
Mining block at height 1...
✓ Found nonce: 28821
Failed to process block: invalid proof of work
Mining block at height 1...
✓ Found nonce: 127849
Failed to process block: invalid proof of work
Mining block at height 1...
✓ Found nonce: 56417
Failed to process block: invalid proof of work
Mining block at height 1...
✓ Found nonce: 43120
Failed to process block: invalid proof of work
Mining block at height 1...
✓ Found nonce: 70109
Failed to process block: invalid proof of work
Mining block at height 1...
✓ Found nonce: 35381
Failed to process block: invalid proof of work
Mining block at height 1...
✓ Found nonce: 16193
Failed to process block: invalid proof of work
Mining block at height 1...
✓ Found nonce: 28125
Failed to process block: invalid proof of work
Mining block at height 1...
✓ Found nonce: 42081
Failed to process block: invalid proof of work
Mining block at height 1...
✓ Found nonce: 136240
Failed to process block: invalid proof of work
Mining block at height 1...
✓ Found nonce: 37030
Failed to process block: invalid proof of work
Mining block at height 1...
✓ Found nonce: 13570
Failed to process block: invalid proof of work
Mining block at height 1...
✓ Found nonce: 6680
Failed to process block: invalid proof of work
Mining block at height 1...
✓ Found nonce: 64652
Failed to process block: invalid proof of work
Mining block at height 1...
✓ Found nonce: 108794
Failed to process block: invalid proof of work
Mining block at height 1...
✓ Found nonce: 98961
Failed to process block: invalid proof of work
Mining block at height 1...
✓ Found nonce: 37105
Failed to process block: invalid proof of work
Mining block at height 1...
✓ Found nonce: 109629
Failed to process block: invalid proof of work
Mining block at height 1...
✓ Found nonce: 28992
Failed to process block: invalid proof of work
Mining block at height 1...
✓ Found nonce: 27626
Failed to process block: invalid proof of work
Mining block at height 1...
✓ Found nonce: 16473
Failed to process block: invalid proof of work
Mining block at height 1...
✓ Found nonce: 63417
Failed to process block: invalid proof of work
Mining block at height 1...
✓ Found nonce: 182241
Failed to process block: invalid proof of work
Mining block at height 1...
✓ Found nonce: 19666
Failed to process block: invalid proof of work
Mining block at height 1...
✓ Found nonce: 25349
Failed to process block: invalid proof of work
Mining block at height 1...
✓ Found nonce: 63039
Failed to process block: invalid proof of work
Mining block at height 1...
✓ Found nonce: 71747
Failed to process block: invalid proof of work
Mining block at height 1...
✓ Found nonce: 8943
Failed to process block: invalid proof of work
Mining block at height 1...
✓ Found nonce: 34198
Failed to process block: invalid proof of work
Mining block at height 1...
✓ Found nonce: 204635
Failed to process block: invalid proof of work
Mining block at height 1...
✓ Found nonce: 64366
Failed to process block: invalid proof of work
Mining block at height 1...
✓ Found nonce: 43321
Failed to process block: invalid proof of work
Mining block at height 1...
✓ Found nonce: 41367
Failed to process block: invalid proof of work
Mining block at height 1...
✓ Found nonce: 42767
Failed to process block: invalid proof of work
Mining block at height 1...
✓ Found nonce: 83769
Failed to process block: invalid proof of work
Mining block at height 1...
✓ Found nonce: 296
Failed to process block: invalid proof of work
Mining block at height 1...
✓ Found nonce: 24544
Failed to process block: invalid proof of work
Mining block at height 1...
✓ Found nonce: 40949
Failed to process block: invalid proof of work
Mining block at height 1...
✓ Found nonce: 24564
Failed to process block: invalid proof of work
Mining block at height 1...
✓ Found nonce: 39427
Failed to process block: invalid proof of work
Mining block at height 1...
✓ Found nonce: 19368
Failed to process block: invalid proof of work
Mining block at height 1...
✓ Found nonce: 3118
Failed to process block: invalid proof of work
Mining block at height 1...
✓ Found nonce: 38670
Failed to process block: invalid proof of work
Mining block at height 1...
✓ Found nonce: 2758
Failed to process block: invalid proof of work
Mining block at height 1...
✓ Found nonce: 101849
Failed to process block: invalid proof of work
Mining block at height 1...
✓ Found nonce: 28866
Failed to process block: invalid proof of work
Mining block at height 1...
✓ Found nonce: 46034
Failed to process block: invalid proof of work
Mining block at height 1...
✓ Found nonce: 25392
Failed to process block: invalid proof of work
Mining block at height 1...
✓ Found nonce: 404304
Failed to process block: invalid proof of work
Mining block at height 1...
✓ Found nonce: 147215
Failed to process block: invalid proof of work
Mining block at height 1...
✓ Found nonce: 106066
Failed to process block: invalid proof of work
Mining block at height 1...
✓ Found nonce: 16767
Failed to process block: invalid proof of work
Mining block at height 1...
✓ Found nonce: 16067
Failed to process block: invalid proof of work
Mining block at height 1...
✓ Found nonce: 63332
Failed to process block: invalid proof of work
Mining block at height 1...
✓ Found nonce: 25282
Failed to process block: invalid proof of work
Mining block at height 1...
✓ Found nonce: 69097
Failed to process block: invalid proof of work
Mining block at height 1...
✓ Found nonce: 6304
Failed to process block: invalid proof of work
Mining block at height 1...
✓ Found nonce: 108692
Failed to process block: invalid proof of work
Mining block at height 1...
✓ Found nonce: 59344
Failed to process block: invalid proof of work
Mining block at height 1...
✓ Found nonce: 11347
Failed to process block: invalid proof of work
Mining block at height 1...
✓ Found nonce: 4266
Failed to process block: invalid proof of work
Mining block at height 1...
✓ Found nonce: 10668
Failed to process block: invalid proof of work
Mining block at height 1...
✓ Found nonce: 70658
Failed to process block: invalid proof of work
Mining block at height 1...
✓ Found nonce: 126629
Failed to process block: invalid proof of work
Mining block at height 1...
✓ Found nonce: 91899
Failed to process block: invalid proof of work
Mining block at height 1...
✓ Found nonce: 14257
Failed to process block: invalid proof of work
Mining block at height 1...
✓ Found nonce: 120916
Failed to process block: invalid proof of work
Mining block at height 1...
✓ Found nonce: 3614
Failed to process block: invalid proof of work
Mining block at height 1...
✓ Found nonce: 3725
Failed to process block: invalid proof of work
Mining block at height 1...
✓ Found nonce: 27891
Failed to process block: invalid proof of work
Mining block at height 1...
✓ Found nonce: 149535
Failed to process block: invalid proof of work
Mining block at height 1...
✓ Found nonce: 6563
Failed to process block: invalid proof of work
Mining block at height 1...
✓ Found nonce: 99469
Failed to process block: invalid proof of work
Mining block at height 1...
✓ Found nonce: 186729
Failed to process block: invalid proof of work
Mining block at height 1...
✓ Found nonce: 83124
Failed to process block: invalid proof of work
Mining block at height 1...
✓ Found nonce: 81067
Failed to process block: invalid proof of work
Mining block at height 1...
✓ Found nonce: 67477
Failed to process block: invalid proof of work
Mining block at height 1...
✓ Found nonce: 114237
Failed to process block: invalid proof of work
Mining block at height 1...
✓ Found nonce: 141311
Failed to process block: invalid proof of work
Mining block at height 1...
✓ Found nonce: 196445
Failed to process block: invalid proof of work
Mining block at height 1...
✓ Found nonce: 11221
Failed to process block: invalid proof of work
Mining block at height 1...
✓ Found nonce: 159912
Failed to process block: invalid proof of work
Mining block at height 1...
✓ Found nonce: 22097
Failed to process block: invalid proof of work
Mining block at height 1...
✓ Found nonce: 29811
Failed to process block: invalid proof of work
Mining block at height 1...
✓ Found nonce: 139918
Failed to process block: invalid proof of work
Mining block at height 1...
✓ Found nonce: 3305
Failed to process block: invalid proof of work
Mining block at height 1...
✓ Found nonce: 1363
Failed to process block: invalid proof of work
Mining block at height 1...
✓ Found nonce: 13586
Failed to process block: invalid proof of work
Mining block at height 1...
✓ Found nonce: 1625
Failed to process block: invalid proof of work
Mining block at height 1...
✓ Found nonce: 80051
Failed to process block: invalid proof of work
Mining block at height 1...
✓ Found nonce: 3685
Failed to process block: invalid proof of work
Mining block at height 1...
✓ Found nonce: 148548
Failed to process block: invalid proof of work
Mining block at height 1...
✓ Found nonce: 191290
Failed to process block: invalid proof of work
Mining block at height 1...
✓ Found nonce: 17092
Failed to process block: invalid proof of work
Mining block at height 1...
✓ Found nonce: 124388
Failed to process block: invalid proof of work
Mining block at height 1...
✓ Found nonce: 51719
Failed to process block: invalid proof of work
Mining block at height 1...
✓ Found nonce: 111184
Failed to process block: invalid proof of work
Mining block at height 1...
✓ Found nonce: 83908
Failed to process block: invalid proof of work
Mining block at height 1...
✓ Found nonce: 91187
Failed to process block: invalid proof of work
Mining block at height 1...
✓ Found nonce: 218490
Failed to process block: invalid proof of work
Mining block at height 1...
✓ Found nonce: 67130
Failed to process block: invalid proof of work
Mining block at height 1...
✓ Found nonce: 312904
Failed to process block: invalid proof of work
Mining block at height 1...
✓ Found nonce: 48576
Failed to process block: invalid proof of work
Mining block at height 1...
✓ Found nonce: 13186
Failed to process block: invalid proof of work
Mining block at height 1...
✓ Found nonce: 22616
Failed to process block: invalid proof of work
Mining block at height 1...
✓ Found nonce: 58237
Failed to process block: invalid proof of work
Mining block at height 1...
✓ Found nonce: 15070
Failed to process block: invalid proof of work
Mining block at height 1...
✓ Found nonce: 40091
Failed to process block: invalid proof of work
Mining block at height 1...
✓ Found nonce: 102333
Failed to process block: invalid proof of work
Mining block at height 1...
✓ Found nonce: 171270
Failed to process block: invalid proof of work
Mining block at height 1...
✓ Found nonce: 36598
Failed to process block: invalid proof of work
Mining block at height 1...
✓ Found nonce: 100766
Failed to process block: invalid proof of work
Mining block at height 1...
✓ Found nonce: 40566
Failed to process block: invalid proof of work
Mining block at height 1...
✓ Found nonce: 46459
Failed to process block: invalid proof of work
Mining block at height 1...
✓ Found nonce: 69291
Failed to process block: invalid proof of work
Mining block at height 1...
✓ Found nonce: 145022
Failed to process block: invalid proof of work
Mining block at height 1...
✓ Found nonce: 6163
Failed to process block: invalid proof of work
Mining block at height 1...
✓ Found nonce: 15231
Failed to process block: invalid proof of work
Mining block at height 1...
✓ Found nonce: 338672
Failed to process block: invalid proof of work
Mining block at height 1...
✓ Found nonce: 156087
Failed to process block: invalid proof of work
Mining block at height 1...
✓ Found nonce: 10727
Failed to process block: invalid proof of work
Mining block at height 1...
✓ Found nonce: 57193
Failed to process block: invalid proof of work
Mining block at height 1...
✓ Found nonce: 39559
Failed to process block: invalid proof of work
Mining block at height 1...
✓ Found nonce: 130995
Failed to process block: invalid proof of work
Mining block at height 1...
✓ Found nonce: 73692
Failed to process block: invalid proof of work
Mining block at height 1...
✓ Found nonce: 8969
Failed to process block: invalid proof of work
Mining block at height 1...
✓ Found nonce: 55394
Failed to process block: invalid proof of work
Mining block at height 1...
✓ Found nonce: 66088
Failed to process block: invalid proof of work
Mining block at height 1...
✓ Found nonce: 18676
Failed to process block: invalid proof of work
Mining block at height 1...
✓ Found nonce: 6097
Failed to process block: invalid proof of work
Mining block at height 1...
✓ Found nonce: 32571
Failed to process block: invalid proof of work
Mining block at height 1...
✓ Found nonce: 185488
Failed to process block: invalid proof of work
Mining block at height 1...
✓ Found nonce: 148933
Failed to process block: invalid proof of work
Mining block at height 1...
✓ Found nonce: 135164
Failed to process block: invalid proof of work
Mining block at height 1...
✓ Found nonce: 51456
Failed to process block: invalid proof of work
Mining block at height 1...
✓ Found nonce: 50533
Failed to process block: invalid proof of work
Mining block at height 1...
✓ Found nonce: 29160
Failed to process block: invalid proof of work
Mining block at height 1...
✓ Found nonce: 338265
Failed to process block: invalid proof of work
Mining block at height 1...
✓ Found nonce: 61642
Failed to process block: invalid proof of work
Mining block at height 1...
✓ Found nonce: 25125
Failed to process block: invalid proof of work
Mining block at height 1...
✓ Found nonce: 26600
Failed to process block: invalid proof of work
Mining block at height 1...
✓ Found nonce: 48463
Failed to process block: invalid proof of work
Mining block at height 1...
✓ Found nonce: 641
Failed to process block: invalid proof of work
Mining block at height 1...
✓ Found nonce: 17235
Failed to process block: invalid proof of work
Mining block at height 1...
✓ Found nonce: 15989
Failed to process block: invalid proof of work
Mining block at height 1...
✓ Found nonce: 43434
Failed to process block: invalid proof of work
Mining block at height 1...
✓ Found nonce: 39200
Failed to process block: invalid proof of work
Mining block at height 1...
✓ Found nonce: 45270
Failed to process block: invalid proof of work
Mining block at height 1...
✓ Found nonce: 60069
Failed to process block: invalid proof of work
Mining block at height 1...
✓ Found nonce: 2868
Failed to process block: invalid proof of work
Mining block at height 1...
✓ Found nonce: 39230
Failed to process block: invalid proof of work
Mining block at height 1...
✓ Found nonce: 1641
Failed to process block: invalid proof of work
Mining block at height 1...
✓ Found nonce: 83777
Failed to process block: invalid proof of work
Mining block at height 1...
✓ Found nonce: 106562
Failed to process block: invalid proof of work
Mining block at height 1...
✓ Found nonce: 102672
Failed to process block: invalid proof of work
Mining block at height 1...
✓ Found nonce: 106391
Failed to process block: invalid proof of work
Mining block at height 1...
✓ Found nonce: 233904
Failed to process block: invalid proof of work
Mining block at height 1...
✓ Found nonce: 43917
Failed to process block: invalid proof of work
Mining block at height 1...
✓ Found nonce: 213939
Failed to process block: invalid proof of work
Mining block at height 1...
✓ Found nonce: 7791
Failed to process block: invalid proof of work
Mining block at height 1...
✓ Found nonce: 87667
Failed to process block: invalid proof of work
Mining block at height 1...
✓ Found nonce: 90074
Failed to process block: invalid proof of work
Mining block at height 1...
✓ Found nonce: 17694
Failed to process block: invalid proof of work
Mining block at height 1...
✓ Found nonce: 51334
Failed to process block: invalid proof of work
Mining block at height 1...
✓ Found nonce: 30061
Failed to process block: invalid proof of work
Mining block at height 1...
✓ Found nonce: 8682
Failed to process block: invalid proof of work
Mining block at height 1...
✓ Found nonce: 65343
Failed to process block: invalid proof of work
Mining block at height 1...
✓ Found nonce: 62533
Failed to process block: invalid proof of work
Mining block at height 1...
✓ Found nonce: 15680
Failed to process block: invalid proof of work
Mining block at height 1...
✓ Found nonce: 7037
Failed to process block: invalid proof of work
Mining block at height 1...
✓ Found nonce: 140009
Failed to process block: invalid proof of work
Mining block at height 1...
✓ Found nonce: 64968
Failed to process block: invalid proof of work
Mining block at height 1...
✓ Found nonce: 18796
Failed to process block: invalid proof of work
Mining block at height 1...
✓ Found nonce: 204687
Failed to process block: invalid proof of work
Mining block at height 1...
✓ Found nonce: 609
Failed to process block: invalid proof of work
Mining block at height 1...
✓ Found nonce: 1264
Failed to process block: invalid proof of work
Mining block at height 1...
✓ Found nonce: 48356
Failed to process block: invalid proof of work
Mining block at height 1...
✓ Found nonce: 20828
Failed to process block: invalid proof of work
Mining block at height 1...
✓ Found nonce: 61702
Failed to process block: invalid proof of work
Mining block at height 1...
✓ Found nonce: 66268
Failed to process block: invalid proof of work
Mining block at height 1...
✓ Found nonce: 77171
Failed to process block: invalid proof of work
Mining block at height 1...
✓ Found nonce: 195883
Failed to process block: invalid proof of work
Mining block at height 1...
✓ Found nonce: 133016
Failed to process block: invalid proof of work
Mining block at height 1...
✓ Found nonce: 41199
Failed to process block: invalid proof of work
Mining block at height 1...
✓ Found nonce: 27617
Failed to process block: invalid proof of work
Mining block at height 1...
✓ Found nonce: 11515
Failed to process block: invalid proof of work
Mining block at height 1...
✓ Found nonce: 290
Failed to process block: invalid proof of work
Mining block at height 1...
✓ Found nonce: 11203
Failed to process block: invalid proof of work
Mining block at height 1...
✓ Found nonce: 21839
Failed to process block: invalid proof of work
Mining block at height 1...
✓ Found nonce: 50041
Failed to process block: invalid proof of work
Mining block at height 1...
✓ Found nonce: 59638
Failed to process block: invalid proof of work
Mining block at height 1...
✓ Found nonce: 126150
Failed to process block: invalid proof of work
Mining block at height 1...
✓ Found nonce: 16528
Failed to process block: invalid proof of work
Mining block at height 1...
✓ Found nonce: 70262
Failed to process block: invalid proof of work
Mining block at height 1...
✓ Found nonce: 30342
Failed to process block: invalid proof of work
Mining block at height 1...
✓ Found nonce: 179899
Failed to process block: invalid proof of work
Mining block at height 1...
✓ Found nonce: 60593
Failed to process block: invalid proof of work
Mining block at height 1...
✓ Found nonce: 8901
Failed to process block: invalid proof of work
Mining block at height 1...
✓ Found nonce: 7466
Failed to process block: invalid proof of work
Mining block at height 1...
✓ Found nonce: 32978
Failed to process block: invalid proof of work
Mining block at height 1...
✓ Found nonce: 74092
Failed to process block: invalid proof of work
Mining block at height 1...
✓ Found nonce: 12737
Failed to process block: invalid proof of work
Mining block at height 1...
✓ Found nonce: 97419
Failed to process block: invalid proof of work
Mining block at height 1...
✓ Found nonce: 3910
Failed to process block: invalid proof of work
Mining block at height 1...
✓ Found nonce: 22510
Failed to process block: invalid proof of work
Mining block at height 1...
✓ Found nonce: 52186
Failed to process block: invalid proof of work
Mining block at height 1...
✓ Found nonce: 37029
Failed to process block: invalid proof of work
Mining block at height 1...
✓ Found nonce: 115535
Failed to process block: invalid proof of work
Mining block at height 1...
✓ Found nonce: 59204
Failed to process block: invalid proof of work
Mining block at height 1...
✓ Found nonce: 47938
Failed to process block: invalid proof of work
Mining block at height 1...
✓ Found nonce: 55875
Failed to process block: invalid proof of work
Mining block at height 1...
✓ Found nonce: 25228
Failed to process block: invalid proof of work
Mining block at height 1...
✓ Found nonce: 40627
Failed to process block: invalid proof of work
Mining block at height 1...
✓ Found nonce: 11764
Failed to process block: invalid proof of work
Mining block at height 1...
✓ Found nonce: 61248
Failed to process block: invalid proof of work
Mining block at height 1...
✓ Found nonce: 20190
Failed to process block: invalid proof of work
Mining block at height 1...
✓ Found nonce: 20278
Failed to process block: invalid proof of work
Mining block at height 1...
✓ Found nonce: 158738
Failed to process block: invalid proof of work
Mining block at height 1...
✓ Found nonce: 41997
Failed to process block: invalid proof of work
Mining block at height 1...
✓ Found nonce: 58276
Failed to process block: invalid proof of work
Mining block at height 1...
✓ Found nonce: 13111
Failed to process block: invalid proof of work
Mining block at height 1...
✓ Found nonce: 82447
Failed to process block: invalid proof of work
Mining block at height 1...
✓ Found nonce: 134672
Failed to process block: invalid proof of work
Mining block at height 1...
✓ Found nonce: 687
Failed to process block: invalid proof of work
Mining block at height 1...
✓ Found nonce: 52763
Failed to process block: invalid proof of work
Mining block at height 1...
✓ Found nonce: 77055
Failed to process block: invalid proof of work
Mining block at height 1...
✓ Found nonce: 105034
Failed to process block: invalid proof of work
Mining block at height 1...
✓ Found nonce: 112074
Failed to process block: invalid proof of work
Mining block at height 1...
✓ Found nonce: 27395
Failed to process block: invalid proof of work
Mining block at height 1...
✓ Found nonce: 112303
Failed to process block: invalid proof of work
Mining block at height 1...
✓ Found nonce: 24813
Failed to process block: invalid proof of work
Mining block at height 1...
✓ Found nonce: 149753
Failed to process block: invalid proof of work
Mining block at height 1...
✓ Found nonce: 26563
Failed to process block: invalid proof of work
Mining block at height 1...
✓ Found nonce: 11686
Failed to process block: invalid proof of work
Mining block at height 1...
✓ Found nonce: 93565
Failed to process block: invalid proof of work
Mining block at height 1...
✓ Found nonce: 19922
Failed to process block: invalid proof of work
Mining block at height 1...
✓ Found nonce: 27876
Failed to process block: invalid proof of work
Mining block at height 1...
✓ Found nonce: 4809
Failed to process block: invalid proof of work
Mining block at height 1...
✓ Found nonce: 13264
Failed to process block: invalid proof of work
Mining block at height 1...
✓ Found nonce: 91058
Failed to process block: invalid proof of work
Mining block at height 1...
✓ Found nonce: 40335
Failed to process block: invalid proof of work
Mining block at height 1...
✓ Found nonce: 141026
Failed to process block: invalid proof of work
Mining block at height 1...
✓ Found nonce: 67587
Failed to process block: invalid proof of work
Mining block at height 1...
✓ Found nonce: 48028
Failed to process block: invalid proof of work
Mining block at height 1...
✓ Found nonce: 23093
Failed to process block: invalid proof of work
Mining block at height 1...
✓ Found nonce: 136979
Failed to process block: invalid proof of work
Mining block at height 1...
✓ Found nonce: 50216
Failed to process block: invalid proof of work
Mining block at height 1...
✓ Found nonce: 127547
Failed to process block: invalid proof of work
Mining block at height 1...
✓ Found nonce: 56851
Failed to process block: invalid proof of work
Mining block at height 1...
✓ Found nonce: 80474
Failed to process block: invalid proof of work
Mining block at height 1...
✓ Found nonce: 52893
Failed to process block: invalid proof of work
Mining block at height 1...
✓ Found nonce: 32152
Failed to process block: invalid proof of work
Mining block at height 1...
✓ Found nonce: 16158
Failed to process block: invalid proof of work
Mining block at height 1...
✓ Found nonce: 94764
Failed to process block: invalid proof of work
Mining block at height 1...
✓ Found nonce: 16422
Failed to process block: invalid proof of work
Mining block at height 1...
✓ Found nonce: 69541
Failed to process block: invalid proof of work
Mining block at height 1...
✓ Found nonce: 193649
Failed to process block: invalid proof of work
Mining block at height 1...
✓ Found nonce: 46926
Failed to process block: invalid proof of work
Mining block at height 1...
✓ Found nonce: 53814
Failed to process block: invalid proof of work
Mining block at height 1...
✓ Found nonce: 16372
Failed to process block: invalid proof of work
Mining block at height 1...
✓ Found nonce: 11501
Failed to process block: invalid proof of work
Mining block at height 1...
✓ Found nonce: 90589
Failed to process block: invalid proof of work
Mining block at height 1...
✓ Found nonce: 12215
Failed to process block: invalid proof of work
Mining block at height 1...
✓ Found nonce: 194365
Failed to process block: invalid proof of work
Mining block at height 1...
✓ Found nonce: 49588
Failed to process block: invalid proof of work
Mining block at height 1...
✓ Found nonce: 13528
Failed to process block: invalid proof of work
Mining block at height 1...
✓ Found nonce: 3823
Failed to process block: invalid proof of work
Mining block at height 1...
✓ Found nonce: 397660
Failed to process block: invalid proof of work
Mining block at height 1...
✓ Found nonce: 23344
Failed to process block: invalid proof of work
Mining block at height 1...
✓ Found nonce: 11689
Failed to process block: invalid proof of work
Mining block at height 1...
✓ Found nonce: 109971
Failed to process block: invalid proof of work
Mining block at height 1...
✓ Found nonce: 17310
Failed to process block: invalid proof of work
Mining block at height 1...
✓ Found nonce: 15048
Failed to process block: invalid proof of work
Mining block at height 1...
✓ Found nonce: 250652
Failed to process block: invalid proof of work
Mining block at height 1...
✓ Found nonce: 41267
Failed to process block: invalid proof of work
Mining block at height 1...
✓ Found nonce: 77875
Failed to process block: invalid proof of work
Mining block at height 1...
✓ Found nonce: 66657
Failed to process block: invalid proof of work
Mining block at height 1...
✓ Found nonce: 27624
Failed to process block: invalid proof of work
Mining block at height 1...
✓ Found nonce: 144581
Failed to process block: invalid proof of work
Mining block at height 1...
✓ Found nonce: 39438
Failed to process block: invalid proof of work
Mining block at height 1...
✓ Found nonce: 55813
Failed to process block: invalid proof of work
Mining block at height 1...
✓ Found nonce: 109764
Failed to process block: invalid proof of work
Mining block at height 1...
✓ Found nonce: 35344
Failed to process block: invalid proof of work
Mining block at height 1...
✓ Found nonce: 18207
Failed to process block: invalid proof of work
Mining block at height 1...
✓ Found nonce: 27221
Failed to process block: invalid proof of work
Mining block at height 1...
✓ Found nonce: 39756
Failed to process block: invalid proof of work
Mining block at height 1...
✓ Found nonce: 131098
Failed to process block: invalid proof of work
Mining block at height 1...
✓ Found nonce: 74178
Failed to process block: invalid proof of work
Mining block at height 1...
✓ Found nonce: 94199
Failed to process block: invalid proof of work
Mining block at height 1...
✓ Found nonce: 17336
Failed to process block: invalid proof of work
Mining block at height 1...
✓ Found nonce: 36816
Failed to process block: invalid proof of work
Mining block at height 1...
✓ Found nonce: 12778
Failed to process block: invalid proof of work
Mining block at height 1...
✓ Found nonce: 54502
Failed to process block: invalid proof of work
Mining block at height 1...
✓ Found nonce: 78
Failed to process block: invalid proof of work
Mining block at height 1...
✓ Found nonce: 21160
Failed to process block: invalid proof of work
Mining block at height 1...
✓ Found nonce: 85795
Failed to process block: invalid proof of work
Mining block at height 1...
✓ Found nonce: 22919
Failed to process block: invalid proof of work
Mining block at height 1...
✓ Found nonce: 63640
Failed to process block: invalid proof of work
Mining block at height 1...
✓ Found nonce: 16066
Failed to process block: invalid proof of work
Mining block at height 1...
✓ Found nonce: 260950
Failed to process block: invalid proof of work
Mining block at height 1...
✓ Found nonce: 120756
Failed to process block: invalid proof of work
Mining block at height 1...
✓ Found nonce: 55403
Failed to process block: invalid proof of work
Mining block at height 1...
✓ Found nonce: 59630
Failed to process block: invalid proof of work
Mining block at height 1...
✓ Found nonce: 2634
Failed to process block: invalid proof of work
Mining block at height 1...
✓ Found nonce: 3552
Failed to process block: invalid proof of work
Mining block at height 1...
✓ Found nonce: 16032
Failed to process block: invalid proof of work
Mining block at height 1...
✓ Found nonce: 11694
Failed to process block: invalid proof of work
Mining block at height 1...
✓ Found nonce: 46246
Failed to process block: invalid proof of work
Mining block at height 1...
✓ Found nonce: 77445
Failed to process block: invalid proof of work
Mining block at height 1...
✓ Found nonce: 28825
Failed to process block: invalid proof of work
Mining block at height 1...
✓ Found nonce: 21791
Failed to process block: invalid proof of work
Mining block at height 1...
✓ Found nonce: 142075
Failed to process block: invalid proof of work
Mining block at height 1...
✓ Found nonce: 130852
Failed to process block: invalid proof of work
Mining block at height 1...
✓ Found nonce: 37736
Failed to process block: invalid proof of work
Mining block at height 1...
✓ Found nonce: 243609
Failed to process block: invalid proof of work
Mining block at height 1...
✓ Found nonce: 15509
Failed to process block: invalid proof of work
Mining block at height 1...
✓ Found nonce: 76516
Failed to process block: invalid proof of work
Mining block at height 1...
✓ Found nonce: 6866
Failed to process block: invalid proof of work
Mining block at height 1...
✓ Found nonce: 59903
Failed to process block: invalid proof of work
Mining block at height 1...
✓ Found nonce: 87542
Failed to process block: invalid proof of work
Mining block at height 1...
✓ Found nonce: 7534
Failed to process block: invalid proof of work
Mining block at height 1...
✓ Found nonce: 87748
Failed to process block: invalid proof of work
Mining block at height 1...
✓ Found nonce: 11444
Failed to process block: invalid proof of work
Mining block at height 1...
✓ Found nonce: 54940
Failed to process block: invalid proof of work
Mining block at height 1...
✓ Found nonce: 25271
Failed to process block: invalid proof of work
Mining block at height 1...
✓ Found nonce: 71548
Failed to process block: invalid proof of work
Mining block at height 1...
✓ Found nonce: 41229
Failed to process block: invalid proof of work
Mining block at height 1...
✓ Found nonce: 259360
Failed to process block: invalid proof of work
Mining block at height 1...
✓ Found nonce: 4158
Failed to process block: invalid proof of work
Mining block at height 1...
✓ Found nonce: 156279
Failed to process block: invalid proof of work
Mining block at height 1...
✓ Found nonce: 16784
Failed to process block: invalid proof of work
Mining block at height 1...
✓ Found nonce: 24790
Failed to process block: invalid proof of work
Mining block at height 1...
✓ Found nonce: 41202
Failed to process block: invalid proof of work
Mining block at height 1...
✓ Found nonce: 40977
Failed to process block: invalid proof of work
Mining block at height 1...
✓ Found nonce: 8402
Failed to process block: invalid proof of work
Mining block at height 1...
✓ Found nonce: 63386
Failed to process block: invalid proof of work
Mining block at height 1...
✓ Found nonce: 13748
Failed to process block: invalid proof of work
Mining block at height 1...
✓ Found nonce: 91998
Failed to process block: invalid proof of work
Mining block at height 1...
✓ Found nonce: 23330
Failed to process block: invalid proof of work
Mining block at height 1...
✓ Found nonce: 48439
Failed to process block: invalid proof of work
Mining block at height 1...
✓ Found nonce: 14017
Failed to process block: invalid proof of work
Mining block at height 1...
✓ Found nonce: 98699
Failed to process block: invalid proof of work
Mining block at height 1...
✓ Found nonce: 39083
Failed to process block: invalid proof of work
Mining block at height 1...
✓ Found nonce: 118179
Failed to process block: invalid proof of work
Mining block at height 1...
✓ Found nonce: 980
Failed to process block: invalid proof of work
Mining block at height 1...
✓ Found nonce: 58974
Failed to process block: invalid proof of work
Mining block at height 1...
✓ Found nonce: 219580
Failed to process block: invalid proof of work
Mining block at height 1...
✓ Found nonce: 82683
Failed to process block: invalid proof of work
Mining block at height 1...
✓ Found nonce: 106759
Failed to process block: invalid proof of work
Mining block at height 1...
✓ Found nonce: 180956
Failed to process block: invalid proof of work
Mining block at height 1...
✓ Found nonce: 15678
Failed to process block: invalid proof of work
Mining block at height 1...
✓ Found nonce: 169898
Failed to process block: invalid proof of work
Mining block at height 1...
✓ Found nonce: 25854
Failed to process block: invalid proof of work
Mining block at height 1...
✓ Found nonce: 7872
Failed to process block: invalid proof of work
Mining block at height 1...
✓ Found nonce: 110836
Failed to process block: invalid proof of work
Mining block at height 1...
✓ Found nonce: 20376
Failed to process block: invalid proof of work
Mining block at height 1...
✓ Found nonce: 43952
Failed to process block: invalid proof of work
Mining block at height 1...
✓ Found nonce: 198182
Failed to process block: invalid proof of work
Mining block at height 1...
✓ Found nonce: 16249
Failed to process block: invalid proof of work
Mining block at height 1...
✓ Found nonce: 55779
Failed to process block: invalid proof of work
Mining block at height 1...
✓ Found nonce: 81729
Failed to process block: invalid proof of work
Mining block at height 1...
✓ Found nonce: 45816
Failed to process block: invalid proof of work
Mining block at height 1...
✓ Found nonce: 275750
Failed to process block: invalid proof of work
Mining block at height 1...
✓ Found nonce: 63269
Failed to process block: invalid proof of work
Mining block at height 1...
✓ Found nonce: 43776
Failed to process block: invalid proof of work
Mining block at height 1...
✓ Found nonce: 180340
Failed to process block: invalid proof of work
Mining block at height 1...
✓ Found nonce: 41296
Failed to process block: invalid proof of work
Mining block at height 1...
✓ Found nonce: 83436
Failed to process block: invalid proof of work
Mining block at height 1...
✓ Found nonce: 33059
Failed to process block: invalid proof of work
Mining block at height 1...
✓ Found nonce: 61631
Failed to process block: invalid proof of work
Mining block at height 1...
✓ Found nonce: 75
Failed to process block: invalid proof of work
Mining block at height 1...
✓ Found nonce: 338
Failed to process block: invalid proof of work
Mining block at height 1...
✓ Found nonce: 19985
Failed to process block: invalid proof of work
Mining block at height 1...
✓ Found nonce: 22225
Failed to process block: invalid proof of work
Mining block at height 1...
✓ Found nonce: 86242
Failed to process block: invalid proof of work
Mining block at height 1...
✓ Found nonce: 61424
Failed to process block: invalid proof of work
Mining block at height 1...
✓ Found nonce: 63408
Failed to process block: invalid proof of work
Mining block at height 1...
✓ Found nonce: 28273
Failed to process block: invalid proof of work
Mining block at height 1...
✓ Found nonce: 44544
Failed to process block: invalid proof of work
Mining block at height 1...
✓ Found nonce: 23901
Failed to process block: invalid proof of work
Mining block at height 1...
✓ Found nonce: 23417
Failed to process block: invalid proof of work
Mining block at height 1...
✓ Found nonce: 304301
Failed to process block: invalid proof of work
Mining block at height 1...
✓ Found nonce: 112260
Failed to process block: invalid proof of work
Mining block at height 1...
✓ Found nonce: 110243
Failed to process block: invalid proof of work
Mining block at height 1...
✓ Found nonce: 69641
Failed to process block: invalid proof of work
Mining block at height 1...
✓ Found nonce: 31866
Failed to process block: invalid proof of work
Mining block at height 1...
✓ Found nonce: 4374
Failed to process block: invalid proof of work
Mining block at height 1...
✓ Found nonce: 42377
Failed to process block: invalid proof of work
Mining block at height 1...
✓ Found nonce: 168817
Failed to process block: invalid proof of work
Mining block at height 1...
✓ Found nonce: 21824
Failed to process block: invalid proof of work
Mining block at height 1...
✓ Found nonce: 25282
Failed to process block: invalid proof of work
Mining block at height 1...
✓ Found nonce: 94546
Failed to process block: invalid proof of work
Mining block at height 1...
✓ Found nonce: 19701
Failed to process block: invalid proof of work
Mining block at height 1...
✓ Found nonce: 9785
Failed to process block: invalid proof of work
Mining block at height 1...
✓ Found nonce: 17599
Failed to process block: invalid proof of work
Mining block at height 1...
✓ Found nonce: 8416
Failed to process block: invalid proof of work
Mining block at height 1...
✓ Found nonce: 91994
Failed to process block: invalid proof of work
Mining block at height 1...
✓ Found nonce: 132510
Failed to process block: invalid proof of work
Mining block at height 1...
✓ Found nonce: 42457
Failed to process block: invalid proof of work
Mining block at height 1...
✓ Found nonce: 97604
Failed to process block: invalid proof of work
Mining block at height 1...
✓ Found nonce: 38456
Failed to process block: invalid proof of work
Mining block at height 1...
✓ Found nonce: 21450
Failed to process block: invalid proof of work
Mining block at height 1...
✓ Found nonce: 69399
Failed to process block: invalid proof of work
Mining block at height 1...
✓ Found nonce: 2863
Failed to process block: invalid proof of work
Mining block at height 1...
✓ Found nonce: 25894
Failed to process block: invalid proof of work
Mining block at height 1...
✓ Found nonce: 39724
Failed to process block: invalid proof of work
Mining block at height 1...
✓ Found nonce: 299722
Failed to process block: invalid proof of work
Mining block at height 1...
✓ Found nonce: 14238
Failed to process block: invalid proof of work
Mining block at height 1...
✓ Found nonce: 75494
Failed to process block: invalid proof of work
Mining block at height 1...
✓ Found nonce: 91792
Failed to process block: invalid proof of work
Mining block at height 1...
✓ Found nonce: 43143
Failed to process block: invalid proof of work
Mining block at height 1...
✓ Found nonce: 20893
Failed to process block: invalid proof of work
Mining block at height 1...
✓ Found nonce: 15035
Failed to process block: invalid proof of work
Mining block at height 1...
✓ Found nonce: 21985
Failed to process block: invalid proof of work
Mining block at height 1...
✓ Found nonce: 113543
Failed to process block: invalid proof of work
Mining block at height 1...
✓ Found nonce: 159025
Failed to process block: invalid proof of work
Mining block at height 1...
✓ Found nonce: 81526
Failed to process block: invalid proof of work
Mining block at height 1...
✓ Found nonce: 158378
Failed to process block: invalid proof of work
Mining block at height 1...
✓ Found nonce: 8903
Failed to process block: invalid proof of work
Mining block at height 1...
✓ Found nonce: 26760
Failed to process block: invalid proof of work
Mining block at height 1...
✓ Found nonce: 8494
Failed to process block: invalid proof of work
Mining block at height 1...
✓ Found nonce: 2591
Failed to process block: invalid proof of work
Mining block at height 1...
✓ Found nonce: 193870
Failed to process block: invalid proof of work
Mining block at height 1...
✓ Found nonce: 54367
Failed to process block: invalid proof of work
Mining block at height 1...
✓ Found nonce: 45804
Failed to process block: invalid proof of work
Mining block at height 1...
✓ Found nonce: 218
Failed to process block: invalid proof of work
Mining block at height 1...
✓ Found nonce: 29418
Failed to process block: invalid proof of work
Mining block at height 1...
✓ Found nonce: 27938
Failed to process block: invalid proof of work
Mining block at height 1...
✓ Found nonce: 21732
Failed to process block: invalid proof of work
Mining block at height 1...
✓ Found nonce: 33320
Failed to process block: invalid proof of work
Mining block at height 1...
✓ Found nonce: 3375
Failed to process block: invalid proof of work
Mining block at height 1...
✓ Found nonce: 256621
Failed to process block: invalid proof of work
Mining block at height 1...
✓ Found nonce: 214882
Failed to process block: invalid proof of work
Mining block at height 1...
✓ Found nonce: 9035
Failed to process block: invalid proof of work
Mining block at height 1...
✓ Found nonce: 85126
Failed to process block: invalid proof of work
Mining block at height 1...
✓ Found nonce: 16441
Failed to process block: invalid proof of work
Mining block at height 1...
✓ Found nonce: 134812
Failed to process block: invalid proof of work
Mining block at height 1...
✓ Found nonce: 108405
Failed to process block: invalid proof of work
Mining block at height 1...
✓ Found nonce: 113323
Failed to process block: invalid proof of work
Mining block at height 1...
✓ Found nonce: 2263
Failed to process block: invalid proof of work
Mining block at height 1...
✓ Found nonce: 18710
Failed to process block: invalid proof of work
Mining block at height 1...
✓ Found nonce: 83489
Failed to process block: invalid proof of work
Mining block at height 1...
✓ Found nonce: 39591
Failed to process block: invalid proof of work
Mining block at height 1...
✓ Found nonce: 8113
Failed to process block: invalid proof of work
Mining block at height 1...
✓ Found nonce: 15974
Failed to process block: invalid proof of work
Mining block at height 1...
✓ Found nonce: 4571
Failed to process block: invalid proof of work
Mining block at height 1...
✓ Found nonce: 253380
Failed to process block: invalid proof of work
Mining block at height 1...
✓ Found nonce: 49132
Failed to process block: invalid proof of work
Mining block at height 1...
✓ Found nonce: 20127
Failed to process block: invalid proof of work
Mining block at height 1...
✓ Found nonce: 69376
Failed to process block: invalid proof of work
Mining block at height 1...
✓ Found nonce: 1147
Failed to process block: invalid proof of work
Mining block at height 1...
✓ Found nonce: 87945
Failed to process block: invalid proof of work
Mining block at height 1...
✓ Found nonce: 64794
Failed to process block: invalid proof of work
Mining block at height 1...
✓ Found nonce: 100481
Failed to process block: invalid proof of work
Mining block at height 1...
✓ Found nonce: 68230
Failed to process block: invalid proof of work
Mining block at height 1...
✓ Found nonce: 165017
Failed to process block: invalid proof of work
Mining block at height 1...
✓ Found nonce: 52029
Failed to process block: invalid proof of work
Mining block at height 1...
✓ Found nonce: 56268
Failed to process block: invalid proof of work
Mining block at height 1...
✓ Found nonce: 65954
Failed to process block: invalid proof of work
Mining block at height 1...
✓ Found nonce: 92490
Failed to process block: invalid proof of work
Mining block at height 1...
✓ Found nonce: 20033
Failed to process block: invalid proof of work
Mining block at height 1...
✓ Found nonce: 130505
Failed to process block: invalid proof of work
Mining block at height 1...
✓ Found nonce: 15694
Failed to process block: invalid proof of work
Mining block at height 1...
✓ Found nonce: 125892
Failed to process block: invalid proof of work
Mining block at height 1...
✓ Found nonce: 22157
Failed to process block: invalid proof of work
Mining block at height 1...
✓ Found nonce: 26074
Failed to process block: invalid proof of work
Mining block at height 1...
✓ Found nonce: 81426
Failed to process block: invalid proof of work
Mining block at height 1...
✓ Found nonce: 47878
Failed to process block: invalid proof of work
Mining block at height 1...
✓ Found nonce: 1781
Failed to process block: invalid proof of work
Mining block at height 1...
✓ Found nonce: 36222
Failed to process block: invalid proof of work
Mining block at height 1...
✓ Found nonce: 30701
Failed to process block: invalid proof of work
Mining block at height 1...
✓ Found nonce: 66448
Failed to process block: invalid proof of work
Mining block at height 1...
✓ Found nonce: 115645
Failed to process block: invalid proof of work
Mining block at height 1...
✓ Found nonce: 49940
Failed to process block: invalid proof of work
Mining block at height 1...
✓ Found nonce: 9822
Failed to process block: invalid proof of work
Mining block at height 1...
✓ Found nonce: 45679
Failed to process block: invalid proof of work
Mining block at height 1...
✓ Found nonce: 37319
Failed to process block: invalid proof of work
Mining block at height 1...
✓ Found nonce: 7296
Failed to process block: invalid proof of work
Mining block at height 1...
✓ Found nonce: 6146
Failed to process block: invalid proof of work
Mining block at height 1...
✓ Found nonce: 15993
Failed to process block: invalid proof of work
Mining block at height 1...
✓ Found nonce: 352107
Failed to process block: invalid proof of work
Mining block at height 1...
✓ Found nonce: 33217
Failed to process block: invalid proof of work
Mining block at height 1...
✓ Found nonce: 12954
Failed to process block: invalid proof of work
Mining block at height 1...
✓ Found nonce: 6734
Failed to process block: invalid proof of work
Mining block at height 1...
✓ Found nonce: 55894
Failed to process block: invalid proof of work
Mining block at height 1...
✓ Found nonce: 122136
Failed to process block: invalid proof of work
Mining block at height 1...
✓ Found nonce: 36988
Failed to process block: invalid proof of work
Mining block at height 1...
✓ Found nonce: 35000
Failed to process block: invalid proof of work
Mining block at height 1...
✓ Found nonce: 337804
Failed to process block: invalid proof of work
Mining block at height 1...
✓ Found nonce: 183658
Failed to process block: invalid proof of work
Mining block at height 1...
✓ Found nonce: 9567
Failed to process block: invalid proof of work
Mining block at height 1...
✓ Found nonce: 64300
Failed to process block: invalid proof of work
Mining block at height 1...
✓ Found nonce: 127717
Failed to process block: invalid proof of work
Mining block at height 1...
✓ Found nonce: 97846
Failed to process block: invalid proof of work
Mining block at height 1...
✓ Found nonce: 8328
Failed to process block: invalid proof of work
Mining block at height 1...
✓ Found nonce: 2711
Failed to process block: invalid proof of work
Mining block at height 1...
✓ Found nonce: 115
Failed to process block: invalid proof of work
Mining block at height 1...
✓ Found nonce: 130397
Failed to process block: invalid proof of work
Mining block at height 1...
✓ Found nonce: 130157
Failed to process block: invalid proof of work
Mining block at height 1...
✓ Found nonce: 3836
Failed to process block: invalid proof of work
Mining block at height 1...
✓ Found nonce: 140469
Failed to process block: invalid proof of work
Mining block at height 1...
✓ Found nonce: 62882
Failed to process block: invalid proof of work
Mining block at height 1...
✓ Found nonce: 1855
Failed to process block: invalid proof of work
Mining block at height 1...
✓ Found nonce: 94585
Failed to process block: invalid proof of work
Mining block at height 1...
✓ Found nonce: 110121
Failed to process block: invalid proof of work
Mining block at height 1...
✓ Found nonce: 23369
Failed to process block: invalid proof of work
Mining block at height 1...
✓ Found nonce: 19961
Failed to process block: invalid proof of work
Mining block at height 1...
✓ Found nonce: 28855
Failed to process block: invalid proof of work
Mining block at height 1...
✓ Found nonce: 12849
Failed to process block: invalid proof of work
Mining block at height 1...
✓ Found nonce: 100805
Failed to process block: invalid proof of work
Mining block at height 1...
✓ Found nonce: 92665
Failed to process block: invalid proof of work
Mining block at height 1...
✓ Found nonce: 41250
Failed to process block: invalid proof of work
Mining block at height 1...
✓ Found nonce: 20618
Failed to process block: invalid proof of work
Mining block at height 1...
✓ Found nonce: 116889
Failed to process block: invalid proof of work
Mining block at height 1...
✓ Found nonce: 77880
Failed to process block: invalid proof of work
Mining block at height 1...
✓ Found nonce: 29715
Failed to process block: invalid proof of work
Mining block at height 1...
✓ Found nonce: 80754
Failed to process block: invalid proof of work
Mining block at height 1...
✓ Found nonce: 22063
Failed to process block: invalid proof of work
Mining block at height 1...
✓ Found nonce: 171251
Failed to process block: invalid proof of work
Mining block at height 1...
✓ Found nonce: 34693
Failed to process block: invalid proof of work
Mining block at height 1...
✓ Found nonce: 41089
Failed to process block: invalid proof of work
Mining block at height 1...
✓ Found nonce: 51890
Failed to process block: invalid proof of work
Mining block at height 1...
✓ Found nonce: 96315
Failed to process block: invalid proof of work
Mining block at height 1...
✓ Found nonce: 22587
Failed to process block: invalid proof of work
Mining block at height 1...
✓ Found nonce: 106707
Failed to process block: invalid proof of work
Mining block at height 1...
✓ Found nonce: 11608
Failed to process block: invalid proof of work
Mining block at height 1...
✓ Found nonce: 9295
Failed to process block: invalid proof of work
Mining block at height 1...
✓ Found nonce: 19018
Failed to process block: invalid proof of work
Mining block at height 1...
✓ Found nonce: 6351
Failed to process block: invalid proof of work
Mining block at height 1...
✓ Found nonce: 18551
Failed to process block: invalid proof of work
Mining block at height 1...
✓ Found nonce: 13493
Failed to process block: invalid proof of work
Mining block at height 1...
✓ Found nonce: 76132
Failed to process block: invalid proof of work
Mining block at height 1...
✓ Found nonce: 31668
Failed to process block: invalid proof of work
Mining block at height 1...
✓ Found nonce: 86610
Failed to process block: invalid proof of work
Mining block at height 1...
✓ Found nonce: 19278
Failed to process block: invalid proof of work
Mining block at height 1...
✓ Found nonce: 82479
Failed to process block: invalid proof of work
Mining block at height 1...
✓ Found nonce: 136500
Failed to process block: invalid proof of work
Mining block at height 1...
✓ Found nonce: 83146
Failed to process block: invalid proof of work
Mining block at height 1...
✓ Found nonce: 39271
Failed to process block: invalid proof of work
Mining block at height 1...
✓ Found nonce: 55081
Failed to process block: invalid proof of work
Mining block at height 1...
✓ Found nonce: 44266
Failed to process block: invalid proof of work
Mining block at height 1...
✓ Found nonce: 420135
Failed to process block: invalid proof of work
Mining block at height 1...
✓ Found nonce: 57306
Failed to process block: invalid proof of work
Mining block at height 1...
✓ Found nonce: 90973
Failed to process block: invalid proof of work
Mining block at height 1...
✓ Found nonce: 368161
Failed to process block: invalid proof of work
Mining block at height 1...
✓ Found nonce: 45794
Failed to process block: invalid proof of work
Mining block at height 1...
✓ Found nonce: 14121
Failed to process block: invalid proof of work
Mining block at height 1...
✓ Found nonce: 107531
Failed to process block: invalid proof of work
Mining block at height 1...
✓ Found nonce: 45707
Failed to process block: invalid proof of work
Mining block at height 1...
✓ Found nonce: 33025
Failed to process block: invalid proof of work
Mining block at height 1...
✓ Found nonce: 113222
Failed to process block: invalid proof of work
Mining block at height 1...
✓ Found nonce: 31725
Failed to process block: invalid proof of work
Mining block at height 1...
✓ Found nonce: 95503
Failed to process block: invalid proof of work
Mining block at height 1...
✓ Found nonce: 78406
Failed to process block: invalid proof of work
Mining block at height 1...
✓ Found nonce: 24711
Failed to process block: invalid proof of work
Mining block at height 1...
✓ Found nonce: 390332
Failed to process block: invalid proof of work
Mining block at height 1...
✓ Found nonce: 16829
Failed to process block: invalid proof of work
Mining block at height 1...
✓ Found nonce: 70892
Failed to process block: invalid proof of work
Mining block at height 1...
✓ Found nonce: 42044
Failed to process block: invalid proof of work
Mining block at height 1...
✓ Found nonce: 26890
Failed to process block: invalid proof of work
Mining block at height 1...
✓ Found nonce: 65648
Failed to process block: invalid proof of work
Mining block at height 1...
✓ Found nonce: 112280
Failed to process block: invalid proof of work
Mining block at height 1...
✓ Found nonce: 155468
Failed to process block: invalid proof of work
Mining block at height 1...
✓ Found nonce: 37113
Failed to process block: invalid proof of work
Mining block at height 1...
✓ Found nonce: 25192
Failed to process block: invalid proof of work
Mining block at height 1...
✓ Found nonce: 48837
Failed to process block: invalid proof of work
Mining block at height 1...
✓ Found nonce: 136586
Failed to process block: invalid proof of work
Mining block at height 1...
✓ Found nonce: 120923
Failed to process block: invalid proof of work
Mining block at height 1...
✓ Found nonce: 116791
Failed to process block: invalid proof of work
Mining block at height 1...
✓ Found nonce: 120547
Failed to process block: invalid proof of work
Mining block at height 1...
✓ Found nonce: 109387
Failed to process block: invalid proof of work
Mining block at height 1...
✓ Found nonce: 116276
Failed to process block: invalid proof of work
Mining block at height 1...
✓ Found nonce: 5024
Failed to process block: invalid proof of work
Mining block at height 1...
✓ Found nonce: 39031
Failed to process block: invalid proof of work
Mining block at height 1...
✓ Found nonce: 14329
Failed to process block: invalid proof of work
Mining block at height 1...
✓ Found nonce: 80194
Failed to process block: invalid proof of work
Mining block at height 1...
✓ Found nonce: 44740
Failed to process block: invalid proof of work
Mining block at height 1...
✓ Found nonce: 33407
Failed to process block: invalid proof of work
Mining block at height 1...
✓ Found nonce: 58232
Failed to process block: invalid proof of work
Mining block at height 1...
✓ Found nonce: 4235
Failed to process block: invalid proof of work
Mining block at height 1...
✓ Found nonce: 72261
Failed to process block: invalid proof of work
Mining block at height 1...
✓ Found nonce: 13219
Failed to process block: invalid proof of work
Mining block at height 1...
✓ Found nonce: 17035
Failed to process block: invalid proof of work
Mining block at height 1...
✓ Found nonce: 213263
Failed to process block: invalid proof of work
Mining block at height 1...
✓ Found nonce: 36355
Failed to process block: invalid proof of work
Mining block at height 1...
✓ Found nonce: 26176
Failed to process block: invalid proof of work
Mining block at height 1...
✓ Found nonce: 153612
Failed to process block: invalid proof of work
Mining block at height 1...
✓ Found nonce: 52134
Failed to process block: invalid proof of work
Mining block at height 1...
✓ Found nonce: 111055
Failed to process block: invalid proof of work
Mining block at height 1...
✓ Found nonce: 16920
Failed to process block: invalid proof of work
Mining block at height 1...
✓ Found nonce: 111376
Failed to process block: invalid proof of work
Mining block at height 1...
✓ Found nonce: 13627
Failed to process block: invalid proof of work
Mining block at height 1...
✓ Found nonce: 12436
Failed to process block: invalid proof of work
Mining block at height 1...
✓ Found nonce: 93768
Failed to process block: invalid proof of work
Mining block at height 1...
✓ Found nonce: 67560
Failed to process block: invalid proof of work
Mining block at height 1...
✓ Found nonce: 26848
Failed to process block: invalid proof of work
Mining block at height 1...
✓ Found nonce: 47260
Failed to process block: invalid proof of work
Mining block at height 1...
✓ Found nonce: 80988
Failed to process block: invalid proof of work
Mining block at height 1...
✓ Found nonce: 1950
Failed to process block: invalid proof of work
Mining block at height 1...
✓ Found nonce: 58148
Failed to process block: invalid proof of work
Mining block at height 1...
✓ Found nonce: 55479
Failed to process block: invalid proof of work
Mining block at height 1...
✓ Found nonce: 6222
Failed to process block: invalid proof of work
Mining block at height 1...
✓ Found nonce: 69862
Failed to process block: invalid proof of work
Mining block at height 1...
✓ Found nonce: 64698
Failed to process block: invalid proof of work
Mining block at height 1...
✓ Found nonce: 35817
Failed to process block: invalid proof of work
Mining block at height 1...
✓ Found nonce: 12428
Failed to process block: invalid proof of work
Mining block at height 1...
✓ Found nonce: 195541
Failed to process block: invalid proof of work
Mining block at height 1...
✓ Found nonce: 64837
Failed to process block: invalid proof of work
Mining block at height 1...
✓ Found nonce: 28899
Failed to process block: invalid proof of work
Mining block at height 1...
✓ Found nonce: 98827
Failed to process block: invalid proof of work
Mining block at height 1...
✓ Found nonce: 94976
Failed to process block: invalid proof of work
Mining block at height 1...
✓ Found nonce: 115392
Failed to process block: invalid proof of work
Mining block at height 1...
✓ Found nonce: 44663
Failed to process block: invalid proof of work
Mining block at height 1...
✓ Found nonce: 100125
Failed to process block: invalid proof of work
Mining block at height 1...
✓ Found nonce: 75195
Failed to process block: invalid proof of work
Mining block at height 1...
✓ Found nonce: 93816
Failed to process block: invalid proof of work
Mining block at height 1...
✓ Found nonce: 34979
Failed to process block: invalid proof of work
Mining block at height 1...
✓ Found nonce: 456157
Failed to process block: invalid proof of work
Mining block at height 1...
✓ Found nonce: 152495
Failed to process block: invalid proof of work
Mining block at height 1...
✓ Found nonce: 90500
Failed to process block: invalid proof of work
Mining block at height 1...
✓ Found nonce: 126315
Failed to process block: invalid proof of work
Mining block at height 1...
✓ Found nonce: 64209
Failed to process block: invalid proof of work
Mining block at height 1...
✓ Found nonce: 83055
Failed to process block: invalid proof of work
Mining block at height 1...
✓ Found nonce: 5328
Failed to process block: invalid proof of work
Mining block at height 1...
✓ Found nonce: 22796
Failed to process block: invalid proof of work
Mining block at height 1...
✓ Found nonce: 16710
Failed to process block: invalid proof of work
Mining block at height 1...
✓ Found nonce: 18316
Failed to process block: invalid proof of work
Mining block at height 1...
✓ Found nonce: 34439
Failed to process block: invalid proof of work
Mining block at height 1...
✓ Found nonce: 295418
Failed to process block: invalid proof of work
Mining block at height 1...
✓ Found nonce: 35763
Failed to process block: invalid proof of work
Mining block at height 1...
✓ Found nonce: 163953
Failed to process block: invalid proof of work
Mining block at height 1...
✓ Found nonce: 75537
Failed to process block: invalid proof of work
Mining block at height 1...
✓ Found nonce: 59044
Failed to process block: invalid proof of work
Mining block at height 1...
✓ Found nonce: 80080
Failed to process block: invalid proof of work
Mining block at height 1...
✓ Found nonce: 93628
Failed to process block: invalid proof of work
Mining block at height 1...
✓ Found nonce: 95980
Failed to process block: invalid proof of work
Mining block at height 1...
✓ Found nonce: 111889
Failed to process block: invalid proof of work
Mining block at height 1...
✓ Found nonce: 10549
Failed to process block: invalid proof of work
Mining block at height 1...
✓ Found nonce: 11051
Failed to process block: invalid proof of work
Mining block at height 1...
✓ Found nonce: 53365
Failed to process block: invalid proof of work
Mining block at height 1...
✓ Found nonce: 138977
Failed to process block: invalid proof of work
Mining block at height 1...
✓ Found nonce: 91642
Failed to process block: invalid proof of work
Mining block at height 1...
✓ Found nonce: 18827
Failed to process block: invalid proof of work
Mining block at height 1...
✓ Found nonce: 7719
Failed to process block: invalid proof of work
Mining block at height 1...
✓ Found nonce: 150734
Failed to process block: invalid proof of work
Mining block at height 1...
✓ Found nonce: 27259
Failed to process block: invalid proof of work
Mining block at height 1...
✓ Found nonce: 36156
Failed to process block: invalid proof of work
Mining block at height 1...
✓ Found nonce: 151395
Failed to process block: invalid proof of work
Mining block at height 1...
✓ Found nonce: 27170
Failed to process block: invalid proof of work
Mining block at height 1...
✓ Found nonce: 41835
Failed to process block: invalid proof of work
Mining block at height 1...
✓ Found nonce: 32090
Failed to process block: invalid proof of work
Mining block at height 1...
✓ Found nonce: 103801
Failed to process block: invalid proof of work
Mining block at height 1...
✓ Found nonce: 67174
Failed to process block: invalid proof of work
Mining block at height 1...
✓ Found nonce: 10266
Failed to process block: invalid proof of work
Mining block at height 1...
✓ Found nonce: 7313
Failed to process block: invalid proof of work
Mining block at height 1...
✓ Found nonce: 11914
Failed to process block: invalid proof of work
Mining block at height 1...
✓ Found nonce: 4542
Failed to process block: invalid proof of work
Mining block at height 1...
✓ Found nonce: 146404
Failed to process block: invalid proof of work
Mining block at height 1...
✓ Found nonce: 56168
Failed to process block: invalid proof of work
Mining block at height 1...
✓ Found nonce: 173219
Failed to process block: invalid proof of work
Mining block at height 1...
✓ Found nonce: 29302
Failed to process block: invalid proof of work
Mining block at height 1...
✓ Found nonce: 81651
Failed to process block: invalid proof of work
Mining block at height 1...
✓ Found nonce: 22818
Failed to process block: invalid proof of work
Mining block at height 1...
✓ Found nonce: 112023
Failed to process block: invalid proof of work
Mining block at height 1...
✓ Found nonce: 53651
Failed to process block: invalid proof of work
Mining block at height 1...
✓ Found nonce: 59902
Failed to process block: invalid proof of work
Mining block at height 1...
✓ Found nonce: 108524
Failed to process block: invalid proof of work
Mining block at height 1...
✓ Found nonce: 52562
Failed to process block: invalid proof of work
Mining block at height 1...
✓ Found nonce: 12889
Failed to process block: invalid proof of work
Mining block at height 1...
✓ Found nonce: 35924
Failed to process block: invalid proof of work
Mining block at height 1...
✓ Found nonce: 39291
Failed to process block: invalid proof of work
Mining block at height 1...
✓ Found nonce: 6471
Failed to process block: invalid proof of work
Mining block at height 1...
✓ Found nonce: 33575
Failed to process block: invalid proof of work
Mining block at height 1...
✓ Found nonce: 17388
Failed to process block: invalid proof of work
Mining block at height 1...
✓ Found nonce: 147951
Failed to process block: invalid proof of work
Mining block at height 1...
✓ Found nonce: 5508
Failed to process block: invalid proof of work
Mining block at height 1...
✓ Found nonce: 50673
Failed to process block: invalid proof of work
Mining block at height 1...
✓ Found nonce: 9169
Failed to process block: invalid proof of work
Mining block at height 1...
✓ Found nonce: 26346
Failed to process block: invalid proof of work
Mining block at height 1...
✓ Found nonce: 86308
Failed to process block: invalid proof of work
Mining block at height 1...
✓ Found nonce: 6432
Failed to process block: invalid proof of work
Mining block at height 1...
✓ Found nonce: 32857
Failed to process block: invalid proof of work
Mining block at height 1...
✓ Found nonce: 16291
Failed to process block: invalid proof of work
Mining block at height 1...
✓ Found nonce: 26572
Failed to process block: invalid proof of work
Mining block at height 1...
✓ Found nonce: 30346
Failed to process block: invalid proof of work
Mining block at height 1...
✓ Found nonce: 15093
Failed to process block: invalid proof of work
Mining block at height 1...
✓ Found nonce: 52278
Failed to process block: invalid proof of work
Mining block at height 1...
✓ Found nonce: 57908
Failed to process block: invalid proof of work
Mining block at height 1...
✓ Found nonce: 43988
Failed to process block: invalid proof of work
Mining block at height 1...
✓ Found nonce: 129672
Failed to process block: invalid proof of work
Mining block at height 1...
✓ Found nonce: 46816
Failed to process block: invalid proof of work
Mining block at height 1...
✓ Found nonce: 9576
Failed to process block: invalid proof of work
Mining block at height 1...
✓ Found nonce: 45433
Failed to process block: invalid proof of work
Mining block at height 1...
✓ Found nonce: 16671
Failed to process block: invalid proof of work
Mining block at height 1...
✓ Found nonce: 44518
Failed to process block: invalid proof of work
Mining block at height 1...
✓ Found nonce: 2528
Failed to process block: invalid proof of work
Mining block at height 1...
✓ Found nonce: 66071
Failed to process block: invalid proof of work
Mining block at height 1...
✓ Found nonce: 39525
Failed to process block: invalid proof of work
Mining block at height 1...
✓ Found nonce: 39044
Failed to process block: invalid proof of work
Mining block at height 1...
✓ Found nonce: 115010
Failed to process block: invalid proof of work
Mining block at height 1...
✓ Found nonce: 35817
Failed to process block: invalid proof of work
Mining block at height 1...
✓ Found nonce: 80609
Failed to process block: invalid proof of work
Mining block at height 1...
✓ Found nonce: 42634
Failed to process block: invalid proof of work
Mining block at height 1...
✓ Found nonce: 20502
Failed to process block: invalid proof of work
Mining block at height 1...
✓ Found nonce: 56316
Failed to process block: invalid proof of work
Mining block at height 1...
✓ Found nonce: 208448
Failed to process block: invalid proof of work
Mining block at height 1...
✓ Found nonce: 6924
Failed to process block: invalid proof of work
Mining block at height 1...
✓ Found nonce: 148810
Failed to process block: invalid proof of work
Mining block at height 1...
✓ Found nonce: 44848
Failed to process block: invalid proof of work
Mining block at height 1...
✓ Found nonce: 6875
Failed to process block: invalid proof of work
Mining block at height 1...
✓ Found nonce: 15906
Failed to process block: invalid proof of work
Mining block at height 1...
✓ Found nonce: 32655
Failed to process block: invalid proof of work
Mining block at height 1...
✓ Found nonce: 197268
Failed to process block: invalid proof of work
Mining block at height 1...
✓ Found nonce: 27899
Failed to process block: invalid proof of work
Mining block at height 1...
✓ Found nonce: 266432
Failed to process block: invalid proof of work
Mining block at height 1...
✓ Found nonce: 67872
Failed to process block: invalid proof of work
Mining block at height 1...
✓ Found nonce: 160751
Failed to process block: invalid proof of work
Mining block at height 1...
✓ Found nonce: 95085
Failed to process block: invalid proof of work
Mining block at height 1...
✓ Found nonce: 81542
Failed to process block: invalid proof of work
Mining block at height 1...
✓ Found nonce: 58534
Failed to process block: invalid proof of work
Mining block at height 1...
✓ Found nonce: 89105
Failed to process block: invalid proof of work
Mining block at height 1...
✓ Found nonce: 63453
Failed to process block: invalid proof of work
Mining block at height 1...
✓ Found nonce: 21171
Failed to process block: invalid proof of work
Mining block at height 1...
✓ Found nonce: 22306
Failed to process block: invalid proof of work
Mining block at height 1...
✓ Found nonce: 32055
Failed to process block: invalid proof of work
Mining block at height 1...
✓ Found nonce: 179732
Failed to process block: invalid proof of work
Mining block at height 1...
✓ Found nonce: 139360
Failed to process block: invalid proof of work
Mining block at height 1...
✓ Found nonce: 158189
Failed to process block: invalid proof of work
Mining block at height 1...
✓ Found nonce: 25391
Failed to process block: invalid proof of work
Mining block at height 1...
✓ Found nonce: 3520
Failed to process block: invalid proof of work
Mining block at height 1...
✓ Found nonce: 16806
Failed to process block: invalid proof of work
Mining block at height 1...
✓ Found nonce: 43481
Failed to process block: invalid proof of work
Mining block at height 1...
✓ Found nonce: 2420
Failed to process block: invalid proof of work
Mining block at height 1...
✓ Found nonce: 175282
Failed to process block: invalid proof of work
Mining block at height 1...
✓ Found nonce: 57087
Failed to process block: invalid proof of work
Mining block at height 1...
✓ Found nonce: 5350
Failed to process block: invalid proof of work
Mining block at height 1...
✓ Found nonce: 118205
Failed to process block: invalid proof of work
Mining block at height 1...
✓ Found nonce: 53987
Failed to process block: invalid proof of work
Mining block at height 1...
✓ Found nonce: 33440
Failed to process block: invalid proof of work
Mining block at height 1...
✓ Found nonce: 29947
Failed to process block: invalid proof of work
Mining block at height 1...
✓ Found nonce: 73309
Failed to process block: invalid proof of work
Mining block at height 1...
✓ Found nonce: 56313
Failed to process block: invalid proof of work
Mining block at height 1...
✓ Found nonce: 60934
Failed to process block: invalid proof of work
Mining block at height 1...
✓ Found nonce: 4712
Failed to process block: invalid proof of work
Mining block at height 1...
✓ Found nonce: 209789
Failed to process block: invalid proof of work
Mining block at height 1...
✓ Found nonce: 33656
Failed to process block: invalid proof of work
Mining block at height 1...
✓ Found nonce: 54546
Failed to process block: invalid proof of work
Mining block at height 1...
✓ Found nonce: 11293
Failed to process block: invalid proof of work
Mining block at height 1...
✓ Found nonce: 40379
Failed to process block: invalid proof of work
Mining block at height 1...
✓ Found nonce: 99257
Failed to process block: invalid proof of work
Mining block at height 1...
✓ Found nonce: 221026
Failed to process block: invalid proof of work
Mining block at height 1...
✓ Found nonce: 36098
Failed to process block: invalid proof of work
Mining block at height 1...
✓ Found nonce: 6015
Failed to process block: invalid proof of work
Mining block at height 1...
✓ Found nonce: 101066
Failed to process block: invalid proof of work
Mining block at height 1...
✓ Found nonce: 3237
Failed to process block: invalid proof of work
Mining block at height 1...
✓ Found nonce: 55351
Failed to process block: invalid proof of work
Mining block at height 1...
✓ Found nonce: 271530
Failed to process block: invalid proof of work
Mining block at height 1...
✓ Found nonce: 151608
Failed to process block: invalid proof of work
Mining block at height 1...
✓ Found nonce: 25587
Failed to process block: invalid proof of work
Mining block at height 1...
✓ Found nonce: 22356
Failed to process block: invalid proof of work
Mining block at height 1...
✓ Found nonce: 158299
Failed to process block: invalid proof of work
Mining block at height 1...
✓ Found nonce: 11810
Failed to process block: invalid proof of work
Mining block at height 1...
✓ Found nonce: 6939
Failed to process block: invalid proof of work
Mining block at height 1...
✓ Found nonce: 54091
Failed to process block: invalid proof of work
Mining block at height 1...
✓ Found nonce: 51555
Failed to process block: invalid proof of work
Mining block at height 1...
✓ Found nonce: 50269
Failed to process block: invalid proof of work
Mining block at height 1...
✓ Found nonce: 36850
Failed to process block: invalid proof of work
Mining block at height 1...
✓ Found nonce: 7299
Failed to process block: invalid proof of work
Mining block at height 1...
✓ Found nonce: 41671
Failed to process block: invalid proof of work
Mining block at height 1...
✓ Found nonce: 15241
Failed to process block: invalid proof of work
Mining block at height 1...
✓ Found nonce: 6427
Failed to process block: invalid proof of work
Mining block at height 1...
✓ Found nonce: 25347
Failed to process block: invalid proof of work
Mining block at height 1...
✓ Found nonce: 19364
Failed to process block: invalid proof of work
Mining block at height 1...
✓ Found nonce: 76184
Failed to process block: invalid proof of work
Mining block at height 1...
✓ Found nonce: 98868
Failed to process block: invalid proof of work
Mining block at height 1...
✓ Found nonce: 16395
Failed to process block: invalid proof of work
Mining block at height 1...
✓ Found nonce: 87418
Failed to process block: invalid proof of work
Mining block at height 1...
✓ Found nonce: 43424
Failed to process block: invalid proof of work
Mining block at height 1...
✓ Found nonce: 24195
Failed to process block: invalid proof of work
Mining block at height 1...
✓ Found nonce: 8245
Failed to process block: invalid proof of work
Mining block at height 1...
✓ Found nonce: 136379
Failed to process block: invalid proof of work
Mining block at height 1...
✓ Found nonce: 3036
Failed to process block: invalid proof of work
Mining block at height 1...
✓ Found nonce: 59415
Failed to process block: invalid proof of work
Mining block at height 1...
✓ Found nonce: 137253
Failed to process block: invalid proof of work
Mining block at height 1...
✓ Found nonce: 265959
Failed to process block: invalid proof of work
Mining block at height 1...
✓ Found nonce: 57474
Failed to process block: invalid proof of work
Mining block at height 1...
✓ Found nonce: 67516
Failed to process block: invalid proof of work
Mining block at height 1...
✓ Found nonce: 151222
Failed to process block: invalid proof of work
Mining block at height 1...
✓ Found nonce: 54183
Failed to process block: invalid proof of work
Mining block at height 1...
✓ Found nonce: 9199
Failed to process block: invalid proof of work
Mining block at height 1...
✓ Found nonce: 87326
Failed to process block: invalid proof of work
Mining block at height 1...
✓ Found nonce: 41371
Failed to process block: invalid proof of work
Mining block at height 1...
✓ Found nonce: 72917
Failed to process block: invalid proof of work
Mining block at height 1...
✓ Found nonce: 21060
Failed to process block: invalid proof of work
Mining block at height 1...
✓ Found nonce: 47949
Failed to process block: invalid proof of work
Mining block at height 1...
✓ Found nonce: 6035
Failed to process block: invalid proof of work
Mining block at height 1...
✓ Found nonce: 140524
Failed to process block: invalid proof of work
Mining block at height 1...
✓ Found nonce: 32458
Failed to process block: invalid proof of work
Mining block at height 1...
✓ Found nonce: 4501
Failed to process block: invalid proof of work
Mining block at height 1...
✓ Found nonce: 131256
Failed to process block: invalid proof of work
Mining block at height 1...
✓ Found nonce: 110210
Failed to process block: invalid proof of work
Mining block at height 1...
✓ Found nonce: 49915
Failed to process block: invalid proof of work
Mining block at height 1...
✓ Found nonce: 68963
Failed to process block: invalid proof of work
Mining block at height 1...
✓ Found nonce: 68306
Failed to process block: invalid proof of work
Mining block at height 1...
✓ Found nonce: 18790
Failed to process block: invalid proof of work
Mining block at height 1...
✓ Found nonce: 331288
Failed to process block: invalid proof of work
Mining block at height 1...
✓ Found nonce: 6906
Failed to process block: invalid proof of work
Mining block at height 1...
✓ Found nonce: 70699
Failed to process block: invalid proof of work
Mining block at height 1...
✓ Found nonce: 195251
Failed to process block: invalid proof of work
Mining block at height 1...
✓ Found nonce: 23971
Failed to process block: invalid proof of work
Mining block at height 1...
✓ Found nonce: 26738
Failed to process block: invalid proof of work
Mining block at height 1...
✓ Found nonce: 1057
Failed to process block: invalid proof of work
Mining block at height 1...
✓ Found nonce: 33057
Failed to process block: invalid proof of work
Mining block at height 1...
✓ Found nonce: 173527
Failed to process block: invalid proof of work
Mining block at height 1...
✓ Found nonce: 74040
Failed to process block: invalid proof of work
Mining block at height 1...
✓ Found nonce: 2217
Failed to process block: invalid proof of work
Mining block at height 1...
✓ Found nonce: 30976
Failed to process block: invalid proof of work
Mining block at height 1...
✓ Found nonce: 20252
Failed to process block: invalid proof of work
Mining block at height 1...
✓ Found nonce: 128554
Failed to process block: invalid proof of work
Mining block at height 1...
✓ Found nonce: 33537
Failed to process block: invalid proof of work
Mining block at height 1...
✓ Found nonce: 233287
Failed to process block: invalid proof of work
Mining block at height 1...
✓ Found nonce: 219090
Failed to process block: invalid proof of work
Mining block at height 1...
✓ Found nonce: 10103
Failed to process block: invalid proof of work
Mining block at height 1...
✓ Found nonce: 10459
Failed to process block: invalid proof of work
Mining block at height 1...
✓ Found nonce: 30007
Failed to process block: invalid proof of work
Mining block at height 1...
✓ Found nonce: 24632
Failed to process block: invalid proof of work
Mining block at height 1...
✓ Found nonce: 13450
Failed to process block: invalid proof of work
Mining block at height 1...
✓ Found nonce: 12939
Failed to process block: invalid proof of work
Mining block at height 1...
✓ Found nonce: 52475
Failed to process block: invalid proof of work
Mining block at height 1...
✓ Found nonce: 16201
Failed to process block: invalid proof of work
Mining block at height 1...
✓ Found nonce: 7387
Failed to process block: invalid proof of work
Mining block at height 1...
✓ Found nonce: 120926
Failed to process block: invalid proof of work
Mining block at height 1...
✓ Found nonce: 95505
Failed to process block: invalid proof of work
Mining block at height 1...
✓ Found nonce: 13421
Failed to process block: invalid proof of work
Mining block at height 1...
✓ Found nonce: 24241
Failed to process block: invalid proof of work
Mining block at height 1...
✓ Found nonce: 337609
Failed to process block: invalid proof of work
Mining block at height 1...
✓ Found nonce: 47369
Failed to process block: invalid proof of work
Mining block at height 1...
✓ Found nonce: 13396
Failed to process block: invalid proof of work
Mining block at height 1...
✓ Found nonce: 116594
Failed to process block: invalid proof of work
Mining block at height 1...
✓ Found nonce: 287
Failed to process block: invalid proof of work
Mining block at height 1...
✓ Found nonce: 1742
Failed to process block: invalid proof of work
Mining block at height 1...
✓ Found nonce: 248591
Failed to process block: invalid proof of work
Mining block at height 1...
✓ Found nonce: 109985
Failed to process block: invalid proof of work
Mining block at height 1...
✓ Found nonce: 67321
Failed to process block: invalid proof of work
Mining block at height 1...
✓ Found nonce: 96345
Failed to process block: invalid proof of work
Mining block at height 1...
✓ Found nonce: 5188
Failed to process block: invalid proof of work
Mining block at height 1...
✓ Found nonce: 12778
Failed to process block: invalid proof of work
Mining block at height 1...
✓ Found nonce: 38976
Failed to process block: invalid proof of work
Mining block at height 1...
✓ Found nonce: 44562
Failed to process block: invalid proof of work
Mining block at height 1...
✓ Found nonce: 35121
Failed to process block: invalid proof of work
Mining block at height 1...
✓ Found nonce: 5539
Failed to process block: invalid proof of work
Mining block at height 1...
✓ Found nonce: 59294
Failed to process block: invalid proof of work
Mining block at height 1...
✓ Found nonce: 34314
Failed to process block: invalid proof of work
Mining block at height 1...
✓ Found nonce: 8036
Failed to process block: invalid proof of work
Mining block at height 1...
✓ Found nonce: 37167
Failed to process block: invalid proof of work
Mining block at height 1...
✓ Found nonce: 138339
Failed to process block: invalid proof of work
Mining block at height 1...
✓ Found nonce: 114633
Failed to process block: invalid proof of work
Mining block at height 1...
✓ Found nonce: 8872
Failed to process block: invalid proof of work
Mining block at height 1...
✓ Found nonce: 6537
Failed to process block: invalid proof of work
Mining block at height 1...
✓ Found nonce: 905
Failed to process block: invalid proof of work
Mining block at height 1...
✓ Found nonce: 34695
Failed to process block: invalid proof of work
Mining block at height 1...
✓ Found nonce: 28616
Failed to process block: invalid proof of work
Mining block at height 1...
✓ Found nonce: 41326
Failed to process block: invalid proof of work
Mining block at height 1...
✓ Found nonce: 77474
Failed to process block: invalid proof of work
Mining block at height 1...
✓ Found nonce: 24760
Failed to process block: invalid proof of work
Mining block at height 1...
✓ Found nonce: 134322
Failed to process block: invalid proof of work
Mining block at height 1...
✓ Found nonce: 11703
Failed to process block: invalid proof of work
Mining block at height 1...
✓ Found nonce: 55907
Failed to process block: invalid proof of work
Mining block at height 1...
✓ Found nonce: 117403
Failed to process block: invalid proof of work
Mining block at height 1...
✓ Found nonce: 127315
Failed to process block: invalid proof of work
Mining block at height 1...
✓ Found nonce: 16419
Failed to process block: invalid proof of work
Mining block at height 1...
✓ Found nonce: 50462
Failed to process block: invalid proof of work
Mining block at height 1...
✓ Found nonce: 175843
Failed to process block: invalid proof of work
Mining block at height 1...
✓ Found nonce: 10398
Failed to process block: invalid proof of work
Mining block at height 1...
✓ Found nonce: 164147
Failed to process block: invalid proof of work
Mining block at height 1...
✓ Found nonce: 526
Failed to process block: invalid proof of work
Mining block at height 1...
✓ Found nonce: 51100
Failed to process block: invalid proof of work
Mining block at height 1...
✓ Found nonce: 110718
Failed to process block: invalid proof of work
Mining block at height 1...
✓ Found nonce: 53517
Failed to process block: invalid proof of work
Mining block at height 1...
✓ Found nonce: 39943
Failed to process block: invalid proof of work
Mining block at height 1...
✓ Found nonce: 30727
Failed to process block: invalid proof of work
Mining block at height 1...
✓ Found nonce: 66430
Failed to process block: invalid proof of work
Mining block at height 1...
✓ Found nonce: 23254
Failed to process block: invalid proof of work
Mining block at height 1...
✓ Found nonce: 2203
Failed to process block: invalid proof of work
Mining block at height 1...
✓ Found nonce: 27960
Failed to process block: invalid proof of work
Mining block at height 1...
✓ Found nonce: 172377
Failed to process block: invalid proof of work
Mining block at height 1...
✓ Found nonce: 41907
Failed to process block: invalid proof of work
Mining block at height 1...
✓ Found nonce: 64436
Failed to process block: invalid proof of work
Mining block at height 1...
✓ Found nonce: 41829
Failed to process block: invalid proof of work
Mining block at height 1...
✓ Found nonce: 61019
Failed to process block: invalid proof of work
Mining block at height 1...
✓ Found nonce: 42246
Failed to process block: invalid proof of work
Mining block at height 1...
✓ Found nonce: 16411
Failed to process block: invalid proof of work
Mining block at height 1...
✓ Found nonce: 35959
Failed to process block: invalid proof of work
Mining block at height 1...
✓ Found nonce: 11624
Failed to process block: invalid proof of work
Mining block at height 1...
✓ Found nonce: 39304
Failed to process block: invalid proof of work
Mining block at height 1...
✓ Found nonce: 55910
Failed to process block: invalid proof of work
Mining block at height 1...
✓ Found nonce: 27248
Failed to process block: invalid proof of work
Mining block at height 1...
✓ Found nonce: 80673
Failed to process block: invalid proof of work
Mining block at height 1...
✓ Found nonce: 62956
Failed to process block: invalid proof of work
Mining block at height 1...
✓ Found nonce: 30817
Failed to process block: invalid proof of work
Mining block at height 1...
✓ Found nonce: 67280
Failed to process block: invalid proof of work
Mining block at height 1...
✓ Found nonce: 224599
Failed to process block: invalid proof of work
Mining block at height 1...
✓ Found nonce: 145872
Failed to process block: invalid proof of work
Mining block at height 1...
✓ Found nonce: 46608
Failed to process block: invalid proof of work
Mining block at height 1...
✓ Found nonce: 77028
Failed to process block: invalid proof of work
Mining block at height 1...
✓ Found nonce: 211415
Failed to process block: invalid proof of work
Mining block at height 1...
✓ Found nonce: 83274
Failed to process block: invalid proof of work
Mining block at height 1...
✓ Found nonce: 25111
Failed to process block: invalid proof of work
Mining block at height 1...
✓ Found nonce: 71990
Failed to process block: invalid proof of work
Mining block at height 1...
✓ Found nonce: 11924
Failed to process block: invalid proof of work
Mining block at height 1...
✓ Found nonce: 6893
Failed to process block: invalid proof of work
Mining block at height 1...
✓ Found nonce: 119163
Failed to process block: invalid proof of work
Mining block at height 1...
✓ Found nonce: 38742
Failed to process block: invalid proof of work
Mining block at height 1...
✓ Found nonce: 55240
Failed to process block: invalid proof of work
Mining block at height 1...
✓ Found nonce: 36177
Failed to process block: invalid proof of work
Mining block at height 1...
✓ Found nonce: 4840
Failed to process block: invalid proof of work
Mining block at height 1...
✓ Found nonce: 23180
Failed to process block: invalid proof of work
Mining block at height 1...
✓ Found nonce: 101416
Failed to process block: invalid proof of work
Mining block at height 1...
✓ Found nonce: 3173
Failed to process block: invalid proof of work
Mining block at height 1...
✓ Found nonce: 79534
Failed to process block: invalid proof of work
Mining block at height 1...
✓ Found nonce: 2847
Failed to process block: invalid proof of work
Mining block at height 1...
✓ Found nonce: 41674
Failed to process block: invalid proof of work
Mining block at height 1...
✓ Found nonce: 1785
Failed to process block: invalid proof of work
Mining block at height 1...
✓ Found nonce: 147766
Failed to process block: invalid proof of work
Mining block at height 1...
✓ Found nonce: 60703
Failed to process block: invalid proof of work
Mining block at height 1...
✓ Found nonce: 167236
Failed to process block: invalid proof of work
Mining block at height 1...
✓ Found nonce: 70966
Failed to process block: invalid proof of work
Mining block at height 1...
✓ Found nonce: 38387
Failed to process block: invalid proof of work
Mining block at height 1...
✓ Found nonce: 62899
Failed to process block: invalid proof of work
Mining block at height 1...
✓ Found nonce: 3625
Failed to process block: invalid proof of work
Mining block at height 1...
✓ Found nonce: 144534
Failed to process block: invalid proof of work
Mining block at height 1...
✓ Found nonce: 6532
Failed to process block: invalid proof of work
Mining block at height 1...
✓ Found nonce: 174356
Failed to process block: invalid proof of work
Mining block at height 1...
✓ Found nonce: 463
Failed to process block: invalid proof of work
Mining block at height 1...
✓ Found nonce: 2464
Failed to process block: invalid proof of work
Mining block at height 1...
✓ Found nonce: 10765
Failed to process block: invalid proof of work
Mining block at height 1...
✓ Found nonce: 9235
Failed to process block: invalid proof of work
Mining block at height 1...
✓ Found nonce: 127164
Failed to process block: invalid proof of work
Mining block at height 1...
✓ Found nonce: 42411
Failed to process block: invalid proof of work
Mining block at height 1...
✓ Found nonce: 56075
Failed to process block: invalid proof of work
Mining block at height 1...
✓ Found nonce: 4666
Failed to process block: invalid proof of work
Mining block at height 1...
✓ Found nonce: 13745
Failed to process block: invalid proof of work
Mining block at height 1...
✓ Found nonce: 280368
Failed to process block: invalid proof of work
Mining block at height 1...
✓ Found nonce: 169920
Failed to process block: invalid proof of work
Mining block at height 1...
✓ Found nonce: 48398
Failed to process block: invalid proof of work
Mining block at height 1...
✓ Found nonce: 48659
Failed to process block: invalid proof of work
Mining block at height 1...
✓ Found nonce: 185321
Failed to process block: invalid proof of work
Mining block at height 1...
✓ Found nonce: 46584
Failed to process block: invalid proof of work
Mining block at height 1...
✓ Found nonce: 103093
Failed to process block: invalid proof of work
Mining block at height 1...
✓ Found nonce: 24346
Failed to process block: invalid proof of work
Mining block at height 1...
✓ Found nonce: 54541
Failed to process block: invalid proof of work
Mining block at height 1...
✓ Found nonce: 71210
Failed to process block: invalid proof of work
Mining block at height 1...
✓ Found nonce: 3778
Failed to process block: invalid proof of work
Mining block at height 1...
✓ Found nonce: 83621
Failed to process block: invalid proof of work
Mining block at height 1...
✓ Found nonce: 184230
Failed to process block: invalid proof of work
Mining block at height 1...
✓ Found nonce: 84522
Failed to process block: invalid proof of work
Mining block at height 1...
✓ Found nonce: 42944
Failed to process block: invalid proof of work
Mining block at height 1...
✓ Found nonce: 8986
Failed to process block: invalid proof of work
Mining block at height 1...
✓ Found nonce: 69675
Failed to process block: invalid proof of work
Mining block at height 1...
✓ Found nonce: 82485
Failed to process block: invalid proof of work
Mining block at height 1...
✓ Found nonce: 25980
Failed to process block: invalid proof of work
Mining block at height 1...
✓ Found nonce: 53696
Failed to process block: invalid proof of work
Mining block at height 1...
✓ Found nonce: 29231
Failed to process block: invalid proof of work
Mining block at height 1...
✓ Found nonce: 8115
Failed to process block: invalid proof of work
Mining block at height 1...
✓ Found nonce: 76761
Failed to process block: invalid proof of work
Mining block at height 1...
✓ Found nonce: 110599
Failed to process block: invalid proof of work
Mining block at height 1...
✓ Found nonce: 123929
Failed to process block: invalid proof of work
Mining block at height 1...
✓ Found nonce: 46187
Failed to process block: invalid proof of work
Mining block at height 1...
✓ Found nonce: 57524
Failed to process block: invalid proof of work
Mining block at height 1...
✓ Found nonce: 16737
Failed to process block: invalid proof of work
Mining block at height 1...
✓ Found nonce: 169135
Failed to process block: invalid proof of work
Mining block at height 1...
✓ Found nonce: 16824
Failed to process block: invalid proof of work
Mining block at height 1...
✓ Found nonce: 363824
Failed to process block: invalid proof of work
Mining block at height 1...
✓ Found nonce: 18394
Failed to process block: invalid proof of work
Mining block at height 1...
✓ Found nonce: 51682
Failed to process block: invalid proof of work
Mining block at height 1...
✓ Found nonce: 12037
Failed to process block: invalid proof of work
Mining block at height 1...
✓ Found nonce: 121667
Failed to process block: invalid proof of work
Mining block at height 1...
✓ Found nonce: 31856
Failed to process block: invalid proof of work
Mining block at height 1...
✓ Found nonce: 73252
Failed to process block: invalid proof of work
Mining block at height 1...
✓ Found nonce: 18995
Failed to process block: invalid proof of work
Mining block at height 1...
✓ Found nonce: 23954
Failed to process block: invalid proof of work
Mining block at height 1...
✓ Found nonce: 26149
Failed to process block: invalid proof of work
Mining block at height 1...
✓ Found nonce: 31177
Failed to process block: invalid proof of work
Mining block at height 1...
✓ Found nonce: 88976
Failed to process block: invalid proof of work
Mining block at height 1...
✓ Found nonce: 126604
Failed to process block: invalid proof of work
Mining block at height 1...
✓ Found nonce: 10533
Failed to process block: invalid proof of work
Mining block at height 1...
✓ Found nonce: 122024
Failed to process block: invalid proof of work
Mining block at height 1...
✓ Found nonce: 55430
Failed to process block: invalid proof of work
Mining block at height 1...
✓ Found nonce: 23680
Failed to process block: invalid proof of work
Mining block at height 1...
✓ Found nonce: 43307
Failed to process block: invalid proof of work
Mining block at height 1...
✓ Found nonce: 107146
Failed to process block: invalid proof of work
Mining block at height 1...
✓ Found nonce: 62035
Failed to process block: invalid proof of work
Mining block at height 1...
✓ Found nonce: 4668
Failed to process block: invalid proof of work
Mining block at height 1...
✓ Found nonce: 128922
Failed to process block: invalid proof of work
Mining block at height 1...
✓ Found nonce: 248
Failed to process block: invalid proof of work
Mining block at height 1...
✓ Found nonce: 112932
Failed to process block: invalid proof of work
Mining block at height 1...
✓ Found nonce: 87245
Failed to process block: invalid proof of work
Mining block at height 1...
✓ Found nonce: 9987
Failed to process block: invalid proof of work
Mining block at height 1...
✓ Found nonce: 206381
Failed to process block: invalid proof of work
Mining block at height 1...
✓ Found nonce: 321300
Failed to process block: invalid proof of work
Mining block at height 1...
✓ Found nonce: 24009
Failed to process block: invalid proof of work
Mining block at height 1...
✓ Found nonce: 195684
Failed to process block: invalid proof of work
Mining block at height 1...
✓ Found nonce: 117994
Failed to process block: invalid proof of work
Mining block at height 1...
✓ Found nonce: 2747
Failed to process block: invalid proof of work
Mining block at height 1...
✓ Found nonce: 15798
Failed to process block: invalid proof of work
Mining block at height 1...
✓ Found nonce: 5951
Failed to process block: invalid proof of work
Mining block at height 1...
✓ Found nonce: 182332
Failed to process block: invalid proof of work
Mining block at height 1...
✓ Found nonce: 47190
Failed to process block: invalid proof of work
Mining block at height 1...
✓ Found nonce: 278651
Failed to process block: invalid proof of work
Mining block at height 1...
✓ Found nonce: 4724
Failed to process block: invalid proof of work
Mining block at height 1...
✓ Found nonce: 10386
Failed to process block: invalid proof of work
Mining block at height 1...
✓ Found nonce: 128645
Failed to process block: invalid proof of work
Mining block at height 1...
✓ Found nonce: 85060
Failed to process block: invalid proof of work
Mining block at height 1...
✓ Found nonce: 47288
Failed to process block: invalid proof of work
Mining block at height 1...
✓ Found nonce: 59364
Failed to process block: invalid proof of work
Mining block at height 1...
✓ Found nonce: 5429
Failed to process block: invalid proof of work
Mining block at height 1...
✓ Found nonce: 211886
Failed to process block: invalid proof of work
Mining block at height 1...
✓ Found nonce: 113041
Failed to process block: invalid proof of work
Mining block at height 1...
✓ Found nonce: 101565
Failed to process block: invalid proof of work
Mining block at height 1...
✓ Found nonce: 102060
Failed to process block: invalid proof of work
Mining block at height 1...
✓ Found nonce: 229497
Failed to process block: invalid proof of work
Mining block at height 1...
✓ Found nonce: 108566
Failed to process block: invalid proof of work
Mining block at height 1...
✓ Found nonce: 40748
Failed to process block: invalid proof of work
Mining block at height 1...
✓ Found nonce: 184503
Failed to process block: invalid proof of work
Mining block at height 1...
✓ Found nonce: 54997
Failed to process block: invalid proof of work
Mining block at height 1...
✓ Found nonce: 160850
Failed to process block: invalid proof of work
Mining block at height 1...
✓ Found nonce: 82217
Failed to process block: invalid proof of work
Mining block at height 1...
✓ Found nonce: 40884
Failed to process block: invalid proof of work
Mining block at height 1...
✓ Found nonce: 80561
Failed to process block: invalid proof of work
Mining block at height 1...
✓ Found nonce: 57808
Failed to process block: invalid proof of work
Mining block at height 1...
✓ Found nonce: 820
Failed to process block: invalid proof of work
Mining block at height 1...
✓ Found nonce: 84351
Failed to process block: invalid proof of work
Mining block at height 1...
✓ Found nonce: 69947
Failed to process block: invalid proof of work
Mining block at height 1...
✓ Found nonce: 19661
Failed to process block: invalid proof of work
Mining block at height 1...
✓ Found nonce: 59948
Failed to process block: invalid proof of work
Mining block at height 1...
✓ Found nonce: 50226
Failed to process block: invalid proof of work
Mining block at height 1...
✓ Found nonce: 169486
Failed to process block: invalid proof of work
Mining block at height 1...
✓ Found nonce: 97398
Failed to process block: invalid proof of work
Mining block at height 1...
✓ Found nonce: 45696
Failed to process block: invalid proof of work
Mining block at height 1...
✓ Found nonce: 115771
Failed to process block: invalid proof of work
Mining block at height 1...
✓ Found nonce: 108110
Failed to process block: invalid proof of work
Mining block at height 1...
✓ Found nonce: 48695
Failed to process block: invalid proof of work
Mining block at height 1...
✓ Found nonce: 3715
Failed to process block: invalid proof of work
Mining block at height 1...
✓ Found nonce: 79787
Failed to process block: invalid proof of work
Mining block at height 1...
✓ Found nonce: 14271
Failed to process block: invalid proof of work
Mining block at height 1...
✓ Found nonce: 30581
Failed to process block: invalid proof of work
Mining block at height 1...
✓ Found nonce: 51282
Failed to process block: invalid proof of work
Mining block at height 1...
✓ Found nonce: 10846
Failed to process block: invalid proof of work
Mining block at height 1...
✓ Found nonce: 103261
Failed to process block: invalid proof of work
Mining block at height 1...
✓ Found nonce: 56920
Failed to process block: invalid proof of work
Mining block at height 1...
✓ Found nonce: 9061
Failed to process block: invalid proof of work
Mining block at height 1...
✓ Found nonce: 69051
Failed to process block: invalid proof of work
Mining block at height 1...
✓ Found nonce: 28681
Failed to process block: invalid proof of work
Mining block at height 1...
✓ Found nonce: 16960
Failed to process block: invalid proof of work
Mining block at height 1...
✓ Found nonce: 36040
Failed to process block: invalid proof of work
Mining block at height 1...
✓ Found nonce: 46364
Failed to process block: invalid proof of work
Mining block at height 1...
✓ Found nonce: 177738
Failed to process block: invalid proof of work
Mining block at height 1...
✓ Found nonce: 68601
Failed to process block: invalid proof of work
Mining block at height 1...
✓ Found nonce: 155896
Failed to process block: invalid proof of work
Mining block at height 1...
✓ Found nonce: 123670
Failed to process block: invalid proof of work
Mining block at height 1...
✓ Found nonce: 6617
Failed to process block: invalid proof of work
Mining block at height 1...
✓ Found nonce: 26961
Failed to process block: invalid proof of work
Mining block at height 1...
✓ Found nonce: 293305
Failed to process block: invalid proof of work
Mining block at height 1...
✓ Found nonce: 41819
Failed to process block: invalid proof of work
Mining block at height 1...
✓ Found nonce: 29135
Failed to process block: invalid proof of work
Mining block at height 1...
✓ Found nonce: 42798
Failed to process block: invalid proof of work
Mining block at height 1...
✓ Found nonce: 66703
Failed to process block: invalid proof of work
Mining block at height 1...
✓ Found nonce: 79685
Failed to process block: invalid proof of work
Mining block at height 1...
✓ Found nonce: 69018
Failed to process block: invalid proof of work
Mining block at height 1...
✓ Found nonce: 56712
Failed to process block: invalid proof of work
Mining block at height 1...
✓ Found nonce: 168583
Failed to process block: invalid proof of work
Mining block at height 1...
✓ Found nonce: 44314
Failed to process block: invalid proof of work
Mining block at height 1...
✓ Found nonce: 167785
Failed to process block: invalid proof of work
Mining block at height 1...
✓ Found nonce: 14486
Failed to process block: invalid proof of work
Mining block at height 1...
✓ Found nonce: 21499
Failed to process block: invalid proof of work
Mining block at height 1...
✓ Found nonce: 158
Failed to process block: invalid proof of work
Mining block at height 1...
✓ Found nonce: 40529
Failed to process block: invalid proof of work
Mining block at height 1...
✓ Found nonce: 8994
Failed to process block: invalid proof of work
Mining block at height 1...
✓ Found nonce: 41655
Failed to process block: invalid proof of work
Mining block at height 1...
✓ Found nonce: 78472
Failed to process block: invalid proof of work
Mining block at height 1...
✓ Found nonce: 3194
Failed to process block: invalid proof of work
Mining block at height 1...
✓ Found nonce: 61421
Failed to process block: invalid proof of work
Mining block at height 1...
✓ Found nonce: 21074
Failed to process block: invalid proof of work
Mining block at height 1...
✓ Found nonce: 93760
Failed to process block: invalid proof of work
Mining block at height 1...
✓ Found nonce: 68981
Failed to process block: invalid proof of work
Mining block at height 1...
✓ Found nonce: 12779
Failed to process block: invalid proof of work
Mining block at height 1...
✓ Found nonce: 20793
Failed to process block: invalid proof of work
Mining block at height 1...
✓ Found nonce: 20803
Failed to process block: invalid proof of work
Mining block at height 1...
✓ Found nonce: 28245
Failed to process block: invalid proof of work
Mining block at height 1...
✓ Found nonce: 92919
Failed to process block: invalid proof of work
Mining block at height 1...
✓ Found nonce: 168210
Failed to process block: invalid proof of work
Mining block at height 1...
✓ Found nonce: 5817
Failed to process block: invalid proof of work
Mining block at height 1...
✓ Found nonce: 14212
Failed to process block: invalid proof of work
Mining block at height 1...
✓ Found nonce: 203969
Failed to process block: invalid proof of work
Mining block at height 1...
✓ Found nonce: 12173
Failed to process block: invalid proof of work
Mining block at height 1...
✓ Found nonce: 11323
Failed to process block: invalid proof of work
Mining block at height 1...
✓ Found nonce: 29101
Failed to process block: invalid proof of work
Mining block at height 1...
✓ Found nonce: 13867
Failed to process block: invalid proof of work
Mining block at height 1...
✓ Found nonce: 27098
Failed to process block: invalid proof of work
Mining block at height 1...
✓ Found nonce: 8552
Failed to process block: invalid proof of work
Mining block at height 1...
✓ Found nonce: 36662
Failed to process block: invalid proof of work
Mining block at height 1...
✓ Found nonce: 13677
Failed to process block: invalid proof of work
Mining block at height 1...
✓ Found nonce: 12411
Failed to process block: invalid proof of work
Mining block at height 1...
✓ Found nonce: 29374
Failed to process block: invalid proof of work
Mining block at height 1...
✓ Found nonce: 8126
Failed to process block: invalid proof of work
Mining block at height 1...
✓ Found nonce: 34174
Failed to process block: invalid proof of work
Mining block at height 1...
✓ Found nonce: 56286
Failed to process block: invalid proof of work
Mining block at height 1...
✓ Found nonce: 31944
Failed to process block: invalid proof of work
Mining block at height 1...
✓ Found nonce: 73415
Failed to process block: invalid proof of work
Mining block at height 1...
✓ Found nonce: 78028
Failed to process block: invalid proof of work
Mining block at height 1...
✓ Found nonce: 28687
Failed to process block: invalid proof of work
Mining block at height 1...
✓ Found nonce: 10095
Failed to process block: invalid proof of work
Mining block at height 1...
✓ Found nonce: 13611
Failed to process block: invalid proof of work
Mining block at height 1...
✓ Found nonce: 89068
Failed to process block: invalid proof of work
Mining block at height 1...
✓ Found nonce: 329780
Failed to process block: invalid proof of work
Mining block at height 1...
✓ Found nonce: 36883
Failed to process block: invalid proof of work
Mining block at height 1...
✓ Found nonce: 43692
Failed to process block: invalid proof of work
Mining block at height 1...
✓ Found nonce: 23967
Failed to process block: invalid proof of work
Mining block at height 1...
✓ Found nonce: 45367
Failed to process block: invalid proof of work
Mining block at height 1...
✓ Found nonce: 23102
Failed to process block: invalid proof of work
Mining block at height 1...
✓ Found nonce: 11673
Failed to process block: invalid proof of work
Mining block at height 1...
✓ Found nonce: 34868
Failed to process block: invalid proof of work
Mining block at height 1...
✓ Found nonce: 51392
Failed to process block: invalid proof of work
Mining block at height 1...
✓ Found nonce: 100571
Failed to process block: invalid proof of work
Mining block at height 1...
✓ Found nonce: 5169
Failed to process block: invalid proof of work
Mining block at height 1...
✓ Found nonce: 31405
Failed to process block: invalid proof of work
Mining block at height 1...
✓ Found nonce: 89327
Failed to process block: invalid proof of work
Mining block at height 1...
✓ Found nonce: 25080
Failed to process block: invalid proof of work
Mining block at height 1...
✓ Found nonce: 33779
Failed to process block: invalid proof of work
Mining block at height 1...
✓ Found nonce: 41372
Failed to process block: invalid proof of work
Mining block at height 1...
✓ Found nonce: 37151
Failed to process block: invalid proof of work
Mining block at height 1...
✓ Found nonce: 105692
Failed to process block: invalid proof of work
Mining block at height 1...
✓ Found nonce: 26379
Failed to process block: invalid proof of work
Mining block at height 1...
✓ Found nonce: 11165
Failed to process block: invalid proof of work
Mining block at height 1...
✓ Found nonce: 7418
Failed to process block: invalid proof of work
Mining block at height 1...
✓ Found nonce: 240538
Failed to process block: invalid proof of work
Mining block at height 1...
✓ Found nonce: 74913
Failed to process block: invalid proof of work
Mining block at height 1...
✓ Found nonce: 36437
Failed to process block: invalid proof of work
Mining block at height 1...
✓ Found nonce: 6028
Failed to process block: invalid proof of work
Mining block at height 1...
✓ Found nonce: 33399
Failed to process block: invalid proof of work
Mining block at height 1...
✓ Found nonce: 82918
Failed to process block: invalid proof of work
Mining block at height 1...
✓ Found nonce: 12825
Failed to process block: invalid proof of work
Mining block at height 1...
✓ Found nonce: 73215
Failed to process block: invalid proof of work
Mining block at height 1...
✓ Found nonce: 45873
Failed to process block: invalid proof of work
Mining block at height 1...
✓ Found nonce: 24119
Failed to process block: invalid proof of work
Mining block at height 1...
✓ Found nonce: 38088
Failed to process block: invalid proof of work
Mining block at height 1...
✓ Found nonce: 17397
Failed to process block: invalid proof of work
Mining block at height 1...
✓ Found nonce: 44988
Failed to process block: invalid proof of work
Mining block at height 1...
✓ Found nonce: 35783
Failed to process block: invalid proof of work
Mining block at height 1...
✓ Found nonce: 62410
Failed to process block: invalid proof of work
Mining block at height 1...
✓ Found nonce: 9561
Failed to process block: invalid proof of work
Mining block at height 1...
✓ Found nonce: 97857
Failed to process block: invalid proof of work
Mining block at height 1...
✓ Found nonce: 45045
Failed to process block: invalid proof of work
Mining block at height 1...
✓ Found nonce: 33066
Failed to process block: invalid proof of work
Mining block at height 1...
✓ Found nonce: 72679
Failed to process block: invalid proof of work
Mining block at height 1...
✓ Found nonce: 75694
Failed to process block: invalid proof of work
Mining block at height 1...
✓ Found nonce: 34691
Failed to process block: invalid proof of work
Mining block at height 1...
✓ Found nonce: 26747
Failed to process block: invalid proof of work
Mining block at height 1...
✓ Found nonce: 95365
Failed to process block: invalid proof of work
Mining block at height 1...
✓ Found nonce: 104872
Failed to process block: invalid proof of work
Mining block at height 1...
✓ Found nonce: 34945
Failed to process block: invalid proof of work
Mining block at height 1...
✓ Found nonce: 26227
Failed to process block: invalid proof of work
Mining block at height 1...
✓ Found nonce: 26985
Failed to process block: invalid proof of work
Mining block at height 1...
✓ Found nonce: 65717
Failed to process block: invalid proof of work
Mining block at height 1...
✓ Found nonce: 34806
Failed to process block: invalid proof of work
Mining block at height 1...
✓ Found nonce: 26009
Failed to process block: invalid proof of work
Mining block at height 1...
✓ Found nonce: 48942
Failed to process block: invalid proof of work
Mining block at height 1...
✓ Found nonce: 76139
Failed to process block: invalid proof of work
Mining block at height 1...
✓ Found nonce: 96060
Failed to process block: invalid proof of work
Mining block at height 1...
✓ Found nonce: 150990
Failed to process block: invalid proof of work
Mining block at height 1...
✓ Found nonce: 232241
Failed to process block: invalid proof of work
Mining block at height 1...
✓ Found nonce: 3035
Failed to process block: invalid proof of work
Mining block at height 1...
✓ Found nonce: 131193
Failed to process block: invalid proof of work
Mining block at height 1...
✓ Found nonce: 34051
Failed to process block: invalid proof of work
Mining block at height 1...
✓ Found nonce: 78
Failed to process block: invalid proof of work
Mining block at height 1...
✓ Found nonce: 353
Failed to process block: invalid proof of work
Mining block at height 1...
✓ Found nonce: 34266
Failed to process block: invalid proof of work
Mining block at height 1...
✓ Found nonce: 35318
Failed to process block: invalid proof of work
Mining block at height 1...
✓ Found nonce: 19941
Failed to process block: invalid proof of work
Mining block at height 1...
✓ Found nonce: 5417
Failed to process block: invalid proof of work
Mining block at height 1...
✓ Found nonce: 111501
Failed to process block: invalid proof of work
Mining block at height 1...
✓ Found nonce: 18230
Failed to process block: invalid proof of work
Mining block at height 1...
✓ Found nonce: 254259
Failed to process block: invalid proof of work
Mining block at height 1...
✓ Found nonce: 101241
Failed to process block: invalid proof of work
Mining block at height 1...
✓ Found nonce: 9630
Failed to process block: invalid proof of work
Mining block at height 1...
✓ Found nonce: 183817
Failed to process block: invalid proof of work
Mining block at height 1...
✓ Found nonce: 68592
Failed to process block: invalid proof of work
Mining block at height 1...
✓ Found nonce: 45156
Failed to process block: invalid proof of work
Mining block at height 1...
✓ Found nonce: 17870
Failed to process block: invalid proof of work
Mining block at height 1...
✓ Found nonce: 20871
Failed to process block: invalid proof of work
Mining block at height 1...
✓ Found nonce: 131993
Failed to process block: invalid proof of work
Mining block at height 1...
✓ Found nonce: 124604
Failed to process block: invalid proof of work
Mining block at height 1...
✓ Found nonce: 367
Failed to process block: invalid proof of work
Mining block at height 1...
✓ Found nonce: 15911
Failed to process block: invalid proof of work
Mining block at height 1...
✓ Found nonce: 157104
Failed to process block: invalid proof of work
Mining block at height 1...
✓ Found nonce: 103051
Failed to process block: invalid proof of work
Mining block at height 1...
✓ Found nonce: 48513
Failed to process block: invalid proof of work
Mining block at height 1...
✓ Found nonce: 200775
Failed to process block: invalid proof of work
Mining block at height 1...
✓ Found nonce: 7010
Failed to process block: invalid proof of work
Mining block at height 1...
✓ Found nonce: 118696
Failed to process block: invalid proof of work
Mining block at height 1...
✓ Found nonce: 328992
Failed to process block: invalid proof of work
Mining block at height 1...
✓ Found nonce: 93487
Failed to process block: invalid proof of work
Mining block at height 1...
✓ Found nonce: 93985
Failed to process block: invalid proof of work
Mining block at height 1...
✓ Found nonce: 40385
Failed to process block: invalid proof of work
Mining block at height 1...
✓ Found nonce: 22947
Failed to process block: invalid proof of work
Mining block at height 1...
✓ Found nonce: 6882
Failed to process block: invalid proof of work
Mining block at height 1...
✓ Found nonce: 27103
Failed to process block: invalid proof of work
Mining block at height 1...
✓ Found nonce: 22123
Failed to process block: invalid proof of work
Mining block at height 1...
✓ Found nonce: 4322
Failed to process block: invalid proof of work
Mining block at height 1...
✓ Found nonce: 41732
Failed to process block: invalid proof of work
Mining block at height 1...
✓ Found nonce: 85907
Failed to process block: invalid proof of work
Mining block at height 1...
✓ Found nonce: 126001
Failed to process block: invalid proof of work
Mining block at height 1...
✓ Found nonce: 47915
Failed to process block: invalid proof of work
Mining block at height 1...
✓ Found nonce: 48188
Failed to process block: invalid proof of work
Mining block at height 1...
✓ Found nonce: 67
Failed to process block: invalid proof of work
Mining block at height 1...
✓ Found nonce: 40387
Failed to process block: invalid proof of work
Mining block at height 1...
✓ Found nonce: 12517
Failed to process block: invalid proof of work
Mining block at height 1...
✓ Found nonce: 15982
Failed to process block: invalid proof of work
Mining block at height 1...
✓ Found nonce: 29877
Failed to process block: invalid proof of work
Mining block at height 1...
✓ Found nonce: 71891
Failed to process block: invalid proof of work
Mining block at height 1...
✓ Found nonce: 231548
Failed to process block: invalid proof of work
Mining block at height 1...
✓ Found nonce: 34185
Failed to process block: invalid proof of work
Mining block at height 1...
✓ Found nonce: 15134
Failed to process block: invalid proof of work
Mining block at height 1...
✓ Found nonce: 6164
Failed to process block: invalid proof of work
Mining block at height 1...
✓ Found nonce: 31702
Failed to process block: invalid proof of work
Mining block at height 1...
✓ Found nonce: 40332
Failed to process block: invalid proof of work
Mining block at height 1...
✓ Found nonce: 110008
Failed to process block: invalid proof of work
Mining block at height 1...
✓ Found nonce: 36404
Failed to process block: invalid proof of work
Mining block at height 1...
✓ Found nonce: 87993
Failed to process block: invalid proof of work
Mining block at height 1...
✓ Found nonce: 54852
Failed to process block: invalid proof of work
Mining block at height 1...
✓ Found nonce: 6320
Failed to process block: invalid proof of work
Mining block at height 1...
✓ Found nonce: 50127
Failed to process block: invalid proof of work
Mining block at height 1...
✓ Found nonce: 88802
Failed to process block: invalid proof of work
Mining block at height 1...
✓ Found nonce: 46431
Failed to process block: invalid proof of work
Mining block at height 1...
✓ Found nonce: 228699
Failed to process block: invalid proof of work
Mining block at height 1...
✓ Found nonce: 56524
Failed to process block: invalid proof of work
Mining block at height 1...
✓ Found nonce: 6838
Failed to process block: invalid proof of work
Mining block at height 1...
✓ Found nonce: 196601
Failed to process block: invalid proof of work
Mining block at height 1...
✓ Found nonce: 61292
Failed to process block: invalid proof of work
Mining block at height 1...
✓ Found nonce: 6990
Failed to process block: invalid proof of work
Mining block at height 1...
✓ Found nonce: 39875
Failed to process block: invalid proof of work
Mining block at height 1...
✓ Found nonce: 26845
Failed to process block: invalid proof of work
Mining block at height 1...
✓ Found nonce: 154688
Failed to process block: invalid proof of work
Mining block at height 1...
✓ Found nonce: 75448
Failed to process block: invalid proof of work
Mining block at height 1...
✓ Found nonce: 3736
Failed to process block: invalid proof of work
Mining block at height 1...
✓ Found nonce: 33903
Failed to process block: invalid proof of work
Mining block at height 1...
✓ Found nonce: 49947
Failed to process block: invalid proof of work
Mining block at height 1...
✓ Found nonce: 263548
Failed to process block: invalid proof of work
Mining block at height 1...
✓ Found nonce: 45694
Failed to process block: invalid proof of work
Mining block at height 1...
✓ Found nonce: 94665
Failed to process block: invalid proof of work
Mining block at height 1...
✓ Found nonce: 41667
Failed to process block: invalid proof of work
Mining block at height 1...
✓ Found nonce: 5530
Failed to process block: invalid proof of work
Mining block at height 1...
✓ Found nonce: 31634
Failed to process block: invalid proof of work
Mining block at height 1...
✓ Found nonce: 121528
Failed to process block: invalid proof of work
Mining block at height 1...
✓ Found nonce: 92969
Failed to process block: invalid proof of work
Mining block at height 1...
✓ Found nonce: 54590
Failed to process block: invalid proof of work
Mining block at height 1...
✓ Found nonce: 120433
Failed to process block: invalid proof of work
Mining block at height 1...
✓ Found nonce: 1047
Failed to process block: invalid proof of work
Mining block at height 1...
✓ Found nonce: 9023
Failed to process block: invalid proof of work
Mining block at height 1...
✓ Found nonce: 38331
Failed to process block: invalid proof of work
Mining block at height 1...
✓ Found nonce: 861
Failed to process block: invalid proof of work
Mining block at height 1...
✓ Found nonce: 131471
Failed to process block: invalid proof of work
Mining block at height 1...
✓ Found nonce: 34512
Failed to process block: invalid proof of work
Mining block at height 1...
✓ Found nonce: 45455
Failed to process block: invalid proof of work
Mining block at height 1...
✓ Found nonce: 88689
Failed to process block: invalid proof of work
Mining block at height 1...
✓ Found nonce: 78180
Failed to process block: invalid proof of work
Mining block at height 1...
✓ Found nonce: 122472
Failed to process block: invalid proof of work
Mining block at height 1...
✓ Found nonce: 309994
Failed to process block: invalid proof of work
Mining block at height 1...
✓ Found nonce: 26233
Failed to process block: invalid proof of work
Mining block at height 1...
✓ Found nonce: 7888
Failed to process block: invalid proof of work
Mining block at height 1...
✓ Found nonce: 35633
Failed to process block: invalid proof of work
Mining block at height 1...
✓ Found nonce: 69417
Failed to process block: invalid proof of work
Mining block at height 1...
✓ Found nonce: 238738
Failed to process block: invalid proof of work
Mining block at height 1...
✓ Found nonce: 128959
Failed to process block: invalid proof of work
Mining block at height 1...
✓ Found nonce: 19831
Failed to process block: invalid proof of work
Mining block at height 1...
✓ Found nonce: 3254
Failed to process block: invalid proof of work
Mining block at height 1...
✓ Found nonce: 68128
Failed to process block: invalid proof of work
Mining block at height 1...
✓ Found nonce: 2519
Failed to process block: invalid proof of work
Mining block at height 1...
✓ Found nonce: 64606
Failed to process block: invalid proof of work
Mining block at height 1...
✓ Found nonce: 31119
Failed to process block: invalid proof of work
Mining block at height 1...
✓ Found nonce: 22154
Failed to process block: invalid proof of work
Mining block at height 1...
✓ Found nonce: 105847
Failed to process block: invalid proof of work
Mining block at height 1...
✓ Found nonce: 40065
Failed to process block: invalid proof of work
Mining block at height 1...
✓ Found nonce: 7008
Failed to process block: invalid proof of work
Mining block at height 1...
✓ Found nonce: 4522
Failed to process block: invalid proof of work
Mining block at height 1...
✓ Found nonce: 14499
Failed to process block: invalid proof of work
Mining block at height 1...
✓ Found nonce: 150545
Failed to process block: invalid proof of work
Mining block at height 1...
✓ Found nonce: 125932
Failed to process block: invalid proof of work
Mining block at height 1...
✓ Found nonce: 28927
Failed to process block: invalid proof of work
Mining block at height 1...
✓ Found nonce: 41967
Failed to process block: invalid proof of work
Mining block at height 1...
✓ Found nonce: 58307
Failed to process block: invalid proof of work
Mining block at height 1...
✓ Found nonce: 3398
Failed to process block: invalid proof of work
Mining block at height 1...
✓ Found nonce: 36634
Failed to process block: invalid proof of work
Mining block at height 1...
✓ Found nonce: 95017
Failed to process block: invalid proof of work
Mining block at height 1...
✓ Found nonce: 15770
Failed to process block: invalid proof of work
Mining block at height 1...
✓ Found nonce: 58473
Failed to process block: invalid proof of work
Mining block at height 1...
✓ Found nonce: 113032
Failed to process block: invalid proof of work
Mining block at height 1...
✓ Found nonce: 46392
Failed to process block: invalid proof of work
Mining block at height 1...
✓ Found nonce: 9435
Failed to process block: invalid proof of work
Mining block at height 1...
✓ Found nonce: 195265
Failed to process block: invalid proof of work
Mining block at height 1...
✓ Found nonce: 144761
Failed to process block: invalid proof of work
Mining block at height 1...
✓ Found nonce: 12747
Failed to process block: invalid proof of work
Mining block at height 1...
✓ Found nonce: 81024
Failed to process block: invalid proof of work
Mining block at height 1...
✓ Found nonce: 353283
Failed to process block: invalid proof of work
Mining block at height 1...
✓ Found nonce: 194152
Failed to process block: invalid proof of work
Mining block at height 1...
✓ Found nonce: 46146
Failed to process block: invalid proof of work
Mining block at height 1...
✓ Found nonce: 22666
Failed to process block: invalid proof of work
Mining block at height 1...
✓ Found nonce: 2524
Failed to process block: invalid proof of work
Mining block at height 1...
✓ Found nonce: 133223
Failed to process block: invalid proof of work
Mining block at height 1...
✓ Found nonce: 14643
Failed to process block: invalid proof of work
Mining block at height 1...
✓ Found nonce: 40286
Failed to process block: invalid proof of work
Mining block at height 1...
✓ Found nonce: 54985
Failed to process block: invalid proof of work
Mining block at height 1...
✓ Found nonce: 113423
Failed to process block: invalid proof of work
Mining block at height 1...
✓ Found nonce: 214003
Failed to process block: invalid proof of work
Mining block at height 1...
✓ Found nonce: 29588
Failed to process block: invalid proof of work
Mining block at height 1...
✓ Found nonce: 49088
Failed to process block: invalid proof of work
Mining block at height 1...
✓ Found nonce: 47115
Failed to process block: invalid proof of work
Mining block at height 1...
✓ Found nonce: 367357
Failed to process block: invalid proof of work
Mining block at height 1...
✓ Found nonce: 75407
Failed to process block: invalid proof of work
Mining block at height 1...
✓ Found nonce: 96201
Failed to process block: invalid proof of work
Mining block at height 1...
✓ Found nonce: 157469
Failed to process block: invalid proof of work
Mining block at height 1...
✓ Found nonce: 74198
Failed to process block: invalid proof of work
Mining block at height 1...
✓ Found nonce: 24579
Failed to process block: invalid proof of work
Mining block at height 1...
✓ Found nonce: 6983
Failed to process block: invalid proof of work
Mining block at height 1...
✓ Found nonce: 7398
Failed to process block: invalid proof of work
Mining block at height 1...
✓ Found nonce: 37661
Failed to process block: invalid proof of work
Mining block at height 1...
✓ Found nonce: 10491
Failed to process block: invalid proof of work
Mining block at height 1...
✓ Found nonce: 36589
Failed to process block: invalid proof of work
Mining block at height 1...
✓ Found nonce: 30768
Failed to process block: invalid proof of work
Mining block at height 1...
✓ Found nonce: 23134
Failed to process block: invalid proof of work
Mining block at height 1...
✓ Found nonce: 253335
Failed to process block: invalid proof of work
Mining block at height 1...
✓ Found nonce: 3658
Failed to process block: invalid proof of work
Mining block at height 1...
✓ Found nonce: 27074
Failed to process block: invalid proof of work
Mining block at height 1...
✓ Found nonce: 2911
Failed to process block: invalid proof of work
Mining block at height 1...
✓ Found nonce: 23772
Failed to process block: invalid proof of work
Mining block at height 1...
✓ Found nonce: 130214
Failed to process block: invalid proof of work
Mining block at height 1...
✓ Found nonce: 230484
Failed to process block: invalid proof of work
Mining block at height 1...
✓ Found nonce: 48102
Failed to process block: invalid proof of work
Mining block at height 1...
✓ Found nonce: 24349
Failed to process block: invalid proof of work
Mining block at height 1...
✓ Found nonce: 110212
Failed to process block: invalid proof of work
Mining block at height 1...
✓ Found nonce: 5870
Failed to process block: invalid proof of work
Mining block at height 1...
✓ Found nonce: 13661
Failed to process block: invalid proof of work
Mining block at height 1...
✓ Found nonce: 28125
Failed to process block: invalid proof of work
Mining block at height 1...
✓ Found nonce: 10383
Failed to process block: invalid proof of work
Mining block at height 1...
✓ Found nonce: 61990
Failed to process block: invalid proof of work
Mining block at height 1...
✓ Found nonce: 34661
Failed to process block: invalid proof of work
Mining block at height 1...
✓ Found nonce: 33344
Failed to process block: invalid proof of work
Mining block at height 1...
✓ Found nonce: 1363
Failed to process block: invalid proof of work
Mining block at height 1...
✓ Found nonce: 11503
Failed to process block: invalid proof of work
Mining block at height 1...
✓ Found nonce: 36736
Failed to process block: invalid proof of work
Mining block at height 1...
✓ Found nonce: 27467
Failed to process block: invalid proof of work
Mining block at height 1...
✓ Found nonce: 7882
Failed to process block: invalid proof of work
Mining block at height 1...
✓ Found nonce: 34987
Failed to process block: invalid proof of work
Mining block at height 1...
✓ Found nonce: 217035
Failed to process block: invalid proof of work
Mining block at height 1...
✓ Found nonce: 3788
Failed to process block: invalid proof of work
Mining block at height 1...
✓ Found nonce: 27112
Failed to process block: invalid proof of work
Mining block at height 1...
✓ Found nonce: 59153
Failed to process block: invalid proof of work
Mining block at height 1...
✓ Found nonce: 46990
Failed to process block: invalid proof of work
Mining block at height 1...
✓ Found nonce: 4675
Failed to process block: invalid proof of work
Mining block at height 1...
✓ Found nonce: 94831
Failed to process block: invalid proof of work
Mining block at height 1...
✓ Found nonce: 112040
Failed to process block: invalid proof of work
Mining block at height 1...
✓ Found nonce: 136890
Failed to process block: invalid proof of work
Mining block at height 1...
✓ Found nonce: 10961
Failed to process block: invalid proof of work
Mining block at height 1...
✓ Found nonce: 65675
Failed to process block: invalid proof of work
Mining block at height 1...
✓ Found nonce: 43762
Failed to process block: invalid proof of work
Mining block at height 1...
✓ Found nonce: 15968
Failed to process block: invalid proof of work
Mining block at height 1...
✓ Found nonce: 61760
Failed to process block: invalid proof of work
Mining block at height 1...
✓ Found nonce: 133503
Failed to process block: invalid proof of work
Mining block at height 1...
✓ Found nonce: 35529
Failed to process block: invalid proof of work
Mining block at height 1...
✓ Found nonce: 32202
Failed to process block: invalid proof of work
Mining block at height 1...
✓ Found nonce: 183569
Failed to process block: invalid proof of work
Mining block at height 1...
✓ Found nonce: 63824
Failed to process block: invalid proof of work
Mining block at height 1...
✓ Found nonce: 15248
Failed to process block: invalid proof of work
Mining block at height 1...
✓ Found nonce: 57
Failed to process block: invalid proof of work
Mining block at height 1...
✓ Found nonce: 30828
Failed to process block: invalid proof of work
Mining block at height 1...
✓ Found nonce: 11596
Failed to process block: invalid proof of work
Mining block at height 1...
✓ Found nonce: 9077
Failed to process block: invalid proof of work
Mining block at height 1...
✓ Found nonce: 159648
Failed to process block: invalid proof of work
Mining block at height 1...
✓ Found nonce: 6093
Failed to process block: invalid proof of work
Mining block at height 1...
✓ Found nonce: 20475
Failed to process block: invalid proof of work
Mining block at height 1...
✓ Found nonce: 110344
Failed to process block: invalid proof of work
Mining block at height 1...
✓ Found nonce: 5012
Failed to process block: invalid proof of work
Mining block at height 1...
✓ Found nonce: 76672
Failed to process block: invalid proof of work
Mining block at height 1...
✓ Found nonce: 163836
Failed to process block: invalid proof of work
Mining block at height 1...
✓ Found nonce: 60501
Failed to process block: invalid proof of work
Mining block at height 1...
✓ Found nonce: 40598
Failed to process block: invalid proof of work
Mining block at height 1...
✓ Found nonce: 83528
Failed to process block: invalid proof of work
Mining block at height 1...
✓ Found nonce: 37386
Failed to process block: invalid proof of work
Mining block at height 1...
✓ Found nonce: 17216
Failed to process block: invalid proof of work
Mining block at height 1...
✓ Found nonce: 75507
Failed to process block: invalid proof of work
Mining block at height 1...
✓ Found nonce: 71138
Failed to process block: invalid proof of work
Mining block at height 1...
✓ Found nonce: 40995
Failed to process block: invalid proof of work
Mining block at height 1...
✓ Found nonce: 2515
Failed to process block: invalid proof of work
Mining block at height 1...
✓ Found nonce: 23096
Failed to process block: invalid proof of work
Mining block at height 1...
✓ Found nonce: 27154
Failed to process block: invalid proof of work
Mining block at height 1...
✓ Found nonce: 48311
Failed to process block: invalid proof of work
Mining block at height 1...
✓ Found nonce: 12281
Failed to process block: invalid proof of work
Mining block at height 1...
✓ Found nonce: 742
Failed to process block: invalid proof of work
Mining block at height 1...
✓ Found nonce: 20478
Failed to process block: invalid proof of work
Mining block at height 1...
✓ Found nonce: 11752
Failed to process block: invalid proof of work
Mining block at height 1...
✓ Found nonce: 13618
Failed to process block: invalid proof of work
Mining block at height 1...
✓ Found nonce: 3363
Failed to process block: invalid proof of work
Mining block at height 1...
✓ Found nonce: 42058
Failed to process block: invalid proof of work
Mining block at height 1...
✓ Found nonce: 163666
Failed to process block: invalid proof of work
Mining block at height 1...
✓ Found nonce: 56660
Failed to process block: invalid proof of work
Mining block at height 1...
✓ Found nonce: 104961
Failed to process block: invalid proof of work
Mining block at height 1...
✓ Found nonce: 34068
Failed to process block: invalid proof of work
Mining block at height 1...
✓ Found nonce: 41295
Failed to process block: invalid proof of work
Mining block at height 1...
✓ Found nonce: 23676
Failed to process block: invalid proof of work
Mining block at height 1...
✓ Found nonce: 190090
Failed to process block: invalid proof of work
Mining block at height 1...
✓ Found nonce: 43573
Failed to process block: invalid proof of work
Mining block at height 1...
✓ Found nonce: 28363
Failed to process block: invalid proof of work
Mining block at height 1...
✓ Found nonce: 73462
Failed to process block: invalid proof of work
Mining block at height 1...
✓ Found nonce: 25218
Failed to process block: invalid proof of work
Mining block at height 1...
✓ Found nonce: 98750
Failed to process block: invalid proof of work
Mining block at height 1...
✓ Found nonce: 5276
Failed to process block: invalid proof of work
Mining block at height 1...
✓ Found nonce: 68334
Failed to process block: invalid proof of work
Mining block at height 1...
✓ Found nonce: 73563
Failed to process block: invalid proof of work
Mining block at height 1...
✓ Found nonce: 145520
Failed to process block: invalid proof of work
Mining block at height 1...
✓ Found nonce: 170729
Failed to process block: invalid proof of work
Mining block at height 1...
✓ Found nonce: 21282
Failed to process block: invalid proof of work
Mining block at height 1...
✓ Found nonce: 59303
Failed to process block: invalid proof of work
Mining block at height 1...
✓ Found nonce: 4949
Failed to process block: invalid proof of work
Mining block at height 1...
✓ Found nonce: 20580
Failed to process block: invalid proof of work
Mining block at height 1...
✓ Found nonce: 48742
Failed to process block: invalid proof of work
Mining block at height 1...
✓ Found nonce: 48811
Failed to process block: invalid proof of work
Mining block at height 1...
✓ Found nonce: 35648
Failed to process block: invalid proof of work
Mining block at height 1...
✓ Found nonce: 52012
Failed to process block: invalid proof of work
Mining block at height 1...
✓ Found nonce: 35992
Failed to process block: invalid proof of work
Mining block at height 1...
✓ Found nonce: 20237
Failed to process block: invalid proof of work
Mining block at height 1...
✓ Found nonce: 59953
Failed to process block: invalid proof of work
Mining block at height 1...
✓ Found nonce: 50473
Failed to process block: invalid proof of work
Mining block at height 1...
✓ Found nonce: 6585
Failed to process block: invalid proof of work
Mining block at height 1...
✓ Found nonce: 232763
Failed to process block: invalid proof of work
Mining block at height 1...
✓ Found nonce: 3937
Failed to process block: invalid proof of work
Mining block at height 1...
✓ Found nonce: 5302
Failed to process block: invalid proof of work
Mining block at height 1...
✓ Found nonce: 361
Failed to process block: invalid proof of work
Mining block at height 1...
✓ Found nonce: 43957
Failed to process block: invalid proof of work
Mining block at height 1...
✓ Found nonce: 40671
Failed to process block: invalid proof of work
Mining block at height 1...
✓ Found nonce: 42686
Failed to process block: invalid proof of work
Mining block at height 1...
✓ Found nonce: 43369
Failed to process block: invalid proof of work
Mining block at height 1...
✓ Found nonce: 239895
Failed to process block: invalid proof of work
Mining block at height 1...
✓ Found nonce: 35360
Failed to process block: invalid proof of work
Mining block at height 1...
✓ Found nonce: 12221
Failed to process block: invalid proof of work
Mining block at height 1...
✓ Found nonce: 80620
Failed to process block: invalid proof of work
Mining block at height 1...
✓ Found nonce: 44888
Failed to process block: invalid proof of work
Mining block at height 1...
✓ Found nonce: 61790
Failed to process block: invalid proof of work
Mining block at height 1...
✓ Found nonce: 101097
Failed to process block: invalid proof of work
Mining block at height 1...
✓ Found nonce: 18415
Failed to process block: invalid proof of work
Mining block at height 1...
✓ Found nonce: 11611
Failed to process block: invalid proof of work
Mining block at height 1...
✓ Found nonce: 20496
Failed to process block: invalid proof of work
Mining block at height 1...
✓ Found nonce: 63183
Failed to process block: invalid proof of work
Mining block at height 1...
✓ Found nonce: 60774
Failed to process block: invalid proof of work
Mining block at height 1...
✓ Found nonce: 1700
Failed to process block: invalid proof of work
Mining block at height 1...
✓ Found nonce: 189764
Failed to process block: invalid proof of work
Mining block at height 1...
✓ Found nonce: 30592
Failed to process block: invalid proof of work
Mining block at height 1...
✓ Found nonce: 17914
Failed to process block: invalid proof of work
Mining block at height 1...
✓ Found nonce: 14076
Failed to process block: invalid proof of work
Mining block at height 1...
✓ Found nonce: 93392
Failed to process block: invalid proof of work
Mining block at height 1...
✓ Found nonce: 18226
Failed to process block: invalid proof of work
Mining block at height 1...
✓ Found nonce: 23079
Failed to process block: invalid proof of work
Mining block at height 1...
✓ Found nonce: 1363
Failed to process block: invalid proof of work
Mining block at height 1...
✓ Found nonce: 18499
Failed to process block: invalid proof of work
Mining block at height 1...
✓ Found nonce: 19052
Failed to process block: invalid proof of work
Mining block at height 1...
✓ Found nonce: 82994
Failed to process block: invalid proof of work
Mining block at height 1...
✓ Found nonce: 6514
Failed to process block: invalid proof of work
Mining block at height 1...
✓ Found nonce: 64992
Failed to process block: invalid proof of work
Mining block at height 1...
✓ Found nonce: 170577
Failed to process block: invalid proof of work
Mining block at height 1...
✓ Found nonce: 97123
Failed to process block: invalid proof of work
Mining block at height 1...
✓ Found nonce: 24144
Failed to process block: invalid proof of work
Mining block at height 1...
✓ Found nonce: 38971
Failed to process block: invalid proof of work
